Found 1 trace file(s) in /home/anissa/Documents/Tools/PaSTTeL/output/smoke/ulr_vs_pulr/lasso_traces/ALL_INT_VARS/lasso_traces_loopWithBreak.bpl
** OUTPUT name  /home/anissa/Documents/Tools/PaSTTeL/output/smoke/ulr_vs_pulr/lasso_traces/ALL_INT_VARS/lasso_traces_loopWithBreak.bpl

============================================================
Processing: lasso_trace_1.txt
============================================================
****result ultimate (--check lasso):  TERMINATING
  Ultimate result: TERMINATING
  Ultimate algo:   Affine Template
  Trace size:      2 transition(s)
*** JSON name  lasso_trace_1.json
  JSON written to: /home/anissa/Documents/Tools/PaSTTeL/output/smoke/ulr_vs_pulr/lasso_traces/ALL_INT_VARS/lasso_traces_loopWithBreak.bpl/lasso_trace_1.json
  Running pasttel (--strat both -c 7)...
  PaSTTeL result:    TERMINATING
  PaSTTeL P-ULR:     4.00 ms
  PaSTTeL TOTAL:     60.00 ms
  PaSTTeL algo:      Affine Template

============================================================
Results written to: /home/anissa/Documents/Tools/PaSTTeL/output/smoke/ulr_vs_pulr/results_P-ULR-Par7_z3.csv
============================================================

Trace Name                                                             Result Code     Fixpoint (ms)   Termination (ms)   Nontermination (ms)   ULR-Baseline (ms)    P-ULR-Par7         PaSTTeL-TOTAL    Stem   Loop   Total   Algo
-------------------------------------------------------------------------------------------------------------------------------------------------------------------------------------------------------------------------------------------
/home/anissa/Documents/Tools/PaSTTeL/output/smoke/ulr_vs_pulr/lasso_traces/ALL_INT_VARS/lasso_traces_loopWithBreak.bpl/lasso_trace_1.txt TERMINATING     2.06            87.37              44.32                 133.75               4.00               60.00            1      2      3       Affine Template / Affine Template
