Found 1 trace file(s) in /home/anissa/Documents/Tools/PaSTTeL/output/smoke/ulr_vs_pulr/lasso_traces/ALL_INT_VARS/lasso_traces_recursive.c
** OUTPUT name  /home/anissa/Documents/Tools/PaSTTeL/output/smoke/ulr_vs_pulr/lasso_traces/ALL_INT_VARS/lasso_traces_recursive.c

============================================================
Processing: lasso_trace_1.txt
============================================================
****result ultimate (--check lasso):  NONTERMINATING
  Ultimate result: NONTERMINATING
  Ultimate algo:   Fixpoint
  Trace size:      2 transition(s)
*** JSON name  lasso_trace_1.json
  JSON written to: /home/anissa/Documents/Tools/PaSTTeL/output/smoke/ulr_vs_pulr/lasso_traces/ALL_INT_VARS/lasso_traces_recursive.c/lasso_trace_1.json
  Running pasttel (--strat both -c 7)...
  PaSTTeL result:    NONTERMINATING
  PaSTTeL P-ULR:     1.00 ms
  PaSTTeL TOTAL:     54.00 ms
  PaSTTeL algo:      Fixpoint

============================================================
Results written to: /home/anissa/Documents/Tools/PaSTTeL/output/smoke/ulr_vs_pulr/results_P-ULR-Par7_z3.csv
============================================================

Trace Name                                                             Result Code     Fixpoint (ms)   Termination (ms)   Nontermination (ms)   ULR-Baseline (ms)    P-ULR-Par7         PaSTTeL-TOTAL    Stem   Loop   Total   Algo
-------------------------------------------------------------------------------------------------------------------------------------------------------------------------------------------------------------------------------------------
/home/anissa/Documents/Tools/PaSTTeL/output/smoke/ulr_vs_pulr/lasso_traces/ALL_INT_VARS/lasso_traces_recursive.c/lasso_trace_1.txt NONTERMINATING  3.15            0.00               0.00                  3.15                 1.00               54.00            5      3      8       Fixpoint / Fixpoint
