Found 1 trace file(s) in /home/anissa/Documents/Tools/PaSTTeL/output/smoke/ulr_vs_pulr/lasso_traces/ALL_INT_VARS/lasso_traces_Fibonacci.bpl
** OUTPUT name  /home/anissa/Documents/Tools/PaSTTeL/output/smoke/ulr_vs_pulr/lasso_traces/ALL_INT_VARS/lasso_traces_Fibonacci.bpl

============================================================
Processing: lasso_trace_1.txt
============================================================
****result ultimate (--check lasso):  NONTERMINATING
  Ultimate result: NONTERMINATING
  Ultimate algo:   GNTA
  Trace size:      2 transition(s)
*** JSON name  lasso_trace_1.json
  JSON written to: /home/anissa/Documents/Tools/PaSTTeL/output/smoke/ulr_vs_pulr/lasso_traces/ALL_INT_VARS/lasso_traces_Fibonacci.bpl/lasso_trace_1.json
  Running pasttel (--strat both -c 7)...
  PaSTTeL result:    NONTERMINATING
  PaSTTeL P-ULR:     2.00 ms
  PaSTTeL TOTAL:     60.00 ms
  PaSTTeL algo:      GNTA

============================================================
Results written to: /home/anissa/Documents/Tools/PaSTTeL/output/smoke/ulr_vs_pulr/results_P-ULR-Par7_z3.csv
============================================================

Trace Name                                                             Result Code     Fixpoint (ms)   Termination (ms)   Nontermination (ms)   ULR-Baseline (ms)    P-ULR-Par7         PaSTTeL-TOTAL    Stem   Loop   Total   Algo
-------------------------------------------------------------------------------------------------------------------------------------------------------------------------------------------------------------------------------------------
/home/anissa/Documents/Tools/PaSTTeL/output/smoke/ulr_vs_pulr/lasso_traces/ALL_INT_VARS/lasso_traces_Fibonacci.bpl/lasso_trace_1.txt NONTERMINATING  2.21            0.00               57.58                 59.79                2.00               60.00            0      5      5       GNTA / GNTA
