Found 1 trace file(s) in /home/anissa/Documents/Tools/PaSTTeL/output/smoke/ulr_vs_pulr/lasso_traces/BOOLEAN_OP/lasso_traces_Lobnya-Boolean.bpl
** OUTPUT name  /home/anissa/Documents/Tools/PaSTTeL/output/smoke/ulr_vs_pulr/lasso_traces/BOOLEAN_OP/lasso_traces_Lobnya-Boolean.bpl

============================================================
Processing: lasso_trace_1.txt
============================================================
****result ultimate (--check lasso):  TERMINATING
  Ultimate result: TERMINATING
  Ultimate algo:   Affine Template
  Trace size:      2 transition(s)
*** JSON name  lasso_trace_1.json
  JSON written to: /home/anissa/Documents/Tools/PaSTTeL/output/smoke/ulr_vs_pulr/lasso_traces/BOOLEAN_OP/lasso_traces_Lobnya-Boolean.bpl/lasso_trace_1.json
  Running pasttel (--strat both -c 1)...
  PaSTTeL result:    TERMINATING
  PaSTTeL P-ULR:     5.00 ms
  PaSTTeL TOTAL:     62.00 ms
  PaSTTeL algo:      Affine Template

============================================================
Results written to: /home/anissa/Documents/Tools/PaSTTeL/output/smoke/ulr_vs_pulr/results_P-ULR-Seq_z3.csv
============================================================

Trace Name                                                             Result Code     Fixpoint (ms)   Termination (ms)   Nontermination (ms)   ULR-Baseline (ms)    P-ULR-Seq          PaSTTeL-TOTAL    Stem   Loop   Total   Algo
-------------------------------------------------------------------------------------------------------------------------------------------------------------------------------------------------------------------------------------------
/home/anissa/Documents/Tools/PaSTTeL/output/smoke/ulr_vs_pulr/lasso_traces/BOOLEAN_OP/lasso_traces_Lobnya-Boolean.bpl/lasso_trace_1.txt TERMINATING     2.40            36.43              48.36                 87.19                5.00               62.00            0      1      1       Affine Template / Affine Template
