Found 5 trace file(s) in /home/anissa/Documents/Tools/PaSTTeL/output/smoke/ulr_vs_pulr/lasso_traces/BOOLEAN_OP/lasso_traces_AliasDarteFeautrierGonnord-SAS2010-counterex1b_true-termination.c
** OUTPUT name  /home/anissa/Documents/Tools/PaSTTeL/output/smoke/ulr_vs_pulr/lasso_traces/BOOLEAN_OP/lasso_traces_AliasDarteFeautrierGonnord-SAS2010-counterex1b_true-termination.c

============================================================
Processing: lasso_trace_2.txt
============================================================
****result ultimate (--check lasso):  TERMINATING
  Ultimate result: TERMINATING
  Ultimate algo:   Affine Template
  Trace size:      2 transition(s)
*** JSON name  lasso_trace_2.json
  JSON written to: /home/anissa/Documents/Tools/PaSTTeL/output/smoke/ulr_vs_pulr/lasso_traces/BOOLEAN_OP/lasso_traces_AliasDarteFeautrierGonnord-SAS2010-counterex1b_true-termination.c/lasso_trace_2.json
  Running pasttel (--strat both -c 1)...
  PaSTTeL result:    TERMINATING
  PaSTTeL P-ULR:     6.00 ms
  PaSTTeL TOTAL:     63.00 ms
  PaSTTeL algo:      Affine Template
** OUTPUT name  /home/anissa/Documents/Tools/PaSTTeL/output/smoke/ulr_vs_pulr/lasso_traces/BOOLEAN_OP/lasso_traces_AliasDarteFeautrierGonnord-SAS2010-counterex1b_true-termination.c

============================================================
Processing: lasso_trace_3.txt
============================================================
****result ultimate (--check lasso):  TERMINATING
  Ultimate result: TERMINATING
  Ultimate algo:   Affine Template
  Trace size:      2 transition(s)
*** JSON name  lasso_trace_3.json
  JSON written to: /home/anissa/Documents/Tools/PaSTTeL/output/smoke/ulr_vs_pulr/lasso_traces/BOOLEAN_OP/lasso_traces_AliasDarteFeautrierGonnord-SAS2010-counterex1b_true-termination.c/lasso_trace_3.json
  Running pasttel (--strat both -c 1)...
  PaSTTeL result:    TERMINATING
  PaSTTeL P-ULR:     6.00 ms
  PaSTTeL TOTAL:     63.00 ms
  PaSTTeL algo:      Affine Template
** OUTPUT name  /home/anissa/Documents/Tools/PaSTTeL/output/smoke/ulr_vs_pulr/lasso_traces/BOOLEAN_OP/lasso_traces_AliasDarteFeautrierGonnord-SAS2010-counterex1b_true-termination.c

============================================================
Processing: lasso_trace_4.txt
============================================================
****result ultimate (--check lasso):  TERMINATING
  Ultimate result: TERMINATING
  Ultimate algo:   Affine Template
  Trace size:      2 transition(s)
*** JSON name  lasso_trace_4.json
  JSON written to: /home/anissa/Documents/Tools/PaSTTeL/output/smoke/ulr_vs_pulr/lasso_traces/BOOLEAN_OP/lasso_traces_AliasDarteFeautrierGonnord-SAS2010-counterex1b_true-termination.c/lasso_trace_4.json
  Running pasttel (--strat both -c 1)...
  PaSTTeL result:    TERMINATING
  PaSTTeL P-ULR:     5.00 ms
  PaSTTeL TOTAL:     63.00 ms
  PaSTTeL algo:      Affine Template
** OUTPUT name  /home/anissa/Documents/Tools/PaSTTeL/output/smoke/ulr_vs_pulr/lasso_traces/BOOLEAN_OP/lasso_traces_AliasDarteFeautrierGonnord-SAS2010-counterex1b_true-termination.c

============================================================
Processing: lasso_trace_5.txt
============================================================
****result ultimate (--check lasso):  TERMINATING
  Ultimate result: TERMINATING
  Ultimate algo:   Affine Template
  Trace size:      2 transition(s)
*** JSON name  lasso_trace_5.json
  JSON written to: /home/anissa/Documents/Tools/PaSTTeL/output/smoke/ulr_vs_pulr/lasso_traces/BOOLEAN_OP/lasso_traces_AliasDarteFeautrierGonnord-SAS2010-counterex1b_true-termination.c/lasso_trace_5.json
  Running pasttel (--strat both -c 1)...
  PaSTTeL result:    TERMINATING
  PaSTTeL P-ULR:     5.00 ms
  PaSTTeL TOTAL:     62.00 ms
  PaSTTeL algo:      Affine Template
** OUTPUT name  /home/anissa/Documents/Tools/PaSTTeL/output/smoke/ulr_vs_pulr/lasso_traces/BOOLEAN_OP/lasso_traces_AliasDarteFeautrierGonnord-SAS2010-counterex1b_true-termination.c

============================================================
Processing: lasso_trace_6.txt
============================================================
****result ultimate (--check lasso):  TERMINATING
  Ultimate result: TERMINATING
  Ultimate algo:   2-Phase Template
  Trace size:      2 transition(s)
*** JSON name  lasso_trace_6.json
  JSON written to: /home/anissa/Documents/Tools/PaSTTeL/output/smoke/ulr_vs_pulr/lasso_traces/BOOLEAN_OP/lasso_traces_AliasDarteFeautrierGonnord-SAS2010-counterex1b_true-termination.c/lasso_trace_6.json
  Running pasttel (--strat both -c 1)...
  PaSTTeL result:    TERMINATING
  PaSTTeL P-ULR:     82.00 ms
  PaSTTeL TOTAL:     140.00 ms
  PaSTTeL algo:      2-4-Multiphase Template

============================================================
Results written to: /home/anissa/Documents/Tools/PaSTTeL/output/smoke/ulr_vs_pulr/results_P-ULR-Seq_z3.csv
============================================================

Trace Name                                                             Result Code     Fixpoint (ms)   Termination (ms)   Nontermination (ms)   ULR-Baseline (ms)    P-ULR-Seq          PaSTTeL-TOTAL    Stem   Loop   Total   Algo
-------------------------------------------------------------------------------------------------------------------------------------------------------------------------------------------------------------------------------------------
/home/anissa/Documents/Tools/PaSTTeL/output/smoke/ulr_vs_pulr/lasso_traces/BOOLEAN_OP/lasso_traces_AliasDarteFeautrierGonnord-SAS2010-counterex1b_true-termination.c/lasso_trace_2.txt TERMINATING     2.04            77.96              51.88                 131.88               6.00               63.00            5      6      11      Affine Template / Affine Template
/home/anissa/Documents/Tools/PaSTTeL/output/smoke/ulr_vs_pulr/lasso_traces/BOOLEAN_OP/lasso_traces_AliasDarteFeautrierGonnord-SAS2010-counterex1b_true-termination.c/lasso_trace_3.txt TERMINATING     0.41            51.84              42.85                 95.10                6.00               63.00            6      2      8       Affine Template / Affine Template
/home/anissa/Documents/Tools/PaSTTeL/output/smoke/ulr_vs_pulr/lasso_traces/BOOLEAN_OP/lasso_traces_AliasDarteFeautrierGonnord-SAS2010-counterex1b_true-termination.c/lasso_trace_4.txt TERMINATING     0.46            49.86              42.39                 92.71                5.00               63.00            11     2      13      Affine Template / Affine Template
/home/anissa/Documents/Tools/PaSTTeL/output/smoke/ulr_vs_pulr/lasso_traces/BOOLEAN_OP/lasso_traces_AliasDarteFeautrierGonnord-SAS2010-counterex1b_true-termination.c/lasso_trace_5.txt TERMINATING     0.35            48.03              42.89                 91.27                5.00               62.00            14     2      16      Affine Template / Affine Template
/home/anissa/Documents/Tools/PaSTTeL/output/smoke/ulr_vs_pulr/lasso_traces/BOOLEAN_OP/lasso_traces_AliasDarteFeautrierGonnord-SAS2010-counterex1b_true-termination.c/lasso_trace_6.txt TERMINATING     0.35            459.97             45.66                 505.98               82.00              140.00           20     2      22      2-Phase Template / 2-4-Multiphase Template
