Found 1 trace file(s) in /home/anissa/Documents/Tools/PaSTTeL/output/smoke/ulr_vs_pulr/lasso_traces/ALL_INT_VARS/lasso_traces_2Nested-1.c
** OUTPUT name  /home/anissa/Documents/Tools/PaSTTeL/output/smoke/ulr_vs_pulr/lasso_traces/ALL_INT_VARS/lasso_traces_2Nested-1.c

============================================================
Processing: lasso_trace_1.txt
============================================================
****result ultimate (--check lasso):  TERMINATING
  Ultimate result: TERMINATING
  Ultimate algo:   2-Nested Template
  Trace size:      2 transition(s)
*** JSON name  lasso_trace_1.json
  JSON written to: /home/anissa/Documents/Tools/PaSTTeL/output/smoke/ulr_vs_pulr/lasso_traces/ALL_INT_VARS/lasso_traces_2Nested-1.c/lasso_trace_1.json
  Running pasttel (--strat both -c 1)...
  PaSTTeL result:    TERMINATING
  PaSTTeL P-ULR:     3.00 ms
  PaSTTeL TOTAL:     72.00 ms
  PaSTTeL algo:      2-4-Nested Template

============================================================
Results written to: /home/anissa/Documents/Tools/PaSTTeL/output/smoke/ulr_vs_pulr/results_P-ULR-Seq_z3.csv
============================================================

Trace Name                                                             Result Code     Fixpoint (ms)   Termination (ms)   Nontermination (ms)   ULR-Baseline (ms)    P-ULR-Seq          PaSTTeL-TOTAL    Stem   Loop   Total   Algo
-------------------------------------------------------------------------------------------------------------------------------------------------------------------------------------------------------------------------------------------
/home/anissa/Documents/Tools/PaSTTeL/output/smoke/ulr_vs_pulr/lasso_traces/ALL_INT_VARS/lasso_traces_2Nested-1.c/lasso_trace_1.txt TERMINATING     2.22            121.48             49.46                 173.16               3.00               72.00            8      1      9       2-Nested Template / 2-4-Nested Template
