Found 1 trace file(s) in /home/anissa/Documents/Tools/PaSTTeL/output/smoke/ulr_vs_pulr/lasso_traces/ALL_INT_VARS/lasso_traces_LTL_Coolant_Nonterminating01.bpl
** OUTPUT name  /home/anissa/Documents/Tools/PaSTTeL/output/smoke/ulr_vs_pulr/lasso_traces/ALL_INT_VARS/lasso_traces_LTL_Coolant_Nonterminating01.bpl

============================================================
Processing: lasso_trace_1.txt
============================================================
****result ultimate (--check lasso):  NONTERMINATING
  Ultimate result: NONTERMINATING
  Ultimate algo:   GNTA
  Trace size:      2 transition(s)
*** JSON name  lasso_trace_1.json
  JSON written to: /home/anissa/Documents/Tools/PaSTTeL/output/smoke/ulr_vs_pulr/lasso_traces/ALL_INT_VARS/lasso_traces_LTL_Coolant_Nonterminating01.bpl/lasso_trace_1.json
  Running pasttel (--strat both -c 1)...
  PaSTTeL result:    NONTERMINATING
  PaSTTeL P-ULR:     4.00 ms
  PaSTTeL TOTAL:     61.00 ms
  PaSTTeL algo:      GNTA

============================================================
Results written to: /home/anissa/Documents/Tools/PaSTTeL/output/smoke/ulr_vs_pulr/results_P-ULR-Seq_z3.csv
============================================================

Trace Name                                                             Result Code     Fixpoint (ms)   Termination (ms)   Nontermination (ms)   ULR-Baseline (ms)    P-ULR-Seq          PaSTTeL-TOTAL    Stem   Loop   Total   Algo
-------------------------------------------------------------------------------------------------------------------------------------------------------------------------------------------------------------------------------------------
/home/anissa/Documents/Tools/PaSTTeL/output/smoke/ulr_vs_pulr/lasso_traces/ALL_INT_VARS/lasso_traces_LTL_Coolant_Nonterminating01.bpl/lasso_trace_1.txt NONTERMINATING  2.25            0.00               52.89                 55.14                4.00               61.00            1      1      2       GNTA / GNTA
