Found 1 trace file(s) in /home/anissa/Documents/Tools/PaSTTeL/output/smoke/ulr_vs_pulr/lasso_traces/REAL_VARS/lasso_traces_ATVA2013-nonIntegral-real.bpl
** OUTPUT name  /home/anissa/Documents/Tools/PaSTTeL/output/smoke/ulr_vs_pulr/lasso_traces/REAL_VARS/lasso_traces_ATVA2013-nonIntegral-real.bpl

============================================================
Processing: lasso_trace_1.txt
============================================================
****result ultimate (--check lasso):  NONTERMINATING
  Ultimate result: NONTERMINATING
  Ultimate algo:   Fixpoint
  Trace size:      2 transition(s)
*** JSON name  lasso_trace_1.json
  JSON written to: /home/anissa/Documents/Tools/PaSTTeL/output/smoke/ulr_vs_pulr/lasso_traces/REAL_VARS/lasso_traces_ATVA2013-nonIntegral-real.bpl/lasso_trace_1.json
  Running pasttel (--strat both -c 1)...
  PaSTTeL result:    NONTERMINATING
  PaSTTeL P-ULR:     2.00 ms
  PaSTTeL TOTAL:     56.00 ms
  PaSTTeL algo:      Fixpoint

============================================================
Results written to: /home/anissa/Documents/Tools/PaSTTeL/output/smoke/ulr_vs_pulr/results_P-ULR-Seq_z3.csv
============================================================

Trace Name                                                             Result Code     Fixpoint (ms)   Termination (ms)   Nontermination (ms)   ULR-Baseline (ms)    P-ULR-Seq          PaSTTeL-TOTAL    Stem   Loop   Total   Algo
-------------------------------------------------------------------------------------------------------------------------------------------------------------------------------------------------------------------------------------------
/home/anissa/Documents/Tools/PaSTTeL/output/smoke/ulr_vs_pulr/lasso_traces/REAL_VARS/lasso_traces_ATVA2013-nonIntegral-real.bpl/lasso_trace_1.txt NONTERMINATING  3.97            0.00               0.00                  3.97                 2.00               56.00            1      1      2       Fixpoint / Fixpoint
