This is Ultimate 0.3.2-dev-4a3209064b
[2026-09-30 15:34:13,247 INFO  L188        SettingsManager]: Resetting all preferences to default values...
[2026-09-30 15:34:13,441 INFO  L75    nceAwareModelManager]: Repository-Root is: /tmp
[2026-09-30 15:34:13,450 INFO  L261   ainManager$Toolchain]: [Toolchain 1]: Applicable parser(s) successfully (re)initialized
[2026-09-30 15:34:13,451 INFO  L217   ainManager$Toolchain]: [Toolchain 1]: Toolchain selected.
[2026-09-30 15:34:13,452 INFO  L270        PluginConnector]: Initializing CDTParser...
[2026-09-30 15:34:13,453 INFO  L274        PluginConnector]: CDTParser initialized
[2026-09-30 15:34:13,453 INFO  L431   ainManager$Toolchain]: [Toolchain 1]: Parsing single file: /home/anissa/Documents/Tools/PaSTTeL/benchmarks/smoke_test/full_programs_c_bpl/2Nested-1.c
!SESSION 2026-09-30 15:34:12.363 -----------------------------------------------
eclipse.buildId=unknown
java.version=21.0.12.1
java.vendor=Ubuntu
BootLoader constants: OS=linux, ARCH=x86_64, WS=gtk, NL=fr_FR
Framework arguments:  --console -tc /home/anissa/Documents/Tools/PaSTTeL/tools/toolchains/BuchiAutomizerC.xml -i /home/anissa/Documents/Tools/PaSTTeL/benchmarks/smoke_test/full_programs_c_bpl/2Nested-1.c
Command-line arguments:  -os linux -ws gtk -arch x86_64 -consoleLog --console -data @user.home/.ultimate -tc /home/anissa/Documents/Tools/PaSTTeL/tools/toolchains/BuchiAutomizerC.xml -i /home/anissa/Documents/Tools/PaSTTeL/benchmarks/smoke_test/full_programs_c_bpl/2Nested-1.c

!ENTRY org.eclipse.cdt.core 1 0 2026-09-30 15:34:14.025
!MESSAGE Indexed 'FLAGff1d377fd' (0 sources, 0 headers) in 0,002 sec: 0 declarations; 0 references; 0 unresolved inclusions; 0 syntax errors; 0 unresolved names (0 %)
[2026-09-30 15:34:14,306 INFO  L538              CDTParser]: Created temporary CDT project at /home/anissa/.ultimate/396201d27052424ebe5facc9da555782/FLAGff1d377fd
[2026-09-30 15:34:14,425 INFO  L389              CDTParser]: Found 1 translation units.
[2026-09-30 15:34:14,426 INFO  L178              CDTParser]: Scanning /home/anissa/Documents/Tools/PaSTTeL/benchmarks/smoke_test/full_programs_c_bpl/2Nested-1.c
[2026-09-30 15:34:14,431 INFO  L432              CDTParser]: About to delete temporary CDT project at /home/anissa/.ultimate/396201d27052424ebe5facc9da555782/FLAGff1d377fd
[2026-09-30 15:34:15,356 INFO  L440              CDTParser]: Successfully deleted /home/anissa/.ultimate/396201d27052424ebe5facc9da555782
[2026-09-30 15:34:15,358 INFO  L299   ainManager$Toolchain]: ####################### [Toolchain 1] #######################
[2026-09-30 15:34:15,359 INFO  L133        ToolchainWalker]: Walking toolchain with 4 elements.
[2026-09-30 15:34:15,360 INFO  L112        PluginConnector]: ------------------------CACSL2BoogieTranslator----------------------------
[2026-09-30 15:34:15,360 INFO  L270        PluginConnector]: Initializing CACSL2BoogieTranslator...
[2026-09-30 15:34:15,363 INFO  L274        PluginConnector]: CACSL2BoogieTranslator initialized
[2026-09-30 15:34:15,363 INFO  L184        PluginConnector]: Executing the observer ACSLObjectContainerObserver from plugin CACSL2BoogieTranslator for "CDTParser AST 30.09 03:34:15" (1/1) ...
[2026-09-30 15:34:15,364 INFO  L204        PluginConnector]: Invalid model from CACSL2BoogieTranslator for observer de.uni_freiburg.informatik.ultimate.plugins.generator.cacsl2boogietranslator.ACSLObjectContainerObserver@40c94f27 and model type de.uni_freiburg.informatik.ultimate.plugins.generator.cacsl2boogietranslator AST 30.09 03:34:15, skipping insertion in model container
[2026-09-30 15:34:15,364 INFO  L184        PluginConnector]: Executing the observer CACSL2BoogieTranslatorObserver from plugin CACSL2BoogieTranslator for "CDTParser AST 30.09 03:34:15" (1/1) ...
[2026-09-30 15:34:15,372 INFO  L177         MainTranslator]: Built tables and reachable declarations
[2026-09-30 15:34:15,480 INFO  L189          PostProcessor]: Analyzing one entry point: main
[2026-09-30 15:34:15,483 INFO  L206         MainTranslator]: Completed pre-run
[2026-09-30 15:34:15,496 INFO  L189          PostProcessor]: Analyzing one entry point: main
[2026-09-30 15:34:15,504 INFO  L211         MainTranslator]: Completed translation
[2026-09-30 15:34:15,505 INFO  L201        PluginConnector]: Adding new model de.uni_freiburg.informatik.ultimate.plugins.generator.cacsl2boogietranslator AST 30.09 03:34:15 WrapperNode
[2026-09-30 15:34:15,505 INFO  L131        PluginConnector]: ------------------------ END CACSL2BoogieTranslator----------------------------
[2026-09-30 15:34:15,506 INFO  L112        PluginConnector]: ------------------------Boogie Preprocessor----------------------------
[2026-09-30 15:34:15,506 INFO  L270        PluginConnector]: Initializing Boogie Preprocessor...
[2026-09-30 15:34:15,506 INFO  L274        PluginConnector]: Boogie Preprocessor initialized
[2026-09-30 15:34:15,511 INFO  L184        PluginConnector]: Executing the observer EnsureBoogieModelObserver from plugin Boogie Preprocessor for "de.uni_freiburg.informatik.ultimate.plugins.generator.cacsl2boogietranslator AST 30.09 03:34:15" (1/1) ...
[2026-09-30 15:34:15,511 INFO  L184        PluginConnector]: Executing the observer TypeChecker from plugin Boogie Preprocessor for "de.uni_freiburg.informatik.ultimate.plugins.generator.cacsl2boogietranslator AST 30.09 03:34:15" (1/1) ...
[2026-09-30 15:34:15,515 INFO  L184        PluginConnector]: Executing the observer ConstExpander from plugin Boogie Preprocessor for "de.uni_freiburg.informatik.ultimate.plugins.generator.cacsl2boogietranslator AST 30.09 03:34:15" (1/1) ...
[2026-09-30 15:34:15,516 INFO  L184        PluginConnector]: Executing the observer StructExpander from plugin Boogie Preprocessor for "de.uni_freiburg.informatik.ultimate.plugins.generator.cacsl2boogietranslator AST 30.09 03:34:15" (1/1) ...
[2026-09-30 15:34:15,517 INFO  L184        PluginConnector]: Executing the observer ReplaceArrayAssignments from plugin Boogie Preprocessor for "de.uni_freiburg.informatik.ultimate.plugins.generator.cacsl2boogietranslator AST 30.09 03:34:15" (1/1) ...
[2026-09-30 15:34:15,517 INFO  L184        PluginConnector]: Executing the observer FunctionInliner from plugin Boogie Preprocessor for "de.uni_freiburg.informatik.ultimate.plugins.generator.cacsl2boogietranslator AST 30.09 03:34:15" (1/1) ...
[2026-09-30 15:34:15,518 INFO  L184        PluginConnector]: Executing the observer LTLStepAnnotator from plugin Boogie Preprocessor for "de.uni_freiburg.informatik.ultimate.plugins.generator.cacsl2boogietranslator AST 30.09 03:34:15" (1/1) ...
[2026-09-30 15:34:15,518 INFO  L184        PluginConnector]: Executing the observer BoogieSymbolTableConstructor from plugin Boogie Preprocessor for "de.uni_freiburg.informatik.ultimate.plugins.generator.cacsl2boogietranslator AST 30.09 03:34:15" (1/1) ...
[2026-09-30 15:34:15,520 INFO  L131        PluginConnector]: ------------------------ END Boogie Preprocessor----------------------------
[2026-09-30 15:34:15,520 INFO  L112        PluginConnector]: ------------------------IcfgBuilder----------------------------
[2026-09-30 15:34:15,521 INFO  L270        PluginConnector]: Initializing IcfgBuilder...
[2026-09-30 15:34:15,521 INFO  L274        PluginConnector]: IcfgBuilder initialized
[2026-09-30 15:34:15,521 INFO  L184        PluginConnector]: Executing the observer IcfgBuilderObserver from plugin IcfgBuilder for "de.uni_freiburg.informatik.ultimate.plugins.generator.cacsl2boogietranslator AST 30.09 03:34:15" (1/1) ...
[2026-09-30 15:34:15,526 INFO  L173          SolverBuilder]: Constructing external solver with command: z3 SMTLIB2_COMPLIANT=true -memory:1024 -smt2 -in -t:12000
[2026-09-30 15:34:15,538 INFO  L189       MonitoredProcess]: No working directory specified, using /home/anissa/.local/bin/z3
[2026-09-30 15:34:15,549 INFO  L229       MonitoredProcess]: Starting monitored process 1 with /home/anissa/.local/bin/z3 SMTLIB2_COMPLIANT=true -memory:1024 -smt2 -in -t:12000 (exit command is (exit), workingDir is null)
[2026-09-30 15:34:15,551 INFO  L327       MonitoredProcess]: [MP /home/anissa/.local/bin/z3 SMTLIB2_COMPLIANT=true -memory:1024 -smt2 -in -t:12000 (1)] Waiting until timeout for monitored process
[2026-09-30 15:34:15,571 INFO  L138     BoogieDeclarations]: Found implementation of procedure ULTIMATE.init
[2026-09-30 15:34:15,571 INFO  L138     BoogieDeclarations]: Found implementation of procedure ULTIMATE.start
[2026-09-30 15:34:15,571 INFO  L138     BoogieDeclarations]: Found implementation of procedure main
[2026-09-30 15:34:15,571 INFO  L130     BoogieDeclarations]: Found specification of procedure __VERIFIER_nondet_int
[2026-09-30 15:34:15,572 INFO  L130     BoogieDeclarations]: Found specification of procedure main
[2026-09-30 15:34:15,572 INFO  L130     BoogieDeclarations]: Found specification of procedure ULTIMATE.init
[2026-09-30 15:34:15,572 INFO  L130     BoogieDeclarations]: Found specification of procedure ULTIMATE.start
[2026-09-30 15:34:15,611 INFO  L250             CfgBuilder]: Building ICFG
[2026-09-30 15:34:15,612 INFO  L281             CfgBuilder]: Building CFG for each procedure with an implementation
[2026-09-30 15:34:15,658 INFO  L?                        ?]: Removed 5 outVars from TransFormulas that were not future-live.
[2026-09-30 15:34:15,659 INFO  L302             CfgBuilder]: Performing block encoding
[2026-09-30 15:34:15,662 INFO  L104     LargeBlockEncoding]: Applying CFG Large Block Encoding to ICFG that has 3 procedures, 13 locations, 18 edges, 0 initial locations, 1 loop locations, and 0 error locations.
[2026-09-30 15:34:15,665 INFO  L154     LargeBlockEncoding]: LargeBlockEncoding completed in 5 ms, with 0 straightline sequential compositions, 0 parallel compositions, 0 1:n/n:1 sequential compositions and 0 complex sequential compositions.
[2026-09-30 15:34:15,665 INFO  L327             CfgBuilder]: Using the 1 location(s) as analysis (start of procedure ULTIMATE.start)
[2026-09-30 15:34:15,666 INFO  L332             CfgBuilder]: Removed 0 assume(true) statements.
[2026-09-30 15:34:15,666 INFO  L334             CfgBuilder]: Constructed ICFG has 3 procedures, 13 locations, 18 edges, 1 initial locations, 1 loop locations, and 0 error locations.
[2026-09-30 15:34:15,666 INFO  L201        PluginConnector]: Adding new model de.uni_freiburg.informatik.ultimate.plugins.generator.icfgbuilder CFG 30.09 03:34:15 BoogieIcfgContainer
[2026-09-30 15:34:15,666 INFO  L131        PluginConnector]: ------------------------ END IcfgBuilder----------------------------
[2026-09-30 15:34:15,667 INFO  L112        PluginConnector]: ------------------------BuchiAutomizer----------------------------
[2026-09-30 15:34:15,667 INFO  L270        PluginConnector]: Initializing BuchiAutomizer...
[2026-09-30 15:34:15,670 INFO  L274        PluginConnector]: BuchiAutomizer initialized
[2026-09-30 15:34:15,670 INFO  L99          BuchiAutomizer]: Safety of program was proven or not checked, starting termination analysis
[2026-09-30 15:34:15,670 INFO  L184        PluginConnector]: Executing the observer BuchiAutomizerObserver from plugin BuchiAutomizer for "CDTParser AST 30.09 03:34:15" (1/3) ...
[2026-09-30 15:34:15,671 INFO  L204        PluginConnector]: Invalid model from BuchiAutomizer for observer de.uni_freiburg.informatik.ultimate.plugins.generator.buchiautomizer.BuchiAutomizerObserver@4ee26b18 and model type de.uni_freiburg.informatik.ultimate.plugins.generator.buchiautomizer AST 30.09 03:34:15, skipping insertion in model container
[2026-09-30 15:34:15,671 INFO  L99          BuchiAutomizer]: Safety of program was proven or not checked, starting termination analysis
[2026-09-30 15:34:15,671 INFO  L184        PluginConnector]: Executing the observer BuchiAutomizerObserver from plugin BuchiAutomizer for "de.uni_freiburg.informatik.ultimate.plugins.generator.cacsl2boogietranslator AST 30.09 03:34:15" (2/3) ...
[2026-09-30 15:34:15,671 INFO  L204        PluginConnector]: Invalid model from BuchiAutomizer for observer de.uni_freiburg.informatik.ultimate.plugins.generator.buchiautomizer.BuchiAutomizerObserver@4ee26b18 and model type de.uni_freiburg.informatik.ultimate.plugins.generator.buchiautomizer AST 30.09 03:34:15, skipping insertion in model container
[2026-09-30 15:34:15,671 INFO  L99          BuchiAutomizer]: Safety of program was proven or not checked, starting termination analysis
[2026-09-30 15:34:15,671 INFO  L184        PluginConnector]: Executing the observer BuchiAutomizerObserver from plugin BuchiAutomizer for "de.uni_freiburg.informatik.ultimate.plugins.generator.icfgbuilder CFG 30.09 03:34:15" (3/3) ...
[2026-09-30 15:34:15,672 INFO  L363   chiAutomizerObserver]: Analyzing ICFG 2Nested-1.c
[2026-09-30 15:34:15,701 INFO  L333   stractBuchiCegarLoop]: Interprodecural is true
[2026-09-30 15:34:15,701 INFO  L334   stractBuchiCegarLoop]: Hoare is None
[2026-09-30 15:34:15,702 INFO  L335   stractBuchiCegarLoop]: Compute interpolants for ForwardPredicates
[2026-09-30 15:34:15,702 INFO  L336   stractBuchiCegarLoop]: Backedges is STRAIGHT_LINE
[2026-09-30 15:34:15,702 INFO  L337   stractBuchiCegarLoop]: Determinization is PREDICATE_ABSTRACTION
[2026-09-30 15:34:15,702 INFO  L338   stractBuchiCegarLoop]: Difference is false
[2026-09-30 15:34:15,702 INFO  L339   stractBuchiCegarLoop]: Minimize is MINIMIZE_SEVPA
[2026-09-30 15:34:15,702 INFO  L343   stractBuchiCegarLoop]: ======== Iteration 0 == of CEGAR loop == BuchiAutomatonCegarLoop ========
[2026-09-30 15:34:15,704 INFO  L73            BuchiIsEmpty]: Start buchiIsEmpty. Operand  has 13 states, 8 states have (on average 1.5) internal successors, (12), 8 states have internal predecessors, (12), 2 states have call successors, (2), 2 states have call predecessors, (2), 2 states have return successors, (2), 2 states have call predecessors, (2), 2 states have call successors, (2)
[2026-09-30 15:34:15,713 INFO  L131   ngComponentsAnalysis]: Automaton has 1 accepting balls. 1
[2026-09-30 15:34:15,713 INFO  L88            BuchiIsEmpty]: Finished buchiIsEmpty Result is false
[2026-09-30 15:34:15,713 INFO  L120           BuchiIsEmpty]: Starting construction of run
[2026-09-30 15:34:15,716 INFO  L148   hiAutomatonCegarLoop]: Counterexample stem histogram [1, 1, 1, 1, 1, 1, 1, 1]
[2026-09-30 15:34:15,716 INFO  L149   hiAutomatonCegarLoop]: Counterexample loop histogram [1]
[2026-09-30 15:34:15,716 INFO  L363   stractBuchiCegarLoop]: ======== Iteration 1 ============
[2026-09-30 15:34:15,717 INFO  L73            BuchiIsEmpty]: Start buchiIsEmpty. Operand  has 13 states, 8 states have (on average 1.5) internal successors, (12), 8 states have internal predecessors, (12), 2 states have call successors, (2), 2 states have call predecessors, (2), 2 states have return successors, (2), 2 states have call predecessors, (2), 2 states have call successors, (2)
[2026-09-30 15:34:15,717 INFO  L131   ngComponentsAnalysis]: Automaton has 1 accepting balls. 1
[2026-09-30 15:34:15,717 INFO  L88            BuchiIsEmpty]: Finished buchiIsEmpty Result is false
[2026-09-30 15:34:15,717 INFO  L120           BuchiIsEmpty]: Starting construction of run
[2026-09-30 15:34:15,718 INFO  L148   hiAutomatonCegarLoop]: Counterexample stem histogram [1, 1, 1, 1, 1, 1, 1, 1]
[2026-09-30 15:34:15,718 INFO  L149   hiAutomatonCegarLoop]: Counterexample loop histogram [1]
[2026-09-30 15:34:15,725 INFO  L1146  eck$LassoCheckResult]: Stem: "call ULTIMATE.init();"< "assume true;" >"#17#return;" "call #t~ret2 := main();"< "havoc ~x~0;havoc ~y~0;havoc #t~nondet0;assume -2147483648 <= #t~nondet0 && #t~nondet0 <= 2147483647;~x~0 := #t~nondet0;havoc #t~nondet0;havoc #t~nondet1;assume -2147483648 <= #t~nondet1 && #t~nondet1 <= 2147483647;~y~0 := #t~nondet1;havoc #t~nondet1;" "assume !!(~x~0 <= 65534);" "assume !!(~y~0 <= 65534);" "assume !!(~y~0 >= -65534);" 
[2026-09-30 15:34:15,725 INFO  L1148  eck$LassoCheckResult]: Loop: "assume ~x~0 >= 0;~x~0 := ~x~0 + ~y~0;~y~0 := ~y~0 - 1;" 
[2026-09-30 15:34:15,728 INFO  L160       PredicateUnifier]: Initialized classic predicate unifier
[2026-09-30 15:34:15,728 INFO  L86        PathProgramCache]: Analyzing trace with hash 807700331, now seen corresponding path program 1 times
[2026-09-30 15:34:15,733 INFO  L118   FreeRefinementEngine]: Executing refinement strategy FIXED_PREFERENCES
[2026-09-30 15:34:15,733 INFO  L324   FreeRefinementEngine]: Using trace check IpTcStrategyModulePreferences [1517124180]
[2026-09-30 15:34:15,733 INFO  L97    rtionOrderModulation]: Keeping assertion order NOT_INCREMENTALLY
[2026-09-30 15:34:15,733 INFO  L127          SolverBuilder]: Constructing new instance of SMTInterpol with explicit timeout -1 ms and remaining time -1 ms
[2026-09-30 15:34:15,769 INFO  L108    AnnotateAndAsserter]: Assert order NOT_INCREMENTALLY partitioned 8 statements into 1 equivalence classes.
[2026-09-30 15:34:15,773 INFO  L111    AnnotateAndAsserter]: Assert order NOT_INCREMENTALLY issued 1 check-sat command(s) and asserted 8 of 8 statements.
[2026-09-30 15:34:15,773 INFO  L114    AnnotateAndAsserter]: Assert order NOT_INCREMENTALLY issued 1 check-sat command(s)
[2026-09-30 15:34:15,773 INFO  L115    AnnotateAndAsserter]: Conjunction of SSA is sat
[2026-09-30 15:34:15,774 INFO  L348             TraceCheck]: Trace is feasible, we will do another trace check, this time with branch encoders.
[2026-09-30 15:34:15,775 INFO  L108    AnnotateAndAsserter]: Assert order NOT_INCREMENTALLY partitioned 8 statements into 1 equivalence classes.
[2026-09-30 15:34:15,778 INFO  L111    AnnotateAndAsserter]: Assert order NOT_INCREMENTALLY issued 1 check-sat command(s) and asserted 8 of 8 statements.
[2026-09-30 15:34:15,778 INFO  L114    AnnotateAndAsserter]: Assert order NOT_INCREMENTALLY issued 1 check-sat command(s)
[2026-09-30 15:34:15,778 INFO  L115    AnnotateAndAsserter]: Conjunction of SSA is sat
[2026-09-30 15:34:15,786 INFO  L130   FreeRefinementEngine]: Strategy FIXED_PREFERENCES found a feasible trace
[2026-09-30 15:34:15,788 INFO  L160       PredicateUnifier]: Initialized classic predicate unifier
[2026-09-30 15:34:15,788 INFO  L86        PathProgramCache]: Analyzing trace with hash 36, now seen corresponding path program 1 times
[2026-09-30 15:34:15,788 INFO  L118   FreeRefinementEngine]: Executing refinement strategy FIXED_PREFERENCES
[2026-09-30 15:34:15,788 INFO  L324   FreeRefinementEngine]: Using trace check IpTcStrategyModulePreferences [1134045632]
[2026-09-30 15:34:15,788 INFO  L97    rtionOrderModulation]: Keeping assertion order NOT_INCREMENTALLY
[2026-09-30 15:34:15,788 INFO  L127          SolverBuilder]: Constructing new instance of SMTInterpol with explicit timeout -1 ms and remaining time -1 ms
[2026-09-30 15:34:15,791 INFO  L108    AnnotateAndAsserter]: Assert order NOT_INCREMENTALLY partitioned 1 statements into 1 equivalence classes.
[2026-09-30 15:34:15,794 INFO  L111    AnnotateAndAsserter]: Assert order NOT_INCREMENTALLY issued 1 check-sat command(s) and asserted 1 of 1 statements.
[2026-09-30 15:34:15,794 INFO  L114    AnnotateAndAsserter]: Assert order NOT_INCREMENTALLY issued 1 check-sat command(s)
[2026-09-30 15:34:15,794 INFO  L115    AnnotateAndAsserter]: Conjunction of SSA is sat
[2026-09-30 15:34:15,795 INFO  L348             TraceCheck]: Trace is feasible, we will do another trace check, this time with branch encoders.
[2026-09-30 15:34:15,795 INFO  L108    AnnotateAndAsserter]: Assert order NOT_INCREMENTALLY partitioned 1 statements into 1 equivalence classes.
[2026-09-30 15:34:15,796 INFO  L111    AnnotateAndAsserter]: Assert order NOT_INCREMENTALLY issued 1 check-sat command(s) and asserted 1 of 1 statements.
[2026-09-30 15:34:15,797 INFO  L114    AnnotateAndAsserter]: Assert order NOT_INCREMENTALLY issued 1 check-sat command(s)
[2026-09-30 15:34:15,797 INFO  L115    AnnotateAndAsserter]: Conjunction of SSA is sat
[2026-09-30 15:34:15,797 INFO  L130   FreeRefinementEngine]: Strategy FIXED_PREFERENCES found a feasible trace
[2026-09-30 15:34:15,798 INFO  L160       PredicateUnifier]: Initialized classic predicate unifier
[2026-09-30 15:34:15,798 INFO  L86        PathProgramCache]: Analyzing trace with hash -731093510, now seen corresponding path program 1 times
[2026-09-30 15:34:15,798 INFO  L118   FreeRefinementEngine]: Executing refinement strategy FIXED_PREFERENCES
[2026-09-30 15:34:15,798 INFO  L324   FreeRefinementEngine]: Using trace check IpTcStrategyModulePreferences [1687860239]
[2026-09-30 15:34:15,798 INFO  L97    rtionOrderModulation]: Keeping assertion order NOT_INCREMENTALLY
[2026-09-30 15:34:15,798 INFO  L127          SolverBuilder]: Constructing new instance of SMTInterpol with explicit timeout -1 ms and remaining time -1 ms
[2026-09-30 15:34:15,801 INFO  L108    AnnotateAndAsserter]: Assert order NOT_INCREMENTALLY partitioned 9 statements into 1 equivalence classes.
[2026-09-30 15:34:15,805 INFO  L111    AnnotateAndAsserter]: Assert order NOT_INCREMENTALLY issued 1 check-sat command(s) and asserted 9 of 9 statements.
[2026-09-30 15:34:15,805 INFO  L114    AnnotateAndAsserter]: Assert order NOT_INCREMENTALLY issued 1 check-sat command(s)
[2026-09-30 15:34:15,805 INFO  L115    AnnotateAndAsserter]: Conjunction of SSA is sat
[2026-09-30 15:34:15,805 INFO  L348             TraceCheck]: Trace is feasible, we will do another trace check, this time with branch encoders.
[2026-09-30 15:34:15,806 INFO  L108    AnnotateAndAsserter]: Assert order NOT_INCREMENTALLY partitioned 9 statements into 1 equivalence classes.
[2026-09-30 15:34:15,808 INFO  L111    AnnotateAndAsserter]: Assert order NOT_INCREMENTALLY issued 1 check-sat command(s) and asserted 9 of 9 statements.
[2026-09-30 15:34:15,809 INFO  L114    AnnotateAndAsserter]: Assert order NOT_INCREMENTALLY issued 1 check-sat command(s)
[2026-09-30 15:34:15,809 INFO  L115    AnnotateAndAsserter]: Conjunction of SSA is sat
[2026-09-30 15:34:15,809 INFO  L130   FreeRefinementEngine]: Strategy FIXED_PREFERENCES found a feasible trace
[2026-09-30 15:34:15,840 INFO  L214          LassoAnalysis]: Preferences:
[2026-09-30 15:34:15,841 INFO  L125   ssoRankerPreferences]: Compute integeral hull: false
[2026-09-30 15:34:15,841 INFO  L126   ssoRankerPreferences]: Enable LassoPartitioneer: false
[2026-09-30 15:34:15,841 INFO  L127   ssoRankerPreferences]: Term annotations enabled: false
[2026-09-30 15:34:15,841 INFO  L128   ssoRankerPreferences]: Use exernal solver: true
[2026-09-30 15:34:15,842 INFO  L129   ssoRankerPreferences]: SMT solver command: z3 SMTLIB2_COMPLIANT=true -memory:1024 -smt2 -in -t:12000
[2026-09-30 15:34:15,842 INFO  L130   ssoRankerPreferences]: Dump SMT script to file: false
[2026-09-30 15:34:15,842 INFO  L131   ssoRankerPreferences]: Path of dumped script: 
[2026-09-30 15:34:15,842 INFO  L132   ssoRankerPreferences]: Filename of dumped script: 2Nested-1.c_Iteration1_Loop
[2026-09-30 15:34:15,842 INFO  L133   ssoRankerPreferences]: MapElimAlgo: Matthias
[2026-09-30 15:34:15,842 INFO  L251          LassoAnalysis]: Starting lasso preprocessing...
[2026-09-30 15:34:15,893 INFO  L270          LassoAnalysis]: Preprocessing complete.
[2026-09-30 15:34:15,893 INFO  L387          LassoAnalysis]: Checking for nontermination...
[2026-09-30 15:34:15,895 INFO  L173          SolverBuilder]: Constructing external solver with command: z3 SMTLIB2_COMPLIANT=true -memory:1024 -smt2 -in -t:12000
[2026-09-30 15:34:15,896 INFO  L189       MonitoredProcess]: No working directory specified, using /home/anissa/.local/bin/z3
[2026-09-30 15:34:15,898 INFO  L229       MonitoredProcess]: Starting monitored process 2 with /home/anissa/.local/bin/z3 SMTLIB2_COMPLIANT=true -memory:1024 -smt2 -in -t:12000 (exit command is (exit), workingDir is null)
[2026-09-30 15:34:15,900 INFO  L327       MonitoredProcess]: [MP /home/anissa/.local/bin/z3 SMTLIB2_COMPLIANT=true -memory:1024 -smt2 -in -t:12000 (2)] Waiting until timeout for monitored process
[2026-09-30 15:34:15,900 INFO  L148   nArgumentSynthesizer]: Nontermination analysis: LINEAR Allow bounded executions: true Number of generalized eigenvectors: 0 Nilpotent components: true
[2026-09-30 15:34:15,900 INFO  L160   nArgumentSynthesizer]: Using integer mode.
[2026-09-30 15:34:15,917 INFO  L546       MonitoredProcess]: [MP /home/anissa/.local/bin/z3 SMTLIB2_COMPLIANT=true -memory:1024 -smt2 -in -t:12000 (2)] Ended with exit code 0
[2026-09-30 15:34:15,918 INFO  L173          SolverBuilder]: Constructing external solver with command: z3 SMTLIB2_COMPLIANT=true -memory:1024 -smt2 -in -t:12000
[2026-09-30 15:34:15,919 INFO  L189       MonitoredProcess]: No working directory specified, using /home/anissa/.local/bin/z3
[2026-09-30 15:34:15,921 INFO  L229       MonitoredProcess]: Starting monitored process 3 with /home/anissa/.local/bin/z3 SMTLIB2_COMPLIANT=true -memory:1024 -smt2 -in -t:12000 (exit command is (exit), workingDir is null)
[2026-09-30 15:34:15,922 INFO  L327       MonitoredProcess]: [MP /home/anissa/.local/bin/z3 SMTLIB2_COMPLIANT=true -memory:1024 -smt2 -in -t:12000 (3)] Waiting until timeout for monitored process
[2026-09-30 15:34:15,922 INFO  L148   nArgumentSynthesizer]: Nontermination analysis: LINEAR Allow bounded executions: true Number of generalized eigenvectors: 3 Nilpotent components: true
[2026-09-30 15:34:15,922 INFO  L160   nArgumentSynthesizer]: Using integer mode.
[2026-09-30 15:34:15,943 INFO  L546       MonitoredProcess]: [MP /home/anissa/.local/bin/z3 SMTLIB2_COMPLIANT=true -memory:1024 -smt2 -in -t:12000 (3)] Ended with exit code 0
[2026-09-30 15:34:15,943 INFO  L429          LassoAnalysis]: Proving nontermination failed: No geometric nontermination argument exists.
[2026-09-30 15:34:15,943 INFO  L214          LassoAnalysis]: Preferences:
[2026-09-30 15:34:15,943 INFO  L125   ssoRankerPreferences]: Compute integeral hull: false
[2026-09-30 15:34:15,944 INFO  L126   ssoRankerPreferences]: Enable LassoPartitioneer: false
[2026-09-30 15:34:15,944 INFO  L127   ssoRankerPreferences]: Term annotations enabled: false
[2026-09-30 15:34:15,944 INFO  L128   ssoRankerPreferences]: Use exernal solver: true
[2026-09-30 15:34:15,944 INFO  L129   ssoRankerPreferences]: SMT solver command: z3 SMTLIB2_COMPLIANT=true -memory:1024 -smt2 -in -t:12000
[2026-09-30 15:34:15,944 INFO  L130   ssoRankerPreferences]: Dump SMT script to file: false
[2026-09-30 15:34:15,944 INFO  L131   ssoRankerPreferences]: Path of dumped script: 
[2026-09-30 15:34:15,944 INFO  L132   ssoRankerPreferences]: Filename of dumped script: 2Nested-1.c_Iteration1_Loop
[2026-09-30 15:34:15,944 INFO  L133   ssoRankerPreferences]: MapElimAlgo: Matthias
[2026-09-30 15:34:15,944 INFO  L251          LassoAnalysis]: Starting lasso preprocessing...
[2026-09-30 15:34:15,978 INFO  L270          LassoAnalysis]: Preprocessing complete.
[2026-09-30 15:34:15,980 INFO  L474          LassoAnalysis]: Using template 'affine'.
[2026-09-30 15:34:15,980 INFO  L173          SolverBuilder]: Constructing external solver with command: z3 SMTLIB2_COMPLIANT=true -memory:1024 -smt2 -in -t:12000
[2026-09-30 15:34:15,981 INFO  L189       MonitoredProcess]: No working directory specified, using /home/anissa/.local/bin/z3
[2026-09-30 15:34:15,983 INFO  L229       MonitoredProcess]: Starting monitored process 4 with /home/anissa/.local/bin/z3 SMTLIB2_COMPLIANT=true -memory:1024 -smt2 -in -t:12000 (exit command is (exit), workingDir is null)
[2026-09-30 15:34:15,984 INFO  L327       MonitoredProcess]: [MP /home/anissa/.local/bin/z3 SMTLIB2_COMPLIANT=true -memory:1024 -smt2 -in -t:12000 (4)] Waiting until timeout for monitored process
[2026-09-30 15:34:15,985 INFO  L120   nArgumentSynthesizer]: Termination Analysis Settings: Termination analysis: LINEARNumber of strict supporting invariants: 0Number of non-strict supporting invariants: 1Consider only non-deceasing supporting invariants: trueSimplify termination arguments: trueSimplify supporting invariants: trueOverapproximate stem: false
[2026-09-30 15:34:15,995 INFO  L338   nArgumentSynthesizer]: Template has degree 0.
[2026-09-30 15:34:15,995 INFO  L203   nArgumentSynthesizer]: 1 stem disjuncts
[2026-09-30 15:34:15,995 INFO  L204   nArgumentSynthesizer]: 1 loop disjuncts
[2026-09-30 15:34:15,995 INFO  L205   nArgumentSynthesizer]: 2 template conjuncts.
[2026-09-30 15:34:16,002 INFO  L402   nArgumentSynthesizer]: We have 6 Motzkin's Theorem applications.
[2026-09-30 15:34:16,003 INFO  L403   nArgumentSynthesizer]: A total of 2 supporting invariants were added.
[2026-09-30 15:34:16,013 INFO  L546       MonitoredProcess]: [MP /home/anissa/.local/bin/z3 SMTLIB2_COMPLIANT=true -memory:1024 -smt2 -in -t:12000 (4)] Ended with exit code 0
[2026-09-30 15:34:16,013 INFO  L512          LassoAnalysis]: Proving termination failed for this template and these settings.
[2026-09-30 15:34:16,014 INFO  L474          LassoAnalysis]: Using template '2-nested'.
[2026-09-30 15:34:16,014 INFO  L173          SolverBuilder]: Constructing external solver with command: z3 SMTLIB2_COMPLIANT=true -memory:1024 -smt2 -in -t:12000
[2026-09-30 15:34:16,015 INFO  L189       MonitoredProcess]: No working directory specified, using /home/anissa/.local/bin/z3
[2026-09-30 15:34:16,016 INFO  L229       MonitoredProcess]: Starting monitored process 5 with /home/anissa/.local/bin/z3 SMTLIB2_COMPLIANT=true -memory:1024 -smt2 -in -t:12000 (exit command is (exit), workingDir is null)
[2026-09-30 15:34:16,017 INFO  L327       MonitoredProcess]: [MP /home/anissa/.local/bin/z3 SMTLIB2_COMPLIANT=true -memory:1024 -smt2 -in -t:12000 (5)] Waiting until timeout for monitored process
[2026-09-30 15:34:16,018 INFO  L120   nArgumentSynthesizer]: Termination Analysis Settings: Termination analysis: LINEARNumber of strict supporting invariants: 0Number of non-strict supporting invariants: 1Consider only non-deceasing supporting invariants: trueSimplify termination arguments: trueSimplify supporting invariants: trueOverapproximate stem: false
[2026-09-30 15:34:16,028 INFO  L338   nArgumentSynthesizer]: Template has degree 0.
[2026-09-30 15:34:16,029 INFO  L203   nArgumentSynthesizer]: 1 stem disjuncts
[2026-09-30 15:34:16,029 INFO  L204   nArgumentSynthesizer]: 1 loop disjuncts
[2026-09-30 15:34:16,029 INFO  L205   nArgumentSynthesizer]: 3 template conjuncts.
[2026-09-30 15:34:16,036 INFO  L402   nArgumentSynthesizer]: We have 9 Motzkin's Theorem applications.
[2026-09-30 15:34:16,036 INFO  L403   nArgumentSynthesizer]: A total of 3 supporting invariants were added.
[2026-09-30 15:34:16,048 INFO  L420   nArgumentSynthesizer]: Found a termination argument, trying to simplify.
[2026-09-30 15:34:16,064 INFO  L436   ModelExtractionUtils]: Simplification made 8 calls to the SMT solver.
[2026-09-30 15:34:16,066 INFO  L437   ModelExtractionUtils]: 11 out of 26 variables were initially zero. Simplification set additionally 10 variables to zero.
[2026-09-30 15:34:16,068 INFO  L173          SolverBuilder]: Constructing external solver with command: z3 SMTLIB2_COMPLIANT=true -memory:1024 -smt2 -in -t:12000
[2026-09-30 15:34:16,069 INFO  L189       MonitoredProcess]: No working directory specified, using /home/anissa/.local/bin/z3
[2026-09-30 15:34:16,071 INFO  L229       MonitoredProcess]: Starting monitored process 6 with /home/anissa/.local/bin/z3 SMTLIB2_COMPLIANT=true -memory:1024 -smt2 -in -t:12000 (exit command is (exit), workingDir is null)
[2026-09-30 15:34:16,072 INFO  L327       MonitoredProcess]: [MP /home/anissa/.local/bin/z3 SMTLIB2_COMPLIANT=true -memory:1024 -smt2 -in -t:12000 (6)] Waiting until timeout for monitored process
[2026-09-30 15:34:16,073 INFO  L436   nArgumentSynthesizer]: Simplifying supporting invariants...
[2026-09-30 15:34:16,088 INFO  L546       MonitoredProcess]: [MP /home/anissa/.local/bin/z3 SMTLIB2_COMPLIANT=true -memory:1024 -smt2 -in -t:12000 (6)] Ended with exit code 0
[2026-09-30 15:34:16,088 INFO  L439   nArgumentSynthesizer]: Removed 3 redundant supporting invariants from a total of 3.
[2026-09-30 15:34:16,093 INFO  L546       MonitoredProcess]: [MP /home/anissa/.local/bin/z3 SMTLIB2_COMPLIANT=true -memory:1024 -smt2 -in -t:12000 (5)] Ended with exit code 0
[2026-09-30 15:34:16,093 INFO  L500          LassoAnalysis]: Proved termination.
[2026-09-30 15:34:16,093 INFO  L501          LassoAnalysis]: Termination argument consisting of:
Ranking function 2-nested ranking function:
  f0 = 2*main_~y~0 + 1
  f1 = 2*main_~x~0 + 1*v_rep~unnamed0~0~true_2
Supporting invariants []
[2026-09-30 15:34:16,100 INFO  L156   tatePredicateManager]: 0 out of 0 supporting invariants were superfluous and have been removed
[2026-09-30 15:34:16,115 WARN  L873   BoogieBacktranslator]: Unfinished Backtranslation: Unknown variable: ~unnamed0~0~true
[2026-09-30 15:34:16,131 INFO  L160       PredicateUnifier]: Initialized classic predicate unifier
[2026-09-30 15:34:16,139 INFO  L108    AnnotateAndAsserter]: Assert order NOT_INCREMENTALLY partitioned 8 statements into 1 equivalence classes.
[2026-09-30 15:34:16,147 INFO  L111    AnnotateAndAsserter]: Assert order NOT_INCREMENTALLY issued 1 check-sat command(s) and asserted 8 of 8 statements.
[2026-09-30 15:34:16,147 INFO  L114    AnnotateAndAsserter]: Assert order NOT_INCREMENTALLY issued 1 check-sat command(s)
[2026-09-30 15:34:16,147 INFO  L115    AnnotateAndAsserter]: Conjunction of SSA is unsat
[2026-09-30 15:34:16,148 INFO  L256         TraceCheckSpWp]: Trace formula consists of 73 conjuncts, 6 conjuncts are in the unsatisfiable core
[2026-09-30 15:34:16,149 INFO  L279         TraceCheckSpWp]: Computing forward predicates...
[2026-09-30 15:34:16,197 INFO  L108    AnnotateAndAsserter]: Assert order NOT_INCREMENTALLY partitioned 1 statements into 1 equivalence classes.
[2026-09-30 15:34:16,198 INFO  L111    AnnotateAndAsserter]: Assert order NOT_INCREMENTALLY issued 1 check-sat command(s) and asserted 1 of 1 statements.
[2026-09-30 15:34:16,198 INFO  L114    AnnotateAndAsserter]: Assert order NOT_INCREMENTALLY issued 1 check-sat command(s)
[2026-09-30 15:34:16,198 INFO  L115    AnnotateAndAsserter]: Conjunction of SSA is unsat
[2026-09-30 15:34:16,199 WARN  L254         TraceCheckSpWp]: Trace formula consists of 8 conjuncts, 6 conjuncts are in the unsatisfiable core
[2026-09-30 15:34:16,199 INFO  L279         TraceCheckSpWp]: Computing forward predicates...
[2026-09-30 15:34:16,202 INFO  L134       CoverageAnalysis]: Checked inductivity of 0 backedges. 0 proven. 0 refuted. 0 times theorem prover too weak. 0 trivial. 0 not checked.
[2026-09-30 15:34:16,217 INFO  L141   lantAutomatonBouncer]: Defining deterministic Buchi interpolant automaton with honda bouncer for stem and without honda bouncer for loop.2 stem predicates 1 loop predicates 
[2026-09-30 15:34:16,218 INFO  L69     BuchiDifferenceNCSB]: Start buchiDifferenceNCSB. First operand  has 13 states, 8 states have (on average 1.5) internal successors, (12), 8 states have internal predecessors, (12), 2 states have call successors, (2), 2 states have call predecessors, (2), 2 states have return successors, (2), 2 states have call predecessors, (2), 2 states have call successors, (2) Second operand  has 3 states, 3 states have (on average 2.0) internal successors, (6), 3 states have internal predecessors, (6), 1 states have call successors, (2), 2 states have call predecessors, (2), 1 states have return successors, (1), 1 states have call predecessors, (1), 1 states have call successors, (1)
[2026-09-30 15:34:16,253 INFO  L73     BuchiDifferenceNCSB]: Finished buchiDifferenceNCSB. First operand  has 13 states, 8 states have (on average 1.5) internal successors, (12), 8 states have internal predecessors, (12), 2 states have call successors, (2), 2 states have call predecessors, (2), 2 states have return successors, (2), 2 states have call predecessors, (2), 2 states have call successors, (2). Second operand  has 3 states, 3 states have (on average 2.0) internal successors, (6), 3 states have internal predecessors, (6), 1 states have call successors, (2), 2 states have call predecessors, (2), 1 states have return successors, (1), 1 states have call predecessors, (1), 1 states have call successors, (1) Result 18 states and 21 transitions. Complement of second has 4 states.
[2026-09-30 15:34:16,254 INFO  L140   InterpolantAutomaton]: Switched to read-only mode: Buchi interpolant automaton has 3 states 2 stem states 0 non-accepting loop states 1 accepting loop states 
[2026-09-30 15:34:16,256 INFO  L82        GeneralOperation]: Start removeUnreachable. Operand  has 3 states, 3 states have (on average 2.0) internal successors, (6), 3 states have internal predecessors, (6), 1 states have call successors, (2), 2 states have call predecessors, (2), 1 states have return successors, (1), 1 states have call predecessors, (1), 1 states have call successors, (1)
[2026-09-30 15:34:16,258 INFO  L88        GeneralOperation]: Finished removeUnreachable. Reduced from 3 states to 3 states and 15 transitions.
[2026-09-30 15:34:16,260 INFO  L85            BuchiAccepts]: Start buchiAccepts Operand 3 states and 15 transitions. Stem has 8 letters. Loop has 1 letters.
[2026-09-30 15:34:16,262 INFO  L117           BuchiAccepts]: Finished buchiAccepts.
[2026-09-30 15:34:16,262 INFO  L85            BuchiAccepts]: Start buchiAccepts Operand 3 states and 15 transitions. Stem has 9 letters. Loop has 1 letters.
[2026-09-30 15:34:16,262 INFO  L117           BuchiAccepts]: Finished buchiAccepts.
[2026-09-30 15:34:16,262 INFO  L85            BuchiAccepts]: Start buchiAccepts Operand 3 states and 15 transitions. Stem has 8 letters. Loop has 2 letters.
[2026-09-30 15:34:16,262 INFO  L117           BuchiAccepts]: Finished buchiAccepts.
[2026-09-30 15:34:16,263 INFO  L82        GeneralOperation]: Start removeNonLiveStates. Operand 18 states and 21 transitions.
[2026-09-30 15:34:16,264 INFO  L131   ngComponentsAnalysis]: Automaton has 0 accepting balls. 0
[2026-09-30 15:34:16,265 INFO  L88        GeneralOperation]: Finished removeNonLiveStates. Reduced from 18 states to 0 states and 0 transitions.
[2026-09-30 15:34:16,266 INFO  L87         BuchiClosureNwa]: Accepting states before buchiClosure: 0
[2026-09-30 15:34:16,266 INFO  L106        BuchiClosureNwa]: Accepting states after buchiClosure: 0
[2026-09-30 15:34:16,266 INFO  L74         IsDeterministic]: Start isDeterministic. Operand 0 states and 0 transitions.
[2026-09-30 15:34:16,266 INFO  L81         IsDeterministic]: Finished isDeterministic. Operand is deterministic.
[2026-09-30 15:34:16,266 INFO  L218   hiAutomatonCegarLoop]: Abstraction has 0 states and 0 transitions.
[2026-09-30 15:34:16,267 INFO  L240   hiAutomatonCegarLoop]: Abstraction has 0 states and 0 transitions.
[2026-09-30 15:34:16,267 INFO  L464   stractBuchiCegarLoop]: Abstraction has 0 states and 0 transitions.
[2026-09-30 15:34:16,267 INFO  L363   stractBuchiCegarLoop]: ======== Iteration 2 ============
[2026-09-30 15:34:16,267 INFO  L73            BuchiIsEmpty]: Start buchiIsEmpty. Operand 0 states and 0 transitions.
[2026-09-30 15:34:16,267 INFO  L131   ngComponentsAnalysis]: Automaton has 0 accepting balls. 0
[2026-09-30 15:34:16,267 INFO  L88            BuchiIsEmpty]: Finished buchiIsEmpty Result is true
[2026-09-30 15:34:16,271 INFO  L201        PluginConnector]: Adding new model de.uni_freiburg.informatik.ultimate.plugins.generator.buchiautomizer CFG 30.09 03:34:16 BoogieIcfgContainer
[2026-09-30 15:34:16,271 INFO  L131        PluginConnector]: ------------------------ END BuchiAutomizer----------------------------
[2026-09-30 15:34:16,272 INFO  L158              Benchmark]: Toolchain (without parser) took 912,88ms. Allocated memory is still 536,9MB. Free memory was 506,1MB in the beginning and 407,1MB in the end (delta: 99,1MB). Peak memory consumption was 100,7MB. Max. memory is 12,9GB.
[2026-09-30 15:34:16,272 INFO  L158              Benchmark]: CDTParser took 0,18ms. Allocated memory is still 536,9MB. Free memory is still 499,3MB. There was no memory consumed. Max. memory is 12,9GB.
[2026-09-30 15:34:16,272 INFO  L158              Benchmark]: CACSL2BoogieTranslator took 145,14ms. Allocated memory is still 536,9MB. Free memory was 506,1MB in the beginning and 490,9MB in the end (delta: 15,2MB). Peak memory consumption was 16,8MB. Max. memory is 12,9GB.
[2026-09-30 15:34:16,273 INFO  L158              Benchmark]: Boogie Preprocessor took 14,17ms. Allocated memory is still 536,9MB. Free memory was 490,9MB in the beginning and 489,6MB in the end (delta: 1,3MB). There was no memory consumed. Max. memory is 12,9GB.
[2026-09-30 15:34:16,273 INFO  L158              Benchmark]: IcfgBuilder took 145,60ms. Allocated memory is still 536,9MB. Free memory was 488,7MB in the beginning and 473,2MB in the end (delta: 15,5MB). Peak memory consumption was 16,8MB. Max. memory is 12,9GB.
[2026-09-30 15:34:16,273 INFO  L158              Benchmark]: BuchiAutomizer took 604,90ms. Allocated memory is still 536,9MB. Free memory was 473,2MB in the beginning and 407,1MB in the end (delta: 66,1MB). Peak memory consumption was 67,1MB. Max. memory is 12,9GB.
[2026-09-30 15:34:16,274 INFO  L338   ainManager$Toolchain]: #######################  End [Toolchain 1] #######################
 --- Results ---
 * Results from de.uni_freiburg.informatik.ultimate.core:
  - StatisticsResult: Toolchain Benchmarks
    Benchmark results are:
 * CDTParser took 0,18ms. Allocated memory is still 536,9MB. Free memory is still 499,3MB. There was no memory consumed. Max. memory is 12,9GB.
 * CACSL2BoogieTranslator took 145,14ms. Allocated memory is still 536,9MB. Free memory was 506,1MB in the beginning and 490,9MB in the end (delta: 15,2MB). Peak memory consumption was 16,8MB. Max. memory is 12,9GB.
 * Boogie Preprocessor took 14,17ms. Allocated memory is still 536,9MB. Free memory was 490,9MB in the beginning and 489,6MB in the end (delta: 1,3MB). There was no memory consumed. Max. memory is 12,9GB.
 * IcfgBuilder took 145,60ms. Allocated memory is still 536,9MB. Free memory was 488,7MB in the beginning and 473,2MB in the end (delta: 15,5MB). Peak memory consumption was 16,8MB. Max. memory is 12,9GB.
 * BuchiAutomizer took 604,90ms. Allocated memory is still 536,9MB. Free memory was 473,2MB in the beginning and 407,1MB in the end (delta: 66,1MB). Peak memory consumption was 67,1MB. Max. memory is 12,9GB.
 * Results from de.uni_freiburg.informatik.ultimate.plugins.generator.cacsl2boogietranslator:
  - GenericResult: Unfinished Backtranslation
    Unfinished Backtranslation: Unknown variable: ~unnamed0~0~true
 * Results from de.uni_freiburg.informatik.ultimate.plugins.generator.traceabstraction:
  - StatisticsResult: Constructed decomposition of program
    Your program was decomposed into 1 terminating modules (0 trivial, 1 deterministic, 0 nondeterministic). One deterministic module has 2-nested ranking function 0 < (long) y + 1 ? 1 : 0, null and consists of 3 locations. 
  - StatisticsResult: Timing statistics
    BüchiAutomizer plugin needed 0.5s and 2 iterations.  TraceHistogramMax:1. Analysis of lassos took 0.3s. Construction of modules took 0.0s. Büchi inclusion checks took 0.1s. Highest rank in rank-based complementation 3. Minimization of det autom 1. Minimization of nondet autom 0. Automata minimization No data available. Non-live state removal took 0.0s Buchi closure took 0.0s. Biggest automaton had -1 states and ocurred in iteration -1.	Nontrivial modules had stage [1, 0, 0, 0, 0].	InterpolantCoveringCapabilityFinite: 0/0	InterpolantCoveringCapabilityBuchi: 0/0	HoareTripleCheckerStatistics: 0 mSolverCounterUnknown, 20 SdHoareTripleChecker+Valid, 0,0s IncrementalHoareTripleChecker+Time, 0 mSdLazyCounter, 19 mSDsluCounter, 13 SdHoareTripleChecker+Invalid, 0,0s Time, 0 mProtectedAction, 0 SdHoareTripleChecker+Unchecked, 0 IncrementalHoareTripleChecker+Unchecked, 1 mSDsCounter, 5 IncrementalHoareTripleChecker+Valid, 0 mProtectedPredicate, 8 IncrementalHoareTripleChecker+Invalid, 13 SdHoareTripleChecker+Unknown, 0 mSolverCounterNotChecked, 5 mSolverCounterUnsat, 12 mSDtfsCounter, 8 mSolverCounterSat, 0,0s SdHoareTripleChecker+Time, 0 IncrementalHoareTripleChecker+Unknown	LassoAnalysisResults: nont0 unkn0 SFLI0 SFLT1 conc0 concLT0 SILN0 SILU0 SILI0 SILT0 lasso0 LassoPreprocessingBenchmarks:   Lassos: inital15 mio100 ax179 arr100 mio100 div100 bol100 ite100 ukn100 eq203 smp100 dnf89 smp100 tf100 neg100 sie100 LassoTerminationAnalysisBenchmarks: ConstraintsSatisfiability: sat Degree: 0 Time: 74ms VariablesStem: 2 VariablesLoop: 6 DisjunctsStem: 1 DisjunctsLoop: 1 SupportingInvariants: 3 MotzkinApplications: 9 LassoTerminationAnalysisBenchmarks: LassoNonterminationAnalysisSatFixpoint: 0	LassoNonterminationAnalysisSatUnbounded: 0	LassoNonterminationAnalysisUnsat: 1	LassoNonterminationAnalysisUnknown: 0	LassoNonterminationAnalysisTime: 0.0s	InitialAbstractionConstructionTime: 0.0s
  - TerminationAnalysisResult: Termination proven
    Buchi Automizer proved that your program is terminating
RESULT: Ultimate proved your program to be correct!
[2026-09-30 15:34:16,281 INFO  L546       MonitoredProcess]: [MP /home/anissa/.local/bin/z3 SMTLIB2_COMPLIANT=true -memory:1024 -smt2 -in -t:12000 (1)] Ended with exit code 0
Received shutdown request...
