This is Ultimate 0.3.2-dev-4a3209064b
[2026-09-30 15:34:17,688 INFO  L188        SettingsManager]: Resetting all preferences to default values...
[2026-09-30 15:34:17,734 INFO  L114        SettingsManager]: Loading settings from /home/anissa/Documents/Tools/PaSTTeL/output/smoke/ulr_vs_upl/BuchiAutomizerPasttel.epf
[2026-09-30 15:34:17,777 INFO  L130        SettingsManager]: Preferences different from defaults after loading the file:
[2026-09-30 15:34:17,778 INFO  L151        SettingsManager]: Preferences of BuchiAutomizer differ from their defaults:
[2026-09-30 15:34:17,778 INFO  L153        SettingsManager]:  * PaSTTeL binary path=/home/anissa/Documents/Tools/PaSTTeL/pasttel/bin/pasttel
[2026-09-30 15:34:17,778 INFO  L153        SettingsManager]:  * Rank synthesis backend=PASTTEL
[2026-09-30 15:34:17,778 INFO  L153        SettingsManager]:  * PaSTTeL number of CPUs=5
[2026-09-30 15:34:17,925 INFO  L75    nceAwareModelManager]: Repository-Root is: /tmp
[2026-09-30 15:34:17,935 INFO  L261   ainManager$Toolchain]: [Toolchain 1]: Applicable parser(s) successfully (re)initialized
[2026-09-30 15:34:17,936 INFO  L217   ainManager$Toolchain]: [Toolchain 1]: Toolchain selected.
[2026-09-30 15:34:17,937 INFO  L270        PluginConnector]: Initializing CDTParser...
[2026-09-30 15:34:17,937 INFO  L274        PluginConnector]: CDTParser initialized
[2026-09-30 15:34:17,938 INFO  L431   ainManager$Toolchain]: [Toolchain 1]: Parsing single file: /home/anissa/Documents/Tools/PaSTTeL/benchmarks/smoke_test/full_programs_c_bpl/2Nested-1.c
!SESSION 2026-09-30 15:34:16.823 -----------------------------------------------
eclipse.buildId=unknown
java.version=21.0.12.1
java.vendor=Ubuntu
BootLoader constants: OS=linux, ARCH=x86_64, WS=gtk, NL=fr_FR
Framework arguments:  --console -tc /home/anissa/Documents/Tools/PaSTTeL/tools/toolchains/BuchiAutomizerC.xml -s /home/anissa/Documents/Tools/PaSTTeL/output/smoke/ulr_vs_upl/BuchiAutomizerPasttel.epf -i /home/anissa/Documents/Tools/PaSTTeL/benchmarks/smoke_test/full_programs_c_bpl/2Nested-1.c
Command-line arguments:  -os linux -ws gtk -arch x86_64 -consoleLog --console -data @user.home/.ultimate -tc /home/anissa/Documents/Tools/PaSTTeL/tools/toolchains/BuchiAutomizerC.xml -s /home/anissa/Documents/Tools/PaSTTeL/output/smoke/ulr_vs_upl/BuchiAutomizerPasttel.epf -i /home/anissa/Documents/Tools/PaSTTeL/benchmarks/smoke_test/full_programs_c_bpl/2Nested-1.c

!ENTRY org.eclipse.cdt.core 1 0 2026-09-30 15:34:18.477
!MESSAGE Indexed 'FLAG7b3890dc7' (0 sources, 0 headers) in 0,001 sec: 0 declarations; 0 references; 0 unresolved inclusions; 0 syntax errors; 0 unresolved names (0 %)
[2026-09-30 15:34:18,792 INFO  L538              CDTParser]: Created temporary CDT project at /home/anissa/.ultimate/2b9a6e5f5859429ebd22ac2b9a6b0432/FLAG7b3890dc7
[2026-09-30 15:34:18,907 INFO  L389              CDTParser]: Found 1 translation units.
[2026-09-30 15:34:18,908 INFO  L178              CDTParser]: Scanning /home/anissa/Documents/Tools/PaSTTeL/benchmarks/smoke_test/full_programs_c_bpl/2Nested-1.c
[2026-09-30 15:34:18,912 INFO  L432              CDTParser]: About to delete temporary CDT project at /home/anissa/.ultimate/2b9a6e5f5859429ebd22ac2b9a6b0432/FLAG7b3890dc7
[2026-09-30 15:34:19,842 INFO  L440              CDTParser]: Successfully deleted /home/anissa/.ultimate/2b9a6e5f5859429ebd22ac2b9a6b0432
[2026-09-30 15:34:19,844 INFO  L299   ainManager$Toolchain]: ####################### [Toolchain 1] #######################
[2026-09-30 15:34:19,845 INFO  L133        ToolchainWalker]: Walking toolchain with 4 elements.
[2026-09-30 15:34:19,846 INFO  L112        PluginConnector]: ------------------------CACSL2BoogieTranslator----------------------------
[2026-09-30 15:34:19,846 INFO  L270        PluginConnector]: Initializing CACSL2BoogieTranslator...
[2026-09-30 15:34:19,849 INFO  L274        PluginConnector]: CACSL2BoogieTranslator initialized
[2026-09-30 15:34:19,849 INFO  L184        PluginConnector]: Executing the observer ACSLObjectContainerObserver from plugin CACSL2BoogieTranslator for "CDTParser AST 30.09 03:34:19" (1/1) ...
[2026-09-30 15:34:19,850 INFO  L204        PluginConnector]: Invalid model from CACSL2BoogieTranslator for observer de.uni_freiburg.informatik.ultimate.plugins.generator.cacsl2boogietranslator.ACSLObjectContainerObserver@c36b9c4 and model type de.uni_freiburg.informatik.ultimate.plugins.generator.cacsl2boogietranslator AST 30.09 03:34:19, skipping insertion in model container
[2026-09-30 15:34:19,850 INFO  L184        PluginConnector]: Executing the observer CACSL2BoogieTranslatorObserver from plugin CACSL2BoogieTranslator for "CDTParser AST 30.09 03:34:19" (1/1) ...
[2026-09-30 15:34:19,858 INFO  L177         MainTranslator]: Built tables and reachable declarations
[2026-09-30 15:34:19,968 INFO  L189          PostProcessor]: Analyzing one entry point: main
[2026-09-30 15:34:19,971 INFO  L206         MainTranslator]: Completed pre-run
[2026-09-30 15:34:19,982 INFO  L189          PostProcessor]: Analyzing one entry point: main
[2026-09-30 15:34:19,992 INFO  L211         MainTranslator]: Completed translation
[2026-09-30 15:34:19,992 INFO  L201        PluginConnector]: Adding new model de.uni_freiburg.informatik.ultimate.plugins.generator.cacsl2boogietranslator AST 30.09 03:34:19 WrapperNode
[2026-09-30 15:34:19,992 INFO  L131        PluginConnector]: ------------------------ END CACSL2BoogieTranslator----------------------------
[2026-09-30 15:34:19,993 INFO  L112        PluginConnector]: ------------------------Boogie Preprocessor----------------------------
[2026-09-30 15:34:19,993 INFO  L270        PluginConnector]: Initializing Boogie Preprocessor...
[2026-09-30 15:34:19,993 INFO  L274        PluginConnector]: Boogie Preprocessor initialized
[2026-09-30 15:34:19,998 INFO  L184        PluginConnector]: Executing the observer EnsureBoogieModelObserver from plugin Boogie Preprocessor for "de.uni_freiburg.informatik.ultimate.plugins.generator.cacsl2boogietranslator AST 30.09 03:34:19" (1/1) ...
[2026-09-30 15:34:19,999 INFO  L184        PluginConnector]: Executing the observer TypeChecker from plugin Boogie Preprocessor for "de.uni_freiburg.informatik.ultimate.plugins.generator.cacsl2boogietranslator AST 30.09 03:34:19" (1/1) ...
[2026-09-30 15:34:20,003 INFO  L184        PluginConnector]: Executing the observer ConstExpander from plugin Boogie Preprocessor for "de.uni_freiburg.informatik.ultimate.plugins.generator.cacsl2boogietranslator AST 30.09 03:34:19" (1/1) ...
[2026-09-30 15:34:20,003 INFO  L184        PluginConnector]: Executing the observer StructExpander from plugin Boogie Preprocessor for "de.uni_freiburg.informatik.ultimate.plugins.generator.cacsl2boogietranslator AST 30.09 03:34:19" (1/1) ...
[2026-09-30 15:34:20,004 INFO  L184        PluginConnector]: Executing the observer ReplaceArrayAssignments from plugin Boogie Preprocessor for "de.uni_freiburg.informatik.ultimate.plugins.generator.cacsl2boogietranslator AST 30.09 03:34:19" (1/1) ...
[2026-09-30 15:34:20,005 INFO  L184        PluginConnector]: Executing the observer FunctionInliner from plugin Boogie Preprocessor for "de.uni_freiburg.informatik.ultimate.plugins.generator.cacsl2boogietranslator AST 30.09 03:34:19" (1/1) ...
[2026-09-30 15:34:20,005 INFO  L184        PluginConnector]: Executing the observer LTLStepAnnotator from plugin Boogie Preprocessor for "de.uni_freiburg.informatik.ultimate.plugins.generator.cacsl2boogietranslator AST 30.09 03:34:19" (1/1) ...
[2026-09-30 15:34:20,006 INFO  L184        PluginConnector]: Executing the observer BoogieSymbolTableConstructor from plugin Boogie Preprocessor for "de.uni_freiburg.informatik.ultimate.plugins.generator.cacsl2boogietranslator AST 30.09 03:34:19" (1/1) ...
[2026-09-30 15:34:20,008 INFO  L131        PluginConnector]: ------------------------ END Boogie Preprocessor----------------------------
[2026-09-30 15:34:20,009 INFO  L112        PluginConnector]: ------------------------IcfgBuilder----------------------------
[2026-09-30 15:34:20,009 INFO  L270        PluginConnector]: Initializing IcfgBuilder...
[2026-09-30 15:34:20,009 INFO  L274        PluginConnector]: IcfgBuilder initialized
[2026-09-30 15:34:20,010 INFO  L184        PluginConnector]: Executing the observer IcfgBuilderObserver from plugin IcfgBuilder for "de.uni_freiburg.informatik.ultimate.plugins.generator.cacsl2boogietranslator AST 30.09 03:34:19" (1/1) ...
[2026-09-30 15:34:20,014 INFO  L173          SolverBuilder]: Constructing external solver with command: z3 SMTLIB2_COMPLIANT=true -memory:1024 -smt2 -in -t:12000
[2026-09-30 15:34:20,024 INFO  L189       MonitoredProcess]: No working directory specified, using /home/anissa/.local/bin/z3
[2026-09-30 15:34:20,033 INFO  L229       MonitoredProcess]: Starting monitored process 1 with /home/anissa/.local/bin/z3 SMTLIB2_COMPLIANT=true -memory:1024 -smt2 -in -t:12000 (exit command is (exit), workingDir is null)
[2026-09-30 15:34:20,034 INFO  L327       MonitoredProcess]: [MP /home/anissa/.local/bin/z3 SMTLIB2_COMPLIANT=true -memory:1024 -smt2 -in -t:12000 (1)] Waiting until timeout for monitored process
[2026-09-30 15:34:20,049 INFO  L138     BoogieDeclarations]: Found implementation of procedure ULTIMATE.init
[2026-09-30 15:34:20,049 INFO  L138     BoogieDeclarations]: Found implementation of procedure ULTIMATE.start
[2026-09-30 15:34:20,049 INFO  L138     BoogieDeclarations]: Found implementation of procedure main
[2026-09-30 15:34:20,049 INFO  L130     BoogieDeclarations]: Found specification of procedure __VERIFIER_nondet_int
[2026-09-30 15:34:20,049 INFO  L130     BoogieDeclarations]: Found specification of procedure main
[2026-09-30 15:34:20,049 INFO  L130     BoogieDeclarations]: Found specification of procedure ULTIMATE.init
[2026-09-30 15:34:20,049 INFO  L130     BoogieDeclarations]: Found specification of procedure ULTIMATE.start
[2026-09-30 15:34:20,087 INFO  L250             CfgBuilder]: Building ICFG
[2026-09-30 15:34:20,088 INFO  L281             CfgBuilder]: Building CFG for each procedure with an implementation
[2026-09-30 15:34:20,134 INFO  L?                        ?]: Removed 5 outVars from TransFormulas that were not future-live.
[2026-09-30 15:34:20,134 INFO  L302             CfgBuilder]: Performing block encoding
[2026-09-30 15:34:20,138 INFO  L104     LargeBlockEncoding]: Applying CFG Large Block Encoding to ICFG that has 3 procedures, 13 locations, 18 edges, 0 initial locations, 1 loop locations, and 0 error locations.
[2026-09-30 15:34:20,140 INFO  L154     LargeBlockEncoding]: LargeBlockEncoding completed in 5 ms, with 0 straightline sequential compositions, 0 parallel compositions, 0 1:n/n:1 sequential compositions and 0 complex sequential compositions.
[2026-09-30 15:34:20,141 INFO  L327             CfgBuilder]: Using the 1 location(s) as analysis (start of procedure ULTIMATE.start)
[2026-09-30 15:34:20,141 INFO  L332             CfgBuilder]: Removed 0 assume(true) statements.
[2026-09-30 15:34:20,141 INFO  L334             CfgBuilder]: Constructed ICFG has 3 procedures, 13 locations, 18 edges, 1 initial locations, 1 loop locations, and 0 error locations.
[2026-09-30 15:34:20,141 INFO  L201        PluginConnector]: Adding new model de.uni_freiburg.informatik.ultimate.plugins.generator.icfgbuilder CFG 30.09 03:34:20 BoogieIcfgContainer
[2026-09-30 15:34:20,142 INFO  L131        PluginConnector]: ------------------------ END IcfgBuilder----------------------------
[2026-09-30 15:34:20,142 INFO  L112        PluginConnector]: ------------------------BuchiAutomizer----------------------------
[2026-09-30 15:34:20,142 INFO  L270        PluginConnector]: Initializing BuchiAutomizer...
[2026-09-30 15:34:20,146 INFO  L274        PluginConnector]: BuchiAutomizer initialized
[2026-09-30 15:34:20,146 INFO  L99          BuchiAutomizer]: Safety of program was proven or not checked, starting termination analysis
[2026-09-30 15:34:20,146 INFO  L184        PluginConnector]: Executing the observer BuchiAutomizerObserver from plugin BuchiAutomizer for "CDTParser AST 30.09 03:34:19" (1/3) ...
[2026-09-30 15:34:20,147 INFO  L204        PluginConnector]: Invalid model from BuchiAutomizer for observer de.uni_freiburg.informatik.ultimate.plugins.generator.buchiautomizer.BuchiAutomizerObserver@6313f1d and model type de.uni_freiburg.informatik.ultimate.plugins.generator.buchiautomizer AST 30.09 03:34:20, skipping insertion in model container
[2026-09-30 15:34:20,147 INFO  L99          BuchiAutomizer]: Safety of program was proven or not checked, starting termination analysis
[2026-09-30 15:34:20,147 INFO  L184        PluginConnector]: Executing the observer BuchiAutomizerObserver from plugin BuchiAutomizer for "de.uni_freiburg.informatik.ultimate.plugins.generator.cacsl2boogietranslator AST 30.09 03:34:19" (2/3) ...
[2026-09-30 15:34:20,147 INFO  L204        PluginConnector]: Invalid model from BuchiAutomizer for observer de.uni_freiburg.informatik.ultimate.plugins.generator.buchiautomizer.BuchiAutomizerObserver@6313f1d and model type de.uni_freiburg.informatik.ultimate.plugins.generator.buchiautomizer AST 30.09 03:34:20, skipping insertion in model container
[2026-09-30 15:34:20,147 INFO  L99          BuchiAutomizer]: Safety of program was proven or not checked, starting termination analysis
[2026-09-30 15:34:20,147 INFO  L184        PluginConnector]: Executing the observer BuchiAutomizerObserver from plugin BuchiAutomizer for "de.uni_freiburg.informatik.ultimate.plugins.generator.icfgbuilder CFG 30.09 03:34:20" (3/3) ...
[2026-09-30 15:34:20,148 INFO  L363   chiAutomizerObserver]: Analyzing ICFG 2Nested-1.c
[2026-09-30 15:34:20,177 INFO  L333   stractBuchiCegarLoop]: Interprodecural is true
[2026-09-30 15:34:20,177 INFO  L334   stractBuchiCegarLoop]: Hoare is None
[2026-09-30 15:34:20,177 INFO  L335   stractBuchiCegarLoop]: Compute interpolants for ForwardPredicates
[2026-09-30 15:34:20,177 INFO  L336   stractBuchiCegarLoop]: Backedges is STRAIGHT_LINE
[2026-09-30 15:34:20,177 INFO  L337   stractBuchiCegarLoop]: Determinization is PREDICATE_ABSTRACTION
[2026-09-30 15:34:20,177 INFO  L338   stractBuchiCegarLoop]: Difference is false
[2026-09-30 15:34:20,177 INFO  L339   stractBuchiCegarLoop]: Minimize is MINIMIZE_SEVPA
[2026-09-30 15:34:20,177 INFO  L343   stractBuchiCegarLoop]: ======== Iteration 0 == of CEGAR loop == BuchiAutomatonCegarLoop ========
[2026-09-30 15:34:20,180 INFO  L73            BuchiIsEmpty]: Start buchiIsEmpty. Operand  has 13 states, 8 states have (on average 1.5) internal successors, (12), 8 states have internal predecessors, (12), 2 states have call successors, (2), 2 states have call predecessors, (2), 2 states have return successors, (2), 2 states have call predecessors, (2), 2 states have call successors, (2)
[2026-09-30 15:34:20,187 INFO  L131   ngComponentsAnalysis]: Automaton has 1 accepting balls. 1
[2026-09-30 15:34:20,188 INFO  L88            BuchiIsEmpty]: Finished buchiIsEmpty Result is false
[2026-09-30 15:34:20,188 INFO  L120           BuchiIsEmpty]: Starting construction of run
[2026-09-30 15:34:20,190 INFO  L148   hiAutomatonCegarLoop]: Counterexample stem histogram [1, 1, 1, 1, 1, 1, 1, 1]
[2026-09-30 15:34:20,190 INFO  L149   hiAutomatonCegarLoop]: Counterexample loop histogram [1]
[2026-09-30 15:34:20,190 INFO  L363   stractBuchiCegarLoop]: ======== Iteration 1 ============
[2026-09-30 15:34:20,190 INFO  L73            BuchiIsEmpty]: Start buchiIsEmpty. Operand  has 13 states, 8 states have (on average 1.5) internal successors, (12), 8 states have internal predecessors, (12), 2 states have call successors, (2), 2 states have call predecessors, (2), 2 states have return successors, (2), 2 states have call predecessors, (2), 2 states have call successors, (2)
[2026-09-30 15:34:20,191 INFO  L131   ngComponentsAnalysis]: Automaton has 1 accepting balls. 1
[2026-09-30 15:34:20,191 INFO  L88            BuchiIsEmpty]: Finished buchiIsEmpty Result is false
[2026-09-30 15:34:20,191 INFO  L120           BuchiIsEmpty]: Starting construction of run
[2026-09-30 15:34:20,191 INFO  L148   hiAutomatonCegarLoop]: Counterexample stem histogram [1, 1, 1, 1, 1, 1, 1, 1]
[2026-09-30 15:34:20,191 INFO  L149   hiAutomatonCegarLoop]: Counterexample loop histogram [1]
[2026-09-30 15:34:20,198 INFO  L1146  eck$LassoCheckResult]: Stem: "call ULTIMATE.init();"< "assume true;" >"#17#return;" "call #t~ret2 := main();"< "havoc ~x~0;havoc ~y~0;havoc #t~nondet0;assume -2147483648 <= #t~nondet0 && #t~nondet0 <= 2147483647;~x~0 := #t~nondet0;havoc #t~nondet0;havoc #t~nondet1;assume -2147483648 <= #t~nondet1 && #t~nondet1 <= 2147483647;~y~0 := #t~nondet1;havoc #t~nondet1;" "assume !!(~x~0 <= 65534);" "assume !!(~y~0 <= 65534);" "assume !!(~y~0 >= -65534);" 
[2026-09-30 15:34:20,199 INFO  L1148  eck$LassoCheckResult]: Loop: "assume ~x~0 >= 0;~x~0 := ~x~0 + ~y~0;~y~0 := ~y~0 - 1;" 
[2026-09-30 15:34:20,202 INFO  L160       PredicateUnifier]: Initialized classic predicate unifier
[2026-09-30 15:34:20,203 INFO  L86        PathProgramCache]: Analyzing trace with hash 807700331, now seen corresponding path program 1 times
[2026-09-30 15:34:20,207 INFO  L118   FreeRefinementEngine]: Executing refinement strategy FIXED_PREFERENCES
[2026-09-30 15:34:20,208 INFO  L324   FreeRefinementEngine]: Using trace check IpTcStrategyModulePreferences [211870953]
[2026-09-30 15:34:20,208 INFO  L97    rtionOrderModulation]: Keeping assertion order NOT_INCREMENTALLY
[2026-09-30 15:34:20,208 INFO  L127          SolverBuilder]: Constructing new instance of SMTInterpol with explicit timeout -1 ms and remaining time -1 ms
[2026-09-30 15:34:20,245 INFO  L108    AnnotateAndAsserter]: Assert order NOT_INCREMENTALLY partitioned 8 statements into 1 equivalence classes.
[2026-09-30 15:34:20,250 INFO  L111    AnnotateAndAsserter]: Assert order NOT_INCREMENTALLY issued 1 check-sat command(s) and asserted 8 of 8 statements.
[2026-09-30 15:34:20,250 INFO  L114    AnnotateAndAsserter]: Assert order NOT_INCREMENTALLY issued 1 check-sat command(s)
[2026-09-30 15:34:20,250 INFO  L115    AnnotateAndAsserter]: Conjunction of SSA is sat
[2026-09-30 15:34:20,250 INFO  L348             TraceCheck]: Trace is feasible, we will do another trace check, this time with branch encoders.
[2026-09-30 15:34:20,252 INFO  L108    AnnotateAndAsserter]: Assert order NOT_INCREMENTALLY partitioned 8 statements into 1 equivalence classes.
[2026-09-30 15:34:20,254 INFO  L111    AnnotateAndAsserter]: Assert order NOT_INCREMENTALLY issued 1 check-sat command(s) and asserted 8 of 8 statements.
[2026-09-30 15:34:20,255 INFO  L114    AnnotateAndAsserter]: Assert order NOT_INCREMENTALLY issued 1 check-sat command(s)
[2026-09-30 15:34:20,255 INFO  L115    AnnotateAndAsserter]: Conjunction of SSA is sat
[2026-09-30 15:34:20,263 INFO  L130   FreeRefinementEngine]: Strategy FIXED_PREFERENCES found a feasible trace
[2026-09-30 15:34:20,264 INFO  L160       PredicateUnifier]: Initialized classic predicate unifier
[2026-09-30 15:34:20,264 INFO  L86        PathProgramCache]: Analyzing trace with hash 36, now seen corresponding path program 1 times
[2026-09-30 15:34:20,265 INFO  L118   FreeRefinementEngine]: Executing refinement strategy FIXED_PREFERENCES
[2026-09-30 15:34:20,265 INFO  L324   FreeRefinementEngine]: Using trace check IpTcStrategyModulePreferences [884929367]
[2026-09-30 15:34:20,265 INFO  L97    rtionOrderModulation]: Keeping assertion order NOT_INCREMENTALLY
[2026-09-30 15:34:20,265 INFO  L127          SolverBuilder]: Constructing new instance of SMTInterpol with explicit timeout -1 ms and remaining time -1 ms
[2026-09-30 15:34:20,267 INFO  L108    AnnotateAndAsserter]: Assert order NOT_INCREMENTALLY partitioned 1 statements into 1 equivalence classes.
[2026-09-30 15:34:20,270 INFO  L111    AnnotateAndAsserter]: Assert order NOT_INCREMENTALLY issued 1 check-sat command(s) and asserted 1 of 1 statements.
[2026-09-30 15:34:20,271 INFO  L114    AnnotateAndAsserter]: Assert order NOT_INCREMENTALLY issued 1 check-sat command(s)
[2026-09-30 15:34:20,271 INFO  L115    AnnotateAndAsserter]: Conjunction of SSA is sat
[2026-09-30 15:34:20,271 INFO  L348             TraceCheck]: Trace is feasible, we will do another trace check, this time with branch encoders.
[2026-09-30 15:34:20,272 INFO  L108    AnnotateAndAsserter]: Assert order NOT_INCREMENTALLY partitioned 1 statements into 1 equivalence classes.
[2026-09-30 15:34:20,272 INFO  L111    AnnotateAndAsserter]: Assert order NOT_INCREMENTALLY issued 1 check-sat command(s) and asserted 1 of 1 statements.
[2026-09-30 15:34:20,273 INFO  L114    AnnotateAndAsserter]: Assert order NOT_INCREMENTALLY issued 1 check-sat command(s)
[2026-09-30 15:34:20,273 INFO  L115    AnnotateAndAsserter]: Conjunction of SSA is sat
[2026-09-30 15:34:20,273 INFO  L130   FreeRefinementEngine]: Strategy FIXED_PREFERENCES found a feasible trace
[2026-09-30 15:34:20,274 INFO  L160       PredicateUnifier]: Initialized classic predicate unifier
[2026-09-30 15:34:20,274 INFO  L86        PathProgramCache]: Analyzing trace with hash -731093510, now seen corresponding path program 1 times
[2026-09-30 15:34:20,274 INFO  L118   FreeRefinementEngine]: Executing refinement strategy FIXED_PREFERENCES
[2026-09-30 15:34:20,274 INFO  L324   FreeRefinementEngine]: Using trace check IpTcStrategyModulePreferences [1145444071]
[2026-09-30 15:34:20,274 INFO  L97    rtionOrderModulation]: Keeping assertion order NOT_INCREMENTALLY
[2026-09-30 15:34:20,274 INFO  L127          SolverBuilder]: Constructing new instance of SMTInterpol with explicit timeout -1 ms and remaining time -1 ms
[2026-09-30 15:34:20,277 INFO  L108    AnnotateAndAsserter]: Assert order NOT_INCREMENTALLY partitioned 9 statements into 1 equivalence classes.
[2026-09-30 15:34:20,280 INFO  L111    AnnotateAndAsserter]: Assert order NOT_INCREMENTALLY issued 1 check-sat command(s) and asserted 9 of 9 statements.
[2026-09-30 15:34:20,280 INFO  L114    AnnotateAndAsserter]: Assert order NOT_INCREMENTALLY issued 1 check-sat command(s)
[2026-09-30 15:34:20,281 INFO  L115    AnnotateAndAsserter]: Conjunction of SSA is sat
[2026-09-30 15:34:20,281 INFO  L348             TraceCheck]: Trace is feasible, we will do another trace check, this time with branch encoders.
[2026-09-30 15:34:20,282 INFO  L108    AnnotateAndAsserter]: Assert order NOT_INCREMENTALLY partitioned 9 statements into 1 equivalence classes.
[2026-09-30 15:34:20,284 INFO  L111    AnnotateAndAsserter]: Assert order NOT_INCREMENTALLY issued 1 check-sat command(s) and asserted 9 of 9 statements.
[2026-09-30 15:34:20,284 INFO  L114    AnnotateAndAsserter]: Assert order NOT_INCREMENTALLY issued 1 check-sat command(s)
[2026-09-30 15:34:20,284 INFO  L115    AnnotateAndAsserter]: Conjunction of SSA is sat
[2026-09-30 15:34:20,285 INFO  L130   FreeRefinementEngine]: Strategy FIXED_PREFERENCES found a feasible trace
[2026-09-30 15:34:20,313 INFO  L214          LassoAnalysis]: Preferences:
[2026-09-30 15:34:20,314 INFO  L125   ssoRankerPreferences]: Compute integeral hull: false
[2026-09-30 15:34:20,314 INFO  L126   ssoRankerPreferences]: Enable LassoPartitioneer: false
[2026-09-30 15:34:20,314 INFO  L127   ssoRankerPreferences]: Term annotations enabled: false
[2026-09-30 15:34:20,314 INFO  L128   ssoRankerPreferences]: Use exernal solver: true
[2026-09-30 15:34:20,314 INFO  L129   ssoRankerPreferences]: SMT solver command: z3 SMTLIB2_COMPLIANT=true -memory:1024 -smt2 -in -t:12000
[2026-09-30 15:34:20,314 INFO  L130   ssoRankerPreferences]: Dump SMT script to file: false
[2026-09-30 15:34:20,314 INFO  L131   ssoRankerPreferences]: Path of dumped script: 
[2026-09-30 15:34:20,314 INFO  L132   ssoRankerPreferences]: Filename of dumped script: 2Nested-1.c_Iteration1_Loop
[2026-09-30 15:34:20,315 INFO  L133   ssoRankerPreferences]: MapElimAlgo: Matthias
[2026-09-30 15:34:20,315 INFO  L251          LassoAnalysis]: Starting lasso preprocessing...
[2026-09-30 15:34:20,360 INFO  L270          LassoAnalysis]: Preprocessing complete.
[2026-09-30 15:34:20,360 INFO  L387          LassoAnalysis]: Checking for nontermination...
[2026-09-30 15:34:20,362 INFO  L173          SolverBuilder]: Constructing external solver with command: z3 SMTLIB2_COMPLIANT=true -memory:1024 -smt2 -in -t:12000
[2026-09-30 15:34:20,362 INFO  L189       MonitoredProcess]: No working directory specified, using /home/anissa/.local/bin/z3
[2026-09-30 15:34:20,364 INFO  L229       MonitoredProcess]: Starting monitored process 2 with /home/anissa/.local/bin/z3 SMTLIB2_COMPLIANT=true -memory:1024 -smt2 -in -t:12000 (exit command is (exit), workingDir is null)
[2026-09-30 15:34:20,366 INFO  L327       MonitoredProcess]: [MP /home/anissa/.local/bin/z3 SMTLIB2_COMPLIANT=true -memory:1024 -smt2 -in -t:12000 (2)] Waiting until timeout for monitored process
[2026-09-30 15:34:20,366 INFO  L148   nArgumentSynthesizer]: Nontermination analysis: LINEAR Allow bounded executions: true Number of generalized eigenvectors: 0 Nilpotent components: true
[2026-09-30 15:34:20,366 INFO  L160   nArgumentSynthesizer]: Using integer mode.
[2026-09-30 15:34:20,384 INFO  L546       MonitoredProcess]: [MP /home/anissa/.local/bin/z3 SMTLIB2_COMPLIANT=true -memory:1024 -smt2 -in -t:12000 (2)] Ended with exit code 0
[2026-09-30 15:34:20,384 INFO  L173          SolverBuilder]: Constructing external solver with command: z3 SMTLIB2_COMPLIANT=true -memory:1024 -smt2 -in -t:12000
[2026-09-30 15:34:20,385 INFO  L189       MonitoredProcess]: No working directory specified, using /home/anissa/.local/bin/z3
[2026-09-30 15:34:20,387 INFO  L229       MonitoredProcess]: Starting monitored process 3 with /home/anissa/.local/bin/z3 SMTLIB2_COMPLIANT=true -memory:1024 -smt2 -in -t:12000 (exit command is (exit), workingDir is null)
[2026-09-30 15:34:20,388 INFO  L327       MonitoredProcess]: [MP /home/anissa/.local/bin/z3 SMTLIB2_COMPLIANT=true -memory:1024 -smt2 -in -t:12000 (3)] Waiting until timeout for monitored process
[2026-09-30 15:34:20,389 INFO  L148   nArgumentSynthesizer]: Nontermination analysis: LINEAR Allow bounded executions: true Number of generalized eigenvectors: 3 Nilpotent components: true
[2026-09-30 15:34:20,389 INFO  L160   nArgumentSynthesizer]: Using integer mode.
[2026-09-30 15:34:20,408 INFO  L546       MonitoredProcess]: [MP /home/anissa/.local/bin/z3 SMTLIB2_COMPLIANT=true -memory:1024 -smt2 -in -t:12000 (3)] Ended with exit code 0
[2026-09-30 15:34:20,408 INFO  L429          LassoAnalysis]: Proving nontermination failed: No geometric nontermination argument exists.
[2026-09-30 15:34:20,409 INFO  L214          LassoAnalysis]: Preferences:
[2026-09-30 15:34:20,409 INFO  L125   ssoRankerPreferences]: Compute integeral hull: false
[2026-09-30 15:34:20,409 INFO  L126   ssoRankerPreferences]: Enable LassoPartitioneer: false
[2026-09-30 15:34:20,409 INFO  L127   ssoRankerPreferences]: Term annotations enabled: false
[2026-09-30 15:34:20,409 INFO  L128   ssoRankerPreferences]: Use exernal solver: true
[2026-09-30 15:34:20,409 INFO  L129   ssoRankerPreferences]: SMT solver command: z3 SMTLIB2_COMPLIANT=true -memory:1024 -smt2 -in -t:12000
[2026-09-30 15:34:20,409 INFO  L130   ssoRankerPreferences]: Dump SMT script to file: false
[2026-09-30 15:34:20,409 INFO  L131   ssoRankerPreferences]: Path of dumped script: 
[2026-09-30 15:34:20,409 INFO  L132   ssoRankerPreferences]: Filename of dumped script: 2Nested-1.c_Iteration1_Loop
[2026-09-30 15:34:20,409 INFO  L133   ssoRankerPreferences]: MapElimAlgo: Matthias
[2026-09-30 15:34:20,409 INFO  L251          LassoAnalysis]: Starting lasso preprocessing...
[2026-09-30 15:34:20,444 INFO  L270          LassoAnalysis]: Preprocessing complete.
[2026-09-30 15:34:20,456 INFO  L189       MonitoredProcess]: No working directory specified, using /home/anissa/Documents/Tools/PaSTTeL/pasttel/bin/pasttel
[2026-09-30 15:34:20,458 INFO  L229       MonitoredProcess]: Starting monitored process 4 with /home/anissa/Documents/Tools/PaSTTeL/pasttel/bin/pasttel -a terminate -o json -t 20 -c 5 -q -val /tmp/pasttel_lasso_5021179575406027194.json (exit command is null, workingDir is null)
[2026-09-30 15:34:20,459 INFO  L290       MonitoredProcess]: [MP /home/anissa/Documents/Tools/PaSTTeL/pasttel/bin/pasttel -a terminate -o json -t 20 -c 5 -q -val /tmp/pasttel_lasso_5021179575406027194.json (4)] Waiting 25000 ms for monitored process
[2026-09-30 15:34:20,535 INFO  L546       MonitoredProcess]: [MP /home/anissa/Documents/Tools/PaSTTeL/pasttel/bin/pasttel -a terminate -o json -t 20 -c 5 -q -val /tmp/pasttel_lasso_5021179575406027194.json (4)] Ended with exit code 0
[2026-09-30 15:34:20,538 INFO  L612             LassoCheck]: PaSTTeL termination check: SUCCESS via RankingBased(2-4-NestedTemplate), ranking function 2-nested ranking function:
  f0 = 2*main_~y~0 + 1
  f1 = 2*main_~x~0 + 1
[2026-09-30 15:34:20,543 INFO  L156   tatePredicateManager]: 0 out of 0 supporting invariants were superfluous and have been removed
[2026-09-30 15:34:20,567 INFO  L160       PredicateUnifier]: Initialized classic predicate unifier
[2026-09-30 15:34:20,574 INFO  L108    AnnotateAndAsserter]: Assert order NOT_INCREMENTALLY partitioned 8 statements into 1 equivalence classes.
[2026-09-30 15:34:20,581 INFO  L111    AnnotateAndAsserter]: Assert order NOT_INCREMENTALLY issued 1 check-sat command(s) and asserted 8 of 8 statements.
[2026-09-30 15:34:20,581 INFO  L114    AnnotateAndAsserter]: Assert order NOT_INCREMENTALLY issued 1 check-sat command(s)
[2026-09-30 15:34:20,581 INFO  L115    AnnotateAndAsserter]: Conjunction of SSA is unsat
[2026-09-30 15:34:20,582 INFO  L256         TraceCheckSpWp]: Trace formula consists of 73 conjuncts, 6 conjuncts are in the unsatisfiable core
[2026-09-30 15:34:20,583 INFO  L279         TraceCheckSpWp]: Computing forward predicates...
[2026-09-30 15:34:20,623 INFO  L108    AnnotateAndAsserter]: Assert order NOT_INCREMENTALLY partitioned 1 statements into 1 equivalence classes.
[2026-09-30 15:34:20,624 INFO  L111    AnnotateAndAsserter]: Assert order NOT_INCREMENTALLY issued 1 check-sat command(s) and asserted 1 of 1 statements.
[2026-09-30 15:34:20,624 INFO  L114    AnnotateAndAsserter]: Assert order NOT_INCREMENTALLY issued 1 check-sat command(s)
[2026-09-30 15:34:20,624 INFO  L115    AnnotateAndAsserter]: Conjunction of SSA is unsat
[2026-09-30 15:34:20,625 WARN  L254         TraceCheckSpWp]: Trace formula consists of 8 conjuncts, 6 conjuncts are in the unsatisfiable core
[2026-09-30 15:34:20,625 INFO  L279         TraceCheckSpWp]: Computing forward predicates...
[2026-09-30 15:34:20,628 INFO  L134       CoverageAnalysis]: Checked inductivity of 0 backedges. 0 proven. 0 refuted. 0 times theorem prover too weak. 0 trivial. 0 not checked.
[2026-09-30 15:34:20,644 INFO  L141   lantAutomatonBouncer]: Defining deterministic Buchi interpolant automaton with honda bouncer for stem and without honda bouncer for loop.2 stem predicates 1 loop predicates 
[2026-09-30 15:34:20,646 INFO  L69     BuchiDifferenceNCSB]: Start buchiDifferenceNCSB. First operand  has 13 states, 8 states have (on average 1.5) internal successors, (12), 8 states have internal predecessors, (12), 2 states have call successors, (2), 2 states have call predecessors, (2), 2 states have return successors, (2), 2 states have call predecessors, (2), 2 states have call successors, (2) Second operand  has 3 states, 3 states have (on average 2.0) internal successors, (6), 3 states have internal predecessors, (6), 1 states have call successors, (2), 2 states have call predecessors, (2), 1 states have return successors, (1), 1 states have call predecessors, (1), 1 states have call successors, (1)
[2026-09-30 15:34:20,688 INFO  L73     BuchiDifferenceNCSB]: Finished buchiDifferenceNCSB. First operand  has 13 states, 8 states have (on average 1.5) internal successors, (12), 8 states have internal predecessors, (12), 2 states have call successors, (2), 2 states have call predecessors, (2), 2 states have return successors, (2), 2 states have call predecessors, (2), 2 states have call successors, (2). Second operand  has 3 states, 3 states have (on average 2.0) internal successors, (6), 3 states have internal predecessors, (6), 1 states have call successors, (2), 2 states have call predecessors, (2), 1 states have return successors, (1), 1 states have call predecessors, (1), 1 states have call successors, (1) Result 18 states and 21 transitions. Complement of second has 4 states.
[2026-09-30 15:34:20,689 INFO  L140   InterpolantAutomaton]: Switched to read-only mode: Buchi interpolant automaton has 3 states 2 stem states 0 non-accepting loop states 1 accepting loop states 
[2026-09-30 15:34:20,692 INFO  L82        GeneralOperation]: Start removeUnreachable. Operand  has 3 states, 3 states have (on average 2.0) internal successors, (6), 3 states have internal predecessors, (6), 1 states have call successors, (2), 2 states have call predecessors, (2), 1 states have return successors, (1), 1 states have call predecessors, (1), 1 states have call successors, (1)
[2026-09-30 15:34:20,694 INFO  L88        GeneralOperation]: Finished removeUnreachable. Reduced from 3 states to 3 states and 15 transitions.
[2026-09-30 15:34:20,697 INFO  L85            BuchiAccepts]: Start buchiAccepts Operand 3 states and 15 transitions. Stem has 8 letters. Loop has 1 letters.
[2026-09-30 15:34:20,699 INFO  L117           BuchiAccepts]: Finished buchiAccepts.
[2026-09-30 15:34:20,699 INFO  L85            BuchiAccepts]: Start buchiAccepts Operand 3 states and 15 transitions. Stem has 9 letters. Loop has 1 letters.
[2026-09-30 15:34:20,699 INFO  L117           BuchiAccepts]: Finished buchiAccepts.
[2026-09-30 15:34:20,699 INFO  L85            BuchiAccepts]: Start buchiAccepts Operand 3 states and 15 transitions. Stem has 8 letters. Loop has 2 letters.
[2026-09-30 15:34:20,699 INFO  L117           BuchiAccepts]: Finished buchiAccepts.
[2026-09-30 15:34:20,699 INFO  L82        GeneralOperation]: Start removeNonLiveStates. Operand 18 states and 21 transitions.
[2026-09-30 15:34:20,700 INFO  L131   ngComponentsAnalysis]: Automaton has 0 accepting balls. 0
[2026-09-30 15:34:20,701 INFO  L88        GeneralOperation]: Finished removeNonLiveStates. Reduced from 18 states to 0 states and 0 transitions.
[2026-09-30 15:34:20,702 INFO  L87         BuchiClosureNwa]: Accepting states before buchiClosure: 0
[2026-09-30 15:34:20,702 INFO  L106        BuchiClosureNwa]: Accepting states after buchiClosure: 0
[2026-09-30 15:34:20,702 INFO  L74         IsDeterministic]: Start isDeterministic. Operand 0 states and 0 transitions.
[2026-09-30 15:34:20,702 INFO  L81         IsDeterministic]: Finished isDeterministic. Operand is deterministic.
[2026-09-30 15:34:20,702 INFO  L218   hiAutomatonCegarLoop]: Abstraction has 0 states and 0 transitions.
[2026-09-30 15:34:20,702 INFO  L240   hiAutomatonCegarLoop]: Abstraction has 0 states and 0 transitions.
[2026-09-30 15:34:20,702 INFO  L464   stractBuchiCegarLoop]: Abstraction has 0 states and 0 transitions.
[2026-09-30 15:34:20,702 INFO  L363   stractBuchiCegarLoop]: ======== Iteration 2 ============
[2026-09-30 15:34:20,703 INFO  L73            BuchiIsEmpty]: Start buchiIsEmpty. Operand 0 states and 0 transitions.
[2026-09-30 15:34:20,703 INFO  L131   ngComponentsAnalysis]: Automaton has 0 accepting balls. 0
[2026-09-30 15:34:20,703 INFO  L88            BuchiIsEmpty]: Finished buchiIsEmpty Result is true
[2026-09-30 15:34:20,707 INFO  L201        PluginConnector]: Adding new model de.uni_freiburg.informatik.ultimate.plugins.generator.buchiautomizer CFG 30.09 03:34:20 BoogieIcfgContainer
[2026-09-30 15:34:20,707 INFO  L131        PluginConnector]: ------------------------ END BuchiAutomizer----------------------------
[2026-09-30 15:34:20,707 INFO  L158              Benchmark]: Toolchain (without parser) took 862,11ms. Allocated memory is still 536,9MB. Free memory was 505,8MB in the beginning and 423,7MB in the end (delta: 82,1MB). Peak memory consumption was 75,5MB. Max. memory is 12,9GB.
[2026-09-30 15:34:20,707 INFO  L158              Benchmark]: CDTParser took 0,17ms. Allocated memory is still 536,9MB. Free memory is still 493,7MB. There was no memory consumed. Max. memory is 12,9GB.
[2026-09-30 15:34:20,708 INFO  L158              Benchmark]: CACSL2BoogieTranslator took 146,42ms. Allocated memory is still 536,9MB. Free memory was 505,2MB in the beginning and 490,5MB in the end (delta: 14,7MB). Peak memory consumption was 8,4MB. Max. memory is 12,9GB.
[2026-09-30 15:34:20,708 INFO  L158              Benchmark]: Boogie Preprocessor took 15,17ms. Allocated memory is still 536,9MB. Free memory was 490,5MB in the beginning and 489,2MB in the end (delta: 1,2MB). There was no memory consumed. Max. memory is 12,9GB.
[2026-09-30 15:34:20,708 INFO  L158              Benchmark]: IcfgBuilder took 132,60ms. Allocated memory is still 536,9MB. Free memory was 489,2MB in the beginning and 474,6MB in the end (delta: 14,6MB). Peak memory consumption was 16,8MB. Max. memory is 12,9GB.
[2026-09-30 15:34:20,708 INFO  L158              Benchmark]: BuchiAutomizer took 564,47ms. Allocated memory is still 536,9MB. Free memory was 474,6MB in the beginning and 423,7MB in the end (delta: 50,9MB). Peak memory consumption was 50,3MB. Max. memory is 12,9GB.
[2026-09-30 15:34:20,709 INFO  L338   ainManager$Toolchain]: #######################  End [Toolchain 1] #######################
 --- Results ---
 * Results from de.uni_freiburg.informatik.ultimate.core:
  - StatisticsResult: Toolchain Benchmarks
    Benchmark results are:
 * CDTParser took 0,17ms. Allocated memory is still 536,9MB. Free memory is still 493,7MB. There was no memory consumed. Max. memory is 12,9GB.
 * CACSL2BoogieTranslator took 146,42ms. Allocated memory is still 536,9MB. Free memory was 505,2MB in the beginning and 490,5MB in the end (delta: 14,7MB). Peak memory consumption was 8,4MB. Max. memory is 12,9GB.
 * Boogie Preprocessor took 15,17ms. Allocated memory is still 536,9MB. Free memory was 490,5MB in the beginning and 489,2MB in the end (delta: 1,2MB). There was no memory consumed. Max. memory is 12,9GB.
 * IcfgBuilder took 132,60ms. Allocated memory is still 536,9MB. Free memory was 489,2MB in the beginning and 474,6MB in the end (delta: 14,6MB). Peak memory consumption was 16,8MB. Max. memory is 12,9GB.
 * BuchiAutomizer took 564,47ms. Allocated memory is still 536,9MB. Free memory was 474,6MB in the beginning and 423,7MB in the end (delta: 50,9MB). Peak memory consumption was 50,3MB. Max. memory is 12,9GB.
 * Results from de.uni_freiburg.informatik.ultimate.plugins.generator.traceabstraction:
  - StatisticsResult: Constructed decomposition of program
    Your program was decomposed into 1 terminating modules (0 trivial, 1 deterministic, 0 nondeterministic). One deterministic module has 2-nested ranking function 0 < (long) y + 1 ? 1 : 0, 0 < (long) y + 1 ? (long) y * 2 + 1 : (long) x * 2 + 1 and consists of 3 locations. 
  - StatisticsResult: Timing statistics
    BüchiAutomizer plugin needed 0.5s and 2 iterations.  TraceHistogramMax:1. Analysis of lassos took 0.3s. Construction of modules took 0.0s. Büchi inclusion checks took 0.1s. Highest rank in rank-based complementation 3. Minimization of det autom 1. Minimization of nondet autom 0. Automata minimization No data available. Non-live state removal took 0.0s Buchi closure took 0.0s. Biggest automaton had -1 states and ocurred in iteration -1.	Nontrivial modules had stage [1, 0, 0, 0, 0].	InterpolantCoveringCapabilityFinite: 0/0	InterpolantCoveringCapabilityBuchi: 0/0	HoareTripleCheckerStatistics: 0 mSolverCounterUnknown, 20 SdHoareTripleChecker+Valid, 0,0s IncrementalHoareTripleChecker+Time, 0 mSdLazyCounter, 19 mSDsluCounter, 13 SdHoareTripleChecker+Invalid, 0,0s Time, 0 mProtectedAction, 0 SdHoareTripleChecker+Unchecked, 0 IncrementalHoareTripleChecker+Unchecked, 1 mSDsCounter, 5 IncrementalHoareTripleChecker+Valid, 0 mProtectedPredicate, 8 IncrementalHoareTripleChecker+Invalid, 13 SdHoareTripleChecker+Unknown, 0 mSolverCounterNotChecked, 5 mSolverCounterUnsat, 12 mSDtfsCounter, 8 mSolverCounterSat, 0,0s SdHoareTripleChecker+Time, 0 IncrementalHoareTripleChecker+Unknown	LassoAnalysisResults: nont0 unkn0 SFLI0 SFLT1 conc0 concLT0 SILN0 SILU0 SILI0 SILT0 lasso0 LassoPreprocessingBenchmarks:   Lassos: inital15 mio100 ax179 arr100 mio100 div100 bol100 ite100 ukn100 eq203 smp100 dnf89 smp100 tf100 neg100 sie100 LassoTerminationAnalysisBenchmarks: not availableLassoTerminationAnalysisBenchmarks: LassoNonterminationAnalysisSatFixpoint: 0	LassoNonterminationAnalysisSatUnbounded: 0	LassoNonterminationAnalysisUnsat: 1	LassoNonterminationAnalysisUnknown: 0	LassoNonterminationAnalysisTime: 0.0s	InitialAbstractionConstructionTime: 0.0s
  - TerminationAnalysisResult: Termination proven
    Buchi Automizer proved that your program is terminating
RESULT: Ultimate proved your program to be correct!
[2026-09-30 15:34:20,717 INFO  L546       MonitoredProcess]: [MP /home/anissa/.local/bin/z3 SMTLIB2_COMPLIANT=true -memory:1024 -smt2 -in -t:12000 (1)] Ended with exit code 0
Received shutdown request...
