This is Ultimate 0.3.2-dev-4a3209064b
[2026-09-30 15:34:35,729 INFO  L188        SettingsManager]: Resetting all preferences to default values...
[2026-09-30 15:34:35,923 INFO  L75    nceAwareModelManager]: Repository-Root is: /tmp
[2026-09-30 15:34:35,933 INFO  L261   ainManager$Toolchain]: [Toolchain 1]: Applicable parser(s) successfully (re)initialized
[2026-09-30 15:34:35,934 INFO  L217   ainManager$Toolchain]: [Toolchain 1]: Toolchain selected.
[2026-09-30 15:34:35,935 INFO  L270        PluginConnector]: Initializing Boogie PL CUP Parser...
[2026-09-30 15:34:35,936 INFO  L274        PluginConnector]: Boogie PL CUP Parser initialized
[2026-09-30 15:34:35,936 INFO  L431   ainManager$Toolchain]: [Toolchain 1]: Parsing single file: /home/anissa/Documents/Tools/PaSTTeL/benchmarks/smoke_test/full_programs_c_bpl/ATVA2013-nonIntegral-real.bpl
[2026-09-30 15:34:35,937 INFO  L110           BoogieParser]: Parsing: '/home/anissa/Documents/Tools/PaSTTeL/benchmarks/smoke_test/full_programs_c_bpl/ATVA2013-nonIntegral-real.bpl'
[2026-09-30 15:34:35,945 INFO  L299   ainManager$Toolchain]: ####################### [Toolchain 1] #######################
[2026-09-30 15:34:35,946 INFO  L133        ToolchainWalker]: Walking toolchain with 3 elements.
[2026-09-30 15:34:35,946 INFO  L112        PluginConnector]: ------------------------Boogie Preprocessor----------------------------
[2026-09-30 15:34:35,947 INFO  L270        PluginConnector]: Initializing Boogie Preprocessor...
[2026-09-30 15:34:35,947 INFO  L274        PluginConnector]: Boogie Preprocessor initialized
[2026-09-30 15:34:35,955 INFO  L184        PluginConnector]: Executing the observer EnsureBoogieModelObserver from plugin Boogie Preprocessor for "ATVA2013-nonIntegral-real.bpl de.uni_freiburg.informatik.ultimate.boogie.parser AST 30.09 03:34:35" (1/1) ...
[2026-09-30 15:34:35,956 INFO  L184        PluginConnector]: Executing the observer TypeChecker from plugin Boogie Preprocessor for "ATVA2013-nonIntegral-real.bpl de.uni_freiburg.informatik.ultimate.boogie.parser AST 30.09 03:34:35" (1/1) ...
[2026-09-30 15:34:35,972 INFO  L184        PluginConnector]: Executing the observer ConstExpander from plugin Boogie Preprocessor for "ATVA2013-nonIntegral-real.bpl de.uni_freiburg.informatik.ultimate.boogie.parser AST 30.09 03:34:35" (1/1) ...
[2026-09-30 15:34:35,972 INFO  L184        PluginConnector]: Executing the observer StructExpander from plugin Boogie Preprocessor for "ATVA2013-nonIntegral-real.bpl de.uni_freiburg.informatik.ultimate.boogie.parser AST 30.09 03:34:35" (1/1) ...
[2026-09-30 15:34:35,973 INFO  L184        PluginConnector]: Executing the observer ReplaceArrayAssignments from plugin Boogie Preprocessor for "ATVA2013-nonIntegral-real.bpl de.uni_freiburg.informatik.ultimate.boogie.parser AST 30.09 03:34:35" (1/1) ...
[2026-09-30 15:34:35,973 INFO  L184        PluginConnector]: Executing the observer FunctionInliner from plugin Boogie Preprocessor for "ATVA2013-nonIntegral-real.bpl de.uni_freiburg.informatik.ultimate.boogie.parser AST 30.09 03:34:35" (1/1) ...
[2026-09-30 15:34:35,974 INFO  L184        PluginConnector]: Executing the observer LTLStepAnnotator from plugin Boogie Preprocessor for "ATVA2013-nonIntegral-real.bpl de.uni_freiburg.informatik.ultimate.boogie.parser AST 30.09 03:34:35" (1/1) ...
[2026-09-30 15:34:35,974 INFO  L184        PluginConnector]: Executing the observer BoogieSymbolTableConstructor from plugin Boogie Preprocessor for "ATVA2013-nonIntegral-real.bpl de.uni_freiburg.informatik.ultimate.boogie.parser AST 30.09 03:34:35" (1/1) ...
[2026-09-30 15:34:35,976 INFO  L131        PluginConnector]: ------------------------ END Boogie Preprocessor----------------------------
[2026-09-30 15:34:35,977 INFO  L112        PluginConnector]: ------------------------IcfgBuilder----------------------------
[2026-09-30 15:34:35,977 INFO  L270        PluginConnector]: Initializing IcfgBuilder...
[2026-09-30 15:34:35,977 INFO  L274        PluginConnector]: IcfgBuilder initialized
[2026-09-30 15:34:35,977 INFO  L184        PluginConnector]: Executing the observer IcfgBuilderObserver from plugin IcfgBuilder for "ATVA2013-nonIntegral-real.bpl de.uni_freiburg.informatik.ultimate.boogie.parser AST 30.09 03:34:35" (1/1) ...
[2026-09-30 15:34:35,980 INFO  L173          SolverBuilder]: Constructing external solver with command: z3 SMTLIB2_COMPLIANT=true -memory:1024 -smt2 -in -t:12000
[2026-09-30 15:34:35,985 INFO  L189       MonitoredProcess]: No working directory specified, using /home/anissa/.local/bin/z3
[2026-09-30 15:34:35,992 INFO  L229       MonitoredProcess]: Starting monitored process 1 with /home/anissa/.local/bin/z3 SMTLIB2_COMPLIANT=true -memory:1024 -smt2 -in -t:12000 (exit command is (exit), workingDir is null)
[2026-09-30 15:34:35,994 INFO  L327       MonitoredProcess]: [MP /home/anissa/.local/bin/z3 SMTLIB2_COMPLIANT=true -memory:1024 -smt2 -in -t:12000 (1)] Waiting until timeout for monitored process
[2026-09-30 15:34:36,009 INFO  L124     BoogieDeclarations]: Specification and implementation of procedure main given in one single declaration
[2026-09-30 15:34:36,009 INFO  L130     BoogieDeclarations]: Found specification of procedure main
[2026-09-30 15:34:36,009 INFO  L138     BoogieDeclarations]: Found implementation of procedure main
[2026-09-30 15:34:36,036 INFO  L250             CfgBuilder]: Building ICFG
[2026-09-30 15:34:36,037 INFO  L281             CfgBuilder]: Building CFG for each procedure with an implementation
[2026-09-30 15:34:36,070 INFO  L?                        ?]: Removed 1 outVars from TransFormulas that were not future-live.
[2026-09-30 15:34:36,070 INFO  L302             CfgBuilder]: Performing block encoding
[2026-09-30 15:34:36,075 INFO  L104     LargeBlockEncoding]: Applying CFG Large Block Encoding to ICFG that has 1 procedures, 4 locations, 4 edges, 0 initial locations, 1 loop locations, and 0 error locations.
[2026-09-30 15:34:36,080 INFO  L154     LargeBlockEncoding]: LargeBlockEncoding completed in 9 ms, with 1 straightline sequential compositions, 0 parallel compositions, 0 1:n/n:1 sequential compositions and 0 complex sequential compositions.
[2026-09-30 15:34:36,081 INFO  L324             CfgBuilder]: Using library mode
[2026-09-30 15:34:36,081 INFO  L332             CfgBuilder]: Removed 0 assume(true) statements.
[2026-09-30 15:34:36,081 INFO  L334             CfgBuilder]: Constructed ICFG has 1 procedures, 3 locations, 3 edges, 1 initial locations, 1 loop locations, and 0 error locations.
[2026-09-30 15:34:36,082 INFO  L201        PluginConnector]: Adding new model ATVA2013-nonIntegral-real.bpl de.uni_freiburg.informatik.ultimate.plugins.generator.icfgbuilder CFG 30.09 03:34:36 BoogieIcfgContainer
[2026-09-30 15:34:36,082 INFO  L131        PluginConnector]: ------------------------ END IcfgBuilder----------------------------
[2026-09-30 15:34:36,083 INFO  L112        PluginConnector]: ------------------------BuchiAutomizer----------------------------
[2026-09-30 15:34:36,083 INFO  L270        PluginConnector]: Initializing BuchiAutomizer...
[2026-09-30 15:34:36,086 INFO  L274        PluginConnector]: BuchiAutomizer initialized
[2026-09-30 15:34:36,086 INFO  L99          BuchiAutomizer]: Safety of program was proven or not checked, starting termination analysis
[2026-09-30 15:34:36,087 INFO  L184        PluginConnector]: Executing the observer BuchiAutomizerObserver from plugin BuchiAutomizer for "ATVA2013-nonIntegral-real.bpl de.uni_freiburg.informatik.ultimate.boogie.parser AST 30.09 03:34:35" (1/2) ...
[2026-09-30 15:34:36,087 INFO  L204        PluginConnector]: Invalid model from BuchiAutomizer for observer de.uni_freiburg.informatik.ultimate.plugins.generator.buchiautomizer.BuchiAutomizerObserver@200a5d7b and model type ATVA2013-nonIntegral-real.bpl de.uni_freiburg.informatik.ultimate.plugins.generator.buchiautomizer AST 30.09 03:34:36, skipping insertion in model container
[2026-09-30 15:34:36,087 INFO  L99          BuchiAutomizer]: Safety of program was proven or not checked, starting termination analysis
[2026-09-30 15:34:36,087 INFO  L184        PluginConnector]: Executing the observer BuchiAutomizerObserver from plugin BuchiAutomizer for "ATVA2013-nonIntegral-real.bpl de.uni_freiburg.informatik.ultimate.plugins.generator.icfgbuilder CFG 30.09 03:34:36" (2/2) ...
[2026-09-30 15:34:36,088 INFO  L363   chiAutomizerObserver]: Analyzing ICFG ATVA2013-nonIntegral-real.bpl
[2026-09-30 15:34:36,122 INFO  L333   stractBuchiCegarLoop]: Interprodecural is true
[2026-09-30 15:34:36,122 INFO  L334   stractBuchiCegarLoop]: Hoare is None
[2026-09-30 15:34:36,123 INFO  L335   stractBuchiCegarLoop]: Compute interpolants for ForwardPredicates
[2026-09-30 15:34:36,123 INFO  L336   stractBuchiCegarLoop]: Backedges is STRAIGHT_LINE
[2026-09-30 15:34:36,123 INFO  L337   stractBuchiCegarLoop]: Determinization is PREDICATE_ABSTRACTION
[2026-09-30 15:34:36,123 INFO  L338   stractBuchiCegarLoop]: Difference is false
[2026-09-30 15:34:36,123 INFO  L339   stractBuchiCegarLoop]: Minimize is MINIMIZE_SEVPA
[2026-09-30 15:34:36,123 INFO  L343   stractBuchiCegarLoop]: ======== Iteration 0 == of CEGAR loop == BuchiAutomatonCegarLoop ========
[2026-09-30 15:34:36,126 INFO  L73            BuchiIsEmpty]: Start buchiIsEmpty. Operand  has 3 states, 2 states have (on average 1.5) internal successors, (3), 2 states have internal predecessors, (3), 0 states have call successors, (0), 0 states have call predecessors, (0), 0 states have return successors, (0), 0 states have call predecessors, (0), 0 states have call successors, (0)
[2026-09-30 15:34:36,137 INFO  L131   ngComponentsAnalysis]: Automaton has 1 accepting balls. 1
[2026-09-30 15:34:36,137 INFO  L88            BuchiIsEmpty]: Finished buchiIsEmpty Result is false
[2026-09-30 15:34:36,137 INFO  L120           BuchiIsEmpty]: Starting construction of run
[2026-09-30 15:34:36,140 INFO  L148   hiAutomatonCegarLoop]: Counterexample stem histogram [1]
[2026-09-30 15:34:36,140 INFO  L149   hiAutomatonCegarLoop]: Counterexample loop histogram [1]
[2026-09-30 15:34:36,140 INFO  L363   stractBuchiCegarLoop]: ======== Iteration 1 ============
[2026-09-30 15:34:36,141 INFO  L73            BuchiIsEmpty]: Start buchiIsEmpty. Operand  has 3 states, 2 states have (on average 1.5) internal successors, (3), 2 states have internal predecessors, (3), 0 states have call successors, (0), 0 states have call predecessors, (0), 0 states have return successors, (0), 0 states have call predecessors, (0), 0 states have call successors, (0)
[2026-09-30 15:34:36,141 INFO  L131   ngComponentsAnalysis]: Automaton has 1 accepting balls. 1
[2026-09-30 15:34:36,141 INFO  L88            BuchiIsEmpty]: Finished buchiIsEmpty Result is false
[2026-09-30 15:34:36,141 INFO  L120           BuchiIsEmpty]: Starting construction of run
[2026-09-30 15:34:36,141 INFO  L148   hiAutomatonCegarLoop]: Counterexample stem histogram [1]
[2026-09-30 15:34:36,141 INFO  L149   hiAutomatonCegarLoop]: Counterexample loop histogram [1]
[2026-09-30 15:34:36,149 INFO  L1146  eck$LassoCheckResult]: Stem: "assume 2.0 * y >= 1.0;" 
[2026-09-30 15:34:36,149 INFO  L1148  eck$LassoCheckResult]: Loop: "assume x >= 0.0;x := x - 2.0 * y + 1.0;" 
[2026-09-30 15:34:36,153 INFO  L160       PredicateUnifier]: Initialized classic predicate unifier
[2026-09-30 15:34:36,154 INFO  L86        PathProgramCache]: Analyzing trace with hash 33, now seen corresponding path program 1 times
[2026-09-30 15:34:36,158 INFO  L118   FreeRefinementEngine]: Executing refinement strategy FIXED_PREFERENCES
[2026-09-30 15:34:36,159 INFO  L324   FreeRefinementEngine]: Using trace check IpTcStrategyModulePreferences [716092545]
[2026-09-30 15:34:36,159 INFO  L97    rtionOrderModulation]: Keeping assertion order NOT_INCREMENTALLY
[2026-09-30 15:34:36,159 INFO  L127          SolverBuilder]: Constructing new instance of SMTInterpol with explicit timeout -1 ms and remaining time -1 ms
[2026-09-30 15:34:36,192 INFO  L108    AnnotateAndAsserter]: Assert order NOT_INCREMENTALLY partitioned 1 statements into 1 equivalence classes.
[2026-09-30 15:34:36,196 INFO  L111    AnnotateAndAsserter]: Assert order NOT_INCREMENTALLY issued 1 check-sat command(s) and asserted 1 of 1 statements.
[2026-09-30 15:34:36,197 INFO  L114    AnnotateAndAsserter]: Assert order NOT_INCREMENTALLY issued 1 check-sat command(s)
[2026-09-30 15:34:36,197 INFO  L115    AnnotateAndAsserter]: Conjunction of SSA is sat
[2026-09-30 15:34:36,197 INFO  L348             TraceCheck]: Trace is feasible, we will do another trace check, this time with branch encoders.
[2026-09-30 15:34:36,199 INFO  L108    AnnotateAndAsserter]: Assert order NOT_INCREMENTALLY partitioned 1 statements into 1 equivalence classes.
[2026-09-30 15:34:36,199 INFO  L111    AnnotateAndAsserter]: Assert order NOT_INCREMENTALLY issued 1 check-sat command(s) and asserted 1 of 1 statements.
[2026-09-30 15:34:36,199 INFO  L114    AnnotateAndAsserter]: Assert order NOT_INCREMENTALLY issued 1 check-sat command(s)
[2026-09-30 15:34:36,199 INFO  L115    AnnotateAndAsserter]: Conjunction of SSA is sat
[2026-09-30 15:34:36,206 INFO  L130   FreeRefinementEngine]: Strategy FIXED_PREFERENCES found a feasible trace
[2026-09-30 15:34:36,208 INFO  L160       PredicateUnifier]: Initialized classic predicate unifier
[2026-09-30 15:34:36,209 INFO  L86        PathProgramCache]: Analyzing trace with hash 31, now seen corresponding path program 1 times
[2026-09-30 15:34:36,209 INFO  L118   FreeRefinementEngine]: Executing refinement strategy FIXED_PREFERENCES
[2026-09-30 15:34:36,209 INFO  L324   FreeRefinementEngine]: Using trace check IpTcStrategyModulePreferences [588142670]
[2026-09-30 15:34:36,209 INFO  L97    rtionOrderModulation]: Keeping assertion order NOT_INCREMENTALLY
[2026-09-30 15:34:36,209 INFO  L127          SolverBuilder]: Constructing new instance of SMTInterpol with explicit timeout -1 ms and remaining time -1 ms
[2026-09-30 15:34:36,212 INFO  L108    AnnotateAndAsserter]: Assert order NOT_INCREMENTALLY partitioned 1 statements into 1 equivalence classes.
[2026-09-30 15:34:36,215 INFO  L111    AnnotateAndAsserter]: Assert order NOT_INCREMENTALLY issued 1 check-sat command(s) and asserted 1 of 1 statements.
[2026-09-30 15:34:36,215 INFO  L114    AnnotateAndAsserter]: Assert order NOT_INCREMENTALLY issued 1 check-sat command(s)
[2026-09-30 15:34:36,216 INFO  L115    AnnotateAndAsserter]: Conjunction of SSA is sat
[2026-09-30 15:34:36,216 INFO  L348             TraceCheck]: Trace is feasible, we will do another trace check, this time with branch encoders.
[2026-09-30 15:34:36,217 INFO  L108    AnnotateAndAsserter]: Assert order NOT_INCREMENTALLY partitioned 1 statements into 1 equivalence classes.
[2026-09-30 15:34:36,219 INFO  L111    AnnotateAndAsserter]: Assert order NOT_INCREMENTALLY issued 1 check-sat command(s) and asserted 1 of 1 statements.
[2026-09-30 15:34:36,219 INFO  L114    AnnotateAndAsserter]: Assert order NOT_INCREMENTALLY issued 1 check-sat command(s)
[2026-09-30 15:34:36,219 INFO  L115    AnnotateAndAsserter]: Conjunction of SSA is sat
[2026-09-30 15:34:36,220 INFO  L130   FreeRefinementEngine]: Strategy FIXED_PREFERENCES found a feasible trace
[2026-09-30 15:34:36,221 INFO  L160       PredicateUnifier]: Initialized classic predicate unifier
[2026-09-30 15:34:36,221 INFO  L86        PathProgramCache]: Analyzing trace with hash 1023, now seen corresponding path program 1 times
[2026-09-30 15:34:36,221 INFO  L118   FreeRefinementEngine]: Executing refinement strategy FIXED_PREFERENCES
[2026-09-30 15:34:36,221 INFO  L324   FreeRefinementEngine]: Using trace check IpTcStrategyModulePreferences [1824521963]
[2026-09-30 15:34:36,221 INFO  L97    rtionOrderModulation]: Keeping assertion order NOT_INCREMENTALLY
[2026-09-30 15:34:36,222 INFO  L127          SolverBuilder]: Constructing new instance of SMTInterpol with explicit timeout -1 ms and remaining time -1 ms
[2026-09-30 15:34:36,225 INFO  L108    AnnotateAndAsserter]: Assert order NOT_INCREMENTALLY partitioned 2 statements into 1 equivalence classes.
[2026-09-30 15:34:36,227 INFO  L111    AnnotateAndAsserter]: Assert order NOT_INCREMENTALLY issued 1 check-sat command(s) and asserted 2 of 2 statements.
[2026-09-30 15:34:36,227 INFO  L114    AnnotateAndAsserter]: Assert order NOT_INCREMENTALLY issued 1 check-sat command(s)
[2026-09-30 15:34:36,227 INFO  L115    AnnotateAndAsserter]: Conjunction of SSA is sat
[2026-09-30 15:34:36,228 INFO  L348             TraceCheck]: Trace is feasible, we will do another trace check, this time with branch encoders.
[2026-09-30 15:34:36,229 INFO  L108    AnnotateAndAsserter]: Assert order NOT_INCREMENTALLY partitioned 2 statements into 1 equivalence classes.
[2026-09-30 15:34:36,230 INFO  L111    AnnotateAndAsserter]: Assert order NOT_INCREMENTALLY issued 1 check-sat command(s) and asserted 2 of 2 statements.
[2026-09-30 15:34:36,231 INFO  L114    AnnotateAndAsserter]: Assert order NOT_INCREMENTALLY issued 1 check-sat command(s)
[2026-09-30 15:34:36,231 INFO  L115    AnnotateAndAsserter]: Conjunction of SSA is sat
[2026-09-30 15:34:36,231 INFO  L130   FreeRefinementEngine]: Strategy FIXED_PREFERENCES found a feasible trace
[2026-09-30 15:34:36,283 INFO  L108    AnnotateAndAsserter]: Assert order NOT_INCREMENTALLY partitioned 1 statements into 1 equivalence classes.
[2026-09-30 15:34:36,284 INFO  L111    AnnotateAndAsserter]: Assert order NOT_INCREMENTALLY issued 1 check-sat command(s) and asserted 1 of 1 statements.
[2026-09-30 15:34:36,284 INFO  L114    AnnotateAndAsserter]: Assert order NOT_INCREMENTALLY issued 1 check-sat command(s)
[2026-09-30 15:34:36,284 INFO  L115    AnnotateAndAsserter]: Conjunction of SSA is sat
[2026-09-30 15:34:36,284 INFO  L348             TraceCheck]: Trace is feasible, we will do another trace check, this time with branch encoders.
[2026-09-30 15:34:36,285 INFO  L108    AnnotateAndAsserter]: Assert order NOT_INCREMENTALLY partitioned 1 statements into 1 equivalence classes.
[2026-09-30 15:34:36,286 INFO  L111    AnnotateAndAsserter]: Assert order NOT_INCREMENTALLY issued 1 check-sat command(s) and asserted 1 of 1 statements.
[2026-09-30 15:34:36,286 INFO  L114    AnnotateAndAsserter]: Assert order NOT_INCREMENTALLY issued 1 check-sat command(s)
[2026-09-30 15:34:36,286 INFO  L115    AnnotateAndAsserter]: Conjunction of SSA is sat
[2026-09-30 15:34:36,298 INFO  L201        PluginConnector]: Adding new model ATVA2013-nonIntegral-real.bpl de.uni_freiburg.informatik.ultimate.plugins.generator.buchiautomizer CFG 30.09 03:34:36 BoogieIcfgContainer
[2026-09-30 15:34:36,298 INFO  L131        PluginConnector]: ------------------------ END BuchiAutomizer----------------------------
[2026-09-30 15:34:36,299 INFO  L158              Benchmark]: Toolchain (without parser) took 352,75ms. Allocated memory is still 536,9MB. Free memory was 498,4MB in the beginning and 472,6MB in the end (delta: 25,8MB). Peak memory consumption was 25,2MB. Max. memory is 12,9GB.
[2026-09-30 15:34:36,299 INFO  L158              Benchmark]: Boogie PL CUP Parser took 0,20ms. Allocated memory is still 536,9MB. Free memory is still 499,2MB. There was no memory consumed. Max. memory is 12,9GB.
[2026-09-30 15:34:36,299 INFO  L158              Benchmark]: Boogie Preprocessor took 29,83ms. Allocated memory is still 536,9MB. Free memory was 498,4MB in the beginning and 495,9MB in the end (delta: 2,5MB). Peak memory consumption was 8,4MB. Max. memory is 12,9GB.
[2026-09-30 15:34:36,300 INFO  L158              Benchmark]: IcfgBuilder took 105,24ms. Allocated memory is still 536,9MB. Free memory was 495,8MB in the beginning and 487,2MB in the end (delta: 8,7MB). Peak memory consumption was 8,4MB. Max. memory is 12,9GB.
[2026-09-30 15:34:36,300 INFO  L158              Benchmark]: BuchiAutomizer took 215,18ms. Allocated memory is still 536,9MB. Free memory was 487,0MB in the beginning and 472,6MB in the end (delta: 14,4MB). Peak memory consumption was 8,4MB. Max. memory is 12,9GB.
[2026-09-30 15:34:36,301 INFO  L338   ainManager$Toolchain]: #######################  End [Toolchain 1] #######################
 --- Results ---
 * Results from de.uni_freiburg.informatik.ultimate.core:
  - StatisticsResult: Toolchain Benchmarks
    Benchmark results are:
 * Boogie PL CUP Parser took 0,20ms. Allocated memory is still 536,9MB. Free memory is still 499,2MB. There was no memory consumed. Max. memory is 12,9GB.
 * Boogie Preprocessor took 29,83ms. Allocated memory is still 536,9MB. Free memory was 498,4MB in the beginning and 495,9MB in the end (delta: 2,5MB). Peak memory consumption was 8,4MB. Max. memory is 12,9GB.
 * IcfgBuilder took 105,24ms. Allocated memory is still 536,9MB. Free memory was 495,8MB in the beginning and 487,2MB in the end (delta: 8,7MB). Peak memory consumption was 8,4MB. Max. memory is 12,9GB.
 * BuchiAutomizer took 215,18ms. Allocated memory is still 536,9MB. Free memory was 487,0MB in the beginning and 472,6MB in the end (delta: 14,4MB). Peak memory consumption was 8,4MB. Max. memory is 12,9GB.
 * Results from de.uni_freiburg.informatik.ultimate.plugins.generator.traceabstraction:
  - StatisticsResult: Constructed decomposition of program
    Trivial decomposition into one nonterminating module.
  - StatisticsResult: Timing statistics
    BüchiAutomizer plugin needed 0.1s and 1 iterations.  TraceHistogramMax:1. Analysis of lassos took 0.1s. Construction of modules took 0.0s. Büchi inclusion checks took 0.0s. Highest rank in rank-based complementation 0. Minimization of det autom 0. Minimization of nondet autom 0. Automata minimization No data available. Non-live state removal took 0.0s Buchi closure took 0.0s. Biggest automaton had -1 states and ocurred in iteration -1.	Nontrivial modules had stage [0, 0, 0, 0, 0].	InterpolantCoveringCapabilityFinite: 0/0	InterpolantCoveringCapabilityBuchi: 0/0	HoareTripleCheckerStatistics: 	LassoAnalysisResults: nont1 unkn0 SFLI0 SFLT0 conc0 concLT0 SILN0 SILU0 SILI0 SILT0 lasso0 LassoPreprocessingBenchmarks: LassoTerminationAnalysisBenchmarks: not availableLassoTerminationAnalysisBenchmarks: LassoNonterminationAnalysisSatFixpoint: 0	LassoNonterminationAnalysisSatUnbounded: 0	LassoNonterminationAnalysisUnsat: 0	LassoNonterminationAnalysisUnknown: 0	LassoNonterminationAnalysisTime: 0.0s	InitialAbstractionConstructionTime: 0.0s
  - TerminationAnalysisResult: Nontermination possible
    Buchi Automizer proved that your program is nonterminating for some inputs
  - LassoShapedNonTerminationArgument [Line: 22]: Nontermination argument in form of an infinite program execution.
    Nontermination argument in form of an infinite program execution.
Stem:
[L21]        assume 2.0 * y >= 1.0;
       VAL   [y=1/2]
Loop:
[L22]  COND TRUE  x >= 0.0
[L23]             x := x - 2.0 * y + 1.0;
End of lasso representation.
  - StatisticsResult: NonterminationArgumentStatistics
    Fixpoint
  - NonterminatingLassoResult [Line: 22]: Nonterminating execution
    Found a nonterminating execution for the following lasso shaped sequence of statements.
Stem:
[L21]        assume 2.0 * y >= 1.0;
       VAL   [y=1/2]
Loop:
[L22]  COND TRUE  x >= 0.0
[L23]             x := x - 2.0 * y + 1.0;
End of lasso representation.
RESULT: Ultimate proved your program to be incorrect!
[2026-09-30 15:34:36,310 INFO  L546       MonitoredProcess]: [MP /home/anissa/.local/bin/z3 SMTLIB2_COMPLIANT=true -memory:1024 -smt2 -in -t:12000 (1)] Ended with exit code 0
Received shutdown request...
