This is Ultimate 0.3.2-dev-4a3209064b
[2026-09-30 15:34:42,123 INFO  L188        SettingsManager]: Resetting all preferences to default values...
[2026-09-30 15:34:42,169 INFO  L114        SettingsManager]: Loading settings from /home/anissa/Documents/Tools/PaSTTeL/output/smoke/ulr_vs_upl/BuchiAutomizerPasttel.epf
[2026-09-30 15:34:42,211 INFO  L130        SettingsManager]: Preferences different from defaults after loading the file:
[2026-09-30 15:34:42,212 INFO  L151        SettingsManager]: Preferences of BuchiAutomizer differ from their defaults:
[2026-09-30 15:34:42,212 INFO  L153        SettingsManager]:  * PaSTTeL binary path=/home/anissa/Documents/Tools/PaSTTeL/pasttel/bin/pasttel
[2026-09-30 15:34:42,212 INFO  L153        SettingsManager]:  * Rank synthesis backend=PASTTEL
[2026-09-30 15:34:42,212 INFO  L153        SettingsManager]:  * PaSTTeL number of CPUs=5
[2026-09-30 15:34:42,357 INFO  L75    nceAwareModelManager]: Repository-Root is: /tmp
[2026-09-30 15:34:42,365 INFO  L261   ainManager$Toolchain]: [Toolchain 1]: Applicable parser(s) successfully (re)initialized
[2026-09-30 15:34:42,366 INFO  L217   ainManager$Toolchain]: [Toolchain 1]: Toolchain selected.
[2026-09-30 15:34:42,367 INFO  L270        PluginConnector]: Initializing Boogie PL CUP Parser...
[2026-09-30 15:34:42,368 INFO  L274        PluginConnector]: Boogie PL CUP Parser initialized
[2026-09-30 15:34:42,368 INFO  L431   ainManager$Toolchain]: [Toolchain 1]: Parsing single file: /home/anissa/Documents/Tools/PaSTTeL/benchmarks/smoke_test/full_programs_c_bpl/Fibonacci.bpl
[2026-09-30 15:34:42,368 INFO  L110           BoogieParser]: Parsing: '/home/anissa/Documents/Tools/PaSTTeL/benchmarks/smoke_test/full_programs_c_bpl/Fibonacci.bpl'
[2026-09-30 15:34:42,384 INFO  L299   ainManager$Toolchain]: ####################### [Toolchain 1] #######################
[2026-09-30 15:34:42,386 INFO  L133        ToolchainWalker]: Walking toolchain with 3 elements.
[2026-09-30 15:34:42,386 INFO  L112        PluginConnector]: ------------------------Boogie Preprocessor----------------------------
[2026-09-30 15:34:42,386 INFO  L270        PluginConnector]: Initializing Boogie Preprocessor...
[2026-09-30 15:34:42,386 INFO  L274        PluginConnector]: Boogie Preprocessor initialized
[2026-09-30 15:34:42,395 INFO  L184        PluginConnector]: Executing the observer EnsureBoogieModelObserver from plugin Boogie Preprocessor for "Fibonacci.bpl de.uni_freiburg.informatik.ultimate.boogie.parser AST 30.09 03:34:42" (1/1) ...
[2026-09-30 15:34:42,396 INFO  L184        PluginConnector]: Executing the observer TypeChecker from plugin Boogie Preprocessor for "Fibonacci.bpl de.uni_freiburg.informatik.ultimate.boogie.parser AST 30.09 03:34:42" (1/1) ...
[2026-09-30 15:34:42,414 INFO  L184        PluginConnector]: Executing the observer ConstExpander from plugin Boogie Preprocessor for "Fibonacci.bpl de.uni_freiburg.informatik.ultimate.boogie.parser AST 30.09 03:34:42" (1/1) ...
[2026-09-30 15:34:42,415 INFO  L184        PluginConnector]: Executing the observer StructExpander from plugin Boogie Preprocessor for "Fibonacci.bpl de.uni_freiburg.informatik.ultimate.boogie.parser AST 30.09 03:34:42" (1/1) ...
[2026-09-30 15:34:42,418 INFO  L184        PluginConnector]: Executing the observer ReplaceArrayAssignments from plugin Boogie Preprocessor for "Fibonacci.bpl de.uni_freiburg.informatik.ultimate.boogie.parser AST 30.09 03:34:42" (1/1) ...
[2026-09-30 15:34:42,419 INFO  L184        PluginConnector]: Executing the observer FunctionInliner from plugin Boogie Preprocessor for "Fibonacci.bpl de.uni_freiburg.informatik.ultimate.boogie.parser AST 30.09 03:34:42" (1/1) ...
[2026-09-30 15:34:42,420 INFO  L184        PluginConnector]: Executing the observer LTLStepAnnotator from plugin Boogie Preprocessor for "Fibonacci.bpl de.uni_freiburg.informatik.ultimate.boogie.parser AST 30.09 03:34:42" (1/1) ...
[2026-09-30 15:34:42,421 INFO  L184        PluginConnector]: Executing the observer BoogieSymbolTableConstructor from plugin Boogie Preprocessor for "Fibonacci.bpl de.uni_freiburg.informatik.ultimate.boogie.parser AST 30.09 03:34:42" (1/1) ...
[2026-09-30 15:34:42,425 INFO  L131        PluginConnector]: ------------------------ END Boogie Preprocessor----------------------------
[2026-09-30 15:34:42,425 INFO  L112        PluginConnector]: ------------------------IcfgBuilder----------------------------
[2026-09-30 15:34:42,426 INFO  L270        PluginConnector]: Initializing IcfgBuilder...
[2026-09-30 15:34:42,426 INFO  L274        PluginConnector]: IcfgBuilder initialized
[2026-09-30 15:34:42,426 INFO  L184        PluginConnector]: Executing the observer IcfgBuilderObserver from plugin IcfgBuilder for "Fibonacci.bpl de.uni_freiburg.informatik.ultimate.boogie.parser AST 30.09 03:34:42" (1/1) ...
[2026-09-30 15:34:42,429 INFO  L173          SolverBuilder]: Constructing external solver with command: z3 SMTLIB2_COMPLIANT=true -memory:1024 -smt2 -in -t:12000
[2026-09-30 15:34:42,435 INFO  L189       MonitoredProcess]: No working directory specified, using /home/anissa/.local/bin/z3
[2026-09-30 15:34:42,444 INFO  L229       MonitoredProcess]: Starting monitored process 1 with /home/anissa/.local/bin/z3 SMTLIB2_COMPLIANT=true -memory:1024 -smt2 -in -t:12000 (exit command is (exit), workingDir is null)
[2026-09-30 15:34:42,446 INFO  L327       MonitoredProcess]: [MP /home/anissa/.local/bin/z3 SMTLIB2_COMPLIANT=true -memory:1024 -smt2 -in -t:12000 (1)] Waiting until timeout for monitored process
[2026-09-30 15:34:42,462 INFO  L130     BoogieDeclarations]: Found specification of procedure void$java.lang.Object$$la$init$ra$$28
[2026-09-30 15:34:42,463 INFO  L124     BoogieDeclarations]: Specification and implementation of procedure void$Fibonacci$$la$init$ra$$2228 given in one single declaration
[2026-09-30 15:34:42,463 INFO  L130     BoogieDeclarations]: Found specification of procedure void$Fibonacci$$la$init$ra$$2228
[2026-09-30 15:34:42,463 INFO  L138     BoogieDeclarations]: Found implementation of procedure void$Fibonacci$$la$init$ra$$2228
[2026-09-30 15:34:42,463 INFO  L124     BoogieDeclarations]: Specification and implementation of procedure void$Fibonacci$main$2229 given in one single declaration
[2026-09-30 15:34:42,463 INFO  L130     BoogieDeclarations]: Found specification of procedure void$Fibonacci$main$2229
[2026-09-30 15:34:42,463 INFO  L138     BoogieDeclarations]: Found implementation of procedure void$Fibonacci$main$2229
[2026-09-30 15:34:42,463 INFO  L124     BoogieDeclarations]: Specification and implementation of procedure int$Fibonacci$fib$2230 given in one single declaration
[2026-09-30 15:34:42,463 INFO  L130     BoogieDeclarations]: Found specification of procedure int$Fibonacci$fib$2230
[2026-09-30 15:34:42,463 INFO  L138     BoogieDeclarations]: Found implementation of procedure int$Fibonacci$fib$2230
[2026-09-30 15:34:42,516 INFO  L250             CfgBuilder]: Building ICFG
[2026-09-30 15:34:42,517 INFO  L281             CfgBuilder]: Building CFG for each procedure with an implementation
[2026-09-30 15:34:42,582 INFO  L?                        ?]: Removed 10 outVars from TransFormulas that were not future-live.
[2026-09-30 15:34:42,583 INFO  L302             CfgBuilder]: Performing block encoding
[2026-09-30 15:34:42,589 INFO  L104     LargeBlockEncoding]: Applying CFG Large Block Encoding to ICFG that has 3 procedures, 21 locations, 26 edges, 0 initial locations, 0 loop locations, and 1 error locations.
[2026-09-30 15:34:42,595 INFO  L154     LargeBlockEncoding]: LargeBlockEncoding completed in 11 ms, with 1 straightline sequential compositions, 0 parallel compositions, 0 1:n/n:1 sequential compositions and 0 complex sequential compositions.
[2026-09-30 15:34:42,596 INFO  L324             CfgBuilder]: Using library mode
[2026-09-30 15:34:42,596 INFO  L332             CfgBuilder]: Removed 0 assume(true) statements.
[2026-09-30 15:34:42,597 INFO  L334             CfgBuilder]: Constructed ICFG has 3 procedures, 20 locations, 25 edges, 3 initial locations, 0 loop locations, and 1 error locations.
[2026-09-30 15:34:42,597 INFO  L201        PluginConnector]: Adding new model Fibonacci.bpl de.uni_freiburg.informatik.ultimate.plugins.generator.icfgbuilder CFG 30.09 03:34:42 BoogieIcfgContainer
[2026-09-30 15:34:42,597 INFO  L131        PluginConnector]: ------------------------ END IcfgBuilder----------------------------
[2026-09-30 15:34:42,598 INFO  L112        PluginConnector]: ------------------------BuchiAutomizer----------------------------
[2026-09-30 15:34:42,598 INFO  L270        PluginConnector]: Initializing BuchiAutomizer...
[2026-09-30 15:34:42,601 INFO  L274        PluginConnector]: BuchiAutomizer initialized
[2026-09-30 15:34:42,602 INFO  L99          BuchiAutomizer]: Safety of program was proven or not checked, starting termination analysis
[2026-09-30 15:34:42,602 INFO  L184        PluginConnector]: Executing the observer BuchiAutomizerObserver from plugin BuchiAutomizer for "Fibonacci.bpl de.uni_freiburg.informatik.ultimate.boogie.parser AST 30.09 03:34:42" (1/2) ...
[2026-09-30 15:34:42,603 INFO  L204        PluginConnector]: Invalid model from BuchiAutomizer for observer de.uni_freiburg.informatik.ultimate.plugins.generator.buchiautomizer.BuchiAutomizerObserver@1a97e7cd and model type Fibonacci.bpl de.uni_freiburg.informatik.ultimate.plugins.generator.buchiautomizer AST 30.09 03:34:42, skipping insertion in model container
[2026-09-30 15:34:42,603 INFO  L99          BuchiAutomizer]: Safety of program was proven or not checked, starting termination analysis
[2026-09-30 15:34:42,603 INFO  L184        PluginConnector]: Executing the observer BuchiAutomizerObserver from plugin BuchiAutomizer for "Fibonacci.bpl de.uni_freiburg.informatik.ultimate.plugins.generator.icfgbuilder CFG 30.09 03:34:42" (2/2) ...
[2026-09-30 15:34:42,603 INFO  L363   chiAutomizerObserver]: Analyzing ICFG Fibonacci.bpl
[2026-09-30 15:34:42,632 INFO  L333   stractBuchiCegarLoop]: Interprodecural is true
[2026-09-30 15:34:42,632 INFO  L334   stractBuchiCegarLoop]: Hoare is None
[2026-09-30 15:34:42,632 INFO  L335   stractBuchiCegarLoop]: Compute interpolants for ForwardPredicates
[2026-09-30 15:34:42,632 INFO  L336   stractBuchiCegarLoop]: Backedges is STRAIGHT_LINE
[2026-09-30 15:34:42,632 INFO  L337   stractBuchiCegarLoop]: Determinization is PREDICATE_ABSTRACTION
[2026-09-30 15:34:42,632 INFO  L338   stractBuchiCegarLoop]: Difference is false
[2026-09-30 15:34:42,632 INFO  L339   stractBuchiCegarLoop]: Minimize is MINIMIZE_SEVPA
[2026-09-30 15:34:42,632 INFO  L343   stractBuchiCegarLoop]: ======== Iteration 0 == of CEGAR loop == BuchiAutomatonCegarLoop ========
[2026-09-30 15:34:42,635 INFO  L73            BuchiIsEmpty]: Start buchiIsEmpty. Operand  has 20 states, 13 states have (on average 1.2307692307692308) internal successors, (16), 14 states have internal predecessors, (16), 3 states have call successors, (3), 1 states have call predecessors, (3), 1 states have return successors, (3), 3 states have call predecessors, (3), 3 states have call successors, (3)
[2026-09-30 15:34:42,646 INFO  L131   ngComponentsAnalysis]: Automaton has 1 accepting balls. 7
[2026-09-30 15:34:42,646 INFO  L88            BuchiIsEmpty]: Finished buchiIsEmpty Result is false
[2026-09-30 15:34:42,646 INFO  L120           BuchiIsEmpty]: Starting construction of run
[2026-09-30 15:34:42,649 INFO  L148   hiAutomatonCegarLoop]: Counterexample stem histogram []
[2026-09-30 15:34:42,649 INFO  L149   hiAutomatonCegarLoop]: Counterexample loop histogram [1, 1, 1, 1, 1]
[2026-09-30 15:34:42,649 INFO  L363   stractBuchiCegarLoop]: ======== Iteration 1 ============
[2026-09-30 15:34:42,649 INFO  L73            BuchiIsEmpty]: Start buchiIsEmpty. Operand  has 20 states, 13 states have (on average 1.2307692307692308) internal successors, (16), 14 states have internal predecessors, (16), 3 states have call successors, (3), 1 states have call predecessors, (3), 1 states have return successors, (3), 3 states have call predecessors, (3), 3 states have call successors, (3)
[2026-09-30 15:34:42,650 INFO  L131   ngComponentsAnalysis]: Automaton has 1 accepting balls. 7
[2026-09-30 15:34:42,650 INFO  L88            BuchiIsEmpty]: Finished buchiIsEmpty Result is false
[2026-09-30 15:34:42,650 INFO  L120           BuchiIsEmpty]: Starting construction of run
[2026-09-30 15:34:42,650 INFO  L148   hiAutomatonCegarLoop]: Counterexample stem histogram []
[2026-09-30 15:34:42,651 INFO  L149   hiAutomatonCegarLoop]: Counterexample loop histogram [1, 1, 1, 1, 1]
[2026-09-30 15:34:42,654 INFO  L1146  eck$LassoCheckResult]: Stem: 
[2026-09-30 15:34:42,657 INFO  L1148  eck$LassoCheckResult]: Loop: "i05 := $param_0;" "assume (if i05 != 0 then 1 else 0) == 1;" "assume (if i05 != 1 then 1 else 0) == 1;" "$i16 := i05 - 1;" "call $i27 := int$Fibonacci$fib$2230($i16);"< 
[2026-09-30 15:34:42,660 INFO  L160       PredicateUnifier]: Initialized classic predicate unifier
[2026-09-30 15:34:42,660 INFO  L86        PathProgramCache]: Analyzing trace with hash 46600998, now seen corresponding path program 1 times
[2026-09-30 15:34:42,664 INFO  L118   FreeRefinementEngine]: Executing refinement strategy FIXED_PREFERENCES
[2026-09-30 15:34:42,664 INFO  L324   FreeRefinementEngine]: Using trace check IpTcStrategyModulePreferences [317922550]
[2026-09-30 15:34:42,665 INFO  L97    rtionOrderModulation]: Keeping assertion order NOT_INCREMENTALLY
[2026-09-30 15:34:42,665 INFO  L127          SolverBuilder]: Constructing new instance of SMTInterpol with explicit timeout -1 ms and remaining time -1 ms
[2026-09-30 15:34:42,703 INFO  L108    AnnotateAndAsserter]: Assert order NOT_INCREMENTALLY partitioned 5 statements into 1 equivalence classes.
[2026-09-30 15:34:42,713 INFO  L111    AnnotateAndAsserter]: Assert order NOT_INCREMENTALLY issued 1 check-sat command(s) and asserted 5 of 5 statements.
[2026-09-30 15:34:42,713 INFO  L114    AnnotateAndAsserter]: Assert order NOT_INCREMENTALLY issued 1 check-sat command(s)
[2026-09-30 15:34:42,713 INFO  L115    AnnotateAndAsserter]: Conjunction of SSA is sat
[2026-09-30 15:34:42,714 INFO  L348             TraceCheck]: Trace is feasible, we will do another trace check, this time with branch encoders.
[2026-09-30 15:34:42,716 INFO  L108    AnnotateAndAsserter]: Assert order NOT_INCREMENTALLY partitioned 5 statements into 1 equivalence classes.
[2026-09-30 15:34:42,720 INFO  L111    AnnotateAndAsserter]: Assert order NOT_INCREMENTALLY issued 1 check-sat command(s) and asserted 5 of 5 statements.
[2026-09-30 15:34:42,720 INFO  L114    AnnotateAndAsserter]: Assert order NOT_INCREMENTALLY issued 1 check-sat command(s)
[2026-09-30 15:34:42,720 INFO  L115    AnnotateAndAsserter]: Conjunction of SSA is sat
[2026-09-30 15:34:42,729 INFO  L130   FreeRefinementEngine]: Strategy FIXED_PREFERENCES found a feasible trace
[2026-09-30 15:34:42,731 INFO  L160       PredicateUnifier]: Initialized classic predicate unifier
[2026-09-30 15:34:42,732 INFO  L86        PathProgramCache]: Analyzing trace with hash 46600998, now seen corresponding path program 2 times
[2026-09-30 15:34:42,732 INFO  L118   FreeRefinementEngine]: Executing refinement strategy FIXED_PREFERENCES
[2026-09-30 15:34:42,732 INFO  L324   FreeRefinementEngine]: Using trace check IpTcStrategyModulePreferences [2097155568]
[2026-09-30 15:34:42,732 INFO  L97    rtionOrderModulation]: Keeping assertion order NOT_INCREMENTALLY
[2026-09-30 15:34:42,732 INFO  L127          SolverBuilder]: Constructing new instance of SMTInterpol with explicit timeout -1 ms and remaining time -1 ms
[2026-09-30 15:34:42,736 INFO  L108    AnnotateAndAsserter]: Assert order NOT_INCREMENTALLY partitioned 5 statements into 1 equivalence classes.
[2026-09-30 15:34:42,741 INFO  L111    AnnotateAndAsserter]: Assert order NOT_INCREMENTALLY issued 1 check-sat command(s) and asserted 5 of 5 statements.
[2026-09-30 15:34:42,741 INFO  L114    AnnotateAndAsserter]: Assert order NOT_INCREMENTALLY issued 1 check-sat command(s)
[2026-09-30 15:34:42,741 INFO  L115    AnnotateAndAsserter]: Conjunction of SSA is sat
[2026-09-30 15:34:42,741 INFO  L348             TraceCheck]: Trace is feasible, we will do another trace check, this time with branch encoders.
[2026-09-30 15:34:42,742 INFO  L108    AnnotateAndAsserter]: Assert order NOT_INCREMENTALLY partitioned 5 statements into 1 equivalence classes.
[2026-09-30 15:34:42,745 INFO  L111    AnnotateAndAsserter]: Assert order NOT_INCREMENTALLY issued 1 check-sat command(s) and asserted 5 of 5 statements.
[2026-09-30 15:34:42,745 INFO  L114    AnnotateAndAsserter]: Assert order NOT_INCREMENTALLY issued 1 check-sat command(s)
[2026-09-30 15:34:42,745 INFO  L115    AnnotateAndAsserter]: Conjunction of SSA is sat
[2026-09-30 15:34:42,747 INFO  L130   FreeRefinementEngine]: Strategy FIXED_PREFERENCES found a feasible trace
[2026-09-30 15:34:42,810 INFO  L214          LassoAnalysis]: Preferences:
[2026-09-30 15:34:42,811 INFO  L125   ssoRankerPreferences]: Compute integeral hull: false
[2026-09-30 15:34:42,811 INFO  L126   ssoRankerPreferences]: Enable LassoPartitioneer: false
[2026-09-30 15:34:42,811 INFO  L127   ssoRankerPreferences]: Term annotations enabled: false
[2026-09-30 15:34:42,811 INFO  L128   ssoRankerPreferences]: Use exernal solver: true
[2026-09-30 15:34:42,811 INFO  L129   ssoRankerPreferences]: SMT solver command: z3 SMTLIB2_COMPLIANT=true -memory:1024 -smt2 -in -t:12000
[2026-09-30 15:34:42,811 INFO  L130   ssoRankerPreferences]: Dump SMT script to file: false
[2026-09-30 15:34:42,811 INFO  L131   ssoRankerPreferences]: Path of dumped script: 
[2026-09-30 15:34:42,812 INFO  L132   ssoRankerPreferences]: Filename of dumped script: Fibonacci.bpl_Iteration1_Loop
[2026-09-30 15:34:42,812 INFO  L133   ssoRankerPreferences]: MapElimAlgo: Matthias
[2026-09-30 15:34:42,812 INFO  L251          LassoAnalysis]: Starting lasso preprocessing...
[2026-09-30 15:34:42,899 INFO  L270          LassoAnalysis]: Preprocessing complete.
[2026-09-30 15:34:42,900 INFO  L387          LassoAnalysis]: Checking for nontermination...
[2026-09-30 15:34:42,901 INFO  L173          SolverBuilder]: Constructing external solver with command: z3 SMTLIB2_COMPLIANT=true -memory:1024 -smt2 -in -t:12000
[2026-09-30 15:34:42,902 INFO  L189       MonitoredProcess]: No working directory specified, using /home/anissa/.local/bin/z3
[2026-09-30 15:34:42,904 INFO  L229       MonitoredProcess]: Starting monitored process 2 with /home/anissa/.local/bin/z3 SMTLIB2_COMPLIANT=true -memory:1024 -smt2 -in -t:12000 (exit command is (exit), workingDir is null)
[2026-09-30 15:34:42,906 INFO  L327       MonitoredProcess]: [MP /home/anissa/.local/bin/z3 SMTLIB2_COMPLIANT=true -memory:1024 -smt2 -in -t:12000 (2)] Waiting until timeout for monitored process
[2026-09-30 15:34:42,907 INFO  L148   nArgumentSynthesizer]: Nontermination analysis: LINEAR Allow bounded executions: true Number of generalized eigenvectors: 0 Nilpotent components: true
[2026-09-30 15:34:42,907 INFO  L160   nArgumentSynthesizer]: Using integer mode.
[2026-09-30 15:34:42,927 INFO  L546       MonitoredProcess]: [MP /home/anissa/.local/bin/z3 SMTLIB2_COMPLIANT=true -memory:1024 -smt2 -in -t:12000 (2)] Ended with exit code 0
[2026-09-30 15:34:42,927 INFO  L173          SolverBuilder]: Constructing external solver with command: z3 SMTLIB2_COMPLIANT=true -memory:1024 -smt2 -in -t:12000
[2026-09-30 15:34:42,928 INFO  L189       MonitoredProcess]: No working directory specified, using /home/anissa/.local/bin/z3
[2026-09-30 15:34:42,929 INFO  L229       MonitoredProcess]: Starting monitored process 3 with /home/anissa/.local/bin/z3 SMTLIB2_COMPLIANT=true -memory:1024 -smt2 -in -t:12000 (exit command is (exit), workingDir is null)
[2026-09-30 15:34:42,930 INFO  L327       MonitoredProcess]: [MP /home/anissa/.local/bin/z3 SMTLIB2_COMPLIANT=true -memory:1024 -smt2 -in -t:12000 (3)] Waiting until timeout for monitored process
[2026-09-30 15:34:42,931 INFO  L148   nArgumentSynthesizer]: Nontermination analysis: LINEAR Allow bounded executions: true Number of generalized eigenvectors: 3 Nilpotent components: true
[2026-09-30 15:34:42,931 INFO  L160   nArgumentSynthesizer]: Using integer mode.
[2026-09-30 15:34:42,961 INFO  L546       MonitoredProcess]: [MP /home/anissa/.local/bin/z3 SMTLIB2_COMPLIANT=true -memory:1024 -smt2 -in -t:12000 (3)] Ended with exit code 0
[2026-09-30 15:34:42,962 INFO  L423          LassoAnalysis]: Proved nontermination for one component.
[2026-09-30 15:34:42,962 INFO  L425          LassoAnalysis]: Non-Termination argument consisting of: Initial state: {int$Fibonacci$fib$2230___ret=0, int$Fibonacci$fib$2230_$i16=0, int$Fibonacci$fib$2230_$i27=0, v_rep$arrSizeIdx_1=-1, int$Fibonacci$fib$2230_$param_0=-1, int$Fibonacci$fib$2230_$i49=0, int$Fibonacci$fib$2230_$i38=0, int$Fibonacci$fib$2230_i05=0, int$Fibonacci$fib$2230_$i510=0} Honda state: {int$Fibonacci$fib$2230___ret=0, int$Fibonacci$fib$2230_$i16=0, int$Fibonacci$fib$2230_$i27=0, v_rep$arrSizeIdx_1=-1, int$Fibonacci$fib$2230_$param_0=-1, int$Fibonacci$fib$2230_$i49=0, int$Fibonacci$fib$2230_$i38=0, int$Fibonacci$fib$2230_i05=0, int$Fibonacci$fib$2230_$i510=0} Generalized eigenvectors: [{int$Fibonacci$fib$2230___ret=0, int$Fibonacci$fib$2230_$i16=0, int$Fibonacci$fib$2230_$i27=0, v_rep$arrSizeIdx_1=0, int$Fibonacci$fib$2230_$param_0=0, int$Fibonacci$fib$2230_$i49=0, int$Fibonacci$fib$2230_$i38=0, int$Fibonacci$fib$2230_i05=0, int$Fibonacci$fib$2230_$i510=0}, {int$Fibonacci$fib$2230___ret=0, int$Fibonacci$fib$2230_$i16=0, int$Fibonacci$fib$2230_$i27=0, v_rep$arrSizeIdx_1=0, int$Fibonacci$fib$2230_$param_0=-1, int$Fibonacci$fib$2230_$i49=0, int$Fibonacci$fib$2230_$i38=0, int$Fibonacci$fib$2230_i05=0, int$Fibonacci$fib$2230_$i510=0}, {int$Fibonacci$fib$2230___ret=0, int$Fibonacci$fib$2230_$i16=0, int$Fibonacci$fib$2230_$i27=0, v_rep$arrSizeIdx_1=0, int$Fibonacci$fib$2230_$param_0=0, int$Fibonacci$fib$2230_$i49=0, int$Fibonacci$fib$2230_$i38=0, int$Fibonacci$fib$2230_i05=0, int$Fibonacci$fib$2230_$i510=0}] Lambdas: [1, 1, 1] Nus: [0, 0]
[2026-09-30 15:34:42,965 INFO  L214          LassoAnalysis]: Preferences:
[2026-09-30 15:34:42,965 INFO  L125   ssoRankerPreferences]: Compute integeral hull: false
[2026-09-30 15:34:42,965 INFO  L126   ssoRankerPreferences]: Enable LassoPartitioneer: false
[2026-09-30 15:34:42,965 INFO  L127   ssoRankerPreferences]: Term annotations enabled: false
[2026-09-30 15:34:42,965 INFO  L128   ssoRankerPreferences]: Use exernal solver: true
[2026-09-30 15:34:42,965 INFO  L129   ssoRankerPreferences]: SMT solver command: z3 SMTLIB2_COMPLIANT=true -memory:1024 -smt2 -in -t:12000
[2026-09-30 15:34:42,965 INFO  L130   ssoRankerPreferences]: Dump SMT script to file: false
[2026-09-30 15:34:42,965 INFO  L131   ssoRankerPreferences]: Path of dumped script: 
[2026-09-30 15:34:42,965 INFO  L132   ssoRankerPreferences]: Filename of dumped script: Fibonacci.bpl_Iteration1_Lasso
[2026-09-30 15:34:42,965 INFO  L133   ssoRankerPreferences]: MapElimAlgo: Matthias
[2026-09-30 15:34:42,966 INFO  L251          LassoAnalysis]: Starting lasso preprocessing...
[2026-09-30 15:34:43,021 INFO  L270          LassoAnalysis]: Preprocessing complete.
[2026-09-30 15:34:43,022 INFO  L387          LassoAnalysis]: Checking for nontermination...
[2026-09-30 15:34:43,022 INFO  L173          SolverBuilder]: Constructing external solver with command: z3 SMTLIB2_COMPLIANT=true -memory:1024 -smt2 -in -t:12000
[2026-09-30 15:34:43,023 INFO  L189       MonitoredProcess]: No working directory specified, using /home/anissa/.local/bin/z3
[2026-09-30 15:34:43,025 INFO  L229       MonitoredProcess]: Starting monitored process 4 with /home/anissa/.local/bin/z3 SMTLIB2_COMPLIANT=true -memory:1024 -smt2 -in -t:12000 (exit command is (exit), workingDir is null)
[2026-09-30 15:34:43,026 INFO  L327       MonitoredProcess]: [MP /home/anissa/.local/bin/z3 SMTLIB2_COMPLIANT=true -memory:1024 -smt2 -in -t:12000 (4)] Waiting until timeout for monitored process
[2026-09-30 15:34:43,027 INFO  L148   nArgumentSynthesizer]: Nontermination analysis: LINEAR Allow bounded executions: true Number of generalized eigenvectors: 0 Nilpotent components: true
[2026-09-30 15:34:43,027 INFO  L160   nArgumentSynthesizer]: Using integer mode.
[2026-09-30 15:34:43,044 INFO  L546       MonitoredProcess]: [MP /home/anissa/.local/bin/z3 SMTLIB2_COMPLIANT=true -memory:1024 -smt2 -in -t:12000 (4)] Ended with exit code 0
[2026-09-30 15:34:43,045 INFO  L173          SolverBuilder]: Constructing external solver with command: z3 SMTLIB2_COMPLIANT=true -memory:1024 -smt2 -in -t:12000
[2026-09-30 15:34:43,046 INFO  L189       MonitoredProcess]: No working directory specified, using /home/anissa/.local/bin/z3
[2026-09-30 15:34:43,048 INFO  L229       MonitoredProcess]: Starting monitored process 5 with /home/anissa/.local/bin/z3 SMTLIB2_COMPLIANT=true -memory:1024 -smt2 -in -t:12000 (exit command is (exit), workingDir is null)
[2026-09-30 15:34:43,049 INFO  L327       MonitoredProcess]: [MP /home/anissa/.local/bin/z3 SMTLIB2_COMPLIANT=true -memory:1024 -smt2 -in -t:12000 (5)] Waiting until timeout for monitored process
[2026-09-30 15:34:43,050 INFO  L148   nArgumentSynthesizer]: Nontermination analysis: LINEAR Allow bounded executions: true Number of generalized eigenvectors: 3 Nilpotent components: true
[2026-09-30 15:34:43,050 INFO  L160   nArgumentSynthesizer]: Using integer mode.
[2026-09-30 15:34:43,077 INFO  L546       MonitoredProcess]: [MP /home/anissa/.local/bin/z3 SMTLIB2_COMPLIANT=true -memory:1024 -smt2 -in -t:12000 (5)] Ended with exit code 0
[2026-09-30 15:34:43,077 INFO  L423          LassoAnalysis]: Proved nontermination for one component.
[2026-09-30 15:34:43,077 INFO  L425          LassoAnalysis]: Non-Termination argument consisting of: Initial state: {int$Fibonacci$fib$2230___ret=0, int$Fibonacci$fib$2230_$i16=0, int$Fibonacci$fib$2230_$i27=0, int$Fibonacci$fib$2230_$param_0=-1, int$Fibonacci$fib$2230_$i49=0, int$Fibonacci$fib$2230_$i38=0, v_rep$arrSizeIdx_2=-1, int$Fibonacci$fib$2230_i05=0, int$Fibonacci$fib$2230_$i510=0} Honda state: {int$Fibonacci$fib$2230___ret=0, int$Fibonacci$fib$2230_$i16=0, int$Fibonacci$fib$2230_$i27=0, int$Fibonacci$fib$2230_$param_0=-1, int$Fibonacci$fib$2230_$i49=0, int$Fibonacci$fib$2230_$i38=0, v_rep$arrSizeIdx_2=-1, int$Fibonacci$fib$2230_i05=0, int$Fibonacci$fib$2230_$i510=0} Generalized eigenvectors: [{int$Fibonacci$fib$2230___ret=0, int$Fibonacci$fib$2230_$i16=0, int$Fibonacci$fib$2230_$i27=0, int$Fibonacci$fib$2230_$param_0=-1, int$Fibonacci$fib$2230_$i49=0, int$Fibonacci$fib$2230_$i38=0, v_rep$arrSizeIdx_2=0, int$Fibonacci$fib$2230_i05=0, int$Fibonacci$fib$2230_$i510=0}, {int$Fibonacci$fib$2230___ret=0, int$Fibonacci$fib$2230_$i16=0, int$Fibonacci$fib$2230_$i27=0, int$Fibonacci$fib$2230_$param_0=0, int$Fibonacci$fib$2230_$i49=0, int$Fibonacci$fib$2230_$i38=0, v_rep$arrSizeIdx_2=0, int$Fibonacci$fib$2230_i05=0, int$Fibonacci$fib$2230_$i510=0}, {int$Fibonacci$fib$2230___ret=0, int$Fibonacci$fib$2230_$i16=0, int$Fibonacci$fib$2230_$i27=0, int$Fibonacci$fib$2230_$param_0=0, int$Fibonacci$fib$2230_$i49=0, int$Fibonacci$fib$2230_$i38=0, v_rep$arrSizeIdx_2=0, int$Fibonacci$fib$2230_i05=0, int$Fibonacci$fib$2230_$i510=0}] Lambdas: [1, 1, 1] Nus: [0, 0]
[2026-09-30 15:34:43,102 INFO  L201        PluginConnector]: Adding new model Fibonacci.bpl de.uni_freiburg.informatik.ultimate.plugins.generator.buchiautomizer CFG 30.09 03:34:43 BoogieIcfgContainer
[2026-09-30 15:34:43,102 INFO  L131        PluginConnector]: ------------------------ END BuchiAutomizer----------------------------
[2026-09-30 15:34:43,104 INFO  L158              Benchmark]: Toolchain (without parser) took 717,37ms. Allocated memory is still 536,9MB. Free memory was 493,4MB in the beginning and 507,9MB in the end (delta: -14,5MB). Peak memory consumption was 60,2MB. Max. memory is 12,9GB.
[2026-09-30 15:34:43,104 INFO  L158              Benchmark]: Boogie PL CUP Parser took 0,15ms. Allocated memory is still 536,9MB. Free memory is still 494,9MB. There was no memory consumed. Max. memory is 12,9GB.
[2026-09-30 15:34:43,104 INFO  L158              Benchmark]: Boogie Preprocessor took 38,77ms. Allocated memory is still 536,9MB. Free memory was 493,4MB in the beginning and 490,5MB in the end (delta: 2,9MB). There was no memory consumed. Max. memory is 12,9GB.
[2026-09-30 15:34:43,105 INFO  L158              Benchmark]: IcfgBuilder took 171,80ms. Allocated memory is still 536,9MB. Free memory was 490,4MB in the beginning and 478,6MB in the end (delta: 11,8MB). Peak memory consumption was 16,8MB. Max. memory is 12,9GB.
[2026-09-30 15:34:43,105 INFO  L158              Benchmark]: BuchiAutomizer took 503,80ms. Allocated memory is still 536,9MB. Free memory was 478,5MB in the beginning and 507,9MB in the end (delta: -29,4MB). Peak memory consumption was 43,4MB. Max. memory is 12,9GB.
[2026-09-30 15:34:43,106 INFO  L338   ainManager$Toolchain]: #######################  End [Toolchain 1] #######################
 --- Results ---
 * Results from de.uni_freiburg.informatik.ultimate.core:
  - StatisticsResult: Toolchain Benchmarks
    Benchmark results are:
 * Boogie PL CUP Parser took 0,15ms. Allocated memory is still 536,9MB. Free memory is still 494,9MB. There was no memory consumed. Max. memory is 12,9GB.
 * Boogie Preprocessor took 38,77ms. Allocated memory is still 536,9MB. Free memory was 493,4MB in the beginning and 490,5MB in the end (delta: 2,9MB). There was no memory consumed. Max. memory is 12,9GB.
 * IcfgBuilder took 171,80ms. Allocated memory is still 536,9MB. Free memory was 490,4MB in the beginning and 478,6MB in the end (delta: 11,8MB). Peak memory consumption was 16,8MB. Max. memory is 12,9GB.
 * BuchiAutomizer took 503,80ms. Allocated memory is still 536,9MB. Free memory was 478,5MB in the beginning and 507,9MB in the end (delta: -29,4MB). Peak memory consumption was 43,4MB. Max. memory is 12,9GB.
 * Results from de.uni_freiburg.informatik.ultimate.plugins.generator.traceabstraction:
  - StatisticsResult: Constructed decomposition of program
    Trivial decomposition into one nonterminating module.
  - StatisticsResult: Timing statistics
    BüchiAutomizer plugin needed 0.4s and 1 iterations.  TraceHistogramMax:1. Analysis of lassos took 0.4s. Construction of modules took 0.0s. Büchi inclusion checks took 0.0s. Highest rank in rank-based complementation 0. Minimization of det autom 0. Minimization of nondet autom 0. Automata minimization No data available. Non-live state removal took 0.0s Buchi closure took 0.0s. Biggest automaton had -1 states and ocurred in iteration -1.	Nontrivial modules had stage [0, 0, 0, 0, 0].	InterpolantCoveringCapabilityFinite: 0/0	InterpolantCoveringCapabilityBuchi: 0/0	HoareTripleCheckerStatistics: 	LassoAnalysisResults: nont1 unkn0 SFLI0 SFLT0 conc0 concLT0 SILN0 SILU0 SILI0 SILT0 lasso0 LassoPreprocessingBenchmarks:   Lassos: inital15 mio100 ax160 arr100 mio100 div100 bol100 ite100 ukn100 eq208 smp100 dnf240 smp50 tf100 neg100 sie106 LassoTerminationAnalysisBenchmarks: not availableLassoTerminationAnalysisBenchmarks: LassoNonterminationAnalysisSatFixpoint: 0	LassoNonterminationAnalysisSatUnbounded: 2	LassoNonterminationAnalysisUnsat: 0	LassoNonterminationAnalysisUnknown: 0	LassoNonterminationAnalysisTime: 0.1s	InitialAbstractionConstructionTime: 0.0s
  - TerminationAnalysisResult: Nontermination possible
    Buchi Automizer proved that your program is nonterminating for some inputs
  - GeometricNonTerminationArgumentResult [Line: 408]: Nontermination argument in form of an infinite program execution.
    Nontermination argument in form of an infinite execution
State at position 0 is
{__ret=0, $param_0=-1, $i510=0, $i16=0, $i27=0, $i49=0, $i38=0, $arrSizeIdx=-1, i05=0}
State at position 1 is
{__ret=0, $param_0=-1, $i510=0, $i16=0, $i27=0, $i49=0, $i38=0, $arrSizeIdx=-1, i05=0}
For i>1, the state at position i is
{__ret=0 + sum_{k=0}^i 0, $param_0=-1 + sum_{k=0}^i -1, $i510=0 + sum_{k=0}^i 0, $i16=0 + sum_{k=0}^i 0, $i27=0 + sum_{k=0}^i 0, $i49=0 + sum_{k=0}^i 0, $i38=0 + sum_{k=0}^i 0, $arrSizeIdx=-1 + sum_{k=0}^i 0, i05=0 + sum_{k=0}^i 0}
  - StatisticsResult: NonterminationArgumentStatistics
    Unbounded Execution 1GEVs Lambdas: [1, 1, 1] Mus: [0, 0]
  - NonterminatingLassoResult [Line: 408]: Nonterminating execution
    Found a nonterminating execution for the following lasso shaped sequence of statements.
Stem:
Loop:
[L408]        i05 := $param_0;
[L422]        assume (if i05 != 0 then 1 else 0) == 1;
[L434]        assume (if i05 != 1 then 1 else 0) == 1;
[L444]        $i16 := i05 - 1;
[L449]  CALL  call $i27 := int$Fibonacci$fib$2230($i16);
End of lasso representation.
RESULT: Ultimate proved your program to be incorrect!
[2026-09-30 15:34:43,122 INFO  L546       MonitoredProcess]: [MP /home/anissa/.local/bin/z3 SMTLIB2_COMPLIANT=true -memory:1024 -smt2 -in -t:12000 (1)] Ended with exit code 0
Received shutdown request...
