This is Ultimate 0.3.2-dev-4a3209064b
[2026-09-30 15:34:44,552 INFO  L188        SettingsManager]: Resetting all preferences to default values...
[2026-09-30 15:34:44,767 INFO  L75    nceAwareModelManager]: Repository-Root is: /tmp
[2026-09-30 15:34:44,777 INFO  L261   ainManager$Toolchain]: [Toolchain 1]: Applicable parser(s) successfully (re)initialized
[2026-09-30 15:34:44,778 INFO  L217   ainManager$Toolchain]: [Toolchain 1]: Toolchain selected.
[2026-09-30 15:34:44,779 INFO  L270        PluginConnector]: Initializing CDTParser...
[2026-09-30 15:34:44,779 INFO  L274        PluginConnector]: CDTParser initialized
[2026-09-30 15:34:44,780 INFO  L431   ainManager$Toolchain]: [Toolchain 1]: Parsing single file: /home/anissa/Documents/Tools/PaSTTeL/benchmarks/smoke_test/full_programs_c_bpl/java_DivMinus1.c
!SESSION 2026-09-30 15:34:43.686 -----------------------------------------------
eclipse.buildId=unknown
java.version=21.0.12.1
java.vendor=Ubuntu
BootLoader constants: OS=linux, ARCH=x86_64, WS=gtk, NL=fr_FR
Framework arguments:  --console -tc /home/anissa/Documents/Tools/PaSTTeL/tools/toolchains/BuchiAutomizerC.xml -i /home/anissa/Documents/Tools/PaSTTeL/benchmarks/smoke_test/full_programs_c_bpl/java_DivMinus1.c
Command-line arguments:  -os linux -ws gtk -arch x86_64 -consoleLog --console -data @user.home/.ultimate -tc /home/anissa/Documents/Tools/PaSTTeL/tools/toolchains/BuchiAutomizerC.xml -i /home/anissa/Documents/Tools/PaSTTeL/benchmarks/smoke_test/full_programs_c_bpl/java_DivMinus1.c

!ENTRY org.eclipse.cdt.core 1 0 2026-09-30 15:34:45.360
!MESSAGE Indexed 'FLAG129d65ec0' (0 sources, 0 headers) in 0,002 sec: 0 declarations; 0 references; 0 unresolved inclusions; 0 syntax errors; 0 unresolved names (0 %)
[2026-09-30 15:34:45,700 INFO  L538              CDTParser]: Created temporary CDT project at /home/anissa/.ultimate/1f195c8d235147b7957424772aaa2006/FLAG129d65ec0
[2026-09-30 15:34:45,815 INFO  L389              CDTParser]: Found 1 translation units.
[2026-09-30 15:34:45,815 INFO  L178              CDTParser]: Scanning /home/anissa/Documents/Tools/PaSTTeL/benchmarks/smoke_test/full_programs_c_bpl/java_DivMinus1.c
[2026-09-30 15:34:45,820 INFO  L432              CDTParser]: About to delete temporary CDT project at /home/anissa/.ultimate/1f195c8d235147b7957424772aaa2006/FLAG129d65ec0
[2026-09-30 15:34:46,702 INFO  L440              CDTParser]: Successfully deleted /home/anissa/.ultimate/1f195c8d235147b7957424772aaa2006
[2026-09-30 15:34:46,704 INFO  L299   ainManager$Toolchain]: ####################### [Toolchain 1] #######################
[2026-09-30 15:34:46,705 INFO  L133        ToolchainWalker]: Walking toolchain with 4 elements.
[2026-09-30 15:34:46,706 INFO  L112        PluginConnector]: ------------------------CACSL2BoogieTranslator----------------------------
[2026-09-30 15:34:46,706 INFO  L270        PluginConnector]: Initializing CACSL2BoogieTranslator...
[2026-09-30 15:34:46,709 INFO  L274        PluginConnector]: CACSL2BoogieTranslator initialized
[2026-09-30 15:34:46,709 INFO  L184        PluginConnector]: Executing the observer ACSLObjectContainerObserver from plugin CACSL2BoogieTranslator for "CDTParser AST 30.09 03:34:46" (1/1) ...
[2026-09-30 15:34:46,710 INFO  L204        PluginConnector]: Invalid model from CACSL2BoogieTranslator for observer de.uni_freiburg.informatik.ultimate.plugins.generator.cacsl2boogietranslator.ACSLObjectContainerObserver@63ee4361 and model type de.uni_freiburg.informatik.ultimate.plugins.generator.cacsl2boogietranslator AST 30.09 03:34:46, skipping insertion in model container
[2026-09-30 15:34:46,710 INFO  L184        PluginConnector]: Executing the observer CACSL2BoogieTranslatorObserver from plugin CACSL2BoogieTranslator for "CDTParser AST 30.09 03:34:46" (1/1) ...
[2026-09-30 15:34:46,717 INFO  L177         MainTranslator]: Built tables and reachable declarations
[2026-09-30 15:34:46,813 INFO  L202          PostProcessor]: Analyzing all entry points
[2026-09-30 15:34:46,816 INFO  L206         MainTranslator]: Completed pre-run
[2026-09-30 15:34:46,826 INFO  L202          PostProcessor]: Analyzing all entry points
[2026-09-30 15:34:46,839 INFO  L211         MainTranslator]: Completed translation
[2026-09-30 15:34:46,840 INFO  L201        PluginConnector]: Adding new model de.uni_freiburg.informatik.ultimate.plugins.generator.cacsl2boogietranslator AST 30.09 03:34:46 WrapperNode
[2026-09-30 15:34:46,841 INFO  L131        PluginConnector]: ------------------------ END CACSL2BoogieTranslator----------------------------
[2026-09-30 15:34:46,842 INFO  L112        PluginConnector]: ------------------------Boogie Preprocessor----------------------------
[2026-09-30 15:34:46,842 INFO  L270        PluginConnector]: Initializing Boogie Preprocessor...
[2026-09-30 15:34:46,842 INFO  L274        PluginConnector]: Boogie Preprocessor initialized
[2026-09-30 15:34:46,851 INFO  L184        PluginConnector]: Executing the observer EnsureBoogieModelObserver from plugin Boogie Preprocessor for "de.uni_freiburg.informatik.ultimate.plugins.generator.cacsl2boogietranslator AST 30.09 03:34:46" (1/1) ...
[2026-09-30 15:34:46,851 INFO  L184        PluginConnector]: Executing the observer TypeChecker from plugin Boogie Preprocessor for "de.uni_freiburg.informatik.ultimate.plugins.generator.cacsl2boogietranslator AST 30.09 03:34:46" (1/1) ...
[2026-09-30 15:34:46,859 INFO  L184        PluginConnector]: Executing the observer ConstExpander from plugin Boogie Preprocessor for "de.uni_freiburg.informatik.ultimate.plugins.generator.cacsl2boogietranslator AST 30.09 03:34:46" (1/1) ...
[2026-09-30 15:34:46,859 INFO  L184        PluginConnector]: Executing the observer StructExpander from plugin Boogie Preprocessor for "de.uni_freiburg.informatik.ultimate.plugins.generator.cacsl2boogietranslator AST 30.09 03:34:46" (1/1) ...
[2026-09-30 15:34:46,863 INFO  L184        PluginConnector]: Executing the observer ReplaceArrayAssignments from plugin Boogie Preprocessor for "de.uni_freiburg.informatik.ultimate.plugins.generator.cacsl2boogietranslator AST 30.09 03:34:46" (1/1) ...
[2026-09-30 15:34:46,864 INFO  L184        PluginConnector]: Executing the observer FunctionInliner from plugin Boogie Preprocessor for "de.uni_freiburg.informatik.ultimate.plugins.generator.cacsl2boogietranslator AST 30.09 03:34:46" (1/1) ...
[2026-09-30 15:34:46,865 INFO  L184        PluginConnector]: Executing the observer LTLStepAnnotator from plugin Boogie Preprocessor for "de.uni_freiburg.informatik.ultimate.plugins.generator.cacsl2boogietranslator AST 30.09 03:34:46" (1/1) ...
[2026-09-30 15:34:46,866 INFO  L184        PluginConnector]: Executing the observer BoogieSymbolTableConstructor from plugin Boogie Preprocessor for "de.uni_freiburg.informatik.ultimate.plugins.generator.cacsl2boogietranslator AST 30.09 03:34:46" (1/1) ...
[2026-09-30 15:34:46,869 INFO  L131        PluginConnector]: ------------------------ END Boogie Preprocessor----------------------------
[2026-09-30 15:34:46,870 INFO  L112        PluginConnector]: ------------------------IcfgBuilder----------------------------
[2026-09-30 15:34:46,870 INFO  L270        PluginConnector]: Initializing IcfgBuilder...
[2026-09-30 15:34:46,870 INFO  L274        PluginConnector]: IcfgBuilder initialized
[2026-09-30 15:34:46,871 INFO  L184        PluginConnector]: Executing the observer IcfgBuilderObserver from plugin IcfgBuilder for "de.uni_freiburg.informatik.ultimate.plugins.generator.cacsl2boogietranslator AST 30.09 03:34:46" (1/1) ...
[2026-09-30 15:34:46,878 INFO  L173          SolverBuilder]: Constructing external solver with command: z3 SMTLIB2_COMPLIANT=true -memory:1024 -smt2 -in -t:12000
[2026-09-30 15:34:46,892 INFO  L189       MonitoredProcess]: No working directory specified, using /home/anissa/.local/bin/z3
[2026-09-30 15:34:46,906 INFO  L229       MonitoredProcess]: Starting monitored process 1 with /home/anissa/.local/bin/z3 SMTLIB2_COMPLIANT=true -memory:1024 -smt2 -in -t:12000 (exit command is (exit), workingDir is null)
[2026-09-30 15:34:46,910 INFO  L327       MonitoredProcess]: [MP /home/anissa/.local/bin/z3 SMTLIB2_COMPLIANT=true -memory:1024 -smt2 -in -t:12000 (1)] Waiting until timeout for monitored process
[2026-09-30 15:34:46,929 INFO  L138     BoogieDeclarations]: Found implementation of procedure mdiv
[2026-09-30 15:34:46,930 INFO  L130     BoogieDeclarations]: Found specification of procedure mdiv
[2026-09-30 15:34:46,963 INFO  L250             CfgBuilder]: Building ICFG
[2026-09-30 15:34:46,964 INFO  L281             CfgBuilder]: Building CFG for each procedure with an implementation
[2026-09-30 15:34:47,007 INFO  L?                        ?]: Removed 4 outVars from TransFormulas that were not future-live.
[2026-09-30 15:34:47,007 INFO  L302             CfgBuilder]: Performing block encoding
[2026-09-30 15:34:47,011 INFO  L104     LargeBlockEncoding]: Applying CFG Large Block Encoding to ICFG that has 1 procedures, 4 locations, 4 edges, 0 initial locations, 1 loop locations, and 0 error locations.
[2026-09-30 15:34:47,017 INFO  L154     LargeBlockEncoding]: LargeBlockEncoding completed in 8 ms, with 1 straightline sequential compositions, 0 parallel compositions, 0 1:n/n:1 sequential compositions and 0 complex sequential compositions.
[2026-09-30 15:34:47,017 INFO  L324             CfgBuilder]: Using library mode
[2026-09-30 15:34:47,017 INFO  L332             CfgBuilder]: Removed 0 assume(true) statements.
[2026-09-30 15:34:47,017 INFO  L334             CfgBuilder]: Constructed ICFG has 1 procedures, 3 locations, 3 edges, 1 initial locations, 1 loop locations, and 0 error locations.
[2026-09-30 15:34:47,018 INFO  L201        PluginConnector]: Adding new model de.uni_freiburg.informatik.ultimate.plugins.generator.icfgbuilder CFG 30.09 03:34:47 BoogieIcfgContainer
[2026-09-30 15:34:47,018 INFO  L131        PluginConnector]: ------------------------ END IcfgBuilder----------------------------
[2026-09-30 15:34:47,018 INFO  L112        PluginConnector]: ------------------------BuchiAutomizer----------------------------
[2026-09-30 15:34:47,018 INFO  L270        PluginConnector]: Initializing BuchiAutomizer...
[2026-09-30 15:34:47,023 INFO  L274        PluginConnector]: BuchiAutomizer initialized
[2026-09-30 15:34:47,023 INFO  L99          BuchiAutomizer]: Safety of program was proven or not checked, starting termination analysis
[2026-09-30 15:34:47,023 INFO  L184        PluginConnector]: Executing the observer BuchiAutomizerObserver from plugin BuchiAutomizer for "CDTParser AST 30.09 03:34:46" (1/3) ...
[2026-09-30 15:34:47,024 INFO  L204        PluginConnector]: Invalid model from BuchiAutomizer for observer de.uni_freiburg.informatik.ultimate.plugins.generator.buchiautomizer.BuchiAutomizerObserver@2415f51d and model type de.uni_freiburg.informatik.ultimate.plugins.generator.buchiautomizer AST 30.09 03:34:47, skipping insertion in model container
[2026-09-30 15:34:47,024 INFO  L99          BuchiAutomizer]: Safety of program was proven or not checked, starting termination analysis
[2026-09-30 15:34:47,025 INFO  L184        PluginConnector]: Executing the observer BuchiAutomizerObserver from plugin BuchiAutomizer for "de.uni_freiburg.informatik.ultimate.plugins.generator.cacsl2boogietranslator AST 30.09 03:34:46" (2/3) ...
[2026-09-30 15:34:47,025 INFO  L204        PluginConnector]: Invalid model from BuchiAutomizer for observer de.uni_freiburg.informatik.ultimate.plugins.generator.buchiautomizer.BuchiAutomizerObserver@2415f51d and model type de.uni_freiburg.informatik.ultimate.plugins.generator.buchiautomizer AST 30.09 03:34:47, skipping insertion in model container
[2026-09-30 15:34:47,025 INFO  L99          BuchiAutomizer]: Safety of program was proven or not checked, starting termination analysis
[2026-09-30 15:34:47,025 INFO  L184        PluginConnector]: Executing the observer BuchiAutomizerObserver from plugin BuchiAutomizer for "de.uni_freiburg.informatik.ultimate.plugins.generator.icfgbuilder CFG 30.09 03:34:47" (3/3) ...
[2026-09-30 15:34:47,026 INFO  L363   chiAutomizerObserver]: Analyzing ICFG java_DivMinus1.c
[2026-09-30 15:34:47,058 INFO  L333   stractBuchiCegarLoop]: Interprodecural is true
[2026-09-30 15:34:47,058 INFO  L334   stractBuchiCegarLoop]: Hoare is None
[2026-09-30 15:34:47,058 INFO  L335   stractBuchiCegarLoop]: Compute interpolants for ForwardPredicates
[2026-09-30 15:34:47,058 INFO  L336   stractBuchiCegarLoop]: Backedges is STRAIGHT_LINE
[2026-09-30 15:34:47,058 INFO  L337   stractBuchiCegarLoop]: Determinization is PREDICATE_ABSTRACTION
[2026-09-30 15:34:47,058 INFO  L338   stractBuchiCegarLoop]: Difference is false
[2026-09-30 15:34:47,059 INFO  L339   stractBuchiCegarLoop]: Minimize is MINIMIZE_SEVPA
[2026-09-30 15:34:47,059 INFO  L343   stractBuchiCegarLoop]: ======== Iteration 0 == of CEGAR loop == BuchiAutomatonCegarLoop ========
[2026-09-30 15:34:47,061 INFO  L73            BuchiIsEmpty]: Start buchiIsEmpty. Operand  has 3 states, 2 states have (on average 1.5) internal successors, (3), 2 states have internal predecessors, (3), 0 states have call successors, (0), 0 states have call predecessors, (0), 0 states have return successors, (0), 0 states have call predecessors, (0), 0 states have call successors, (0)
[2026-09-30 15:34:47,068 INFO  L131   ngComponentsAnalysis]: Automaton has 1 accepting balls. 1
[2026-09-30 15:34:47,068 INFO  L88            BuchiIsEmpty]: Finished buchiIsEmpty Result is false
[2026-09-30 15:34:47,068 INFO  L120           BuchiIsEmpty]: Starting construction of run
[2026-09-30 15:34:47,071 INFO  L148   hiAutomatonCegarLoop]: Counterexample stem histogram [1]
[2026-09-30 15:34:47,071 INFO  L149   hiAutomatonCegarLoop]: Counterexample loop histogram [1]
[2026-09-30 15:34:47,072 INFO  L363   stractBuchiCegarLoop]: ======== Iteration 1 ============
[2026-09-30 15:34:47,072 INFO  L73            BuchiIsEmpty]: Start buchiIsEmpty. Operand  has 3 states, 2 states have (on average 1.5) internal successors, (3), 2 states have internal predecessors, (3), 0 states have call successors, (0), 0 states have call predecessors, (0), 0 states have return successors, (0), 0 states have call predecessors, (0), 0 states have call successors, (0)
[2026-09-30 15:34:47,072 INFO  L131   ngComponentsAnalysis]: Automaton has 1 accepting balls. 1
[2026-09-30 15:34:47,072 INFO  L88            BuchiIsEmpty]: Finished buchiIsEmpty Result is false
[2026-09-30 15:34:47,072 INFO  L120           BuchiIsEmpty]: Starting construction of run
[2026-09-30 15:34:47,073 INFO  L148   hiAutomatonCegarLoop]: Counterexample stem histogram [1]
[2026-09-30 15:34:47,073 INFO  L149   hiAutomatonCegarLoop]: Counterexample loop histogram [1]
[2026-09-30 15:34:47,079 INFO  L1146  eck$LassoCheckResult]: Stem: "assume -2147483648 <= #in~x && #in~x <= 2147483647;~x := #in~x;assume -2147483648 <= #in~y && #in~y <= 2147483647;~y := #in~y;~res~0 := 0;" 
[2026-09-30 15:34:47,080 INFO  L1148  eck$LassoCheckResult]: Loop: "assume ~x >= ~y && ~y > 0;~x := ~x - ~y;~res~0 := 1 + ~res~0;" 
[2026-09-30 15:34:47,083 INFO  L160       PredicateUnifier]: Initialized classic predicate unifier
[2026-09-30 15:34:47,083 INFO  L86        PathProgramCache]: Analyzing trace with hash 33, now seen corresponding path program 1 times
[2026-09-30 15:34:47,089 INFO  L118   FreeRefinementEngine]: Executing refinement strategy FIXED_PREFERENCES
[2026-09-30 15:34:47,089 INFO  L324   FreeRefinementEngine]: Using trace check IpTcStrategyModulePreferences [827149542]
[2026-09-30 15:34:47,089 INFO  L97    rtionOrderModulation]: Keeping assertion order NOT_INCREMENTALLY
[2026-09-30 15:34:47,090 INFO  L127          SolverBuilder]: Constructing new instance of SMTInterpol with explicit timeout -1 ms and remaining time -1 ms
[2026-09-30 15:34:47,127 INFO  L108    AnnotateAndAsserter]: Assert order NOT_INCREMENTALLY partitioned 1 statements into 1 equivalence classes.
[2026-09-30 15:34:47,135 INFO  L111    AnnotateAndAsserter]: Assert order NOT_INCREMENTALLY issued 1 check-sat command(s) and asserted 1 of 1 statements.
[2026-09-30 15:34:47,135 INFO  L114    AnnotateAndAsserter]: Assert order NOT_INCREMENTALLY issued 1 check-sat command(s)
[2026-09-30 15:34:47,135 INFO  L115    AnnotateAndAsserter]: Conjunction of SSA is sat
[2026-09-30 15:34:47,135 INFO  L348             TraceCheck]: Trace is feasible, we will do another trace check, this time with branch encoders.
[2026-09-30 15:34:47,138 INFO  L108    AnnotateAndAsserter]: Assert order NOT_INCREMENTALLY partitioned 1 statements into 1 equivalence classes.
[2026-09-30 15:34:47,140 INFO  L111    AnnotateAndAsserter]: Assert order NOT_INCREMENTALLY issued 1 check-sat command(s) and asserted 1 of 1 statements.
[2026-09-30 15:34:47,141 INFO  L114    AnnotateAndAsserter]: Assert order NOT_INCREMENTALLY issued 1 check-sat command(s)
[2026-09-30 15:34:47,141 INFO  L115    AnnotateAndAsserter]: Conjunction of SSA is sat
[2026-09-30 15:34:47,148 INFO  L130   FreeRefinementEngine]: Strategy FIXED_PREFERENCES found a feasible trace
[2026-09-30 15:34:47,150 INFO  L160       PredicateUnifier]: Initialized classic predicate unifier
[2026-09-30 15:34:47,150 INFO  L86        PathProgramCache]: Analyzing trace with hash 32, now seen corresponding path program 1 times
[2026-09-30 15:34:47,150 INFO  L118   FreeRefinementEngine]: Executing refinement strategy FIXED_PREFERENCES
[2026-09-30 15:34:47,150 INFO  L324   FreeRefinementEngine]: Using trace check IpTcStrategyModulePreferences [1359846513]
[2026-09-30 15:34:47,150 INFO  L97    rtionOrderModulation]: Keeping assertion order NOT_INCREMENTALLY
[2026-09-30 15:34:47,151 INFO  L127          SolverBuilder]: Constructing new instance of SMTInterpol with explicit timeout -1 ms and remaining time -1 ms
[2026-09-30 15:34:47,155 INFO  L108    AnnotateAndAsserter]: Assert order NOT_INCREMENTALLY partitioned 1 statements into 1 equivalence classes.
[2026-09-30 15:34:47,158 INFO  L111    AnnotateAndAsserter]: Assert order NOT_INCREMENTALLY issued 1 check-sat command(s) and asserted 1 of 1 statements.
[2026-09-30 15:34:47,159 INFO  L114    AnnotateAndAsserter]: Assert order NOT_INCREMENTALLY issued 1 check-sat command(s)
[2026-09-30 15:34:47,159 INFO  L115    AnnotateAndAsserter]: Conjunction of SSA is sat
[2026-09-30 15:34:47,159 INFO  L348             TraceCheck]: Trace is feasible, we will do another trace check, this time with branch encoders.
[2026-09-30 15:34:47,160 INFO  L108    AnnotateAndAsserter]: Assert order NOT_INCREMENTALLY partitioned 1 statements into 1 equivalence classes.
[2026-09-30 15:34:47,161 INFO  L111    AnnotateAndAsserter]: Assert order NOT_INCREMENTALLY issued 1 check-sat command(s) and asserted 1 of 1 statements.
[2026-09-30 15:34:47,161 INFO  L114    AnnotateAndAsserter]: Assert order NOT_INCREMENTALLY issued 1 check-sat command(s)
[2026-09-30 15:34:47,162 INFO  L115    AnnotateAndAsserter]: Conjunction of SSA is sat
[2026-09-30 15:34:47,162 INFO  L130   FreeRefinementEngine]: Strategy FIXED_PREFERENCES found a feasible trace
[2026-09-30 15:34:47,163 INFO  L160       PredicateUnifier]: Initialized classic predicate unifier
[2026-09-30 15:34:47,163 INFO  L86        PathProgramCache]: Analyzing trace with hash 1024, now seen corresponding path program 1 times
[2026-09-30 15:34:47,164 INFO  L118   FreeRefinementEngine]: Executing refinement strategy FIXED_PREFERENCES
[2026-09-30 15:34:47,164 INFO  L324   FreeRefinementEngine]: Using trace check IpTcStrategyModulePreferences [206068641]
[2026-09-30 15:34:47,164 INFO  L97    rtionOrderModulation]: Keeping assertion order NOT_INCREMENTALLY
[2026-09-30 15:34:47,164 INFO  L127          SolverBuilder]: Constructing new instance of SMTInterpol with explicit timeout -1 ms and remaining time -1 ms
[2026-09-30 15:34:47,167 INFO  L108    AnnotateAndAsserter]: Assert order NOT_INCREMENTALLY partitioned 2 statements into 1 equivalence classes.
[2026-09-30 15:34:47,172 INFO  L111    AnnotateAndAsserter]: Assert order NOT_INCREMENTALLY issued 1 check-sat command(s) and asserted 2 of 2 statements.
[2026-09-30 15:34:47,172 INFO  L114    AnnotateAndAsserter]: Assert order NOT_INCREMENTALLY issued 1 check-sat command(s)
[2026-09-30 15:34:47,172 INFO  L115    AnnotateAndAsserter]: Conjunction of SSA is sat
[2026-09-30 15:34:47,172 INFO  L348             TraceCheck]: Trace is feasible, we will do another trace check, this time with branch encoders.
[2026-09-30 15:34:47,173 INFO  L108    AnnotateAndAsserter]: Assert order NOT_INCREMENTALLY partitioned 2 statements into 1 equivalence classes.
[2026-09-30 15:34:47,175 INFO  L111    AnnotateAndAsserter]: Assert order NOT_INCREMENTALLY issued 1 check-sat command(s) and asserted 2 of 2 statements.
[2026-09-30 15:34:47,176 INFO  L114    AnnotateAndAsserter]: Assert order NOT_INCREMENTALLY issued 1 check-sat command(s)
[2026-09-30 15:34:47,176 INFO  L115    AnnotateAndAsserter]: Conjunction of SSA is sat
[2026-09-30 15:34:47,176 INFO  L130   FreeRefinementEngine]: Strategy FIXED_PREFERENCES found a feasible trace
[2026-09-30 15:34:47,224 INFO  L214          LassoAnalysis]: Preferences:
[2026-09-30 15:34:47,224 INFO  L125   ssoRankerPreferences]: Compute integeral hull: false
[2026-09-30 15:34:47,224 INFO  L126   ssoRankerPreferences]: Enable LassoPartitioneer: false
[2026-09-30 15:34:47,224 INFO  L127   ssoRankerPreferences]: Term annotations enabled: false
[2026-09-30 15:34:47,224 INFO  L128   ssoRankerPreferences]: Use exernal solver: true
[2026-09-30 15:34:47,225 INFO  L129   ssoRankerPreferences]: SMT solver command: z3 SMTLIB2_COMPLIANT=true -memory:1024 -smt2 -in -t:12000
[2026-09-30 15:34:47,225 INFO  L130   ssoRankerPreferences]: Dump SMT script to file: false
[2026-09-30 15:34:47,225 INFO  L131   ssoRankerPreferences]: Path of dumped script: 
[2026-09-30 15:34:47,225 INFO  L132   ssoRankerPreferences]: Filename of dumped script: java_DivMinus1.c_Iteration1_Loop
[2026-09-30 15:34:47,225 INFO  L133   ssoRankerPreferences]: MapElimAlgo: Matthias
[2026-09-30 15:34:47,225 INFO  L251          LassoAnalysis]: Starting lasso preprocessing...
[2026-09-30 15:34:47,263 INFO  L270          LassoAnalysis]: Preprocessing complete.
[2026-09-30 15:34:47,263 INFO  L387          LassoAnalysis]: Checking for nontermination...
[2026-09-30 15:34:47,265 INFO  L173          SolverBuilder]: Constructing external solver with command: z3 SMTLIB2_COMPLIANT=true -memory:1024 -smt2 -in -t:12000
[2026-09-30 15:34:47,265 INFO  L189       MonitoredProcess]: No working directory specified, using /home/anissa/.local/bin/z3
[2026-09-30 15:34:47,267 INFO  L229       MonitoredProcess]: Starting monitored process 2 with /home/anissa/.local/bin/z3 SMTLIB2_COMPLIANT=true -memory:1024 -smt2 -in -t:12000 (exit command is (exit), workingDir is null)
[2026-09-30 15:34:47,268 INFO  L327       MonitoredProcess]: [MP /home/anissa/.local/bin/z3 SMTLIB2_COMPLIANT=true -memory:1024 -smt2 -in -t:12000 (2)] Waiting until timeout for monitored process
[2026-09-30 15:34:47,269 INFO  L148   nArgumentSynthesizer]: Nontermination analysis: LINEAR Allow bounded executions: true Number of generalized eigenvectors: 0 Nilpotent components: true
[2026-09-30 15:34:47,269 INFO  L160   nArgumentSynthesizer]: Using integer mode.
[2026-09-30 15:34:47,286 INFO  L546       MonitoredProcess]: [MP /home/anissa/.local/bin/z3 SMTLIB2_COMPLIANT=true -memory:1024 -smt2 -in -t:12000 (2)] Ended with exit code 0
[2026-09-30 15:34:47,287 INFO  L173          SolverBuilder]: Constructing external solver with command: z3 SMTLIB2_COMPLIANT=true -memory:1024 -smt2 -in -t:12000
[2026-09-30 15:34:47,288 INFO  L189       MonitoredProcess]: No working directory specified, using /home/anissa/.local/bin/z3
[2026-09-30 15:34:47,290 INFO  L229       MonitoredProcess]: Starting monitored process 3 with /home/anissa/.local/bin/z3 SMTLIB2_COMPLIANT=true -memory:1024 -smt2 -in -t:12000 (exit command is (exit), workingDir is null)
[2026-09-30 15:34:47,291 INFO  L327       MonitoredProcess]: [MP /home/anissa/.local/bin/z3 SMTLIB2_COMPLIANT=true -memory:1024 -smt2 -in -t:12000 (3)] Waiting until timeout for monitored process
[2026-09-30 15:34:47,292 INFO  L148   nArgumentSynthesizer]: Nontermination analysis: LINEAR Allow bounded executions: true Number of generalized eigenvectors: 3 Nilpotent components: true
[2026-09-30 15:34:47,292 INFO  L160   nArgumentSynthesizer]: Using integer mode.
[2026-09-30 15:34:47,312 INFO  L546       MonitoredProcess]: [MP /home/anissa/.local/bin/z3 SMTLIB2_COMPLIANT=true -memory:1024 -smt2 -in -t:12000 (3)] Ended with exit code 0
[2026-09-30 15:34:47,312 INFO  L429          LassoAnalysis]: Proving nontermination failed: No geometric nontermination argument exists.
[2026-09-30 15:34:47,312 INFO  L214          LassoAnalysis]: Preferences:
[2026-09-30 15:34:47,313 INFO  L125   ssoRankerPreferences]: Compute integeral hull: false
[2026-09-30 15:34:47,313 INFO  L126   ssoRankerPreferences]: Enable LassoPartitioneer: false
[2026-09-30 15:34:47,313 INFO  L127   ssoRankerPreferences]: Term annotations enabled: false
[2026-09-30 15:34:47,313 INFO  L128   ssoRankerPreferences]: Use exernal solver: true
[2026-09-30 15:34:47,313 INFO  L129   ssoRankerPreferences]: SMT solver command: z3 SMTLIB2_COMPLIANT=true -memory:1024 -smt2 -in -t:12000
[2026-09-30 15:34:47,313 INFO  L130   ssoRankerPreferences]: Dump SMT script to file: false
[2026-09-30 15:34:47,313 INFO  L131   ssoRankerPreferences]: Path of dumped script: 
[2026-09-30 15:34:47,313 INFO  L132   ssoRankerPreferences]: Filename of dumped script: java_DivMinus1.c_Iteration1_Loop
[2026-09-30 15:34:47,313 INFO  L133   ssoRankerPreferences]: MapElimAlgo: Matthias
[2026-09-30 15:34:47,313 INFO  L251          LassoAnalysis]: Starting lasso preprocessing...
[2026-09-30 15:34:47,334 INFO  L270          LassoAnalysis]: Preprocessing complete.
[2026-09-30 15:34:47,338 INFO  L474          LassoAnalysis]: Using template 'affine'.
[2026-09-30 15:34:47,339 INFO  L173          SolverBuilder]: Constructing external solver with command: z3 SMTLIB2_COMPLIANT=true -memory:1024 -smt2 -in -t:12000
[2026-09-30 15:34:47,340 INFO  L189       MonitoredProcess]: No working directory specified, using /home/anissa/.local/bin/z3
[2026-09-30 15:34:47,342 INFO  L229       MonitoredProcess]: Starting monitored process 4 with /home/anissa/.local/bin/z3 SMTLIB2_COMPLIANT=true -memory:1024 -smt2 -in -t:12000 (exit command is (exit), workingDir is null)
[2026-09-30 15:34:47,343 INFO  L327       MonitoredProcess]: [MP /home/anissa/.local/bin/z3 SMTLIB2_COMPLIANT=true -memory:1024 -smt2 -in -t:12000 (4)] Waiting until timeout for monitored process
[2026-09-30 15:34:47,344 INFO  L120   nArgumentSynthesizer]: Termination Analysis Settings: Termination analysis: LINEARNumber of strict supporting invariants: 0Number of non-strict supporting invariants: 1Consider only non-deceasing supporting invariants: trueSimplify termination arguments: trueSimplify supporting invariants: trueOverapproximate stem: false
[2026-09-30 15:34:47,354 INFO  L338   nArgumentSynthesizer]: Template has degree 0.
[2026-09-30 15:34:47,355 INFO  L351   nArgumentSynthesizer]: There is no stem transition; disabling supporting invariant generation.
[2026-09-30 15:34:47,355 INFO  L203   nArgumentSynthesizer]: 1 stem disjuncts
[2026-09-30 15:34:47,356 INFO  L204   nArgumentSynthesizer]: 1 loop disjuncts
[2026-09-30 15:34:47,356 INFO  L205   nArgumentSynthesizer]: 2 template conjuncts.
[2026-09-30 15:34:47,360 INFO  L402   nArgumentSynthesizer]: We have 2 Motzkin's Theorem applications.
[2026-09-30 15:34:47,360 INFO  L403   nArgumentSynthesizer]: A total of 0 supporting invariants were added.
[2026-09-30 15:34:47,363 INFO  L420   nArgumentSynthesizer]: Found a termination argument, trying to simplify.
[2026-09-30 15:34:47,368 INFO  L436   ModelExtractionUtils]: Simplification made 5 calls to the SMT solver.
[2026-09-30 15:34:47,371 INFO  L437   ModelExtractionUtils]: 1 out of 5 variables were initially zero. Simplification set additionally 2 variables to zero.
[2026-09-30 15:34:47,372 INFO  L173          SolverBuilder]: Constructing external solver with command: z3 SMTLIB2_COMPLIANT=true -memory:1024 -smt2 -in -t:12000
[2026-09-30 15:34:47,373 INFO  L189       MonitoredProcess]: No working directory specified, using /home/anissa/.local/bin/z3
[2026-09-30 15:34:47,375 INFO  L229       MonitoredProcess]: Starting monitored process 5 with /home/anissa/.local/bin/z3 SMTLIB2_COMPLIANT=true -memory:1024 -smt2 -in -t:12000 (exit command is (exit), workingDir is null)
[2026-09-30 15:34:47,377 INFO  L327       MonitoredProcess]: [MP /home/anissa/.local/bin/z3 SMTLIB2_COMPLIANT=true -memory:1024 -smt2 -in -t:12000 (5)] Waiting until timeout for monitored process
[2026-09-30 15:34:47,377 INFO  L436   nArgumentSynthesizer]: Simplifying supporting invariants...
[2026-09-30 15:34:47,378 INFO  L534       MonitoredProcess]: [MP /home/anissa/.local/bin/z3 SMTLIB2_COMPLIANT=true -memory:1024 -smt2 -in -t:12000 (5)] Forceful destruction successful, exit code 0
[2026-09-30 15:34:47,378 INFO  L439   nArgumentSynthesizer]: Removed 0 redundant supporting invariants from a total of 0.
[2026-09-30 15:34:47,383 INFO  L546       MonitoredProcess]: [MP /home/anissa/.local/bin/z3 SMTLIB2_COMPLIANT=true -memory:1024 -smt2 -in -t:12000 (4)] Ended with exit code 0
[2026-09-30 15:34:47,383 INFO  L500          LassoAnalysis]: Proved termination.
[2026-09-30 15:34:47,383 INFO  L501          LassoAnalysis]: Termination argument consisting of:
Ranking function f(mdiv_~x) = 1*mdiv_~x
Supporting invariants []
[2026-09-30 15:34:47,386 INFO  L156   tatePredicateManager]: 0 out of 0 supporting invariants were superfluous and have been removed
[2026-09-30 15:34:47,407 INFO  L160       PredicateUnifier]: Initialized classic predicate unifier
[2026-09-30 15:34:47,411 INFO  L108    AnnotateAndAsserter]: Assert order NOT_INCREMENTALLY partitioned 1 statements into 1 equivalence classes.
[2026-09-30 15:34:47,413 INFO  L111    AnnotateAndAsserter]: Assert order NOT_INCREMENTALLY issued 1 check-sat command(s) and asserted 1 of 1 statements.
[2026-09-30 15:34:47,413 INFO  L114    AnnotateAndAsserter]: Assert order NOT_INCREMENTALLY issued 1 check-sat command(s)
[2026-09-30 15:34:47,413 INFO  L115    AnnotateAndAsserter]: Conjunction of SSA is unsat
[2026-09-30 15:34:47,414 INFO  L256         TraceCheckSpWp]: Trace formula consists of 12 conjuncts, 2 conjuncts are in the unsatisfiable core
[2026-09-30 15:34:47,414 INFO  L279         TraceCheckSpWp]: Computing forward predicates...
[2026-09-30 15:34:47,419 INFO  L108    AnnotateAndAsserter]: Assert order NOT_INCREMENTALLY partitioned 1 statements into 1 equivalence classes.
[2026-09-30 15:34:47,420 INFO  L111    AnnotateAndAsserter]: Assert order NOT_INCREMENTALLY issued 1 check-sat command(s) and asserted 1 of 1 statements.
[2026-09-30 15:34:47,421 INFO  L114    AnnotateAndAsserter]: Assert order NOT_INCREMENTALLY issued 1 check-sat command(s)
[2026-09-30 15:34:47,421 INFO  L115    AnnotateAndAsserter]: Conjunction of SSA is unsat
[2026-09-30 15:34:47,422 WARN  L254         TraceCheckSpWp]: Trace formula consists of 8 conjuncts, 5 conjuncts are in the unsatisfiable core
[2026-09-30 15:34:47,422 INFO  L279         TraceCheckSpWp]: Computing forward predicates...
[2026-09-30 15:34:47,426 INFO  L134       CoverageAnalysis]: Checked inductivity of 0 backedges. 0 proven. 0 refuted. 0 times theorem prover too weak. 0 trivial. 0 not checked.
[2026-09-30 15:34:47,448 INFO  L141   lantAutomatonBouncer]: Defining deterministic Buchi interpolant automaton with honda bouncer for stem and without honda bouncer for loop.1 stem predicates 1 loop predicates 
[2026-09-30 15:34:47,449 INFO  L69     BuchiDifferenceNCSB]: Start buchiDifferenceNCSB. First operand  has 3 states, 2 states have (on average 1.5) internal successors, (3), 2 states have internal predecessors, (3), 0 states have call successors, (0), 0 states have call predecessors, (0), 0 states have return successors, (0), 0 states have call predecessors, (0), 0 states have call successors, (0) Second operand  has 2 states, 2 states have (on average 1.0) internal successors, (2), 1 states have internal predecessors, (2), 0 states have call successors, (0), 0 states have call predecessors, (0), 0 states have return successors, (0), 0 states have call predecessors, (0), 0 states have call successors, (0)
[2026-09-30 15:34:47,466 INFO  L73     BuchiDifferenceNCSB]: Finished buchiDifferenceNCSB. First operand  has 3 states, 2 states have (on average 1.5) internal successors, (3), 2 states have internal predecessors, (3), 0 states have call successors, (0), 0 states have call predecessors, (0), 0 states have return successors, (0), 0 states have call predecessors, (0), 0 states have call successors, (0). Second operand  has 2 states, 2 states have (on average 1.0) internal successors, (2), 1 states have internal predecessors, (2), 0 states have call successors, (0), 0 states have call predecessors, (0), 0 states have return successors, (0), 0 states have call predecessors, (0), 0 states have call successors, (0) Result 4 states and 5 transitions. Complement of second has 3 states.
[2026-09-30 15:34:47,467 INFO  L140   InterpolantAutomaton]: Switched to read-only mode: Buchi interpolant automaton has 2 states 1 stem states 0 non-accepting loop states 1 accepting loop states 
[2026-09-30 15:34:47,470 INFO  L82        GeneralOperation]: Start removeUnreachable. Operand  has 2 states, 2 states have (on average 1.0) internal successors, (2), 1 states have internal predecessors, (2), 0 states have call successors, (0), 0 states have call predecessors, (0), 0 states have return successors, (0), 0 states have call predecessors, (0), 0 states have call successors, (0)
[2026-09-30 15:34:47,473 INFO  L88        GeneralOperation]: Finished removeUnreachable. Reduced from 2 states to 2 states and 2 transitions.
[2026-09-30 15:34:47,475 INFO  L85            BuchiAccepts]: Start buchiAccepts Operand 2 states and 2 transitions. Stem has 1 letters. Loop has 1 letters.
[2026-09-30 15:34:47,475 INFO  L117           BuchiAccepts]: Finished buchiAccepts.
[2026-09-30 15:34:47,476 INFO  L85            BuchiAccepts]: Start buchiAccepts Operand 2 states and 2 transitions. Stem has 2 letters. Loop has 1 letters.
[2026-09-30 15:34:47,476 INFO  L117           BuchiAccepts]: Finished buchiAccepts.
[2026-09-30 15:34:47,476 INFO  L85            BuchiAccepts]: Start buchiAccepts Operand 2 states and 2 transitions. Stem has 1 letters. Loop has 2 letters.
[2026-09-30 15:34:47,476 INFO  L117           BuchiAccepts]: Finished buchiAccepts.
[2026-09-30 15:34:47,476 INFO  L82        GeneralOperation]: Start removeNonLiveStates. Operand 4 states and 5 transitions.
[2026-09-30 15:34:47,477 INFO  L131   ngComponentsAnalysis]: Automaton has 0 accepting balls. 0
[2026-09-30 15:34:47,478 INFO  L88        GeneralOperation]: Finished removeNonLiveStates. Reduced from 4 states to 0 states and 0 transitions.
[2026-09-30 15:34:47,478 INFO  L87         BuchiClosureNwa]: Accepting states before buchiClosure: 0
[2026-09-30 15:34:47,478 INFO  L106        BuchiClosureNwa]: Accepting states after buchiClosure: 0
[2026-09-30 15:34:47,478 INFO  L74         IsDeterministic]: Start isDeterministic. Operand 0 states and 0 transitions.
[2026-09-30 15:34:47,478 INFO  L81         IsDeterministic]: Finished isDeterministic. Operand is deterministic.
[2026-09-30 15:34:47,479 INFO  L218   hiAutomatonCegarLoop]: Abstraction has 0 states and 0 transitions.
[2026-09-30 15:34:47,479 INFO  L240   hiAutomatonCegarLoop]: Abstraction has 0 states and 0 transitions.
[2026-09-30 15:34:47,479 INFO  L464   stractBuchiCegarLoop]: Abstraction has 0 states and 0 transitions.
[2026-09-30 15:34:47,479 INFO  L363   stractBuchiCegarLoop]: ======== Iteration 2 ============
[2026-09-30 15:34:47,479 INFO  L73            BuchiIsEmpty]: Start buchiIsEmpty. Operand 0 states and 0 transitions.
[2026-09-30 15:34:47,479 INFO  L131   ngComponentsAnalysis]: Automaton has 0 accepting balls. 0
[2026-09-30 15:34:47,479 INFO  L88            BuchiIsEmpty]: Finished buchiIsEmpty Result is true
[2026-09-30 15:34:47,485 INFO  L201        PluginConnector]: Adding new model de.uni_freiburg.informatik.ultimate.plugins.generator.buchiautomizer CFG 30.09 03:34:47 BoogieIcfgContainer
[2026-09-30 15:34:47,485 INFO  L131        PluginConnector]: ------------------------ END BuchiAutomizer----------------------------
[2026-09-30 15:34:47,486 INFO  L158              Benchmark]: Toolchain (without parser) took 780,78ms. Allocated memory is still 536,9MB. Free memory was 505,0MB in the beginning and 422,9MB in the end (delta: 82,1MB). Peak memory consumption was 83,9MB. Max. memory is 12,9GB.
[2026-09-30 15:34:47,486 INFO  L158              Benchmark]: CDTParser took 0,22ms. Allocated memory is still 536,9MB. Free memory is still 500,7MB. There was no memory consumed. Max. memory is 12,9GB.
[2026-09-30 15:34:47,486 INFO  L158              Benchmark]: CACSL2BoogieTranslator took 135,31ms. Allocated memory is still 536,9MB. Free memory was 505,0MB in the beginning and 489,9MB in the end (delta: 15,1MB). Peak memory consumption was 16,8MB. Max. memory is 12,9GB.
[2026-09-30 15:34:47,486 INFO  L158              Benchmark]: Boogie Preprocessor took 26,94ms. Allocated memory is still 536,9MB. Free memory was 489,9MB in the beginning and 489,1MB in the end (delta: 825,6kB). There was no memory consumed. Max. memory is 12,9GB.
[2026-09-30 15:34:47,487 INFO  L158              Benchmark]: IcfgBuilder took 147,92ms. Allocated memory is still 536,9MB. Free memory was 489,1MB in the beginning and 472,2MB in the end (delta: 16,8MB). Peak memory consumption was 16,8MB. Max. memory is 12,9GB.
[2026-09-30 15:34:47,487 INFO  L158              Benchmark]: BuchiAutomizer took 466,55ms. Allocated memory is still 536,9MB. Free memory was 472,2MB in the beginning and 422,9MB in the end (delta: 49,3MB). Peak memory consumption was 50,3MB. Max. memory is 12,9GB.
[2026-09-30 15:34:47,489 INFO  L338   ainManager$Toolchain]: #######################  End [Toolchain 1] #######################
 --- Results ---
 * Results from de.uni_freiburg.informatik.ultimate.core:
  - StatisticsResult: Toolchain Benchmarks
    Benchmark results are:
 * CDTParser took 0,22ms. Allocated memory is still 536,9MB. Free memory is still 500,7MB. There was no memory consumed. Max. memory is 12,9GB.
 * CACSL2BoogieTranslator took 135,31ms. Allocated memory is still 536,9MB. Free memory was 505,0MB in the beginning and 489,9MB in the end (delta: 15,1MB). Peak memory consumption was 16,8MB. Max. memory is 12,9GB.
 * Boogie Preprocessor took 26,94ms. Allocated memory is still 536,9MB. Free memory was 489,9MB in the beginning and 489,1MB in the end (delta: 825,6kB). There was no memory consumed. Max. memory is 12,9GB.
 * IcfgBuilder took 147,92ms. Allocated memory is still 536,9MB. Free memory was 489,1MB in the beginning and 472,2MB in the end (delta: 16,8MB). Peak memory consumption was 16,8MB. Max. memory is 12,9GB.
 * BuchiAutomizer took 466,55ms. Allocated memory is still 536,9MB. Free memory was 472,2MB in the beginning and 422,9MB in the end (delta: 49,3MB). Peak memory consumption was 50,3MB. Max. memory is 12,9GB.
 * Results from de.uni_freiburg.informatik.ultimate.plugins.generator.traceabstraction:
  - StatisticsResult: Constructed decomposition of program
    Your program was decomposed into 1 terminating modules (0 trivial, 1 deterministic, 0 nondeterministic). One deterministic module has affine ranking function x and consists of 2 locations. 
  - StatisticsResult: Timing statistics
    BüchiAutomizer plugin needed 0.4s and 2 iterations.  TraceHistogramMax:1. Analysis of lassos took 0.3s. Construction of modules took 0.0s. Büchi inclusion checks took 0.0s. Highest rank in rank-based complementation 3. Minimization of det autom 1. Minimization of nondet autom 0. Automata minimization No data available. Non-live state removal took 0.0s Buchi closure took 0.0s. Biggest automaton had -1 states and ocurred in iteration -1.	Nontrivial modules had stage [1, 0, 0, 0, 0].	InterpolantCoveringCapabilityFinite: 0/0	InterpolantCoveringCapabilityBuchi: 0/0	HoareTripleCheckerStatistics: 0 mSolverCounterUnknown, 1 SdHoareTripleChecker+Valid, 0,0s IncrementalHoareTripleChecker+Time, 0 mSdLazyCounter, 0 mSDsluCounter, 1 SdHoareTripleChecker+Invalid, 0,0s Time, 0 mProtectedAction, 0 SdHoareTripleChecker+Unchecked, 0 IncrementalHoareTripleChecker+Unchecked, 0 mSDsCounter, 1 IncrementalHoareTripleChecker+Valid, 0 mProtectedPredicate, 4 IncrementalHoareTripleChecker+Invalid, 5 SdHoareTripleChecker+Unknown, 0 mSolverCounterNotChecked, 1 mSolverCounterUnsat, 1 mSDtfsCounter, 4 mSolverCounterSat, 0,0s SdHoareTripleChecker+Time, 0 IncrementalHoareTripleChecker+Unknown	LassoAnalysisResults: nont0 unkn0 SFLI0 SFLT1 conc0 concLT0 SILN0 SILU0 SILI0 SILT0 lasso0 LassoPreprocessingBenchmarks:   Lassos: inital18 mio100 ax100 arr100 mio100 div100 bol100 ite100 ukn100 eq166 smp100 dnf93 smp100 tf107 neg100 sie100 LassoTerminationAnalysisBenchmarks: ConstraintsSatisfiability: sat Degree: 0 Time: 40ms VariablesStem: 0 VariablesLoop: 5 DisjunctsStem: 1 DisjunctsLoop: 1 SupportingInvariants: 0 MotzkinApplications: 2 LassoTerminationAnalysisBenchmarks: LassoNonterminationAnalysisSatFixpoint: 0	LassoNonterminationAnalysisSatUnbounded: 0	LassoNonterminationAnalysisUnsat: 1	LassoNonterminationAnalysisUnknown: 0	LassoNonterminationAnalysisTime: 0.0s	InitialAbstractionConstructionTime: 0.0s
  - TerminationAnalysisResult: Termination proven
    Buchi Automizer proved that your program is terminating
RESULT: Ultimate proved your program to be correct!
[2026-09-30 15:34:47,497 INFO  L546       MonitoredProcess]: [MP /home/anissa/.local/bin/z3 SMTLIB2_COMPLIANT=true -memory:1024 -smt2 -in -t:12000 (1)] Ended with exit code 0
Received shutdown request...
