This is Ultimate 0.3.2-dev-4a3209064b
[2026-09-30 15:34:49,066 INFO  L188        SettingsManager]: Resetting all preferences to default values...
[2026-09-30 15:34:49,116 INFO  L114        SettingsManager]: Loading settings from /home/anissa/Documents/Tools/PaSTTeL/output/smoke/ulr_vs_upl/BuchiAutomizerPasttel.epf
[2026-09-30 15:34:49,158 INFO  L130        SettingsManager]: Preferences different from defaults after loading the file:
[2026-09-30 15:34:49,159 INFO  L151        SettingsManager]: Preferences of BuchiAutomizer differ from their defaults:
[2026-09-30 15:34:49,159 INFO  L153        SettingsManager]:  * PaSTTeL binary path=/home/anissa/Documents/Tools/PaSTTeL/pasttel/bin/pasttel
[2026-09-30 15:34:49,159 INFO  L153        SettingsManager]:  * Rank synthesis backend=PASTTEL
[2026-09-30 15:34:49,159 INFO  L153        SettingsManager]:  * PaSTTeL number of CPUs=5
[2026-09-30 15:34:49,305 INFO  L75    nceAwareModelManager]: Repository-Root is: /tmp
[2026-09-30 15:34:49,313 INFO  L261   ainManager$Toolchain]: [Toolchain 1]: Applicable parser(s) successfully (re)initialized
[2026-09-30 15:34:49,315 INFO  L217   ainManager$Toolchain]: [Toolchain 1]: Toolchain selected.
[2026-09-30 15:34:49,315 INFO  L270        PluginConnector]: Initializing CDTParser...
[2026-09-30 15:34:49,316 INFO  L274        PluginConnector]: CDTParser initialized
[2026-09-30 15:34:49,316 INFO  L431   ainManager$Toolchain]: [Toolchain 1]: Parsing single file: /home/anissa/Documents/Tools/PaSTTeL/benchmarks/smoke_test/full_programs_c_bpl/java_DivMinus1.c
!SESSION 2026-09-30 15:34:48.056 -----------------------------------------------
eclipse.buildId=unknown
java.version=21.0.12.1
java.vendor=Ubuntu
BootLoader constants: OS=linux, ARCH=x86_64, WS=gtk, NL=fr_FR
Framework arguments:  --console -tc /home/anissa/Documents/Tools/PaSTTeL/tools/toolchains/BuchiAutomizerC.xml -s /home/anissa/Documents/Tools/PaSTTeL/output/smoke/ulr_vs_upl/BuchiAutomizerPasttel.epf -i /home/anissa/Documents/Tools/PaSTTeL/benchmarks/smoke_test/full_programs_c_bpl/java_DivMinus1.c
Command-line arguments:  -os linux -ws gtk -arch x86_64 -consoleLog --console -data @user.home/.ultimate -tc /home/anissa/Documents/Tools/PaSTTeL/tools/toolchains/BuchiAutomizerC.xml -s /home/anissa/Documents/Tools/PaSTTeL/output/smoke/ulr_vs_upl/BuchiAutomizerPasttel.epf -i /home/anissa/Documents/Tools/PaSTTeL/benchmarks/smoke_test/full_programs_c_bpl/java_DivMinus1.c

!ENTRY org.eclipse.cdt.core 1 0 2026-09-30 15:34:49.891
!MESSAGE Indexed 'FLAG9d95af84b' (0 sources, 0 headers) in 0,001 sec: 0 declarations; 0 references; 0 unresolved inclusions; 0 syntax errors; 0 unresolved names (0 %)
[2026-09-30 15:34:50,166 INFO  L538              CDTParser]: Created temporary CDT project at /home/anissa/.ultimate/4bc86641c6df40d092a135fea11e02e2/FLAG9d95af84b
[2026-09-30 15:34:50,270 INFO  L389              CDTParser]: Found 1 translation units.
[2026-09-30 15:34:50,270 INFO  L178              CDTParser]: Scanning /home/anissa/Documents/Tools/PaSTTeL/benchmarks/smoke_test/full_programs_c_bpl/java_DivMinus1.c
[2026-09-30 15:34:50,275 INFO  L432              CDTParser]: About to delete temporary CDT project at /home/anissa/.ultimate/4bc86641c6df40d092a135fea11e02e2/FLAG9d95af84b
[2026-09-30 15:34:51,217 INFO  L440              CDTParser]: Successfully deleted /home/anissa/.ultimate/4bc86641c6df40d092a135fea11e02e2
[2026-09-30 15:34:51,220 INFO  L299   ainManager$Toolchain]: ####################### [Toolchain 1] #######################
[2026-09-30 15:34:51,221 INFO  L133        ToolchainWalker]: Walking toolchain with 4 elements.
[2026-09-30 15:34:51,222 INFO  L112        PluginConnector]: ------------------------CACSL2BoogieTranslator----------------------------
[2026-09-30 15:34:51,222 INFO  L270        PluginConnector]: Initializing CACSL2BoogieTranslator...
[2026-09-30 15:34:51,224 INFO  L274        PluginConnector]: CACSL2BoogieTranslator initialized
[2026-09-30 15:34:51,225 INFO  L184        PluginConnector]: Executing the observer ACSLObjectContainerObserver from plugin CACSL2BoogieTranslator for "CDTParser AST 30.09 03:34:51" (1/1) ...
[2026-09-30 15:34:51,225 INFO  L204        PluginConnector]: Invalid model from CACSL2BoogieTranslator for observer de.uni_freiburg.informatik.ultimate.plugins.generator.cacsl2boogietranslator.ACSLObjectContainerObserver@1a850f7c and model type de.uni_freiburg.informatik.ultimate.plugins.generator.cacsl2boogietranslator AST 30.09 03:34:51, skipping insertion in model container
[2026-09-30 15:34:51,225 INFO  L184        PluginConnector]: Executing the observer CACSL2BoogieTranslatorObserver from plugin CACSL2BoogieTranslator for "CDTParser AST 30.09 03:34:51" (1/1) ...
[2026-09-30 15:34:51,233 INFO  L177         MainTranslator]: Built tables and reachable declarations
[2026-09-30 15:34:51,337 INFO  L202          PostProcessor]: Analyzing all entry points
[2026-09-30 15:34:51,339 INFO  L206         MainTranslator]: Completed pre-run
[2026-09-30 15:34:51,350 INFO  L202          PostProcessor]: Analyzing all entry points
[2026-09-30 15:34:51,358 INFO  L211         MainTranslator]: Completed translation
[2026-09-30 15:34:51,358 INFO  L201        PluginConnector]: Adding new model de.uni_freiburg.informatik.ultimate.plugins.generator.cacsl2boogietranslator AST 30.09 03:34:51 WrapperNode
[2026-09-30 15:34:51,358 INFO  L131        PluginConnector]: ------------------------ END CACSL2BoogieTranslator----------------------------
[2026-09-30 15:34:51,359 INFO  L112        PluginConnector]: ------------------------Boogie Preprocessor----------------------------
[2026-09-30 15:34:51,359 INFO  L270        PluginConnector]: Initializing Boogie Preprocessor...
[2026-09-30 15:34:51,359 INFO  L274        PluginConnector]: Boogie Preprocessor initialized
[2026-09-30 15:34:51,363 INFO  L184        PluginConnector]: Executing the observer EnsureBoogieModelObserver from plugin Boogie Preprocessor for "de.uni_freiburg.informatik.ultimate.plugins.generator.cacsl2boogietranslator AST 30.09 03:34:51" (1/1) ...
[2026-09-30 15:34:51,363 INFO  L184        PluginConnector]: Executing the observer TypeChecker from plugin Boogie Preprocessor for "de.uni_freiburg.informatik.ultimate.plugins.generator.cacsl2boogietranslator AST 30.09 03:34:51" (1/1) ...
[2026-09-30 15:34:51,366 INFO  L184        PluginConnector]: Executing the observer ConstExpander from plugin Boogie Preprocessor for "de.uni_freiburg.informatik.ultimate.plugins.generator.cacsl2boogietranslator AST 30.09 03:34:51" (1/1) ...
[2026-09-30 15:34:51,366 INFO  L184        PluginConnector]: Executing the observer StructExpander from plugin Boogie Preprocessor for "de.uni_freiburg.informatik.ultimate.plugins.generator.cacsl2boogietranslator AST 30.09 03:34:51" (1/1) ...
[2026-09-30 15:34:51,367 INFO  L184        PluginConnector]: Executing the observer ReplaceArrayAssignments from plugin Boogie Preprocessor for "de.uni_freiburg.informatik.ultimate.plugins.generator.cacsl2boogietranslator AST 30.09 03:34:51" (1/1) ...
[2026-09-30 15:34:51,367 INFO  L184        PluginConnector]: Executing the observer FunctionInliner from plugin Boogie Preprocessor for "de.uni_freiburg.informatik.ultimate.plugins.generator.cacsl2boogietranslator AST 30.09 03:34:51" (1/1) ...
[2026-09-30 15:34:51,368 INFO  L184        PluginConnector]: Executing the observer LTLStepAnnotator from plugin Boogie Preprocessor for "de.uni_freiburg.informatik.ultimate.plugins.generator.cacsl2boogietranslator AST 30.09 03:34:51" (1/1) ...
[2026-09-30 15:34:51,368 INFO  L184        PluginConnector]: Executing the observer BoogieSymbolTableConstructor from plugin Boogie Preprocessor for "de.uni_freiburg.informatik.ultimate.plugins.generator.cacsl2boogietranslator AST 30.09 03:34:51" (1/1) ...
[2026-09-30 15:34:51,370 INFO  L131        PluginConnector]: ------------------------ END Boogie Preprocessor----------------------------
[2026-09-30 15:34:51,370 INFO  L112        PluginConnector]: ------------------------IcfgBuilder----------------------------
[2026-09-30 15:34:51,370 INFO  L270        PluginConnector]: Initializing IcfgBuilder...
[2026-09-30 15:34:51,370 INFO  L274        PluginConnector]: IcfgBuilder initialized
[2026-09-30 15:34:51,371 INFO  L184        PluginConnector]: Executing the observer IcfgBuilderObserver from plugin IcfgBuilder for "de.uni_freiburg.informatik.ultimate.plugins.generator.cacsl2boogietranslator AST 30.09 03:34:51" (1/1) ...
[2026-09-30 15:34:51,374 INFO  L173          SolverBuilder]: Constructing external solver with command: z3 SMTLIB2_COMPLIANT=true -memory:1024 -smt2 -in -t:12000
[2026-09-30 15:34:51,382 INFO  L189       MonitoredProcess]: No working directory specified, using /home/anissa/.local/bin/z3
[2026-09-30 15:34:51,391 INFO  L229       MonitoredProcess]: Starting monitored process 1 with /home/anissa/.local/bin/z3 SMTLIB2_COMPLIANT=true -memory:1024 -smt2 -in -t:12000 (exit command is (exit), workingDir is null)
[2026-09-30 15:34:51,393 INFO  L327       MonitoredProcess]: [MP /home/anissa/.local/bin/z3 SMTLIB2_COMPLIANT=true -memory:1024 -smt2 -in -t:12000 (1)] Waiting until timeout for monitored process
[2026-09-30 15:34:51,408 INFO  L138     BoogieDeclarations]: Found implementation of procedure mdiv
[2026-09-30 15:34:51,408 INFO  L130     BoogieDeclarations]: Found specification of procedure mdiv
[2026-09-30 15:34:51,436 INFO  L250             CfgBuilder]: Building ICFG
[2026-09-30 15:34:51,437 INFO  L281             CfgBuilder]: Building CFG for each procedure with an implementation
[2026-09-30 15:34:51,471 INFO  L?                        ?]: Removed 4 outVars from TransFormulas that were not future-live.
[2026-09-30 15:34:51,471 INFO  L302             CfgBuilder]: Performing block encoding
[2026-09-30 15:34:51,475 INFO  L104     LargeBlockEncoding]: Applying CFG Large Block Encoding to ICFG that has 1 procedures, 4 locations, 4 edges, 0 initial locations, 1 loop locations, and 0 error locations.
[2026-09-30 15:34:51,480 INFO  L154     LargeBlockEncoding]: LargeBlockEncoding completed in 7 ms, with 1 straightline sequential compositions, 0 parallel compositions, 0 1:n/n:1 sequential compositions and 0 complex sequential compositions.
[2026-09-30 15:34:51,480 INFO  L324             CfgBuilder]: Using library mode
[2026-09-30 15:34:51,481 INFO  L332             CfgBuilder]: Removed 0 assume(true) statements.
[2026-09-30 15:34:51,481 INFO  L334             CfgBuilder]: Constructed ICFG has 1 procedures, 3 locations, 3 edges, 1 initial locations, 1 loop locations, and 0 error locations.
[2026-09-30 15:34:51,481 INFO  L201        PluginConnector]: Adding new model de.uni_freiburg.informatik.ultimate.plugins.generator.icfgbuilder CFG 30.09 03:34:51 BoogieIcfgContainer
[2026-09-30 15:34:51,481 INFO  L131        PluginConnector]: ------------------------ END IcfgBuilder----------------------------
[2026-09-30 15:34:51,482 INFO  L112        PluginConnector]: ------------------------BuchiAutomizer----------------------------
[2026-09-30 15:34:51,482 INFO  L270        PluginConnector]: Initializing BuchiAutomizer...
[2026-09-30 15:34:51,485 INFO  L274        PluginConnector]: BuchiAutomizer initialized
[2026-09-30 15:34:51,485 INFO  L99          BuchiAutomizer]: Safety of program was proven or not checked, starting termination analysis
[2026-09-30 15:34:51,485 INFO  L184        PluginConnector]: Executing the observer BuchiAutomizerObserver from plugin BuchiAutomizer for "CDTParser AST 30.09 03:34:51" (1/3) ...
[2026-09-30 15:34:51,486 INFO  L204        PluginConnector]: Invalid model from BuchiAutomizer for observer de.uni_freiburg.informatik.ultimate.plugins.generator.buchiautomizer.BuchiAutomizerObserver@35731fe and model type de.uni_freiburg.informatik.ultimate.plugins.generator.buchiautomizer AST 30.09 03:34:51, skipping insertion in model container
[2026-09-30 15:34:51,486 INFO  L99          BuchiAutomizer]: Safety of program was proven or not checked, starting termination analysis
[2026-09-30 15:34:51,486 INFO  L184        PluginConnector]: Executing the observer BuchiAutomizerObserver from plugin BuchiAutomizer for "de.uni_freiburg.informatik.ultimate.plugins.generator.cacsl2boogietranslator AST 30.09 03:34:51" (2/3) ...
[2026-09-30 15:34:51,486 INFO  L204        PluginConnector]: Invalid model from BuchiAutomizer for observer de.uni_freiburg.informatik.ultimate.plugins.generator.buchiautomizer.BuchiAutomizerObserver@35731fe and model type de.uni_freiburg.informatik.ultimate.plugins.generator.buchiautomizer AST 30.09 03:34:51, skipping insertion in model container
[2026-09-30 15:34:51,486 INFO  L99          BuchiAutomizer]: Safety of program was proven or not checked, starting termination analysis
[2026-09-30 15:34:51,486 INFO  L184        PluginConnector]: Executing the observer BuchiAutomizerObserver from plugin BuchiAutomizer for "de.uni_freiburg.informatik.ultimate.plugins.generator.icfgbuilder CFG 30.09 03:34:51" (3/3) ...
[2026-09-30 15:34:51,487 INFO  L363   chiAutomizerObserver]: Analyzing ICFG java_DivMinus1.c
[2026-09-30 15:34:51,515 INFO  L333   stractBuchiCegarLoop]: Interprodecural is true
[2026-09-30 15:34:51,515 INFO  L334   stractBuchiCegarLoop]: Hoare is None
[2026-09-30 15:34:51,515 INFO  L335   stractBuchiCegarLoop]: Compute interpolants for ForwardPredicates
[2026-09-30 15:34:51,515 INFO  L336   stractBuchiCegarLoop]: Backedges is STRAIGHT_LINE
[2026-09-30 15:34:51,515 INFO  L337   stractBuchiCegarLoop]: Determinization is PREDICATE_ABSTRACTION
[2026-09-30 15:34:51,515 INFO  L338   stractBuchiCegarLoop]: Difference is false
[2026-09-30 15:34:51,515 INFO  L339   stractBuchiCegarLoop]: Minimize is MINIMIZE_SEVPA
[2026-09-30 15:34:51,515 INFO  L343   stractBuchiCegarLoop]: ======== Iteration 0 == of CEGAR loop == BuchiAutomatonCegarLoop ========
[2026-09-30 15:34:51,517 INFO  L73            BuchiIsEmpty]: Start buchiIsEmpty. Operand  has 3 states, 2 states have (on average 1.5) internal successors, (3), 2 states have internal predecessors, (3), 0 states have call successors, (0), 0 states have call predecessors, (0), 0 states have return successors, (0), 0 states have call predecessors, (0), 0 states have call successors, (0)
[2026-09-30 15:34:51,524 INFO  L131   ngComponentsAnalysis]: Automaton has 1 accepting balls. 1
[2026-09-30 15:34:51,524 INFO  L88            BuchiIsEmpty]: Finished buchiIsEmpty Result is false
[2026-09-30 15:34:51,524 INFO  L120           BuchiIsEmpty]: Starting construction of run
[2026-09-30 15:34:51,527 INFO  L148   hiAutomatonCegarLoop]: Counterexample stem histogram [1]
[2026-09-30 15:34:51,527 INFO  L149   hiAutomatonCegarLoop]: Counterexample loop histogram [1]
[2026-09-30 15:34:51,527 INFO  L363   stractBuchiCegarLoop]: ======== Iteration 1 ============
[2026-09-30 15:34:51,527 INFO  L73            BuchiIsEmpty]: Start buchiIsEmpty. Operand  has 3 states, 2 states have (on average 1.5) internal successors, (3), 2 states have internal predecessors, (3), 0 states have call successors, (0), 0 states have call predecessors, (0), 0 states have return successors, (0), 0 states have call predecessors, (0), 0 states have call successors, (0)
[2026-09-30 15:34:51,527 INFO  L131   ngComponentsAnalysis]: Automaton has 1 accepting balls. 1
[2026-09-30 15:34:51,527 INFO  L88            BuchiIsEmpty]: Finished buchiIsEmpty Result is false
[2026-09-30 15:34:51,528 INFO  L120           BuchiIsEmpty]: Starting construction of run
[2026-09-30 15:34:51,528 INFO  L148   hiAutomatonCegarLoop]: Counterexample stem histogram [1]
[2026-09-30 15:34:51,528 INFO  L149   hiAutomatonCegarLoop]: Counterexample loop histogram [1]
[2026-09-30 15:34:51,535 INFO  L1146  eck$LassoCheckResult]: Stem: "assume -2147483648 <= #in~x && #in~x <= 2147483647;~x := #in~x;assume -2147483648 <= #in~y && #in~y <= 2147483647;~y := #in~y;~res~0 := 0;" 
[2026-09-30 15:34:51,535 INFO  L1148  eck$LassoCheckResult]: Loop: "assume ~x >= ~y && ~y > 0;~x := ~x - ~y;~res~0 := 1 + ~res~0;" 
[2026-09-30 15:34:51,538 INFO  L160       PredicateUnifier]: Initialized classic predicate unifier
[2026-09-30 15:34:51,538 INFO  L86        PathProgramCache]: Analyzing trace with hash 33, now seen corresponding path program 1 times
[2026-09-30 15:34:51,542 INFO  L118   FreeRefinementEngine]: Executing refinement strategy FIXED_PREFERENCES
[2026-09-30 15:34:51,542 INFO  L324   FreeRefinementEngine]: Using trace check IpTcStrategyModulePreferences [827251992]
[2026-09-30 15:34:51,542 INFO  L97    rtionOrderModulation]: Keeping assertion order NOT_INCREMENTALLY
[2026-09-30 15:34:51,543 INFO  L127          SolverBuilder]: Constructing new instance of SMTInterpol with explicit timeout -1 ms and remaining time -1 ms
[2026-09-30 15:34:51,578 INFO  L108    AnnotateAndAsserter]: Assert order NOT_INCREMENTALLY partitioned 1 statements into 1 equivalence classes.
[2026-09-30 15:34:51,589 INFO  L111    AnnotateAndAsserter]: Assert order NOT_INCREMENTALLY issued 1 check-sat command(s) and asserted 1 of 1 statements.
[2026-09-30 15:34:51,589 INFO  L114    AnnotateAndAsserter]: Assert order NOT_INCREMENTALLY issued 1 check-sat command(s)
[2026-09-30 15:34:51,589 INFO  L115    AnnotateAndAsserter]: Conjunction of SSA is sat
[2026-09-30 15:34:51,590 INFO  L348             TraceCheck]: Trace is feasible, we will do another trace check, this time with branch encoders.
[2026-09-30 15:34:51,592 INFO  L108    AnnotateAndAsserter]: Assert order NOT_INCREMENTALLY partitioned 1 statements into 1 equivalence classes.
[2026-09-30 15:34:51,596 INFO  L111    AnnotateAndAsserter]: Assert order NOT_INCREMENTALLY issued 1 check-sat command(s) and asserted 1 of 1 statements.
[2026-09-30 15:34:51,596 INFO  L114    AnnotateAndAsserter]: Assert order NOT_INCREMENTALLY issued 1 check-sat command(s)
[2026-09-30 15:34:51,596 INFO  L115    AnnotateAndAsserter]: Conjunction of SSA is sat
[2026-09-30 15:34:51,605 INFO  L130   FreeRefinementEngine]: Strategy FIXED_PREFERENCES found a feasible trace
[2026-09-30 15:34:51,607 INFO  L160       PredicateUnifier]: Initialized classic predicate unifier
[2026-09-30 15:34:51,607 INFO  L86        PathProgramCache]: Analyzing trace with hash 32, now seen corresponding path program 1 times
[2026-09-30 15:34:51,608 INFO  L118   FreeRefinementEngine]: Executing refinement strategy FIXED_PREFERENCES
[2026-09-30 15:34:51,608 INFO  L324   FreeRefinementEngine]: Using trace check IpTcStrategyModulePreferences [282403806]
[2026-09-30 15:34:51,608 INFO  L97    rtionOrderModulation]: Keeping assertion order NOT_INCREMENTALLY
[2026-09-30 15:34:51,608 INFO  L127          SolverBuilder]: Constructing new instance of SMTInterpol with explicit timeout -1 ms and remaining time -1 ms
[2026-09-30 15:34:51,613 INFO  L108    AnnotateAndAsserter]: Assert order NOT_INCREMENTALLY partitioned 1 statements into 1 equivalence classes.
[2026-09-30 15:34:51,617 INFO  L111    AnnotateAndAsserter]: Assert order NOT_INCREMENTALLY issued 1 check-sat command(s) and asserted 1 of 1 statements.
[2026-09-30 15:34:51,617 INFO  L114    AnnotateAndAsserter]: Assert order NOT_INCREMENTALLY issued 1 check-sat command(s)
[2026-09-30 15:34:51,617 INFO  L115    AnnotateAndAsserter]: Conjunction of SSA is sat
[2026-09-30 15:34:51,617 INFO  L348             TraceCheck]: Trace is feasible, we will do another trace check, this time with branch encoders.
[2026-09-30 15:34:51,618 INFO  L108    AnnotateAndAsserter]: Assert order NOT_INCREMENTALLY partitioned 1 statements into 1 equivalence classes.
[2026-09-30 15:34:51,620 INFO  L111    AnnotateAndAsserter]: Assert order NOT_INCREMENTALLY issued 1 check-sat command(s) and asserted 1 of 1 statements.
[2026-09-30 15:34:51,620 INFO  L114    AnnotateAndAsserter]: Assert order NOT_INCREMENTALLY issued 1 check-sat command(s)
[2026-09-30 15:34:51,620 INFO  L115    AnnotateAndAsserter]: Conjunction of SSA is sat
[2026-09-30 15:34:51,621 INFO  L130   FreeRefinementEngine]: Strategy FIXED_PREFERENCES found a feasible trace
[2026-09-30 15:34:51,622 INFO  L160       PredicateUnifier]: Initialized classic predicate unifier
[2026-09-30 15:34:51,622 INFO  L86        PathProgramCache]: Analyzing trace with hash 1024, now seen corresponding path program 1 times
[2026-09-30 15:34:51,622 INFO  L118   FreeRefinementEngine]: Executing refinement strategy FIXED_PREFERENCES
[2026-09-30 15:34:51,622 INFO  L324   FreeRefinementEngine]: Using trace check IpTcStrategyModulePreferences [1332574127]
[2026-09-30 15:34:51,622 INFO  L97    rtionOrderModulation]: Keeping assertion order NOT_INCREMENTALLY
[2026-09-30 15:34:51,622 INFO  L127          SolverBuilder]: Constructing new instance of SMTInterpol with explicit timeout -1 ms and remaining time -1 ms
[2026-09-30 15:34:51,625 INFO  L108    AnnotateAndAsserter]: Assert order NOT_INCREMENTALLY partitioned 2 statements into 1 equivalence classes.
[2026-09-30 15:34:51,630 INFO  L111    AnnotateAndAsserter]: Assert order NOT_INCREMENTALLY issued 1 check-sat command(s) and asserted 2 of 2 statements.
[2026-09-30 15:34:51,630 INFO  L114    AnnotateAndAsserter]: Assert order NOT_INCREMENTALLY issued 1 check-sat command(s)
[2026-09-30 15:34:51,631 INFO  L115    AnnotateAndAsserter]: Conjunction of SSA is sat
[2026-09-30 15:34:51,631 INFO  L348             TraceCheck]: Trace is feasible, we will do another trace check, this time with branch encoders.
[2026-09-30 15:34:51,632 INFO  L108    AnnotateAndAsserter]: Assert order NOT_INCREMENTALLY partitioned 2 statements into 1 equivalence classes.
[2026-09-30 15:34:51,635 INFO  L111    AnnotateAndAsserter]: Assert order NOT_INCREMENTALLY issued 1 check-sat command(s) and asserted 2 of 2 statements.
[2026-09-30 15:34:51,635 INFO  L114    AnnotateAndAsserter]: Assert order NOT_INCREMENTALLY issued 1 check-sat command(s)
[2026-09-30 15:34:51,635 INFO  L115    AnnotateAndAsserter]: Conjunction of SSA is sat
[2026-09-30 15:34:51,636 INFO  L130   FreeRefinementEngine]: Strategy FIXED_PREFERENCES found a feasible trace
[2026-09-30 15:34:51,685 INFO  L214          LassoAnalysis]: Preferences:
[2026-09-30 15:34:51,685 INFO  L125   ssoRankerPreferences]: Compute integeral hull: false
[2026-09-30 15:34:51,685 INFO  L126   ssoRankerPreferences]: Enable LassoPartitioneer: false
[2026-09-30 15:34:51,685 INFO  L127   ssoRankerPreferences]: Term annotations enabled: false
[2026-09-30 15:34:51,685 INFO  L128   ssoRankerPreferences]: Use exernal solver: true
[2026-09-30 15:34:51,685 INFO  L129   ssoRankerPreferences]: SMT solver command: z3 SMTLIB2_COMPLIANT=true -memory:1024 -smt2 -in -t:12000
[2026-09-30 15:34:51,686 INFO  L130   ssoRankerPreferences]: Dump SMT script to file: false
[2026-09-30 15:34:51,686 INFO  L131   ssoRankerPreferences]: Path of dumped script: 
[2026-09-30 15:34:51,686 INFO  L132   ssoRankerPreferences]: Filename of dumped script: java_DivMinus1.c_Iteration1_Loop
[2026-09-30 15:34:51,686 INFO  L133   ssoRankerPreferences]: MapElimAlgo: Matthias
[2026-09-30 15:34:51,686 INFO  L251          LassoAnalysis]: Starting lasso preprocessing...
[2026-09-30 15:34:51,721 INFO  L270          LassoAnalysis]: Preprocessing complete.
[2026-09-30 15:34:51,721 INFO  L387          LassoAnalysis]: Checking for nontermination...
[2026-09-30 15:34:51,723 INFO  L173          SolverBuilder]: Constructing external solver with command: z3 SMTLIB2_COMPLIANT=true -memory:1024 -smt2 -in -t:12000
[2026-09-30 15:34:51,724 INFO  L189       MonitoredProcess]: No working directory specified, using /home/anissa/.local/bin/z3
[2026-09-30 15:34:51,726 INFO  L229       MonitoredProcess]: Starting monitored process 2 with /home/anissa/.local/bin/z3 SMTLIB2_COMPLIANT=true -memory:1024 -smt2 -in -t:12000 (exit command is (exit), workingDir is null)
[2026-09-30 15:34:51,727 INFO  L327       MonitoredProcess]: [MP /home/anissa/.local/bin/z3 SMTLIB2_COMPLIANT=true -memory:1024 -smt2 -in -t:12000 (2)] Waiting until timeout for monitored process
[2026-09-30 15:34:51,728 INFO  L148   nArgumentSynthesizer]: Nontermination analysis: LINEAR Allow bounded executions: true Number of generalized eigenvectors: 0 Nilpotent components: true
[2026-09-30 15:34:51,728 INFO  L160   nArgumentSynthesizer]: Using integer mode.
[2026-09-30 15:34:51,745 INFO  L546       MonitoredProcess]: [MP /home/anissa/.local/bin/z3 SMTLIB2_COMPLIANT=true -memory:1024 -smt2 -in -t:12000 (2)] Ended with exit code 0
[2026-09-30 15:34:51,745 INFO  L173          SolverBuilder]: Constructing external solver with command: z3 SMTLIB2_COMPLIANT=true -memory:1024 -smt2 -in -t:12000
[2026-09-30 15:34:51,746 INFO  L189       MonitoredProcess]: No working directory specified, using /home/anissa/.local/bin/z3
[2026-09-30 15:34:51,748 INFO  L229       MonitoredProcess]: Starting monitored process 3 with /home/anissa/.local/bin/z3 SMTLIB2_COMPLIANT=true -memory:1024 -smt2 -in -t:12000 (exit command is (exit), workingDir is null)
[2026-09-30 15:34:51,749 INFO  L327       MonitoredProcess]: [MP /home/anissa/.local/bin/z3 SMTLIB2_COMPLIANT=true -memory:1024 -smt2 -in -t:12000 (3)] Waiting until timeout for monitored process
[2026-09-30 15:34:51,749 INFO  L148   nArgumentSynthesizer]: Nontermination analysis: LINEAR Allow bounded executions: true Number of generalized eigenvectors: 3 Nilpotent components: true
[2026-09-30 15:34:51,749 INFO  L160   nArgumentSynthesizer]: Using integer mode.
[2026-09-30 15:34:51,770 INFO  L546       MonitoredProcess]: [MP /home/anissa/.local/bin/z3 SMTLIB2_COMPLIANT=true -memory:1024 -smt2 -in -t:12000 (3)] Ended with exit code 0
[2026-09-30 15:34:51,771 INFO  L429          LassoAnalysis]: Proving nontermination failed: No geometric nontermination argument exists.
[2026-09-30 15:34:51,771 INFO  L214          LassoAnalysis]: Preferences:
[2026-09-30 15:34:51,771 INFO  L125   ssoRankerPreferences]: Compute integeral hull: false
[2026-09-30 15:34:51,771 INFO  L126   ssoRankerPreferences]: Enable LassoPartitioneer: false
[2026-09-30 15:34:51,771 INFO  L127   ssoRankerPreferences]: Term annotations enabled: false
[2026-09-30 15:34:51,771 INFO  L128   ssoRankerPreferences]: Use exernal solver: true
[2026-09-30 15:34:51,771 INFO  L129   ssoRankerPreferences]: SMT solver command: z3 SMTLIB2_COMPLIANT=true -memory:1024 -smt2 -in -t:12000
[2026-09-30 15:34:51,771 INFO  L130   ssoRankerPreferences]: Dump SMT script to file: false
[2026-09-30 15:34:51,771 INFO  L131   ssoRankerPreferences]: Path of dumped script: 
[2026-09-30 15:34:51,771 INFO  L132   ssoRankerPreferences]: Filename of dumped script: java_DivMinus1.c_Iteration1_Loop
[2026-09-30 15:34:51,771 INFO  L133   ssoRankerPreferences]: MapElimAlgo: Matthias
[2026-09-30 15:34:51,772 INFO  L251          LassoAnalysis]: Starting lasso preprocessing...
[2026-09-30 15:34:51,804 INFO  L270          LassoAnalysis]: Preprocessing complete.
[2026-09-30 15:34:51,817 INFO  L189       MonitoredProcess]: No working directory specified, using /home/anissa/Documents/Tools/PaSTTeL/pasttel/bin/pasttel
[2026-09-30 15:34:51,819 INFO  L229       MonitoredProcess]: Starting monitored process 4 with /home/anissa/Documents/Tools/PaSTTeL/pasttel/bin/pasttel -a terminate -o json -t 20 -c 5 -q -val /tmp/pasttel_lasso_4853895987366162844.json (exit command is null, workingDir is null)
[2026-09-30 15:34:51,820 INFO  L290       MonitoredProcess]: [MP /home/anissa/Documents/Tools/PaSTTeL/pasttel/bin/pasttel -a terminate -o json -t 20 -c 5 -q -val /tmp/pasttel_lasso_4853895987366162844.json (4)] Waiting 25000 ms for monitored process
[2026-09-30 15:34:51,883 INFO  L546       MonitoredProcess]: [MP /home/anissa/Documents/Tools/PaSTTeL/pasttel/bin/pasttel -a terminate -o json -t 20 -c 5 -q -val /tmp/pasttel_lasso_4853895987366162844.json (4)] Ended with exit code 0
[2026-09-30 15:34:51,886 INFO  L612             LassoCheck]: PaSTTeL termination check: SUCCESS via RankingBased(AffineTemplate), ranking function f(mdiv_~x, mdiv_~y) = 1*mdiv_~x - 1*mdiv_~y
[2026-09-30 15:34:51,889 INFO  L156   tatePredicateManager]: 0 out of 0 supporting invariants were superfluous and have been removed
[2026-09-30 15:34:51,913 INFO  L160       PredicateUnifier]: Initialized classic predicate unifier
[2026-09-30 15:34:51,916 INFO  L108    AnnotateAndAsserter]: Assert order NOT_INCREMENTALLY partitioned 1 statements into 1 equivalence classes.
[2026-09-30 15:34:51,918 INFO  L111    AnnotateAndAsserter]: Assert order NOT_INCREMENTALLY issued 1 check-sat command(s) and asserted 1 of 1 statements.
[2026-09-30 15:34:51,918 INFO  L114    AnnotateAndAsserter]: Assert order NOT_INCREMENTALLY issued 1 check-sat command(s)
[2026-09-30 15:34:51,918 INFO  L115    AnnotateAndAsserter]: Conjunction of SSA is unsat
[2026-09-30 15:34:51,919 INFO  L256         TraceCheckSpWp]: Trace formula consists of 12 conjuncts, 2 conjuncts are in the unsatisfiable core
[2026-09-30 15:34:51,920 INFO  L279         TraceCheckSpWp]: Computing forward predicates...
[2026-09-30 15:34:51,924 INFO  L108    AnnotateAndAsserter]: Assert order NOT_INCREMENTALLY partitioned 1 statements into 1 equivalence classes.
[2026-09-30 15:34:51,926 INFO  L111    AnnotateAndAsserter]: Assert order NOT_INCREMENTALLY issued 1 check-sat command(s) and asserted 1 of 1 statements.
[2026-09-30 15:34:51,926 INFO  L114    AnnotateAndAsserter]: Assert order NOT_INCREMENTALLY issued 1 check-sat command(s)
[2026-09-30 15:34:51,926 INFO  L115    AnnotateAndAsserter]: Conjunction of SSA is unsat
[2026-09-30 15:34:51,926 WARN  L254         TraceCheckSpWp]: Trace formula consists of 8 conjuncts, 5 conjuncts are in the unsatisfiable core
[2026-09-30 15:34:51,927 INFO  L279         TraceCheckSpWp]: Computing forward predicates...
[2026-09-30 15:34:51,929 INFO  L134       CoverageAnalysis]: Checked inductivity of 0 backedges. 0 proven. 0 refuted. 0 times theorem prover too weak. 0 trivial. 0 not checked.
[2026-09-30 15:34:51,947 INFO  L141   lantAutomatonBouncer]: Defining deterministic Buchi interpolant automaton with honda bouncer for stem and without honda bouncer for loop.1 stem predicates 1 loop predicates 
[2026-09-30 15:34:51,948 INFO  L69     BuchiDifferenceNCSB]: Start buchiDifferenceNCSB. First operand  has 3 states, 2 states have (on average 1.5) internal successors, (3), 2 states have internal predecessors, (3), 0 states have call successors, (0), 0 states have call predecessors, (0), 0 states have return successors, (0), 0 states have call predecessors, (0), 0 states have call successors, (0) Second operand  has 2 states, 2 states have (on average 1.0) internal successors, (2), 1 states have internal predecessors, (2), 0 states have call successors, (0), 0 states have call predecessors, (0), 0 states have return successors, (0), 0 states have call predecessors, (0), 0 states have call successors, (0)
[2026-09-30 15:34:51,963 INFO  L73     BuchiDifferenceNCSB]: Finished buchiDifferenceNCSB. First operand  has 3 states, 2 states have (on average 1.5) internal successors, (3), 2 states have internal predecessors, (3), 0 states have call successors, (0), 0 states have call predecessors, (0), 0 states have return successors, (0), 0 states have call predecessors, (0), 0 states have call successors, (0). Second operand  has 2 states, 2 states have (on average 1.0) internal successors, (2), 1 states have internal predecessors, (2), 0 states have call successors, (0), 0 states have call predecessors, (0), 0 states have return successors, (0), 0 states have call predecessors, (0), 0 states have call successors, (0) Result 4 states and 5 transitions. Complement of second has 3 states.
[2026-09-30 15:34:51,965 INFO  L140   InterpolantAutomaton]: Switched to read-only mode: Buchi interpolant automaton has 2 states 1 stem states 0 non-accepting loop states 1 accepting loop states 
[2026-09-30 15:34:51,968 INFO  L82        GeneralOperation]: Start removeUnreachable. Operand  has 2 states, 2 states have (on average 1.0) internal successors, (2), 1 states have internal predecessors, (2), 0 states have call successors, (0), 0 states have call predecessors, (0), 0 states have return successors, (0), 0 states have call predecessors, (0), 0 states have call successors, (0)
[2026-09-30 15:34:51,969 INFO  L88        GeneralOperation]: Finished removeUnreachable. Reduced from 2 states to 2 states and 2 transitions.
[2026-09-30 15:34:51,973 INFO  L85            BuchiAccepts]: Start buchiAccepts Operand 2 states and 2 transitions. Stem has 1 letters. Loop has 1 letters.
[2026-09-30 15:34:51,973 INFO  L117           BuchiAccepts]: Finished buchiAccepts.
[2026-09-30 15:34:51,973 INFO  L85            BuchiAccepts]: Start buchiAccepts Operand 2 states and 2 transitions. Stem has 2 letters. Loop has 1 letters.
[2026-09-30 15:34:51,973 INFO  L117           BuchiAccepts]: Finished buchiAccepts.
[2026-09-30 15:34:51,973 INFO  L85            BuchiAccepts]: Start buchiAccepts Operand 2 states and 2 transitions. Stem has 1 letters. Loop has 2 letters.
[2026-09-30 15:34:51,973 INFO  L117           BuchiAccepts]: Finished buchiAccepts.
[2026-09-30 15:34:51,974 INFO  L82        GeneralOperation]: Start removeNonLiveStates. Operand 4 states and 5 transitions.
[2026-09-30 15:34:51,974 INFO  L131   ngComponentsAnalysis]: Automaton has 0 accepting balls. 0
[2026-09-30 15:34:51,976 INFO  L88        GeneralOperation]: Finished removeNonLiveStates. Reduced from 4 states to 0 states and 0 transitions.
[2026-09-30 15:34:51,976 INFO  L87         BuchiClosureNwa]: Accepting states before buchiClosure: 0
[2026-09-30 15:34:51,977 INFO  L106        BuchiClosureNwa]: Accepting states after buchiClosure: 0
[2026-09-30 15:34:51,977 INFO  L74         IsDeterministic]: Start isDeterministic. Operand 0 states and 0 transitions.
[2026-09-30 15:34:51,977 INFO  L81         IsDeterministic]: Finished isDeterministic. Operand is deterministic.
[2026-09-30 15:34:51,977 INFO  L218   hiAutomatonCegarLoop]: Abstraction has 0 states and 0 transitions.
[2026-09-30 15:34:51,977 INFO  L240   hiAutomatonCegarLoop]: Abstraction has 0 states and 0 transitions.
[2026-09-30 15:34:51,977 INFO  L464   stractBuchiCegarLoop]: Abstraction has 0 states and 0 transitions.
[2026-09-30 15:34:51,978 INFO  L363   stractBuchiCegarLoop]: ======== Iteration 2 ============
[2026-09-30 15:34:51,978 INFO  L73            BuchiIsEmpty]: Start buchiIsEmpty. Operand 0 states and 0 transitions.
[2026-09-30 15:34:51,978 INFO  L131   ngComponentsAnalysis]: Automaton has 0 accepting balls. 0
[2026-09-30 15:34:51,978 INFO  L88            BuchiIsEmpty]: Finished buchiIsEmpty Result is true
[2026-09-30 15:34:51,982 INFO  L201        PluginConnector]: Adding new model de.uni_freiburg.informatik.ultimate.plugins.generator.buchiautomizer CFG 30.09 03:34:51 BoogieIcfgContainer
[2026-09-30 15:34:51,983 INFO  L131        PluginConnector]: ------------------------ END BuchiAutomizer----------------------------
[2026-09-30 15:34:51,983 INFO  L158              Benchmark]: Toolchain (without parser) took 762,76ms. Allocated memory is still 536,9MB. Free memory was 506,0MB in the beginning and 437,0MB in the end (delta: 69,0MB). Peak memory consumption was 75,5MB. Max. memory is 12,9GB.
[2026-09-30 15:34:51,984 INFO  L158              Benchmark]: CDTParser took 0,14ms. Allocated memory is still 536,9MB. Free memory is still 494,9MB. There was no memory consumed. Max. memory is 12,9GB.
[2026-09-30 15:34:51,984 INFO  L158              Benchmark]: CACSL2BoogieTranslator took 136,81ms. Allocated memory is still 536,9MB. Free memory was 506,0MB in the beginning and 490,6MB in the end (delta: 15,4MB). Peak memory consumption was 16,8MB. Max. memory is 12,9GB.
[2026-09-30 15:34:51,984 INFO  L158              Benchmark]: Boogie Preprocessor took 10,89ms. Allocated memory is still 536,9MB. Free memory was 490,6MB in the beginning and 490,0MB in the end (delta: 634,2kB). There was no memory consumed. Max. memory is 12,9GB.
[2026-09-30 15:34:51,985 INFO  L158              Benchmark]: IcfgBuilder took 110,94ms. Allocated memory is still 536,9MB. Free memory was 490,0MB in the beginning and 476,9MB in the end (delta: 13,1MB). Peak memory consumption was 16,8MB. Max. memory is 12,9GB.
[2026-09-30 15:34:51,985 INFO  L158              Benchmark]: BuchiAutomizer took 501,11ms. Allocated memory is still 536,9MB. Free memory was 476,3MB in the beginning and 437,0MB in the end (delta: 39,3MB). Peak memory consumption was 41,9MB. Max. memory is 12,9GB.
[2026-09-30 15:34:51,986 INFO  L338   ainManager$Toolchain]: #######################  End [Toolchain 1] #######################
 --- Results ---
 * Results from de.uni_freiburg.informatik.ultimate.core:
  - StatisticsResult: Toolchain Benchmarks
    Benchmark results are:
 * CDTParser took 0,14ms. Allocated memory is still 536,9MB. Free memory is still 494,9MB. There was no memory consumed. Max. memory is 12,9GB.
 * CACSL2BoogieTranslator took 136,81ms. Allocated memory is still 536,9MB. Free memory was 506,0MB in the beginning and 490,6MB in the end (delta: 15,4MB). Peak memory consumption was 16,8MB. Max. memory is 12,9GB.
 * Boogie Preprocessor took 10,89ms. Allocated memory is still 536,9MB. Free memory was 490,6MB in the beginning and 490,0MB in the end (delta: 634,2kB). There was no memory consumed. Max. memory is 12,9GB.
 * IcfgBuilder took 110,94ms. Allocated memory is still 536,9MB. Free memory was 490,0MB in the beginning and 476,9MB in the end (delta: 13,1MB). Peak memory consumption was 16,8MB. Max. memory is 12,9GB.
 * BuchiAutomizer took 501,11ms. Allocated memory is still 536,9MB. Free memory was 476,3MB in the beginning and 437,0MB in the end (delta: 39,3MB). Peak memory consumption was 41,9MB. Max. memory is 12,9GB.
 * Results from de.uni_freiburg.informatik.ultimate.plugins.generator.traceabstraction:
  - StatisticsResult: Constructed decomposition of program
    Your program was decomposed into 1 terminating modules (0 trivial, 1 deterministic, 0 nondeterministic). One deterministic module has affine ranking function (long) -1 * y + x and consists of 2 locations. 
  - StatisticsResult: Timing statistics
    BüchiAutomizer plugin needed 0.4s and 2 iterations.  TraceHistogramMax:1. Analysis of lassos took 0.3s. Construction of modules took 0.0s. Büchi inclusion checks took 0.0s. Highest rank in rank-based complementation 3. Minimization of det autom 1. Minimization of nondet autom 0. Automata minimization No data available. Non-live state removal took 0.0s Buchi closure took 0.0s. Biggest automaton had -1 states and ocurred in iteration -1.	Nontrivial modules had stage [1, 0, 0, 0, 0].	InterpolantCoveringCapabilityFinite: 0/0	InterpolantCoveringCapabilityBuchi: 0/0	HoareTripleCheckerStatistics: 0 mSolverCounterUnknown, 1 SdHoareTripleChecker+Valid, 0,0s IncrementalHoareTripleChecker+Time, 0 mSdLazyCounter, 0 mSDsluCounter, 1 SdHoareTripleChecker+Invalid, 0,0s Time, 0 mProtectedAction, 0 SdHoareTripleChecker+Unchecked, 0 IncrementalHoareTripleChecker+Unchecked, 0 mSDsCounter, 1 IncrementalHoareTripleChecker+Valid, 0 mProtectedPredicate, 4 IncrementalHoareTripleChecker+Invalid, 5 SdHoareTripleChecker+Unknown, 0 mSolverCounterNotChecked, 1 mSolverCounterUnsat, 1 mSDtfsCounter, 4 mSolverCounterSat, 0,0s SdHoareTripleChecker+Time, 0 IncrementalHoareTripleChecker+Unknown	LassoAnalysisResults: nont0 unkn0 SFLI0 SFLT1 conc0 concLT0 SILN0 SILU0 SILI0 SILT0 lasso0 LassoPreprocessingBenchmarks:   Lassos: inital18 mio100 ax100 arr100 mio100 div100 bol100 ite100 ukn100 eq166 smp100 dnf93 smp100 tf107 neg100 sie100 LassoTerminationAnalysisBenchmarks: not availableLassoTerminationAnalysisBenchmarks: LassoNonterminationAnalysisSatFixpoint: 0	LassoNonterminationAnalysisSatUnbounded: 0	LassoNonterminationAnalysisUnsat: 1	LassoNonterminationAnalysisUnknown: 0	LassoNonterminationAnalysisTime: 0.0s	InitialAbstractionConstructionTime: 0.0s
  - TerminationAnalysisResult: Termination proven
    Buchi Automizer proved that your program is terminating
RESULT: Ultimate proved your program to be correct!
[2026-09-30 15:34:51,994 INFO  L546       MonitoredProcess]: [MP /home/anissa/.local/bin/z3 SMTLIB2_COMPLIANT=true -memory:1024 -smt2 -in -t:12000 (1)] Ended with exit code 0
Received shutdown request...
