This is Ultimate 0.3.2-dev-4a3209064b
[2026-09-30 15:35:10,052 INFO  L188        SettingsManager]: Resetting all preferences to default values...
[2026-09-30 15:35:10,105 INFO  L114        SettingsManager]: Loading settings from /home/anissa/Documents/Tools/PaSTTeL/output/smoke/ulr_vs_upl/BuchiAutomizerPasttel.epf
[2026-09-30 15:35:10,149 INFO  L130        SettingsManager]: Preferences different from defaults after loading the file:
[2026-09-30 15:35:10,150 INFO  L151        SettingsManager]: Preferences of BuchiAutomizer differ from their defaults:
[2026-09-30 15:35:10,150 INFO  L153        SettingsManager]:  * PaSTTeL binary path=/home/anissa/Documents/Tools/PaSTTeL/pasttel/bin/pasttel
[2026-09-30 15:35:10,150 INFO  L153        SettingsManager]:  * Rank synthesis backend=PASTTEL
[2026-09-30 15:35:10,150 INFO  L153        SettingsManager]:  * PaSTTeL number of CPUs=5
[2026-09-30 15:35:10,306 INFO  L75    nceAwareModelManager]: Repository-Root is: /tmp
[2026-09-30 15:35:10,315 INFO  L261   ainManager$Toolchain]: [Toolchain 1]: Applicable parser(s) successfully (re)initialized
[2026-09-30 15:35:10,316 INFO  L217   ainManager$Toolchain]: [Toolchain 1]: Toolchain selected.
[2026-09-30 15:35:10,317 INFO  L270        PluginConnector]: Initializing Boogie PL CUP Parser...
[2026-09-30 15:35:10,318 INFO  L274        PluginConnector]: Boogie PL CUP Parser initialized
[2026-09-30 15:35:10,318 INFO  L431   ainManager$Toolchain]: [Toolchain 1]: Parsing single file: /home/anissa/Documents/Tools/PaSTTeL/benchmarks/smoke_test/full_programs_c_bpl/NonterminationDifficult05_ComplexEigenvalues.bpl
[2026-09-30 15:35:10,318 INFO  L110           BoogieParser]: Parsing: '/home/anissa/Documents/Tools/PaSTTeL/benchmarks/smoke_test/full_programs_c_bpl/NonterminationDifficult05_ComplexEigenvalues.bpl'
[2026-09-30 15:35:10,326 INFO  L299   ainManager$Toolchain]: ####################### [Toolchain 1] #######################
[2026-09-30 15:35:10,327 INFO  L133        ToolchainWalker]: Walking toolchain with 3 elements.
[2026-09-30 15:35:10,328 INFO  L112        PluginConnector]: ------------------------Boogie Preprocessor----------------------------
[2026-09-30 15:35:10,328 INFO  L270        PluginConnector]: Initializing Boogie Preprocessor...
[2026-09-30 15:35:10,328 INFO  L274        PluginConnector]: Boogie Preprocessor initialized
[2026-09-30 15:35:10,336 INFO  L184        PluginConnector]: Executing the observer EnsureBoogieModelObserver from plugin Boogie Preprocessor for "NonterminationDifficult05_ComplexEigenvalues.bpl de.uni_freiburg.informatik.ultimate.boogie.parser AST 30.09 03:35:10" (1/1) ...
[2026-09-30 15:35:10,336 INFO  L184        PluginConnector]: Executing the observer TypeChecker from plugin Boogie Preprocessor for "NonterminationDifficult05_ComplexEigenvalues.bpl de.uni_freiburg.informatik.ultimate.boogie.parser AST 30.09 03:35:10" (1/1) ...
[2026-09-30 15:35:10,351 INFO  L184        PluginConnector]: Executing the observer ConstExpander from plugin Boogie Preprocessor for "NonterminationDifficult05_ComplexEigenvalues.bpl de.uni_freiburg.informatik.ultimate.boogie.parser AST 30.09 03:35:10" (1/1) ...
[2026-09-30 15:35:10,352 INFO  L184        PluginConnector]: Executing the observer StructExpander from plugin Boogie Preprocessor for "NonterminationDifficult05_ComplexEigenvalues.bpl de.uni_freiburg.informatik.ultimate.boogie.parser AST 30.09 03:35:10" (1/1) ...
[2026-09-30 15:35:10,352 INFO  L184        PluginConnector]: Executing the observer ReplaceArrayAssignments from plugin Boogie Preprocessor for "NonterminationDifficult05_ComplexEigenvalues.bpl de.uni_freiburg.informatik.ultimate.boogie.parser AST 30.09 03:35:10" (1/1) ...
[2026-09-30 15:35:10,353 INFO  L184        PluginConnector]: Executing the observer FunctionInliner from plugin Boogie Preprocessor for "NonterminationDifficult05_ComplexEigenvalues.bpl de.uni_freiburg.informatik.ultimate.boogie.parser AST 30.09 03:35:10" (1/1) ...
[2026-09-30 15:35:10,353 INFO  L184        PluginConnector]: Executing the observer LTLStepAnnotator from plugin Boogie Preprocessor for "NonterminationDifficult05_ComplexEigenvalues.bpl de.uni_freiburg.informatik.ultimate.boogie.parser AST 30.09 03:35:10" (1/1) ...
[2026-09-30 15:35:10,353 INFO  L184        PluginConnector]: Executing the observer BoogieSymbolTableConstructor from plugin Boogie Preprocessor for "NonterminationDifficult05_ComplexEigenvalues.bpl de.uni_freiburg.informatik.ultimate.boogie.parser AST 30.09 03:35:10" (1/1) ...
[2026-09-30 15:35:10,356 INFO  L131        PluginConnector]: ------------------------ END Boogie Preprocessor----------------------------
[2026-09-30 15:35:10,357 INFO  L112        PluginConnector]: ------------------------IcfgBuilder----------------------------
[2026-09-30 15:35:10,357 INFO  L270        PluginConnector]: Initializing IcfgBuilder...
[2026-09-30 15:35:10,357 INFO  L274        PluginConnector]: IcfgBuilder initialized
[2026-09-30 15:35:10,358 INFO  L184        PluginConnector]: Executing the observer IcfgBuilderObserver from plugin IcfgBuilder for "NonterminationDifficult05_ComplexEigenvalues.bpl de.uni_freiburg.informatik.ultimate.boogie.parser AST 30.09 03:35:10" (1/1) ...
[2026-09-30 15:35:10,361 INFO  L173          SolverBuilder]: Constructing external solver with command: z3 SMTLIB2_COMPLIANT=true -memory:1024 -smt2 -in -t:12000
[2026-09-30 15:35:10,368 INFO  L189       MonitoredProcess]: No working directory specified, using /home/anissa/.local/bin/z3
[2026-09-30 15:35:10,376 INFO  L229       MonitoredProcess]: Starting monitored process 1 with /home/anissa/.local/bin/z3 SMTLIB2_COMPLIANT=true -memory:1024 -smt2 -in -t:12000 (exit command is (exit), workingDir is null)
[2026-09-30 15:35:10,378 INFO  L327       MonitoredProcess]: [MP /home/anissa/.local/bin/z3 SMTLIB2_COMPLIANT=true -memory:1024 -smt2 -in -t:12000 (1)] Waiting until timeout for monitored process
[2026-09-30 15:35:10,393 INFO  L124     BoogieDeclarations]: Specification and implementation of procedure main given in one single declaration
[2026-09-30 15:35:10,393 INFO  L130     BoogieDeclarations]: Found specification of procedure main
[2026-09-30 15:35:10,393 INFO  L138     BoogieDeclarations]: Found implementation of procedure main
[2026-09-30 15:35:10,422 INFO  L250             CfgBuilder]: Building ICFG
[2026-09-30 15:35:10,423 INFO  L281             CfgBuilder]: Building CFG for each procedure with an implementation
[2026-09-30 15:35:10,453 INFO  L?                        ?]: Removed 1 outVars from TransFormulas that were not future-live.
[2026-09-30 15:35:10,453 INFO  L302             CfgBuilder]: Performing block encoding
[2026-09-30 15:35:10,458 INFO  L104     LargeBlockEncoding]: Applying CFG Large Block Encoding to ICFG that has 1 procedures, 3 locations, 3 edges, 0 initial locations, 1 loop locations, and 0 error locations.
[2026-09-30 15:35:10,462 INFO  L154     LargeBlockEncoding]: LargeBlockEncoding completed in 7 ms, with 1 straightline sequential compositions, 0 parallel compositions, 0 1:n/n:1 sequential compositions and 0 complex sequential compositions.
[2026-09-30 15:35:10,463 INFO  L324             CfgBuilder]: Using library mode
[2026-09-30 15:35:10,464 INFO  L332             CfgBuilder]: Removed 0 assume(true) statements.
[2026-09-30 15:35:10,464 INFO  L334             CfgBuilder]: Constructed ICFG has 1 procedures, 2 locations, 2 edges, 1 initial locations, 1 loop locations, and 0 error locations.
[2026-09-30 15:35:10,464 INFO  L201        PluginConnector]: Adding new model NonterminationDifficult05_ComplexEigenvalues.bpl de.uni_freiburg.informatik.ultimate.plugins.generator.icfgbuilder CFG 30.09 03:35:10 BoogieIcfgContainer
[2026-09-30 15:35:10,464 INFO  L131        PluginConnector]: ------------------------ END IcfgBuilder----------------------------
[2026-09-30 15:35:10,465 INFO  L112        PluginConnector]: ------------------------BuchiAutomizer----------------------------
[2026-09-30 15:35:10,465 INFO  L270        PluginConnector]: Initializing BuchiAutomizer...
[2026-09-30 15:35:10,468 INFO  L274        PluginConnector]: BuchiAutomizer initialized
[2026-09-30 15:35:10,468 INFO  L99          BuchiAutomizer]: Safety of program was proven or not checked, starting termination analysis
[2026-09-30 15:35:10,468 INFO  L184        PluginConnector]: Executing the observer BuchiAutomizerObserver from plugin BuchiAutomizer for "NonterminationDifficult05_ComplexEigenvalues.bpl de.uni_freiburg.informatik.ultimate.boogie.parser AST 30.09 03:35:10" (1/2) ...
[2026-09-30 15:35:10,469 INFO  L204        PluginConnector]: Invalid model from BuchiAutomizer for observer de.uni_freiburg.informatik.ultimate.plugins.generator.buchiautomizer.BuchiAutomizerObserver@2759f775 and model type NonterminationDifficult05_ComplexEigenvalues.bpl de.uni_freiburg.informatik.ultimate.plugins.generator.buchiautomizer AST 30.09 03:35:10, skipping insertion in model container
[2026-09-30 15:35:10,469 INFO  L99          BuchiAutomizer]: Safety of program was proven or not checked, starting termination analysis
[2026-09-30 15:35:10,469 INFO  L184        PluginConnector]: Executing the observer BuchiAutomizerObserver from plugin BuchiAutomizer for "NonterminationDifficult05_ComplexEigenvalues.bpl de.uni_freiburg.informatik.ultimate.plugins.generator.icfgbuilder CFG 30.09 03:35:10" (2/2) ...
[2026-09-30 15:35:10,470 INFO  L363   chiAutomizerObserver]: Analyzing ICFG NonterminationDifficult05_ComplexEigenvalues.bpl
[2026-09-30 15:35:10,503 INFO  L333   stractBuchiCegarLoop]: Interprodecural is true
[2026-09-30 15:35:10,503 INFO  L334   stractBuchiCegarLoop]: Hoare is None
[2026-09-30 15:35:10,503 INFO  L335   stractBuchiCegarLoop]: Compute interpolants for ForwardPredicates
[2026-09-30 15:35:10,503 INFO  L336   stractBuchiCegarLoop]: Backedges is STRAIGHT_LINE
[2026-09-30 15:35:10,504 INFO  L337   stractBuchiCegarLoop]: Determinization is PREDICATE_ABSTRACTION
[2026-09-30 15:35:10,504 INFO  L338   stractBuchiCegarLoop]: Difference is false
[2026-09-30 15:35:10,504 INFO  L339   stractBuchiCegarLoop]: Minimize is MINIMIZE_SEVPA
[2026-09-30 15:35:10,504 INFO  L343   stractBuchiCegarLoop]: ======== Iteration 0 == of CEGAR loop == BuchiAutomatonCegarLoop ========
[2026-09-30 15:35:10,507 INFO  L73            BuchiIsEmpty]: Start buchiIsEmpty. Operand  has 2 states, 1 states have (on average 2.0) internal successors, (2), 2 states have internal predecessors, (2), 0 states have call successors, (0), 0 states have call predecessors, (0), 0 states have return successors, (0), 0 states have call predecessors, (0), 0 states have call successors, (0)
[2026-09-30 15:35:10,517 INFO  L131   ngComponentsAnalysis]: Automaton has 1 accepting balls. 1
[2026-09-30 15:35:10,518 INFO  L88            BuchiIsEmpty]: Finished buchiIsEmpty Result is false
[2026-09-30 15:35:10,518 INFO  L120           BuchiIsEmpty]: Starting construction of run
[2026-09-30 15:35:10,520 INFO  L148   hiAutomatonCegarLoop]: Counterexample stem histogram []
[2026-09-30 15:35:10,520 INFO  L149   hiAutomatonCegarLoop]: Counterexample loop histogram [1]
[2026-09-30 15:35:10,520 INFO  L363   stractBuchiCegarLoop]: ======== Iteration 1 ============
[2026-09-30 15:35:10,520 INFO  L73            BuchiIsEmpty]: Start buchiIsEmpty. Operand  has 2 states, 1 states have (on average 2.0) internal successors, (2), 2 states have internal predecessors, (2), 0 states have call successors, (0), 0 states have call predecessors, (0), 0 states have return successors, (0), 0 states have call predecessors, (0), 0 states have call successors, (0)
[2026-09-30 15:35:10,521 INFO  L131   ngComponentsAnalysis]: Automaton has 1 accepting balls. 1
[2026-09-30 15:35:10,521 INFO  L88            BuchiIsEmpty]: Finished buchiIsEmpty Result is false
[2026-09-30 15:35:10,521 INFO  L120           BuchiIsEmpty]: Starting construction of run
[2026-09-30 15:35:10,521 INFO  L148   hiAutomatonCegarLoop]: Counterexample stem histogram []
[2026-09-30 15:35:10,521 INFO  L149   hiAutomatonCegarLoop]: Counterexample loop histogram [1]
[2026-09-30 15:35:10,526 INFO  L1146  eck$LassoCheckResult]: Stem: 
[2026-09-30 15:35:10,529 INFO  L1148  eck$LassoCheckResult]: Loop: "assume z >= 0.0;x, y := x + y, y - x + 1.0;z := z + x + 1.0;" 
[2026-09-30 15:35:10,532 INFO  L160       PredicateUnifier]: Initialized classic predicate unifier
[2026-09-30 15:35:10,533 INFO  L86        PathProgramCache]: Analyzing trace with hash 31, now seen corresponding path program 1 times
[2026-09-30 15:35:10,537 INFO  L118   FreeRefinementEngine]: Executing refinement strategy FIXED_PREFERENCES
[2026-09-30 15:35:10,537 INFO  L324   FreeRefinementEngine]: Using trace check IpTcStrategyModulePreferences [547005776]
[2026-09-30 15:35:10,538 INFO  L97    rtionOrderModulation]: Keeping assertion order NOT_INCREMENTALLY
[2026-09-30 15:35:10,538 INFO  L127          SolverBuilder]: Constructing new instance of SMTInterpol with explicit timeout -1 ms and remaining time -1 ms
[2026-09-30 15:35:10,574 INFO  L108    AnnotateAndAsserter]: Assert order NOT_INCREMENTALLY partitioned 1 statements into 1 equivalence classes.
[2026-09-30 15:35:10,584 INFO  L111    AnnotateAndAsserter]: Assert order NOT_INCREMENTALLY issued 1 check-sat command(s) and asserted 1 of 1 statements.
[2026-09-30 15:35:10,584 INFO  L114    AnnotateAndAsserter]: Assert order NOT_INCREMENTALLY issued 1 check-sat command(s)
[2026-09-30 15:35:10,584 INFO  L115    AnnotateAndAsserter]: Conjunction of SSA is sat
[2026-09-30 15:35:10,585 INFO  L348             TraceCheck]: Trace is feasible, we will do another trace check, this time with branch encoders.
[2026-09-30 15:35:10,586 INFO  L108    AnnotateAndAsserter]: Assert order NOT_INCREMENTALLY partitioned 1 statements into 1 equivalence classes.
[2026-09-30 15:35:10,589 INFO  L111    AnnotateAndAsserter]: Assert order NOT_INCREMENTALLY issued 1 check-sat command(s) and asserted 1 of 1 statements.
[2026-09-30 15:35:10,589 INFO  L114    AnnotateAndAsserter]: Assert order NOT_INCREMENTALLY issued 1 check-sat command(s)
[2026-09-30 15:35:10,589 INFO  L115    AnnotateAndAsserter]: Conjunction of SSA is sat
[2026-09-30 15:35:10,597 INFO  L130   FreeRefinementEngine]: Strategy FIXED_PREFERENCES found a feasible trace
[2026-09-30 15:35:10,599 INFO  L160       PredicateUnifier]: Initialized classic predicate unifier
[2026-09-30 15:35:10,600 INFO  L86        PathProgramCache]: Analyzing trace with hash 31, now seen corresponding path program 2 times
[2026-09-30 15:35:10,600 INFO  L118   FreeRefinementEngine]: Executing refinement strategy FIXED_PREFERENCES
[2026-09-30 15:35:10,600 INFO  L324   FreeRefinementEngine]: Using trace check IpTcStrategyModulePreferences [165924015]
[2026-09-30 15:35:10,600 INFO  L97    rtionOrderModulation]: Keeping assertion order NOT_INCREMENTALLY
[2026-09-30 15:35:10,600 INFO  L127          SolverBuilder]: Constructing new instance of SMTInterpol with explicit timeout -1 ms and remaining time -1 ms
[2026-09-30 15:35:10,604 INFO  L108    AnnotateAndAsserter]: Assert order NOT_INCREMENTALLY partitioned 1 statements into 1 equivalence classes.
[2026-09-30 15:35:10,607 INFO  L111    AnnotateAndAsserter]: Assert order NOT_INCREMENTALLY issued 1 check-sat command(s) and asserted 1 of 1 statements.
[2026-09-30 15:35:10,607 INFO  L114    AnnotateAndAsserter]: Assert order NOT_INCREMENTALLY issued 1 check-sat command(s)
[2026-09-30 15:35:10,607 INFO  L115    AnnotateAndAsserter]: Conjunction of SSA is sat
[2026-09-30 15:35:10,607 INFO  L348             TraceCheck]: Trace is feasible, we will do another trace check, this time with branch encoders.
[2026-09-30 15:35:10,609 INFO  L108    AnnotateAndAsserter]: Assert order NOT_INCREMENTALLY partitioned 1 statements into 1 equivalence classes.
[2026-09-30 15:35:10,611 INFO  L111    AnnotateAndAsserter]: Assert order NOT_INCREMENTALLY issued 1 check-sat command(s) and asserted 1 of 1 statements.
[2026-09-30 15:35:10,611 INFO  L114    AnnotateAndAsserter]: Assert order NOT_INCREMENTALLY issued 1 check-sat command(s)
[2026-09-30 15:35:10,611 INFO  L115    AnnotateAndAsserter]: Conjunction of SSA is sat
[2026-09-30 15:35:10,612 INFO  L130   FreeRefinementEngine]: Strategy FIXED_PREFERENCES found a feasible trace
[2026-09-30 15:35:10,669 INFO  L214          LassoAnalysis]: Preferences:
[2026-09-30 15:35:10,670 INFO  L125   ssoRankerPreferences]: Compute integeral hull: false
[2026-09-30 15:35:10,670 INFO  L126   ssoRankerPreferences]: Enable LassoPartitioneer: false
[2026-09-30 15:35:10,670 INFO  L127   ssoRankerPreferences]: Term annotations enabled: false
[2026-09-30 15:35:10,670 INFO  L128   ssoRankerPreferences]: Use exernal solver: true
[2026-09-30 15:35:10,670 INFO  L129   ssoRankerPreferences]: SMT solver command: z3 SMTLIB2_COMPLIANT=true -memory:1024 -smt2 -in -t:12000
[2026-09-30 15:35:10,670 INFO  L130   ssoRankerPreferences]: Dump SMT script to file: false
[2026-09-30 15:35:10,670 INFO  L131   ssoRankerPreferences]: Path of dumped script: 
[2026-09-30 15:35:10,670 INFO  L132   ssoRankerPreferences]: Filename of dumped script: NonterminationDifficult05_ComplexEigenvalues.bpl_Iteration1_Loop
[2026-09-30 15:35:10,670 INFO  L133   ssoRankerPreferences]: MapElimAlgo: Matthias
[2026-09-30 15:35:10,671 INFO  L251          LassoAnalysis]: Starting lasso preprocessing...
[2026-09-30 15:35:10,712 INFO  L270          LassoAnalysis]: Preprocessing complete.
[2026-09-30 15:35:10,713 INFO  L387          LassoAnalysis]: Checking for nontermination...
[2026-09-30 15:35:10,715 INFO  L173          SolverBuilder]: Constructing external solver with command: z3 SMTLIB2_COMPLIANT=true -memory:1024 -smt2 -in -t:12000
[2026-09-30 15:35:10,716 INFO  L189       MonitoredProcess]: No working directory specified, using /home/anissa/.local/bin/z3
[2026-09-30 15:35:10,718 INFO  L229       MonitoredProcess]: Starting monitored process 2 with /home/anissa/.local/bin/z3 SMTLIB2_COMPLIANT=true -memory:1024 -smt2 -in -t:12000 (exit command is (exit), workingDir is null)
[2026-09-30 15:35:10,719 INFO  L327       MonitoredProcess]: [MP /home/anissa/.local/bin/z3 SMTLIB2_COMPLIANT=true -memory:1024 -smt2 -in -t:12000 (2)] Waiting until timeout for monitored process
[2026-09-30 15:35:10,720 INFO  L148   nArgumentSynthesizer]: Nontermination analysis: LINEAR Allow bounded executions: true Number of generalized eigenvectors: 0 Nilpotent components: true
[2026-09-30 15:35:10,735 INFO  L546       MonitoredProcess]: [MP /home/anissa/.local/bin/z3 SMTLIB2_COMPLIANT=true -memory:1024 -smt2 -in -t:12000 (2)] Ended with exit code 0
[2026-09-30 15:35:10,735 INFO  L173          SolverBuilder]: Constructing external solver with command: z3 SMTLIB2_COMPLIANT=true -memory:1024 -smt2 -in -t:12000
[2026-09-30 15:35:10,736 INFO  L189       MonitoredProcess]: No working directory specified, using /home/anissa/.local/bin/z3
[2026-09-30 15:35:10,739 INFO  L229       MonitoredProcess]: Starting monitored process 3 with /home/anissa/.local/bin/z3 SMTLIB2_COMPLIANT=true -memory:1024 -smt2 -in -t:12000 (exit command is (exit), workingDir is null)
[2026-09-30 15:35:10,739 INFO  L327       MonitoredProcess]: [MP /home/anissa/.local/bin/z3 SMTLIB2_COMPLIANT=true -memory:1024 -smt2 -in -t:12000 (3)] Waiting until timeout for monitored process
[2026-09-30 15:35:10,741 INFO  L148   nArgumentSynthesizer]: Nontermination analysis: LINEAR Allow bounded executions: true Number of generalized eigenvectors: 3 Nilpotent components: true
[2026-09-30 15:35:10,762 INFO  L546       MonitoredProcess]: [MP /home/anissa/.local/bin/z3 SMTLIB2_COMPLIANT=true -memory:1024 -smt2 -in -t:12000 (3)] Ended with exit code 0
[2026-09-30 15:35:10,763 INFO  L423          LassoAnalysis]: Proved nontermination for one component.
[2026-09-30 15:35:10,763 INFO  L425          LassoAnalysis]: Non-Termination argument consisting of: Initial state: {main_z=0, main_y=0, main_x=1} Honda state: {main_z=0, main_y=0, main_x=1} Generalized eigenvectors: [{main_z=2, main_y=0, main_x=0}, {main_z=0, main_y=0, main_x=0}, {main_z=0, main_y=0, main_x=0}] Lambdas: [1, 1, 1] Nus: [0, 0]
[2026-09-30 15:35:10,766 INFO  L214          LassoAnalysis]: Preferences:
[2026-09-30 15:35:10,766 INFO  L125   ssoRankerPreferences]: Compute integeral hull: false
[2026-09-30 15:35:10,766 INFO  L126   ssoRankerPreferences]: Enable LassoPartitioneer: false
[2026-09-30 15:35:10,766 INFO  L127   ssoRankerPreferences]: Term annotations enabled: false
[2026-09-30 15:35:10,766 INFO  L128   ssoRankerPreferences]: Use exernal solver: true
[2026-09-30 15:35:10,766 INFO  L129   ssoRankerPreferences]: SMT solver command: z3 SMTLIB2_COMPLIANT=true -memory:1024 -smt2 -in -t:12000
[2026-09-30 15:35:10,766 INFO  L130   ssoRankerPreferences]: Dump SMT script to file: false
[2026-09-30 15:35:10,766 INFO  L131   ssoRankerPreferences]: Path of dumped script: 
[2026-09-30 15:35:10,766 INFO  L132   ssoRankerPreferences]: Filename of dumped script: NonterminationDifficult05_ComplexEigenvalues.bpl_Iteration1_Lasso
[2026-09-30 15:35:10,766 INFO  L133   ssoRankerPreferences]: MapElimAlgo: Matthias
[2026-09-30 15:35:10,766 INFO  L251          LassoAnalysis]: Starting lasso preprocessing...
[2026-09-30 15:35:10,793 INFO  L270          LassoAnalysis]: Preprocessing complete.
[2026-09-30 15:35:10,793 INFO  L387          LassoAnalysis]: Checking for nontermination...
[2026-09-30 15:35:10,793 INFO  L173          SolverBuilder]: Constructing external solver with command: z3 SMTLIB2_COMPLIANT=true -memory:1024 -smt2 -in -t:12000
[2026-09-30 15:35:10,794 INFO  L189       MonitoredProcess]: No working directory specified, using /home/anissa/.local/bin/z3
[2026-09-30 15:35:10,796 INFO  L229       MonitoredProcess]: Starting monitored process 4 with /home/anissa/.local/bin/z3 SMTLIB2_COMPLIANT=true -memory:1024 -smt2 -in -t:12000 (exit command is (exit), workingDir is null)
[2026-09-30 15:35:10,797 INFO  L327       MonitoredProcess]: [MP /home/anissa/.local/bin/z3 SMTLIB2_COMPLIANT=true -memory:1024 -smt2 -in -t:12000 (4)] Waiting until timeout for monitored process
[2026-09-30 15:35:10,799 INFO  L148   nArgumentSynthesizer]: Nontermination analysis: LINEAR Allow bounded executions: true Number of generalized eigenvectors: 0 Nilpotent components: true
[2026-09-30 15:35:10,814 INFO  L546       MonitoredProcess]: [MP /home/anissa/.local/bin/z3 SMTLIB2_COMPLIANT=true -memory:1024 -smt2 -in -t:12000 (4)] Ended with exit code 0
[2026-09-30 15:35:10,814 INFO  L173          SolverBuilder]: Constructing external solver with command: z3 SMTLIB2_COMPLIANT=true -memory:1024 -smt2 -in -t:12000
[2026-09-30 15:35:10,815 INFO  L189       MonitoredProcess]: No working directory specified, using /home/anissa/.local/bin/z3
[2026-09-30 15:35:10,817 INFO  L229       MonitoredProcess]: Starting monitored process 5 with /home/anissa/.local/bin/z3 SMTLIB2_COMPLIANT=true -memory:1024 -smt2 -in -t:12000 (exit command is (exit), workingDir is null)
[2026-09-30 15:35:10,818 INFO  L327       MonitoredProcess]: [MP /home/anissa/.local/bin/z3 SMTLIB2_COMPLIANT=true -memory:1024 -smt2 -in -t:12000 (5)] Waiting until timeout for monitored process
[2026-09-30 15:35:10,819 INFO  L148   nArgumentSynthesizer]: Nontermination analysis: LINEAR Allow bounded executions: true Number of generalized eigenvectors: 3 Nilpotent components: true
[2026-09-30 15:35:10,840 INFO  L546       MonitoredProcess]: [MP /home/anissa/.local/bin/z3 SMTLIB2_COMPLIANT=true -memory:1024 -smt2 -in -t:12000 (5)] Ended with exit code 0
[2026-09-30 15:35:10,840 INFO  L423          LassoAnalysis]: Proved nontermination for one component.
[2026-09-30 15:35:10,840 INFO  L425          LassoAnalysis]: Non-Termination argument consisting of: Initial state: {main_z=0, main_y=0, main_x=1} Honda state: {main_z=0, main_y=0, main_x=1} Generalized eigenvectors: [{main_z=2, main_y=0, main_x=0}, {main_z=0, main_y=0, main_x=0}, {main_z=0, main_y=0, main_x=0}] Lambdas: [1, 1, 1] Nus: [0, 0]
[2026-09-30 15:35:10,853 INFO  L201        PluginConnector]: Adding new model NonterminationDifficult05_ComplexEigenvalues.bpl de.uni_freiburg.informatik.ultimate.plugins.generator.buchiautomizer CFG 30.09 03:35:10 BoogieIcfgContainer
[2026-09-30 15:35:10,853 INFO  L131        PluginConnector]: ------------------------ END BuchiAutomizer----------------------------
[2026-09-30 15:35:10,854 INFO  L158              Benchmark]: Toolchain (without parser) took 526,85ms. Allocated memory is still 536,9MB. Free memory was 492,1MB in the beginning and 454,4MB in the end (delta: 37,7MB). Peak memory consumption was 41,9MB. Max. memory is 12,9GB.
[2026-09-30 15:35:10,855 INFO  L158              Benchmark]: Boogie PL CUP Parser took 0,17ms. Allocated memory is still 536,9MB. Free memory is still 492,7MB. There was no memory consumed. Max. memory is 12,9GB.
[2026-09-30 15:35:10,855 INFO  L158              Benchmark]: Boogie Preprocessor took 28,82ms. Allocated memory is still 536,9MB. Free memory was 491,8MB in the beginning and 489,4MB in the end (delta: 2,4MB). There was no memory consumed. Max. memory is 12,9GB.
[2026-09-30 15:35:10,855 INFO  L158              Benchmark]: IcfgBuilder took 107,40ms. Allocated memory is still 536,9MB. Free memory was 489,4MB in the beginning and 480,7MB in the end (delta: 8,7MB). Peak memory consumption was 8,4MB. Max. memory is 12,9GB.
[2026-09-30 15:35:10,855 INFO  L158              Benchmark]: BuchiAutomizer took 388,18ms. Allocated memory is still 536,9MB. Free memory was 480,5MB in the beginning and 454,4MB in the end (delta: 26,1MB). Peak memory consumption was 33,6MB. Max. memory is 12,9GB.
[2026-09-30 15:35:10,856 INFO  L338   ainManager$Toolchain]: #######################  End [Toolchain 1] #######################
 --- Results ---
 * Results from de.uni_freiburg.informatik.ultimate.core:
  - StatisticsResult: Toolchain Benchmarks
    Benchmark results are:
 * Boogie PL CUP Parser took 0,17ms. Allocated memory is still 536,9MB. Free memory is still 492,7MB. There was no memory consumed. Max. memory is 12,9GB.
 * Boogie Preprocessor took 28,82ms. Allocated memory is still 536,9MB. Free memory was 491,8MB in the beginning and 489,4MB in the end (delta: 2,4MB). There was no memory consumed. Max. memory is 12,9GB.
 * IcfgBuilder took 107,40ms. Allocated memory is still 536,9MB. Free memory was 489,4MB in the beginning and 480,7MB in the end (delta: 8,7MB). Peak memory consumption was 8,4MB. Max. memory is 12,9GB.
 * BuchiAutomizer took 388,18ms. Allocated memory is still 536,9MB. Free memory was 480,5MB in the beginning and 454,4MB in the end (delta: 26,1MB). Peak memory consumption was 33,6MB. Max. memory is 12,9GB.
 * Results from de.uni_freiburg.informatik.ultimate.plugins.generator.traceabstraction:
  - StatisticsResult: Constructed decomposition of program
    Trivial decomposition into one nonterminating module.
  - StatisticsResult: Timing statistics
    BüchiAutomizer plugin needed 0.3s and 1 iterations.  TraceHistogramMax:1. Analysis of lassos took 0.3s. Construction of modules took 0.0s. Büchi inclusion checks took 0.0s. Highest rank in rank-based complementation 0. Minimization of det autom 0. Minimization of nondet autom 0. Automata minimization No data available. Non-live state removal took 0.0s Buchi closure took 0.0s. Biggest automaton had -1 states and ocurred in iteration -1.	Nontrivial modules had stage [0, 0, 0, 0, 0].	InterpolantCoveringCapabilityFinite: 0/0	InterpolantCoveringCapabilityBuchi: 0/0	HoareTripleCheckerStatistics: 	LassoAnalysisResults: nont1 unkn0 SFLI0 SFLT0 conc0 concLT0 SILN0 SILU0 SILI0 SILT0 lasso0 LassoPreprocessingBenchmarks:   Lassos: inital23 mio100 ax100 arr100 mio100 div100 bol100 ite100 ukn100 eq191 smp100 dnf93 smp100 tf104 neg100 sie100 LassoTerminationAnalysisBenchmarks: not availableLassoTerminationAnalysisBenchmarks: LassoNonterminationAnalysisSatFixpoint: 0	LassoNonterminationAnalysisSatUnbounded: 2	LassoNonterminationAnalysisUnsat: 0	LassoNonterminationAnalysisUnknown: 0	LassoNonterminationAnalysisTime: 0.0s	InitialAbstractionConstructionTime: 0.0s
  - TerminationAnalysisResult: Nontermination possible
    Buchi Automizer proved that your program is nonterminating for some inputs
  - GeometricNonTerminationArgumentResult [Line: 12]: Nontermination argument in form of an infinite program execution.
    Nontermination argument in form of an infinite execution
State at position 0 is
{x=1, y=0, z=0}
State at position 1 is
{x=1, y=0, z=0}
For i>1, the state at position i is
{x=1 + sum_{k=0}^i 0, y=0 + sum_{k=0}^i 0, z=0 + sum_{k=0}^i 2}
  - StatisticsResult: NonterminationArgumentStatistics
    Unbounded Execution 1GEVs Lambdas: [1, 1, 1] Mus: [0, 0]
  - NonterminatingLassoResult [Line: 12]: Nonterminating execution
    Found a nonterminating execution for the following lasso shaped sequence of statements.
Stem:
Loop:
[L12]  COND TRUE  z >= 0.0
[L13]             x, y := x + y, y - x + 1.0;
[L14]             z := z + x + 1.0;
End of lasso representation.
RESULT: Ultimate proved your program to be incorrect!
[2026-09-30 15:35:10,865 INFO  L546       MonitoredProcess]: [MP /home/anissa/.local/bin/z3 SMTLIB2_COMPLIANT=true -memory:1024 -smt2 -in -t:12000 (1)] Ended with exit code 0
Received shutdown request...
