This is Ultimate 0.3.2-dev-4a3209064b
[2026-09-30 15:35:12,299 INFO  L188        SettingsManager]: Resetting all preferences to default values...
[2026-09-30 15:35:12,501 INFO  L75    nceAwareModelManager]: Repository-Root is: /tmp
[2026-09-30 15:35:12,511 INFO  L261   ainManager$Toolchain]: [Toolchain 1]: Applicable parser(s) successfully (re)initialized
[2026-09-30 15:35:12,513 INFO  L217   ainManager$Toolchain]: [Toolchain 1]: Toolchain selected.
[2026-09-30 15:35:12,514 INFO  L270        PluginConnector]: Initializing CDTParser...
[2026-09-30 15:35:12,514 INFO  L274        PluginConnector]: CDTParser initialized
[2026-09-30 15:35:12,515 INFO  L431   ainManager$Toolchain]: [Toolchain 1]: Parsing single file: /home/anissa/Documents/Tools/PaSTTeL/benchmarks/smoke_test/full_programs_c_bpl/recursive.c
!SESSION 2026-09-30 15:35:11.414 -----------------------------------------------
eclipse.buildId=unknown
java.version=21.0.12.1
java.vendor=Ubuntu
BootLoader constants: OS=linux, ARCH=x86_64, WS=gtk, NL=fr_FR
Framework arguments:  --console -tc /home/anissa/Documents/Tools/PaSTTeL/tools/toolchains/BuchiAutomizerC.xml -i /home/anissa/Documents/Tools/PaSTTeL/benchmarks/smoke_test/full_programs_c_bpl/recursive.c
Command-line arguments:  -os linux -ws gtk -arch x86_64 -consoleLog --console -data @user.home/.ultimate -tc /home/anissa/Documents/Tools/PaSTTeL/tools/toolchains/BuchiAutomizerC.xml -i /home/anissa/Documents/Tools/PaSTTeL/benchmarks/smoke_test/full_programs_c_bpl/recursive.c

!ENTRY org.eclipse.cdt.core 1 0 2026-09-30 15:35:13.097
!MESSAGE Indexed 'FLAG141c480fd' (0 sources, 0 headers) in 0,001 sec: 0 declarations; 0 references; 0 unresolved inclusions; 0 syntax errors; 0 unresolved names (0 %)
[2026-09-30 15:35:13,401 INFO  L538              CDTParser]: Created temporary CDT project at /home/anissa/.ultimate/43e3edacfa044cf6bbb6d7a6dadef9f4/FLAG141c480fd
[2026-09-30 15:35:13,500 INFO  L389              CDTParser]: Found 1 translation units.
[2026-09-30 15:35:13,501 INFO  L178              CDTParser]: Scanning /home/anissa/Documents/Tools/PaSTTeL/benchmarks/smoke_test/full_programs_c_bpl/recursive.c
[2026-09-30 15:35:13,506 INFO  L432              CDTParser]: About to delete temporary CDT project at /home/anissa/.ultimate/43e3edacfa044cf6bbb6d7a6dadef9f4/FLAG141c480fd
[2026-09-30 15:35:14,451 INFO  L440              CDTParser]: Successfully deleted /home/anissa/.ultimate/43e3edacfa044cf6bbb6d7a6dadef9f4
[2026-09-30 15:35:14,453 INFO  L299   ainManager$Toolchain]: ####################### [Toolchain 1] #######################
[2026-09-30 15:35:14,455 INFO  L133        ToolchainWalker]: Walking toolchain with 4 elements.
[2026-09-30 15:35:14,456 INFO  L112        PluginConnector]: ------------------------CACSL2BoogieTranslator----------------------------
[2026-09-30 15:35:14,456 INFO  L270        PluginConnector]: Initializing CACSL2BoogieTranslator...
[2026-09-30 15:35:14,459 INFO  L274        PluginConnector]: CACSL2BoogieTranslator initialized
[2026-09-30 15:35:14,459 INFO  L184        PluginConnector]: Executing the observer ACSLObjectContainerObserver from plugin CACSL2BoogieTranslator for "CDTParser AST 30.09 03:35:14" (1/1) ...
[2026-09-30 15:35:14,460 INFO  L204        PluginConnector]: Invalid model from CACSL2BoogieTranslator for observer de.uni_freiburg.informatik.ultimate.plugins.generator.cacsl2boogietranslator.ACSLObjectContainerObserver@4f024738 and model type de.uni_freiburg.informatik.ultimate.plugins.generator.cacsl2boogietranslator AST 30.09 03:35:14, skipping insertion in model container
[2026-09-30 15:35:14,460 INFO  L184        PluginConnector]: Executing the observer CACSL2BoogieTranslatorObserver from plugin CACSL2BoogieTranslator for "CDTParser AST 30.09 03:35:14" (1/1) ...
[2026-09-30 15:35:14,467 INFO  L177         MainTranslator]: Built tables and reachable declarations
[2026-09-30 15:35:14,570 INFO  L189          PostProcessor]: Analyzing one entry point: main
[2026-09-30 15:35:14,573 INFO  L206         MainTranslator]: Completed pre-run
[2026-09-30 15:35:14,588 INFO  L189          PostProcessor]: Analyzing one entry point: main
[2026-09-30 15:35:14,597 INFO  L211         MainTranslator]: Completed translation
[2026-09-30 15:35:14,597 INFO  L201        PluginConnector]: Adding new model de.uni_freiburg.informatik.ultimate.plugins.generator.cacsl2boogietranslator AST 30.09 03:35:14 WrapperNode
[2026-09-30 15:35:14,598 INFO  L131        PluginConnector]: ------------------------ END CACSL2BoogieTranslator----------------------------
[2026-09-30 15:35:14,598 INFO  L112        PluginConnector]: ------------------------Boogie Preprocessor----------------------------
[2026-09-30 15:35:14,598 INFO  L270        PluginConnector]: Initializing Boogie Preprocessor...
[2026-09-30 15:35:14,599 INFO  L274        PluginConnector]: Boogie Preprocessor initialized
[2026-09-30 15:35:14,604 INFO  L184        PluginConnector]: Executing the observer EnsureBoogieModelObserver from plugin Boogie Preprocessor for "de.uni_freiburg.informatik.ultimate.plugins.generator.cacsl2boogietranslator AST 30.09 03:35:14" (1/1) ...
[2026-09-30 15:35:14,604 INFO  L184        PluginConnector]: Executing the observer TypeChecker from plugin Boogie Preprocessor for "de.uni_freiburg.informatik.ultimate.plugins.generator.cacsl2boogietranslator AST 30.09 03:35:14" (1/1) ...
[2026-09-30 15:35:14,608 INFO  L184        PluginConnector]: Executing the observer ConstExpander from plugin Boogie Preprocessor for "de.uni_freiburg.informatik.ultimate.plugins.generator.cacsl2boogietranslator AST 30.09 03:35:14" (1/1) ...
[2026-09-30 15:35:14,608 INFO  L184        PluginConnector]: Executing the observer StructExpander from plugin Boogie Preprocessor for "de.uni_freiburg.informatik.ultimate.plugins.generator.cacsl2boogietranslator AST 30.09 03:35:14" (1/1) ...
[2026-09-30 15:35:14,609 INFO  L184        PluginConnector]: Executing the observer ReplaceArrayAssignments from plugin Boogie Preprocessor for "de.uni_freiburg.informatik.ultimate.plugins.generator.cacsl2boogietranslator AST 30.09 03:35:14" (1/1) ...
[2026-09-30 15:35:14,609 INFO  L184        PluginConnector]: Executing the observer FunctionInliner from plugin Boogie Preprocessor for "de.uni_freiburg.informatik.ultimate.plugins.generator.cacsl2boogietranslator AST 30.09 03:35:14" (1/1) ...
[2026-09-30 15:35:14,610 INFO  L184        PluginConnector]: Executing the observer LTLStepAnnotator from plugin Boogie Preprocessor for "de.uni_freiburg.informatik.ultimate.plugins.generator.cacsl2boogietranslator AST 30.09 03:35:14" (1/1) ...
[2026-09-30 15:35:14,610 INFO  L184        PluginConnector]: Executing the observer BoogieSymbolTableConstructor from plugin Boogie Preprocessor for "de.uni_freiburg.informatik.ultimate.plugins.generator.cacsl2boogietranslator AST 30.09 03:35:14" (1/1) ...
[2026-09-30 15:35:14,612 INFO  L131        PluginConnector]: ------------------------ END Boogie Preprocessor----------------------------
[2026-09-30 15:35:14,612 INFO  L112        PluginConnector]: ------------------------IcfgBuilder----------------------------
[2026-09-30 15:35:14,613 INFO  L270        PluginConnector]: Initializing IcfgBuilder...
[2026-09-30 15:35:14,613 INFO  L274        PluginConnector]: IcfgBuilder initialized
[2026-09-30 15:35:14,613 INFO  L184        PluginConnector]: Executing the observer IcfgBuilderObserver from plugin IcfgBuilder for "de.uni_freiburg.informatik.ultimate.plugins.generator.cacsl2boogietranslator AST 30.09 03:35:14" (1/1) ...
[2026-09-30 15:35:14,617 INFO  L173          SolverBuilder]: Constructing external solver with command: z3 SMTLIB2_COMPLIANT=true -memory:1024 -smt2 -in -t:12000
[2026-09-30 15:35:14,626 INFO  L189       MonitoredProcess]: No working directory specified, using /home/anissa/.local/bin/z3
[2026-09-30 15:35:14,636 INFO  L229       MonitoredProcess]: Starting monitored process 1 with /home/anissa/.local/bin/z3 SMTLIB2_COMPLIANT=true -memory:1024 -smt2 -in -t:12000 (exit command is (exit), workingDir is null)
[2026-09-30 15:35:14,638 INFO  L327       MonitoredProcess]: [MP /home/anissa/.local/bin/z3 SMTLIB2_COMPLIANT=true -memory:1024 -smt2 -in -t:12000 (1)] Waiting until timeout for monitored process
[2026-09-30 15:35:14,655 INFO  L138     BoogieDeclarations]: Found implementation of procedure ULTIMATE.init
[2026-09-30 15:35:14,655 INFO  L138     BoogieDeclarations]: Found implementation of procedure ULTIMATE.start
[2026-09-30 15:35:14,655 INFO  L138     BoogieDeclarations]: Found implementation of procedure f
[2026-09-30 15:35:14,655 INFO  L138     BoogieDeclarations]: Found implementation of procedure main
[2026-09-30 15:35:14,656 INFO  L130     BoogieDeclarations]: Found specification of procedure f
[2026-09-30 15:35:14,656 INFO  L130     BoogieDeclarations]: Found specification of procedure main
[2026-09-30 15:35:14,656 INFO  L130     BoogieDeclarations]: Found specification of procedure ULTIMATE.init
[2026-09-30 15:35:14,656 INFO  L130     BoogieDeclarations]: Found specification of procedure ULTIMATE.start
[2026-09-30 15:35:14,684 INFO  L250             CfgBuilder]: Building ICFG
[2026-09-30 15:35:14,685 INFO  L281             CfgBuilder]: Building CFG for each procedure with an implementation
[2026-09-30 15:35:14,718 INFO  L1341  $ProcedureCfgBuilder]: dead code at ProgramPoint L4: havoc #t~ret1;
[2026-09-30 15:35:14,739 INFO  L?                        ?]: Removed 1 outVars from TransFormulas that were not future-live.
[2026-09-30 15:35:14,739 INFO  L302             CfgBuilder]: Performing block encoding
[2026-09-30 15:35:14,743 INFO  L104     LargeBlockEncoding]: Applying CFG Large Block Encoding to ICFG that has 4 procedures, 18 locations, 24 edges, 0 initial locations, 0 loop locations, and 1 error locations.
[2026-09-30 15:35:14,746 INFO  L154     LargeBlockEncoding]: LargeBlockEncoding completed in 5 ms, with 0 straightline sequential compositions, 0 parallel compositions, 0 1:n/n:1 sequential compositions and 0 complex sequential compositions.
[2026-09-30 15:35:14,747 INFO  L327             CfgBuilder]: Using the 1 location(s) as analysis (start of procedure ULTIMATE.start)
[2026-09-30 15:35:14,747 INFO  L332             CfgBuilder]: Removed 0 assume(true) statements.
[2026-09-30 15:35:14,747 INFO  L334             CfgBuilder]: Constructed ICFG has 4 procedures, 18 locations, 24 edges, 1 initial locations, 0 loop locations, and 1 error locations.
[2026-09-30 15:35:14,748 INFO  L201        PluginConnector]: Adding new model de.uni_freiburg.informatik.ultimate.plugins.generator.icfgbuilder CFG 30.09 03:35:14 BoogieIcfgContainer
[2026-09-30 15:35:14,748 INFO  L131        PluginConnector]: ------------------------ END IcfgBuilder----------------------------
[2026-09-30 15:35:14,748 INFO  L112        PluginConnector]: ------------------------BuchiAutomizer----------------------------
[2026-09-30 15:35:14,748 INFO  L270        PluginConnector]: Initializing BuchiAutomizer...
[2026-09-30 15:35:14,752 INFO  L274        PluginConnector]: BuchiAutomizer initialized
[2026-09-30 15:35:14,752 INFO  L99          BuchiAutomizer]: Safety of program was proven or not checked, starting termination analysis
[2026-09-30 15:35:14,752 INFO  L184        PluginConnector]: Executing the observer BuchiAutomizerObserver from plugin BuchiAutomizer for "CDTParser AST 30.09 03:35:14" (1/3) ...
[2026-09-30 15:35:14,753 INFO  L204        PluginConnector]: Invalid model from BuchiAutomizer for observer de.uni_freiburg.informatik.ultimate.plugins.generator.buchiautomizer.BuchiAutomizerObserver@71328ce6 and model type de.uni_freiburg.informatik.ultimate.plugins.generator.buchiautomizer AST 30.09 03:35:14, skipping insertion in model container
[2026-09-30 15:35:14,753 INFO  L99          BuchiAutomizer]: Safety of program was proven or not checked, starting termination analysis
[2026-09-30 15:35:14,753 INFO  L184        PluginConnector]: Executing the observer BuchiAutomizerObserver from plugin BuchiAutomizer for "de.uni_freiburg.informatik.ultimate.plugins.generator.cacsl2boogietranslator AST 30.09 03:35:14" (2/3) ...
[2026-09-30 15:35:14,753 INFO  L204        PluginConnector]: Invalid model from BuchiAutomizer for observer de.uni_freiburg.informatik.ultimate.plugins.generator.buchiautomizer.BuchiAutomizerObserver@71328ce6 and model type de.uni_freiburg.informatik.ultimate.plugins.generator.buchiautomizer AST 30.09 03:35:14, skipping insertion in model container
[2026-09-30 15:35:14,753 INFO  L99          BuchiAutomizer]: Safety of program was proven or not checked, starting termination analysis
[2026-09-30 15:35:14,753 INFO  L184        PluginConnector]: Executing the observer BuchiAutomizerObserver from plugin BuchiAutomizer for "de.uni_freiburg.informatik.ultimate.plugins.generator.icfgbuilder CFG 30.09 03:35:14" (3/3) ...
[2026-09-30 15:35:14,754 INFO  L363   chiAutomizerObserver]: Analyzing ICFG recursive.c
[2026-09-30 15:35:14,787 INFO  L333   stractBuchiCegarLoop]: Interprodecural is true
[2026-09-30 15:35:14,787 INFO  L334   stractBuchiCegarLoop]: Hoare is None
[2026-09-30 15:35:14,787 INFO  L335   stractBuchiCegarLoop]: Compute interpolants for ForwardPredicates
[2026-09-30 15:35:14,787 INFO  L336   stractBuchiCegarLoop]: Backedges is STRAIGHT_LINE
[2026-09-30 15:35:14,787 INFO  L337   stractBuchiCegarLoop]: Determinization is PREDICATE_ABSTRACTION
[2026-09-30 15:35:14,787 INFO  L338   stractBuchiCegarLoop]: Difference is false
[2026-09-30 15:35:14,787 INFO  L339   stractBuchiCegarLoop]: Minimize is MINIMIZE_SEVPA
[2026-09-30 15:35:14,787 INFO  L343   stractBuchiCegarLoop]: ======== Iteration 0 == of CEGAR loop == BuchiAutomatonCegarLoop ========
[2026-09-30 15:35:14,790 INFO  L73            BuchiIsEmpty]: Start buchiIsEmpty. Operand  has 18 states, 9 states have (on average 1.3333333333333333) internal successors, (12), 10 states have internal predecessors, (12), 4 states have call successors, (4), 3 states have call predecessors, (4), 3 states have return successors, (4), 4 states have call predecessors, (4), 4 states have call successors, (4)
[2026-09-30 15:35:14,801 INFO  L131   ngComponentsAnalysis]: Automaton has 1 accepting balls. 3
[2026-09-30 15:35:14,802 INFO  L88            BuchiIsEmpty]: Finished buchiIsEmpty Result is false
[2026-09-30 15:35:14,802 INFO  L120           BuchiIsEmpty]: Starting construction of run
[2026-09-30 15:35:14,806 INFO  L148   hiAutomatonCegarLoop]: Counterexample stem histogram [1, 1, 1, 1, 1]
[2026-09-30 15:35:14,806 INFO  L149   hiAutomatonCegarLoop]: Counterexample loop histogram [1, 1, 1]
[2026-09-30 15:35:14,806 INFO  L363   stractBuchiCegarLoop]: ======== Iteration 1 ============
[2026-09-30 15:35:14,806 INFO  L73            BuchiIsEmpty]: Start buchiIsEmpty. Operand  has 18 states, 9 states have (on average 1.3333333333333333) internal successors, (12), 10 states have internal predecessors, (12), 4 states have call successors, (4), 3 states have call predecessors, (4), 3 states have return successors, (4), 4 states have call predecessors, (4), 4 states have call successors, (4)
[2026-09-30 15:35:14,807 INFO  L131   ngComponentsAnalysis]: Automaton has 1 accepting balls. 3
[2026-09-30 15:35:14,808 INFO  L88            BuchiIsEmpty]: Finished buchiIsEmpty Result is false
[2026-09-30 15:35:14,808 INFO  L120           BuchiIsEmpty]: Starting construction of run
[2026-09-30 15:35:14,808 INFO  L148   hiAutomatonCegarLoop]: Counterexample stem histogram [1, 1, 1, 1, 1]
[2026-09-30 15:35:14,808 INFO  L149   hiAutomatonCegarLoop]: Counterexample loop histogram [1, 1, 1]
[2026-09-30 15:35:14,813 INFO  L1146  eck$LassoCheckResult]: Stem: "call ULTIMATE.init();"< "assume true;" >"#22#return;" "call #t~ret3 := main();"< "call #t~ret2 := f();"< 
[2026-09-30 15:35:14,814 INFO  L1148  eck$LassoCheckResult]: Loop: "havoc #t~nondet0;assume -2147483648 <= #t~nondet0 && #t~nondet0 <= 2147483647;" "assume !(0 != #t~nondet0);havoc #t~nondet0;" "call #t~ret1 := f();"< 
[2026-09-30 15:35:14,817 INFO  L160       PredicateUnifier]: Initialized classic predicate unifier
[2026-09-30 15:35:14,818 INFO  L86        PathProgramCache]: Analyzing trace with hash 48044846, now seen corresponding path program 1 times
[2026-09-30 15:35:14,822 INFO  L118   FreeRefinementEngine]: Executing refinement strategy FIXED_PREFERENCES
[2026-09-30 15:35:14,823 INFO  L324   FreeRefinementEngine]: Using trace check IpTcStrategyModulePreferences [11622061]
[2026-09-30 15:35:14,823 INFO  L97    rtionOrderModulation]: Keeping assertion order NOT_INCREMENTALLY
[2026-09-30 15:35:14,823 INFO  L127          SolverBuilder]: Constructing new instance of SMTInterpol with explicit timeout -1 ms and remaining time -1 ms
[2026-09-30 15:35:14,860 INFO  L108    AnnotateAndAsserter]: Assert order NOT_INCREMENTALLY partitioned 5 statements into 1 equivalence classes.
[2026-09-30 15:35:14,862 INFO  L111    AnnotateAndAsserter]: Assert order NOT_INCREMENTALLY issued 1 check-sat command(s) and asserted 5 of 5 statements.
[2026-09-30 15:35:14,863 INFO  L114    AnnotateAndAsserter]: Assert order NOT_INCREMENTALLY issued 1 check-sat command(s)
[2026-09-30 15:35:14,863 INFO  L115    AnnotateAndAsserter]: Conjunction of SSA is sat
[2026-09-30 15:35:14,863 INFO  L348             TraceCheck]: Trace is feasible, we will do another trace check, this time with branch encoders.
[2026-09-30 15:35:14,865 INFO  L108    AnnotateAndAsserter]: Assert order NOT_INCREMENTALLY partitioned 5 statements into 1 equivalence classes.
[2026-09-30 15:35:14,866 INFO  L111    AnnotateAndAsserter]: Assert order NOT_INCREMENTALLY issued 1 check-sat command(s) and asserted 5 of 5 statements.
[2026-09-30 15:35:14,866 INFO  L114    AnnotateAndAsserter]: Assert order NOT_INCREMENTALLY issued 1 check-sat command(s)
[2026-09-30 15:35:14,866 INFO  L115    AnnotateAndAsserter]: Conjunction of SSA is sat
[2026-09-30 15:35:14,871 INFO  L130   FreeRefinementEngine]: Strategy FIXED_PREFERENCES found a feasible trace
[2026-09-30 15:35:14,873 INFO  L160       PredicateUnifier]: Initialized classic predicate unifier
[2026-09-30 15:35:14,873 INFO  L86        PathProgramCache]: Analyzing trace with hash 35729, now seen corresponding path program 1 times
[2026-09-30 15:35:14,873 INFO  L118   FreeRefinementEngine]: Executing refinement strategy FIXED_PREFERENCES
[2026-09-30 15:35:14,874 INFO  L324   FreeRefinementEngine]: Using trace check IpTcStrategyModulePreferences [1661714832]
[2026-09-30 15:35:14,874 INFO  L97    rtionOrderModulation]: Keeping assertion order NOT_INCREMENTALLY
[2026-09-30 15:35:14,874 INFO  L127          SolverBuilder]: Constructing new instance of SMTInterpol with explicit timeout -1 ms and remaining time -1 ms
[2026-09-30 15:35:14,877 INFO  L108    AnnotateAndAsserter]: Assert order NOT_INCREMENTALLY partitioned 3 statements into 1 equivalence classes.
[2026-09-30 15:35:14,882 INFO  L111    AnnotateAndAsserter]: Assert order NOT_INCREMENTALLY issued 1 check-sat command(s) and asserted 3 of 3 statements.
[2026-09-30 15:35:14,882 INFO  L114    AnnotateAndAsserter]: Assert order NOT_INCREMENTALLY issued 1 check-sat command(s)
[2026-09-30 15:35:14,883 INFO  L115    AnnotateAndAsserter]: Conjunction of SSA is sat
[2026-09-30 15:35:14,883 INFO  L348             TraceCheck]: Trace is feasible, we will do another trace check, this time with branch encoders.
[2026-09-30 15:35:14,884 INFO  L108    AnnotateAndAsserter]: Assert order NOT_INCREMENTALLY partitioned 3 statements into 1 equivalence classes.
[2026-09-30 15:35:14,885 INFO  L111    AnnotateAndAsserter]: Assert order NOT_INCREMENTALLY issued 1 check-sat command(s) and asserted 3 of 3 statements.
[2026-09-30 15:35:14,885 INFO  L114    AnnotateAndAsserter]: Assert order NOT_INCREMENTALLY issued 1 check-sat command(s)
[2026-09-30 15:35:14,885 INFO  L115    AnnotateAndAsserter]: Conjunction of SSA is sat
[2026-09-30 15:35:14,890 INFO  L130   FreeRefinementEngine]: Strategy FIXED_PREFERENCES found a feasible trace
[2026-09-30 15:35:14,890 INFO  L160       PredicateUnifier]: Initialized classic predicate unifier
[2026-09-30 15:35:14,890 INFO  L86        PathProgramCache]: Analyzing trace with hash 1079903556, now seen corresponding path program 1 times
[2026-09-30 15:35:14,891 INFO  L118   FreeRefinementEngine]: Executing refinement strategy FIXED_PREFERENCES
[2026-09-30 15:35:14,891 INFO  L324   FreeRefinementEngine]: Using trace check IpTcStrategyModulePreferences [589341232]
[2026-09-30 15:35:14,891 INFO  L97    rtionOrderModulation]: Keeping assertion order NOT_INCREMENTALLY
[2026-09-30 15:35:14,891 INFO  L127          SolverBuilder]: Constructing new instance of SMTInterpol with explicit timeout -1 ms and remaining time -1 ms
[2026-09-30 15:35:14,893 INFO  L108    AnnotateAndAsserter]: Assert order NOT_INCREMENTALLY partitioned 8 statements into 1 equivalence classes.
[2026-09-30 15:35:14,895 INFO  L111    AnnotateAndAsserter]: Assert order NOT_INCREMENTALLY issued 1 check-sat command(s) and asserted 8 of 8 statements.
[2026-09-30 15:35:14,895 INFO  L114    AnnotateAndAsserter]: Assert order NOT_INCREMENTALLY issued 1 check-sat command(s)
[2026-09-30 15:35:14,895 INFO  L115    AnnotateAndAsserter]: Conjunction of SSA is sat
[2026-09-30 15:35:14,895 INFO  L348             TraceCheck]: Trace is feasible, we will do another trace check, this time with branch encoders.
[2026-09-30 15:35:14,895 INFO  L108    AnnotateAndAsserter]: Assert order NOT_INCREMENTALLY partitioned 8 statements into 1 equivalence classes.
[2026-09-30 15:35:14,896 INFO  L111    AnnotateAndAsserter]: Assert order NOT_INCREMENTALLY issued 1 check-sat command(s) and asserted 8 of 8 statements.
[2026-09-30 15:35:14,897 INFO  L114    AnnotateAndAsserter]: Assert order NOT_INCREMENTALLY issued 1 check-sat command(s)
[2026-09-30 15:35:14,897 INFO  L115    AnnotateAndAsserter]: Conjunction of SSA is sat
[2026-09-30 15:35:14,897 INFO  L130   FreeRefinementEngine]: Strategy FIXED_PREFERENCES found a feasible trace
[2026-09-30 15:35:14,926 INFO  L108    AnnotateAndAsserter]: Assert order NOT_INCREMENTALLY partitioned 5 statements into 1 equivalence classes.
[2026-09-30 15:35:14,928 INFO  L111    AnnotateAndAsserter]: Assert order NOT_INCREMENTALLY issued 1 check-sat command(s) and asserted 5 of 5 statements.
[2026-09-30 15:35:14,928 INFO  L114    AnnotateAndAsserter]: Assert order NOT_INCREMENTALLY issued 1 check-sat command(s)
[2026-09-30 15:35:14,928 INFO  L115    AnnotateAndAsserter]: Conjunction of SSA is sat
[2026-09-30 15:35:14,928 INFO  L348             TraceCheck]: Trace is feasible, we will do another trace check, this time with branch encoders.
[2026-09-30 15:35:14,929 INFO  L108    AnnotateAndAsserter]: Assert order NOT_INCREMENTALLY partitioned 5 statements into 1 equivalence classes.
[2026-09-30 15:35:14,930 INFO  L111    AnnotateAndAsserter]: Assert order NOT_INCREMENTALLY issued 1 check-sat command(s) and asserted 5 of 5 statements.
[2026-09-30 15:35:14,930 INFO  L114    AnnotateAndAsserter]: Assert order NOT_INCREMENTALLY issued 1 check-sat command(s)
[2026-09-30 15:35:14,930 INFO  L115    AnnotateAndAsserter]: Conjunction of SSA is sat
[2026-09-30 15:35:14,941 INFO  L201        PluginConnector]: Adding new model de.uni_freiburg.informatik.ultimate.plugins.generator.buchiautomizer CFG 30.09 03:35:14 BoogieIcfgContainer
[2026-09-30 15:35:14,941 INFO  L131        PluginConnector]: ------------------------ END BuchiAutomizer----------------------------
[2026-09-30 15:35:14,942 INFO  L158              Benchmark]: Toolchain (without parser) took 487,16ms. Allocated memory is still 536,9MB. Free memory was 506,0MB in the beginning and 460,5MB in the end (delta: 45,4MB). Peak memory consumption was 50,3MB. Max. memory is 12,9GB.
[2026-09-30 15:35:14,942 INFO  L158              Benchmark]: CDTParser took 0,20ms. Allocated memory is still 536,9MB. Free memory is still 499,7MB. There was no memory consumed. Max. memory is 12,9GB.
[2026-09-30 15:35:14,942 INFO  L158              Benchmark]: CACSL2BoogieTranslator took 142,17ms. Allocated memory is still 536,9MB. Free memory was 506,0MB in the beginning and 491,4MB in the end (delta: 14,6MB). Peak memory consumption was 16,8MB. Max. memory is 12,9GB.
[2026-09-30 15:35:14,943 INFO  L158              Benchmark]: Boogie Preprocessor took 13,45ms. Allocated memory is still 536,9MB. Free memory was 491,4MB in the beginning and 490,7MB in the end (delta: 677,7kB). There was no memory consumed. Max. memory is 12,9GB.
[2026-09-30 15:35:14,943 INFO  L158              Benchmark]: IcfgBuilder took 135,36ms. Allocated memory is still 536,9MB. Free memory was 490,7MB in the beginning and 475,0MB in the end (delta: 15,7MB). Peak memory consumption was 16,8MB. Max. memory is 12,9GB.
[2026-09-30 15:35:14,943 INFO  L158              Benchmark]: BuchiAutomizer took 192,44ms. Allocated memory is still 536,9MB. Free memory was 475,0MB in the beginning and 460,5MB in the end (delta: 14,5MB). Peak memory consumption was 16,8MB. Max. memory is 12,9GB.
[2026-09-30 15:35:14,944 INFO  L338   ainManager$Toolchain]: #######################  End [Toolchain 1] #######################
 --- Results ---
 * Results from de.uni_freiburg.informatik.ultimate.core:
  - StatisticsResult: Toolchain Benchmarks
    Benchmark results are:
 * CDTParser took 0,20ms. Allocated memory is still 536,9MB. Free memory is still 499,7MB. There was no memory consumed. Max. memory is 12,9GB.
 * CACSL2BoogieTranslator took 142,17ms. Allocated memory is still 536,9MB. Free memory was 506,0MB in the beginning and 491,4MB in the end (delta: 14,6MB). Peak memory consumption was 16,8MB. Max. memory is 12,9GB.
 * Boogie Preprocessor took 13,45ms. Allocated memory is still 536,9MB. Free memory was 491,4MB in the beginning and 490,7MB in the end (delta: 677,7kB). There was no memory consumed. Max. memory is 12,9GB.
 * IcfgBuilder took 135,36ms. Allocated memory is still 536,9MB. Free memory was 490,7MB in the beginning and 475,0MB in the end (delta: 15,7MB). Peak memory consumption was 16,8MB. Max. memory is 12,9GB.
 * BuchiAutomizer took 192,44ms. Allocated memory is still 536,9MB. Free memory was 475,0MB in the beginning and 460,5MB in the end (delta: 14,5MB). Peak memory consumption was 16,8MB. Max. memory is 12,9GB.
 * Results from de.uni_freiburg.informatik.ultimate.plugins.generator.traceabstraction:
  - StatisticsResult: Constructed decomposition of program
    Trivial decomposition into one nonterminating module.
  - StatisticsResult: Timing statistics
    BüchiAutomizer plugin needed 0.1s and 1 iterations.  TraceHistogramMax:1. Analysis of lassos took 0.1s. Construction of modules took 0.0s. Büchi inclusion checks took 0.0s. Highest rank in rank-based complementation 0. Minimization of det autom 0. Minimization of nondet autom 0. Automata minimization No data available. Non-live state removal took 0.0s Buchi closure took 0.0s. Biggest automaton had -1 states and ocurred in iteration -1.	Nontrivial modules had stage [0, 0, 0, 0, 0].	InterpolantCoveringCapabilityFinite: 0/0	InterpolantCoveringCapabilityBuchi: 0/0	HoareTripleCheckerStatistics: 	LassoAnalysisResults: nont1 unkn0 SFLI0 SFLT0 conc0 concLT0 SILN0 SILU0 SILI0 SILT0 lasso0 LassoPreprocessingBenchmarks: LassoTerminationAnalysisBenchmarks: not availableLassoTerminationAnalysisBenchmarks: LassoNonterminationAnalysisSatFixpoint: 0	LassoNonterminationAnalysisSatUnbounded: 0	LassoNonterminationAnalysisUnsat: 0	LassoNonterminationAnalysisUnknown: 0	LassoNonterminationAnalysisTime: 0.0s	InitialAbstractionConstructionTime: 0.0s
  - TerminationAnalysisResult: Nontermination possible
    Buchi Automizer proved that your program is nonterminating for some inputs
  - LassoShapedNonTerminationArgument [Line: 3]: Nontermination argument in form of an infinite program execution.
    Nontermination argument in form of an infinite program execution.
Stem:
[L8]  CALL  f()
Loop:
[L3]  COND FALSE  !(__VERIFIER_nondet_int())
[L4]  CALL        f()
End of lasso representation.
  - StatisticsResult: NonterminationArgumentStatistics
    Fixpoint
  - NonterminatingLassoResult [Line: 3]: Nonterminating execution
    Found a nonterminating execution for the following lasso shaped sequence of statements.
Stem:
[L8]  CALL  f()
Loop:
[L3]  COND FALSE  !(__VERIFIER_nondet_int())
[L4]  CALL        f()
End of lasso representation.
RESULT: Ultimate proved your program to be incorrect!
[2026-09-30 15:35:14,952 INFO  L546       MonitoredProcess]: [MP /home/anissa/.local/bin/z3 SMTLIB2_COMPLIANT=true -memory:1024 -smt2 -in -t:12000 (1)] Ended with exit code 0
Received shutdown request...
