This is Ultimate 0.3.1-main-3730069d
[2026-09-30 15:33:30,154 INFO  L188        SettingsManager]: Resetting all preferences to default values...
[2026-09-30 15:33:30,362 INFO  L75    nceAwareModelManager]: Repository-Root is: /tmp
[2026-09-30 15:33:30,371 INFO  L261   ainManager$Toolchain]: [Toolchain 1]: Applicable parser(s) successfully (re)initialized
[2026-09-30 15:33:30,373 INFO  L217   ainManager$Toolchain]: [Toolchain 1]: Toolchain selected.
[2026-09-30 15:33:30,374 INFO  L270        PluginConnector]: Initializing CDTParser...
[2026-09-30 15:33:30,374 INFO  L274        PluginConnector]: CDTParser initialized
[2026-09-30 15:33:30,375 INFO  L431   ainManager$Toolchain]: [Toolchain 1]: Parsing single file: /home/anissa/Documents/Tools/PaSTTeL/benchmarks/smoke_test/full_programs_c_bpl/2Nested-1.c
!SESSION 2026-09-30 15:33:29.258 -----------------------------------------------
eclipse.buildId=unknown
java.version=21.0.12.1
java.vendor=Ubuntu
BootLoader constants: OS=linux, ARCH=x86_64, WS=gtk, NL=fr_FR
Framework arguments:  --console -tc /home/anissa/Documents/Tools/PaSTTeL/tools/toolchains/BuchiAutomizerC.xml -i /home/anissa/Documents/Tools/PaSTTeL/benchmarks/smoke_test/full_programs_c_bpl/2Nested-1.c
Command-line arguments:  -os linux -ws gtk -arch x86_64 -consoleLog --console -data @user.home/.ultimate -tc /home/anissa/Documents/Tools/PaSTTeL/tools/toolchains/BuchiAutomizerC.xml -i /home/anissa/Documents/Tools/PaSTTeL/benchmarks/smoke_test/full_programs_c_bpl/2Nested-1.c

!ENTRY org.eclipse.cdt.core 1 0 2026-09-30 15:33:31.541
!MESSAGE Indexed 'FLAGb5ac66df6' (0 sources, 0 headers) in 0,001 sec: 0 declarations; 0 references; 0 unresolved inclusions; 0 syntax errors; 0 unresolved names (0 %)
[2026-09-30 15:33:31,641 INFO  L538              CDTParser]: Created temporary CDT project at /home/anissa/.ultimate/80bfab0cb34142518279def50687eb74/FLAGb5ac66df6
[2026-09-30 15:33:31,792 INFO  L389              CDTParser]: Found 1 translation units.
[2026-09-30 15:33:31,793 INFO  L178              CDTParser]: Scanning /home/anissa/Documents/Tools/PaSTTeL/benchmarks/smoke_test/full_programs_c_bpl/2Nested-1.c
[2026-09-30 15:33:31,797 INFO  L432              CDTParser]: About to delete temporary CDT project at /home/anissa/.ultimate/80bfab0cb34142518279def50687eb74/FLAGb5ac66df6
[2026-09-30 15:33:32,693 INFO  L440              CDTParser]: Successfully deleted /home/anissa/.ultimate/80bfab0cb34142518279def50687eb74
[2026-09-30 15:33:32,695 INFO  L299   ainManager$Toolchain]: ####################### [Toolchain 1] #######################
[2026-09-30 15:33:32,696 INFO  L133        ToolchainWalker]: Walking toolchain with 4 elements.
[2026-09-30 15:33:32,697 INFO  L112        PluginConnector]: ------------------------CACSL2BoogieTranslator----------------------------
[2026-09-30 15:33:32,697 INFO  L270        PluginConnector]: Initializing CACSL2BoogieTranslator...
[2026-09-30 15:33:32,699 INFO  L274        PluginConnector]: CACSL2BoogieTranslator initialized
[2026-09-30 15:33:32,700 INFO  L184        PluginConnector]: Executing the observer ACSLObjectContainerObserver from plugin CACSL2BoogieTranslator for "CDTParser AST 30.09 03:33:32" (1/1) ...
[2026-09-30 15:33:32,701 INFO  L204        PluginConnector]: Invalid model from CACSL2BoogieTranslator for observer de.uni_freiburg.informatik.ultimate.plugins.generator.cacsl2boogietranslator.ACSLObjectContainerObserver@3992c6a9 and model type de.uni_freiburg.informatik.ultimate.plugins.generator.cacsl2boogietranslator AST 30.09 03:33:32, skipping insertion in model container
[2026-09-30 15:33:32,701 INFO  L184        PluginConnector]: Executing the observer CACSL2BoogieTranslatorObserver from plugin CACSL2BoogieTranslator for "CDTParser AST 30.09 03:33:32" (1/1) ...
[2026-09-30 15:33:32,708 INFO  L177         MainTranslator]: Built tables and reachable declarations
[2026-09-30 15:33:32,810 INFO  L189          PostProcessor]: Analyzing one entry point: main
[2026-09-30 15:33:32,814 INFO  L206         MainTranslator]: Completed pre-run
[2026-09-30 15:33:32,827 INFO  L189          PostProcessor]: Analyzing one entry point: main
[2026-09-30 15:33:32,836 INFO  L211         MainTranslator]: Completed translation
[2026-09-30 15:33:32,836 INFO  L201        PluginConnector]: Adding new model de.uni_freiburg.informatik.ultimate.plugins.generator.cacsl2boogietranslator AST 30.09 03:33:32 WrapperNode
[2026-09-30 15:33:32,837 INFO  L131        PluginConnector]: ------------------------ END CACSL2BoogieTranslator----------------------------
[2026-09-30 15:33:32,837 INFO  L112        PluginConnector]: ------------------------Boogie Preprocessor----------------------------
[2026-09-30 15:33:32,837 INFO  L270        PluginConnector]: Initializing Boogie Preprocessor...
[2026-09-30 15:33:32,838 INFO  L274        PluginConnector]: Boogie Preprocessor initialized
[2026-09-30 15:33:32,843 INFO  L184        PluginConnector]: Executing the observer EnsureBoogieModelObserver from plugin Boogie Preprocessor for "de.uni_freiburg.informatik.ultimate.plugins.generator.cacsl2boogietranslator AST 30.09 03:33:32" (1/1) ...
[2026-09-30 15:33:32,843 INFO  L184        PluginConnector]: Executing the observer TypeChecker from plugin Boogie Preprocessor for "de.uni_freiburg.informatik.ultimate.plugins.generator.cacsl2boogietranslator AST 30.09 03:33:32" (1/1) ...
[2026-09-30 15:33:32,846 INFO  L184        PluginConnector]: Executing the observer ConstExpander from plugin Boogie Preprocessor for "de.uni_freiburg.informatik.ultimate.plugins.generator.cacsl2boogietranslator AST 30.09 03:33:32" (1/1) ...
[2026-09-30 15:33:32,847 INFO  L184        PluginConnector]: Executing the observer StructExpander from plugin Boogie Preprocessor for "de.uni_freiburg.informatik.ultimate.plugins.generator.cacsl2boogietranslator AST 30.09 03:33:32" (1/1) ...
[2026-09-30 15:33:32,848 INFO  L184        PluginConnector]: Executing the observer ReplaceArrayAssignments from plugin Boogie Preprocessor for "de.uni_freiburg.informatik.ultimate.plugins.generator.cacsl2boogietranslator AST 30.09 03:33:32" (1/1) ...
[2026-09-30 15:33:32,848 INFO  L184        PluginConnector]: Executing the observer UnstructureCode from plugin Boogie Preprocessor for "de.uni_freiburg.informatik.ultimate.plugins.generator.cacsl2boogietranslator AST 30.09 03:33:32" (1/1) ...
[2026-09-30 15:33:32,851 INFO  L184        PluginConnector]: Executing the observer FunctionInliner from plugin Boogie Preprocessor for "de.uni_freiburg.informatik.ultimate.plugins.generator.cacsl2boogietranslator AST 30.09 03:33:32" (1/1) ...
[2026-09-30 15:33:32,851 INFO  L184        PluginConnector]: Executing the observer LTLStepAnnotator from plugin Boogie Preprocessor for "de.uni_freiburg.informatik.ultimate.plugins.generator.cacsl2boogietranslator AST 30.09 03:33:32" (1/1) ...
[2026-09-30 15:33:32,851 INFO  L184        PluginConnector]: Executing the observer BoogieSymbolTableConstructor from plugin Boogie Preprocessor for "de.uni_freiburg.informatik.ultimate.plugins.generator.cacsl2boogietranslator AST 30.09 03:33:32" (1/1) ...
[2026-09-30 15:33:32,853 INFO  L131        PluginConnector]: ------------------------ END Boogie Preprocessor----------------------------
[2026-09-30 15:33:32,854 INFO  L112        PluginConnector]: ------------------------IcfgBuilder----------------------------
[2026-09-30 15:33:32,854 INFO  L270        PluginConnector]: Initializing IcfgBuilder...
[2026-09-30 15:33:32,854 INFO  L274        PluginConnector]: IcfgBuilder initialized
[2026-09-30 15:33:32,855 INFO  L184        PluginConnector]: Executing the observer IcfgBuilderObserver from plugin IcfgBuilder for "de.uni_freiburg.informatik.ultimate.plugins.generator.cacsl2boogietranslator AST 30.09 03:33:32" (1/1) ...
[2026-09-30 15:33:32,858 INFO  L173          SolverBuilder]: Constructing external solver with command: z3 SMTLIB2_COMPLIANT=true -memory:1024 -smt2 -in -t:12000
[2026-09-30 15:33:32,867 INFO  L189       MonitoredProcess]: No working directory specified, using /home/anissa/.local/bin/z3
[2026-09-30 15:33:32,874 INFO  L229       MonitoredProcess]: Starting monitored process 1 with /home/anissa/.local/bin/z3 SMTLIB2_COMPLIANT=true -memory:1024 -smt2 -in -t:12000 (exit command is (exit), workingDir is null)
[2026-09-30 15:33:32,876 INFO  L327       MonitoredProcess]: [MP /home/anissa/.local/bin/z3 SMTLIB2_COMPLIANT=true -memory:1024 -smt2 -in -t:12000 (1)] Waiting until timeout for monitored process
[2026-09-30 15:33:32,891 INFO  L138     BoogieDeclarations]: Found implementation of procedure ULTIMATE.init
[2026-09-30 15:33:32,891 INFO  L138     BoogieDeclarations]: Found implementation of procedure ULTIMATE.start
[2026-09-30 15:33:32,891 INFO  L138     BoogieDeclarations]: Found implementation of procedure main
[2026-09-30 15:33:32,891 INFO  L130     BoogieDeclarations]: Found specification of procedure __VERIFIER_nondet_int
[2026-09-30 15:33:32,891 INFO  L130     BoogieDeclarations]: Found specification of procedure main
[2026-09-30 15:33:32,892 INFO  L130     BoogieDeclarations]: Found specification of procedure ULTIMATE.init
[2026-09-30 15:33:32,892 INFO  L130     BoogieDeclarations]: Found specification of procedure ULTIMATE.start
[2026-09-30 15:33:32,928 INFO  L257             CfgBuilder]: Building ICFG
[2026-09-30 15:33:32,929 INFO  L287             CfgBuilder]: Building CFG for each procedure with an implementation
[2026-09-30 15:33:32,976 INFO  L?                        ?]: Removed 5 outVars from TransFormulas that were not future-live.
[2026-09-30 15:33:32,977 INFO  L308             CfgBuilder]: Performing block encoding
[2026-09-30 15:33:32,980 INFO  L89      LargeBlockEncoding]: Applying CFG Large Block Encoding to ICFG that has 3 procedures, 13 locations, 18 edges, 0 initial locations, 0 loop locations, and 0 error locations.
[2026-09-30 15:33:32,982 INFO  L139     LargeBlockEncoding]: LargeBlockEncoding completed in 4 ms, with 0 straightline sequential compositions, 0 parallel compositions, 0 1:n/n:1 sequential compositions and 0 complex sequential compositions.
[2026-09-30 15:33:32,983 INFO  L332             CfgBuilder]: Using the 1 location(s) as analysis (start of procedure ULTIMATE.start)
[2026-09-30 15:33:32,983 INFO  L337             CfgBuilder]: Removed 0 assume(true) statements.
[2026-09-30 15:33:32,983 INFO  L339             CfgBuilder]: Constructed ICFG has 3 procedures, 13 locations, 18 edges, 1 initial locations, 0 loop locations, and 0 error locations.
[2026-09-30 15:33:32,983 INFO  L201        PluginConnector]: Adding new model de.uni_freiburg.informatik.ultimate.plugins.generator.icfgbuilder CFG 30.09 03:33:32 BoogieIcfgContainer
[2026-09-30 15:33:32,983 INFO  L131        PluginConnector]: ------------------------ END IcfgBuilder----------------------------
[2026-09-30 15:33:32,985 INFO  L112        PluginConnector]: ------------------------BuchiAutomizer----------------------------
[2026-09-30 15:33:32,985 INFO  L270        PluginConnector]: Initializing BuchiAutomizer...
[2026-09-30 15:33:32,987 INFO  L274        PluginConnector]: BuchiAutomizer initialized
[2026-09-30 15:33:32,988 INFO  L99          BuchiAutomizer]: Safety of program was proven or not checked, starting termination analysis
[2026-09-30 15:33:32,988 INFO  L184        PluginConnector]: Executing the observer BuchiAutomizerObserver from plugin BuchiAutomizer for "CDTParser AST 30.09 03:33:32" (1/3) ...
[2026-09-30 15:33:32,989 INFO  L204        PluginConnector]: Invalid model from BuchiAutomizer for observer de.uni_freiburg.informatik.ultimate.plugins.generator.buchiautomizer.BuchiAutomizerObserver@31263046 and model type de.uni_freiburg.informatik.ultimate.plugins.generator.buchiautomizer AST 30.09 03:33:32, skipping insertion in model container
[2026-09-30 15:33:32,989 INFO  L99          BuchiAutomizer]: Safety of program was proven or not checked, starting termination analysis
[2026-09-30 15:33:32,989 INFO  L184        PluginConnector]: Executing the observer BuchiAutomizerObserver from plugin BuchiAutomizer for "de.uni_freiburg.informatik.ultimate.plugins.generator.cacsl2boogietranslator AST 30.09 03:33:32" (2/3) ...
[2026-09-30 15:33:32,989 INFO  L204        PluginConnector]: Invalid model from BuchiAutomizer for observer de.uni_freiburg.informatik.ultimate.plugins.generator.buchiautomizer.BuchiAutomizerObserver@31263046 and model type de.uni_freiburg.informatik.ultimate.plugins.generator.buchiautomizer AST 30.09 03:33:32, skipping insertion in model container
[2026-09-30 15:33:32,989 INFO  L99          BuchiAutomizer]: Safety of program was proven or not checked, starting termination analysis
[2026-09-30 15:33:32,989 INFO  L184        PluginConnector]: Executing the observer BuchiAutomizerObserver from plugin BuchiAutomizer for "de.uni_freiburg.informatik.ultimate.plugins.generator.icfgbuilder CFG 30.09 03:33:32" (3/3) ...
[2026-09-30 15:33:32,990 INFO  L363   chiAutomizerObserver]: Analyzing ICFG 2Nested-1.c
[2026-09-30 15:33:33,018 INFO  L330   stractBuchiCegarLoop]: Interprodecural is true
[2026-09-30 15:33:33,019 INFO  L331   stractBuchiCegarLoop]: Hoare is None
[2026-09-30 15:33:33,019 INFO  L332   stractBuchiCegarLoop]: Compute interpolants for ForwardPredicates
[2026-09-30 15:33:33,019 INFO  L333   stractBuchiCegarLoop]: Backedges is STRAIGHT_LINE
[2026-09-30 15:33:33,019 INFO  L334   stractBuchiCegarLoop]: Determinization is PREDICATE_ABSTRACTION
[2026-09-30 15:33:33,019 INFO  L335   stractBuchiCegarLoop]: Difference is false
[2026-09-30 15:33:33,019 INFO  L336   stractBuchiCegarLoop]: Minimize is MINIMIZE_SEVPA
[2026-09-30 15:33:33,019 INFO  L340   stractBuchiCegarLoop]: ======== Iteration 0 == of CEGAR loop == BuchiAutomatonCegarLoop ========
[2026-09-30 15:33:33,022 INFO  L73            BuchiIsEmpty]: Start buchiIsEmpty. Operand  has 13 states, 8 states have (on average 1.5) internal successors, (12), 8 states have internal predecessors, (12), 2 states have call successors, (2), 2 states have call predecessors, (2), 2 states have return successors, (2), 2 states have call predecessors, (2), 2 states have call successors, (2)
[2026-09-30 15:33:33,030 INFO  L131   ngComponentsAnalysis]: Automaton has 1 accepting balls. 1
[2026-09-30 15:33:33,030 INFO  L88            BuchiIsEmpty]: Finished buchiIsEmpty Result is false
[2026-09-30 15:33:33,030 INFO  L120           BuchiIsEmpty]: Starting construction of run
[2026-09-30 15:33:33,033 INFO  L148   hiAutomatonCegarLoop]: Counterexample stem histogram [1, 1, 1, 1, 1, 1, 1, 1]
[2026-09-30 15:33:33,033 INFO  L149   hiAutomatonCegarLoop]: Counterexample loop histogram [1]
[2026-09-30 15:33:33,033 INFO  L362   stractBuchiCegarLoop]: ======== Iteration 1 ============
[2026-09-30 15:33:33,033 INFO  L73            BuchiIsEmpty]: Start buchiIsEmpty. Operand  has 13 states, 8 states have (on average 1.5) internal successors, (12), 8 states have internal predecessors, (12), 2 states have call successors, (2), 2 states have call predecessors, (2), 2 states have return successors, (2), 2 states have call predecessors, (2), 2 states have call successors, (2)
[2026-09-30 15:33:33,034 INFO  L131   ngComponentsAnalysis]: Automaton has 1 accepting balls. 1
[2026-09-30 15:33:33,034 INFO  L88            BuchiIsEmpty]: Finished buchiIsEmpty Result is false
[2026-09-30 15:33:33,034 INFO  L120           BuchiIsEmpty]: Starting construction of run
[2026-09-30 15:33:33,034 INFO  L148   hiAutomatonCegarLoop]: Counterexample stem histogram [1, 1, 1, 1, 1, 1, 1, 1]
[2026-09-30 15:33:33,034 INFO  L149   hiAutomatonCegarLoop]: Counterexample loop histogram [1]
[2026-09-30 15:33:33,037 INFO  L943   eck$LassoCheckResult]: Stem: "call ULTIMATE.init();"< "assume true;" >"#27#return;" "call #t~ret2 := main();"< "havoc ~x~0;havoc ~y~0;havoc #t~nondet0;assume -2147483648 <= #t~nondet0 && #t~nondet0 <= 2147483647;~x~0 := #t~nondet0;havoc #t~nondet0;havoc #t~nondet1;assume -2147483648 <= #t~nondet1 && #t~nondet1 <= 2147483647;~y~0 := #t~nondet1;havoc #t~nondet1;" "assume !!(~x~0 <= 65534);" "assume !!(~y~0 <= 65534);" "assume !!(~y~0 >= -65534);" 
[2026-09-30 15:33:33,038 INFO  L945   eck$LassoCheckResult]: Loop: "assume ~x~0 >= 0;~x~0 := ~x~0 + ~y~0;~y~0 := ~y~0 - 1;" 
[2026-09-30 15:33:33,129 INFO  L213          LassoAnalysis]: Preferences:
[2026-09-30 15:33:33,129 INFO  L125   ssoRankerPreferences]: Compute integeral hull: false
[2026-09-30 15:33:33,129 INFO  L126   ssoRankerPreferences]: Enable LassoPartitioneer: false
[2026-09-30 15:33:33,129 INFO  L127   ssoRankerPreferences]: Term annotations enabled: false
[2026-09-30 15:33:33,129 INFO  L128   ssoRankerPreferences]: Use exernal solver: true
[2026-09-30 15:33:33,130 INFO  L129   ssoRankerPreferences]: SMT solver command: z3 SMTLIB2_COMPLIANT=true -memory:1024 -smt2 -in -t:12000
[2026-09-30 15:33:33,130 INFO  L130   ssoRankerPreferences]: Dump SMT script to file: false
[2026-09-30 15:33:33,130 INFO  L131   ssoRankerPreferences]: Path of dumped script: 
[2026-09-30 15:33:33,130 INFO  L132   ssoRankerPreferences]: Filename of dumped script: 2Nested-1.c_Iteration1_Lasso
[2026-09-30 15:33:33,130 INFO  L133   ssoRankerPreferences]: MapElimAlgo: Matthias
[2026-09-30 15:33:33,130 INFO  L250          LassoAnalysis]: Starting lasso preprocessing...
[2026-09-30 15:33:33,178 INFO  L270          LassoAnalysis]: Preprocessing complete.
[2026-09-30 15:33:33,181 INFO  L156       PredicateUnifier]: Initialized classic predicate unifier
[2026-09-30 15:33:33,182 INFO  L85        PathProgramCache]: Analyzing trace with hash 1351766012, now seen corresponding path program 1 times
[2026-09-30 15:33:33,186 INFO  L118   FreeRefinementEngine]: Executing refinement strategy FIXED_PREFERENCES
[2026-09-30 15:33:33,187 INFO  L324   FreeRefinementEngine]: Using trace check IpTcStrategyModulePreferences [465283878]
[2026-09-30 15:33:33,187 INFO  L97    rtionOrderModulation]: Keeping assertion order NOT_INCREMENTALLY
[2026-09-30 15:33:33,187 INFO  L127          SolverBuilder]: Constructing new instance of SMTInterpol with explicit timeout -1 ms and remaining time -1 ms
[2026-09-30 15:33:33,227 INFO  L108    AnnotateAndAsserter]: Assert order NOT_INCREMENTALLY partitioned 8 statements into 1 equivalence classes.
[2026-09-30 15:33:33,231 INFO  L111    AnnotateAndAsserter]: Assert order NOT_INCREMENTALLY issued 1 check-sat command(s) and asserted 8 of 8 statements.
[2026-09-30 15:33:33,231 INFO  L114    AnnotateAndAsserter]: Assert order NOT_INCREMENTALLY issued 1 check-sat command(s)
[2026-09-30 15:33:33,231 INFO  L115    AnnotateAndAsserter]: Conjunction of SSA is sat
[2026-09-30 15:33:33,232 INFO  L348             TraceCheck]: Trace is feasible, we will do another trace check, this time with branch encoders.
[2026-09-30 15:33:33,233 INFO  L108    AnnotateAndAsserter]: Assert order NOT_INCREMENTALLY partitioned 8 statements into 1 equivalence classes.
[2026-09-30 15:33:33,235 INFO  L111    AnnotateAndAsserter]: Assert order NOT_INCREMENTALLY issued 1 check-sat command(s) and asserted 8 of 8 statements.
[2026-09-30 15:33:33,236 INFO  L114    AnnotateAndAsserter]: Assert order NOT_INCREMENTALLY issued 1 check-sat command(s)
[2026-09-30 15:33:33,236 INFO  L115    AnnotateAndAsserter]: Conjunction of SSA is sat
[2026-09-30 15:33:33,245 INFO  L130   FreeRefinementEngine]: Strategy FIXED_PREFERENCES found a feasible trace
[2026-09-30 15:33:33,247 INFO  L156       PredicateUnifier]: Initialized classic predicate unifier
[2026-09-30 15:33:33,247 INFO  L85        PathProgramCache]: Analyzing trace with hash 37, now seen corresponding path program 1 times
[2026-09-30 15:33:33,247 INFO  L118   FreeRefinementEngine]: Executing refinement strategy FIXED_PREFERENCES
[2026-09-30 15:33:33,248 INFO  L324   FreeRefinementEngine]: Using trace check IpTcStrategyModulePreferences [1536431827]
[2026-09-30 15:33:33,248 INFO  L97    rtionOrderModulation]: Keeping assertion order NOT_INCREMENTALLY
[2026-09-30 15:33:33,248 INFO  L127          SolverBuilder]: Constructing new instance of SMTInterpol with explicit timeout -1 ms and remaining time -1 ms
[2026-09-30 15:33:33,250 INFO  L108    AnnotateAndAsserter]: Assert order NOT_INCREMENTALLY partitioned 1 statements into 1 equivalence classes.
[2026-09-30 15:33:33,253 INFO  L111    AnnotateAndAsserter]: Assert order NOT_INCREMENTALLY issued 1 check-sat command(s) and asserted 1 of 1 statements.
[2026-09-30 15:33:33,253 INFO  L114    AnnotateAndAsserter]: Assert order NOT_INCREMENTALLY issued 1 check-sat command(s)
[2026-09-30 15:33:33,253 INFO  L115    AnnotateAndAsserter]: Conjunction of SSA is sat
[2026-09-30 15:33:33,253 INFO  L348             TraceCheck]: Trace is feasible, we will do another trace check, this time with branch encoders.
[2026-09-30 15:33:33,254 INFO  L108    AnnotateAndAsserter]: Assert order NOT_INCREMENTALLY partitioned 1 statements into 1 equivalence classes.
[2026-09-30 15:33:33,255 INFO  L111    AnnotateAndAsserter]: Assert order NOT_INCREMENTALLY issued 1 check-sat command(s) and asserted 1 of 1 statements.
[2026-09-30 15:33:33,255 INFO  L114    AnnotateAndAsserter]: Assert order NOT_INCREMENTALLY issued 1 check-sat command(s)
[2026-09-30 15:33:33,255 INFO  L115    AnnotateAndAsserter]: Conjunction of SSA is sat
[2026-09-30 15:33:33,256 INFO  L130   FreeRefinementEngine]: Strategy FIXED_PREFERENCES found a feasible trace
[2026-09-30 15:33:33,257 INFO  L156       PredicateUnifier]: Initialized classic predicate unifier
[2026-09-30 15:33:33,257 INFO  L85        PathProgramCache]: Analyzing trace with hash -1044926582, now seen corresponding path program 1 times
[2026-09-30 15:33:33,257 INFO  L118   FreeRefinementEngine]: Executing refinement strategy FIXED_PREFERENCES
[2026-09-30 15:33:33,257 INFO  L324   FreeRefinementEngine]: Using trace check IpTcStrategyModulePreferences [1482173251]
[2026-09-30 15:33:33,257 INFO  L97    rtionOrderModulation]: Keeping assertion order NOT_INCREMENTALLY
[2026-09-30 15:33:33,257 INFO  L127          SolverBuilder]: Constructing new instance of SMTInterpol with explicit timeout -1 ms and remaining time -1 ms
[2026-09-30 15:33:33,260 INFO  L108    AnnotateAndAsserter]: Assert order NOT_INCREMENTALLY partitioned 9 statements into 1 equivalence classes.
[2026-09-30 15:33:33,263 INFO  L111    AnnotateAndAsserter]: Assert order NOT_INCREMENTALLY issued 1 check-sat command(s) and asserted 9 of 9 statements.
[2026-09-30 15:33:33,263 INFO  L114    AnnotateAndAsserter]: Assert order NOT_INCREMENTALLY issued 1 check-sat command(s)
[2026-09-30 15:33:33,263 INFO  L115    AnnotateAndAsserter]: Conjunction of SSA is sat
[2026-09-30 15:33:33,263 INFO  L348             TraceCheck]: Trace is feasible, we will do another trace check, this time with branch encoders.
[2026-09-30 15:33:33,265 INFO  L108    AnnotateAndAsserter]: Assert order NOT_INCREMENTALLY partitioned 9 statements into 1 equivalence classes.
[2026-09-30 15:33:33,267 INFO  L111    AnnotateAndAsserter]: Assert order NOT_INCREMENTALLY issued 1 check-sat command(s) and asserted 9 of 9 statements.
[2026-09-30 15:33:33,268 INFO  L114    AnnotateAndAsserter]: Assert order NOT_INCREMENTALLY issued 1 check-sat command(s)
[2026-09-30 15:33:33,268 INFO  L115    AnnotateAndAsserter]: Conjunction of SSA is sat
[2026-09-30 15:33:33,268 INFO  L130   FreeRefinementEngine]: Strategy FIXED_PREFERENCES found a feasible trace
[2026-09-30 15:33:33,329 INFO  L213          LassoAnalysis]: Preferences:
[2026-09-30 15:33:33,329 INFO  L125   ssoRankerPreferences]: Compute integeral hull: false
[2026-09-30 15:33:33,329 INFO  L126   ssoRankerPreferences]: Enable LassoPartitioneer: false
[2026-09-30 15:33:33,329 INFO  L127   ssoRankerPreferences]: Term annotations enabled: false
[2026-09-30 15:33:33,329 INFO  L128   ssoRankerPreferences]: Use exernal solver: true
[2026-09-30 15:33:33,329 INFO  L129   ssoRankerPreferences]: SMT solver command: z3 SMTLIB2_COMPLIANT=true -memory:1024 -smt2 -in -t:12000
[2026-09-30 15:33:33,329 INFO  L130   ssoRankerPreferences]: Dump SMT script to file: false
[2026-09-30 15:33:33,329 INFO  L131   ssoRankerPreferences]: Path of dumped script: 
[2026-09-30 15:33:33,329 INFO  L132   ssoRankerPreferences]: Filename of dumped script: 2Nested-1.c_Iteration1_Lasso
[2026-09-30 15:33:33,330 INFO  L133   ssoRankerPreferences]: MapElimAlgo: Matthias
[2026-09-30 15:33:33,330 INFO  L250          LassoAnalysis]: Starting lasso preprocessing...
[2026-09-30 15:33:33,364 INFO  L270          LassoAnalysis]: Preprocessing complete.
[2026-09-30 15:33:33,365 INFO  L380          LassoAnalysis]: Checking for nontermination...
[2026-09-30 15:33:33,366 INFO  L173          SolverBuilder]: Constructing external solver with command: z3 SMTLIB2_COMPLIANT=true -memory:1024 -smt2 -in -t:12000
[2026-09-30 15:33:33,367 INFO  L189       MonitoredProcess]: No working directory specified, using /home/anissa/.local/bin/z3
[2026-09-30 15:33:33,369 INFO  L229       MonitoredProcess]: Starting monitored process 2 with /home/anissa/.local/bin/z3 SMTLIB2_COMPLIANT=true -memory:1024 -smt2 -in -t:12000 (exit command is (exit), workingDir is null)
[2026-09-30 15:33:33,370 INFO  L327       MonitoredProcess]: [MP /home/anissa/.local/bin/z3 SMTLIB2_COMPLIANT=true -memory:1024 -smt2 -in -t:12000 (2)] Waiting until timeout for monitored process
[2026-09-30 15:33:33,370 INFO  L148   nArgumentSynthesizer]: Nontermination analysis: LINEAR Allow bounded executions: true Number of generalized eigenvectors: 0 Nilpotent components: true
[2026-09-30 15:33:33,370 INFO  L160   nArgumentSynthesizer]: Using integer mode.
[2026-09-30 15:33:33,388 INFO  L546       MonitoredProcess]: [MP /home/anissa/.local/bin/z3 SMTLIB2_COMPLIANT=true -memory:1024 -smt2 -in -t:12000 (2)] Ended with exit code 0
[2026-09-30 15:33:33,388 INFO  L173          SolverBuilder]: Constructing external solver with command: z3 SMTLIB2_COMPLIANT=true -memory:1024 -smt2 -in -t:12000
[2026-09-30 15:33:33,389 INFO  L189       MonitoredProcess]: No working directory specified, using /home/anissa/.local/bin/z3
[2026-09-30 15:33:33,390 INFO  L229       MonitoredProcess]: Starting monitored process 3 with /home/anissa/.local/bin/z3 SMTLIB2_COMPLIANT=true -memory:1024 -smt2 -in -t:12000 (exit command is (exit), workingDir is null)
[2026-09-30 15:33:33,391 INFO  L327       MonitoredProcess]: [MP /home/anissa/.local/bin/z3 SMTLIB2_COMPLIANT=true -memory:1024 -smt2 -in -t:12000 (3)] Waiting until timeout for monitored process
[2026-09-30 15:33:33,392 INFO  L148   nArgumentSynthesizer]: Nontermination analysis: LINEAR Allow bounded executions: true Number of generalized eigenvectors: 3 Nilpotent components: true
[2026-09-30 15:33:33,392 INFO  L160   nArgumentSynthesizer]: Using integer mode.
[2026-09-30 15:33:33,414 INFO  L546       MonitoredProcess]: [MP /home/anissa/.local/bin/z3 SMTLIB2_COMPLIANT=true -memory:1024 -smt2 -in -t:12000 (3)] Ended with exit code 0
[2026-09-30 15:33:33,415 INFO  L422          LassoAnalysis]: Proving nontermination failed: No geometric nontermination argument exists.
[2026-09-30 15:33:33,415 INFO  L213          LassoAnalysis]: Preferences:
[2026-09-30 15:33:33,415 INFO  L125   ssoRankerPreferences]: Compute integeral hull: false
[2026-09-30 15:33:33,415 INFO  L126   ssoRankerPreferences]: Enable LassoPartitioneer: false
[2026-09-30 15:33:33,415 INFO  L127   ssoRankerPreferences]: Term annotations enabled: false
[2026-09-30 15:33:33,415 INFO  L128   ssoRankerPreferences]: Use exernal solver: true
[2026-09-30 15:33:33,415 INFO  L129   ssoRankerPreferences]: SMT solver command: z3 SMTLIB2_COMPLIANT=true -memory:1024 -smt2 -in -t:12000
[2026-09-30 15:33:33,415 INFO  L130   ssoRankerPreferences]: Dump SMT script to file: false
[2026-09-30 15:33:33,416 INFO  L131   ssoRankerPreferences]: Path of dumped script: 
[2026-09-30 15:33:33,416 INFO  L132   ssoRankerPreferences]: Filename of dumped script: 2Nested-1.c_Iteration1_Lasso
[2026-09-30 15:33:33,416 INFO  L133   ssoRankerPreferences]: MapElimAlgo: Matthias
[2026-09-30 15:33:33,416 INFO  L250          LassoAnalysis]: Starting lasso preprocessing...
[2026-09-30 15:33:33,444 INFO  L270          LassoAnalysis]: Preprocessing complete.
[2026-09-30 15:33:33,444 INFO  L467          LassoAnalysis]: AK !! Using template 'affine'.
[2026-09-30 15:33:33,445 INFO  L173          SolverBuilder]: Constructing external solver with command: z3 SMTLIB2_COMPLIANT=true -memory:1024 -smt2 -in -t:12000
[2026-09-30 15:33:33,446 INFO  L189       MonitoredProcess]: No working directory specified, using /home/anissa/.local/bin/z3
[2026-09-30 15:33:33,448 INFO  L229       MonitoredProcess]: Starting monitored process 4 with /home/anissa/.local/bin/z3 SMTLIB2_COMPLIANT=true -memory:1024 -smt2 -in -t:12000 (exit command is (exit), workingDir is null)
[2026-09-30 15:33:33,448 INFO  L327       MonitoredProcess]: [MP /home/anissa/.local/bin/z3 SMTLIB2_COMPLIANT=true -memory:1024 -smt2 -in -t:12000 (4)] Waiting until timeout for monitored process
[2026-09-30 15:33:33,449 INFO  L126   nArgumentSynthesizer]: Termination Analysis Settings: Termination analysis: LINEARNumber of strict supporting invariants: 0Number of non-strict supporting invariants: 1Consider only non-deceasing supporting invariants: trueSimplify termination arguments: trueSimplify supporting invariants: trueOverapproximate stem: false
[2026-09-30 15:33:33,460 INFO  L344   nArgumentSynthesizer]: Template has degree 0.
[2026-09-30 15:33:33,460 INFO  L209   nArgumentSynthesizer]: 1 stem disjuncts
[2026-09-30 15:33:33,460 INFO  L210   nArgumentSynthesizer]: 1 loop disjuncts
[2026-09-30 15:33:33,460 INFO  L211   nArgumentSynthesizer]: 2 template conjuncts.
[2026-09-30 15:33:33,468 INFO  L409   nArgumentSynthesizer]: We have 6 Motzkin's Theorem applications.
[2026-09-30 15:33:33,468 INFO  L410   nArgumentSynthesizer]: A total of 2 supporting invariants were added.
[2026-09-30 15:33:33,479 INFO  L546       MonitoredProcess]: [MP /home/anissa/.local/bin/z3 SMTLIB2_COMPLIANT=true -memory:1024 -smt2 -in -t:12000 (4)] Ended with exit code 0
[2026-09-30 15:33:33,479 INFO  L507          LassoAnalysis]: Proving termination failed for this template and these settings.
[2026-09-30 15:33:33,480 INFO  L467          LassoAnalysis]: AK !! Using template '2-nested'.
[2026-09-30 15:33:33,480 INFO  L173          SolverBuilder]: Constructing external solver with command: z3 SMTLIB2_COMPLIANT=true -memory:1024 -smt2 -in -t:12000
[2026-09-30 15:33:33,480 INFO  L189       MonitoredProcess]: No working directory specified, using /home/anissa/.local/bin/z3
[2026-09-30 15:33:33,482 INFO  L229       MonitoredProcess]: Starting monitored process 5 with /home/anissa/.local/bin/z3 SMTLIB2_COMPLIANT=true -memory:1024 -smt2 -in -t:12000 (exit command is (exit), workingDir is null)
[2026-09-30 15:33:33,483 INFO  L327       MonitoredProcess]: [MP /home/anissa/.local/bin/z3 SMTLIB2_COMPLIANT=true -memory:1024 -smt2 -in -t:12000 (5)] Waiting until timeout for monitored process
[2026-09-30 15:33:33,484 INFO  L126   nArgumentSynthesizer]: Termination Analysis Settings: Termination analysis: LINEARNumber of strict supporting invariants: 0Number of non-strict supporting invariants: 1Consider only non-deceasing supporting invariants: trueSimplify termination arguments: trueSimplify supporting invariants: trueOverapproximate stem: false
[2026-09-30 15:33:33,494 INFO  L344   nArgumentSynthesizer]: Template has degree 0.
[2026-09-30 15:33:33,495 INFO  L209   nArgumentSynthesizer]: 1 stem disjuncts
[2026-09-30 15:33:33,495 INFO  L210   nArgumentSynthesizer]: 1 loop disjuncts
[2026-09-30 15:33:33,495 INFO  L211   nArgumentSynthesizer]: 3 template conjuncts.
[2026-09-30 15:33:33,502 INFO  L409   nArgumentSynthesizer]: We have 9 Motzkin's Theorem applications.
[2026-09-30 15:33:33,502 INFO  L410   nArgumentSynthesizer]: A total of 3 supporting invariants were added.
[2026-09-30 15:33:33,513 INFO  L427   nArgumentSynthesizer]: Found a termination argument, trying to simplify.
[2026-09-30 15:33:33,546 INFO  L436   ModelExtractionUtils]: Simplification made 16 calls to the SMT solver.
[2026-09-30 15:33:33,548 INFO  L437   ModelExtractionUtils]: 22 out of 41 variables were initially zero. Simplification set additionally 14 variables to zero.
[2026-09-30 15:33:33,549 INFO  L173          SolverBuilder]: Constructing external solver with command: z3 SMTLIB2_COMPLIANT=true -memory:1024 -smt2 -in -t:12000
[2026-09-30 15:33:33,550 INFO  L189       MonitoredProcess]: No working directory specified, using /home/anissa/.local/bin/z3
[2026-09-30 15:33:33,552 INFO  L229       MonitoredProcess]: Starting monitored process 6 with /home/anissa/.local/bin/z3 SMTLIB2_COMPLIANT=true -memory:1024 -smt2 -in -t:12000 (exit command is (exit), workingDir is null)
[2026-09-30 15:33:33,554 INFO  L327       MonitoredProcess]: [MP /home/anissa/.local/bin/z3 SMTLIB2_COMPLIANT=true -memory:1024 -smt2 -in -t:12000 (6)] Waiting until timeout for monitored process
[2026-09-30 15:33:33,554 INFO  L443   nArgumentSynthesizer]: Simplifying supporting invariants...
[2026-09-30 15:33:33,569 INFO  L546       MonitoredProcess]: [MP /home/anissa/.local/bin/z3 SMTLIB2_COMPLIANT=true -memory:1024 -smt2 -in -t:12000 (6)] Ended with exit code 0
[2026-09-30 15:33:33,569 INFO  L446   nArgumentSynthesizer]: Removed 3 redundant supporting invariants from a total of 3.
[2026-09-30 15:33:33,574 INFO  L546       MonitoredProcess]: [MP /home/anissa/.local/bin/z3 SMTLIB2_COMPLIANT=true -memory:1024 -smt2 -in -t:12000 (5)] Ended with exit code 0
[2026-09-30 15:33:33,574 INFO  L495          LassoAnalysis]: Proved termination.
[2026-09-30 15:33:33,574 INFO  L496          LassoAnalysis]: Termination argument consisting of:
Ranking function 2-nested ranking function:
  f0 = 1*v_rep~unnamed0~0~true_3 + 2*main_~y~0
  f1 = 2*main_~x~0 + 1
Supporting invariants []
[2026-09-30 15:33:33,577 INFO  L156   tatePredicateManager]: 0 out of 0 supporting invariants were superfluous and have been removed
[2026-09-30 15:33:33,727 WARN  L873   BoogieBacktranslator]: Unfinished Backtranslation: Expression type not yet supported in backtranslation: IfThenElseExpression
[2026-09-30 15:33:33,728 WARN  L873   BoogieBacktranslator]: Unfinished Backtranslation: Expression type not yet supported in backtranslation: IfThenElseExpression
[2026-09-30 15:33:33,739 INFO  L156       PredicateUnifier]: Initialized classic predicate unifier
[2026-09-30 15:33:33,744 INFO  L108    AnnotateAndAsserter]: Assert order NOT_INCREMENTALLY partitioned 8 statements into 1 equivalence classes.
[2026-09-30 15:33:33,751 INFO  L111    AnnotateAndAsserter]: Assert order NOT_INCREMENTALLY issued 1 check-sat command(s) and asserted 8 of 8 statements.
[2026-09-30 15:33:33,751 INFO  L114    AnnotateAndAsserter]: Assert order NOT_INCREMENTALLY issued 1 check-sat command(s)
[2026-09-30 15:33:33,751 INFO  L115    AnnotateAndAsserter]: Conjunction of SSA is unsat
[2026-09-30 15:33:33,752 INFO  L256         TraceCheckSpWp]: Trace formula consists of 73 conjuncts, 6 conjuncts are in the unsatisfiable core
[2026-09-30 15:33:33,753 INFO  L279         TraceCheckSpWp]: Computing forward predicates...
[2026-09-30 15:33:33,796 INFO  L108    AnnotateAndAsserter]: Assert order NOT_INCREMENTALLY partitioned 1 statements into 1 equivalence classes.
[2026-09-30 15:33:33,798 INFO  L111    AnnotateAndAsserter]: Assert order NOT_INCREMENTALLY issued 1 check-sat command(s) and asserted 1 of 1 statements.
[2026-09-30 15:33:33,798 INFO  L114    AnnotateAndAsserter]: Assert order NOT_INCREMENTALLY issued 1 check-sat command(s)
[2026-09-30 15:33:33,798 INFO  L115    AnnotateAndAsserter]: Conjunction of SSA is unsat
[2026-09-30 15:33:33,799 WARN  L254         TraceCheckSpWp]: Trace formula consists of 8 conjuncts, 6 conjuncts are in the unsatisfiable core
[2026-09-30 15:33:33,799 INFO  L279         TraceCheckSpWp]: Computing forward predicates...
[2026-09-30 15:33:33,803 INFO  L134       CoverageAnalysis]: Checked inductivity of 0 backedges. 0 proven. 0 refuted. 0 times theorem prover too weak. 0 trivial. 0 not checked.
[2026-09-30 15:33:33,821 INFO  L141   lantAutomatonBouncer]: Defining deterministic Buchi interpolant automaton with honda bouncer for stem and without honda bouncer for loop.2 stem predicates 1 loop predicates 
[2026-09-30 15:33:33,822 INFO  L69     BuchiDifferenceNCSB]: Start buchiDifferenceNCSB. First operand  has 13 states, 8 states have (on average 1.5) internal successors, (12), 8 states have internal predecessors, (12), 2 states have call successors, (2), 2 states have call predecessors, (2), 2 states have return successors, (2), 2 states have call predecessors, (2), 2 states have call successors, (2) Second operand  has 3 states, 3 states have (on average 2.0) internal successors, (6), 3 states have internal predecessors, (6), 1 states have call successors, (2), 2 states have call predecessors, (2), 1 states have return successors, (1), 1 states have call predecessors, (1), 1 states have call successors, (1)
[2026-09-30 15:33:33,856 INFO  L73     BuchiDifferenceNCSB]: Finished buchiDifferenceNCSB. First operand  has 13 states, 8 states have (on average 1.5) internal successors, (12), 8 states have internal predecessors, (12), 2 states have call successors, (2), 2 states have call predecessors, (2), 2 states have return successors, (2), 2 states have call predecessors, (2), 2 states have call successors, (2). Second operand  has 3 states, 3 states have (on average 2.0) internal successors, (6), 3 states have internal predecessors, (6), 1 states have call successors, (2), 2 states have call predecessors, (2), 1 states have return successors, (1), 1 states have call predecessors, (1), 1 states have call successors, (1) Result 18 states and 21 transitions. Complement of second has 4 states.
[2026-09-30 15:33:33,857 INFO  L140   InterpolantAutomaton]: Switched to read-only mode: Buchi interpolant automaton has 3 states 2 stem states 0 non-accepting loop states 1 accepting loop states 
[2026-09-30 15:33:33,859 INFO  L82        GeneralOperation]: Start removeUnreachable. Operand  has 3 states, 3 states have (on average 2.0) internal successors, (6), 3 states have internal predecessors, (6), 1 states have call successors, (2), 2 states have call predecessors, (2), 1 states have return successors, (1), 1 states have call predecessors, (1), 1 states have call successors, (1)
[2026-09-30 15:33:33,861 INFO  L88        GeneralOperation]: Finished removeUnreachable. Reduced from 3 states to 3 states and 15 transitions.
[2026-09-30 15:33:33,864 INFO  L85            BuchiAccepts]: Start buchiAccepts Operand 3 states and 15 transitions. Stem has 8 letters. Loop has 1 letters.
[2026-09-30 15:33:33,865 INFO  L117           BuchiAccepts]: Finished buchiAccepts.
[2026-09-30 15:33:33,865 INFO  L85            BuchiAccepts]: Start buchiAccepts Operand 3 states and 15 transitions. Stem has 9 letters. Loop has 1 letters.
[2026-09-30 15:33:33,865 INFO  L117           BuchiAccepts]: Finished buchiAccepts.
[2026-09-30 15:33:33,865 INFO  L85            BuchiAccepts]: Start buchiAccepts Operand 3 states and 15 transitions. Stem has 8 letters. Loop has 2 letters.
[2026-09-30 15:33:33,865 INFO  L117           BuchiAccepts]: Finished buchiAccepts.
[2026-09-30 15:33:33,866 INFO  L82        GeneralOperation]: Start removeNonLiveStates. Operand 18 states and 21 transitions.
[2026-09-30 15:33:33,867 INFO  L131   ngComponentsAnalysis]: Automaton has 0 accepting balls. 0
[2026-09-30 15:33:33,868 INFO  L88        GeneralOperation]: Finished removeNonLiveStates. Reduced from 18 states to 0 states and 0 transitions.
[2026-09-30 15:33:33,868 INFO  L87         BuchiClosureNwa]: Accepting states before buchiClosure: 0
[2026-09-30 15:33:33,868 INFO  L106        BuchiClosureNwa]: Accepting states after buchiClosure: 0
[2026-09-30 15:33:33,868 INFO  L74         IsDeterministic]: Start isDeterministic. Operand 0 states and 0 transitions.
[2026-09-30 15:33:33,869 INFO  L81         IsDeterministic]: Finished isDeterministic. Operand is deterministic.
[2026-09-30 15:33:33,869 INFO  L218   hiAutomatonCegarLoop]: Abstraction has 0 states and 0 transitions.
[2026-09-30 15:33:33,869 INFO  L240   hiAutomatonCegarLoop]: Abstraction has 0 states and 0 transitions.
[2026-09-30 15:33:33,869 INFO  L457   stractBuchiCegarLoop]: Abstraction has 0 states and 0 transitions.
[2026-09-30 15:33:33,869 INFO  L362   stractBuchiCegarLoop]: ======== Iteration 2 ============
[2026-09-30 15:33:33,869 INFO  L73            BuchiIsEmpty]: Start buchiIsEmpty. Operand 0 states and 0 transitions.
[2026-09-30 15:33:33,869 INFO  L131   ngComponentsAnalysis]: Automaton has 0 accepting balls. 0
[2026-09-30 15:33:33,869 INFO  L88            BuchiIsEmpty]: Finished buchiIsEmpty Result is true
[2026-09-30 15:33:33,873 INFO  L201        PluginConnector]: Adding new model de.uni_freiburg.informatik.ultimate.plugins.generator.buchiautomizer CFG 30.09 03:33:33 BoogieIcfgContainer
[2026-09-30 15:33:33,873 INFO  L131        PluginConnector]: ------------------------ END BuchiAutomizer----------------------------
[2026-09-30 15:33:33,874 INFO  L158              Benchmark]: Toolchain (without parser) took 1177,87ms. Allocated memory is still 536,9MB. Free memory was 508,2MB in the beginning and 377,2MB in the end (delta: 131,0MB). Peak memory consumption was 134,2MB. Max. memory is 12,9GB.
[2026-09-30 15:33:33,874 INFO  L158              Benchmark]: CDTParser took 0,19ms. Allocated memory is still 536,9MB. Free memory is still 497,6MB. There was no memory consumed. Max. memory is 12,9GB.
[2026-09-30 15:33:33,874 INFO  L158              Benchmark]: CACSL2BoogieTranslator took 140,10ms. Allocated memory is still 536,9MB. Free memory was 508,2MB in the beginning and 493,5MB in the end (delta: 14,7MB). Peak memory consumption was 16,8MB. Max. memory is 12,9GB.
[2026-09-30 15:33:33,874 INFO  L158              Benchmark]: Boogie Preprocessor took 15,85ms. Allocated memory is still 536,9MB. Free memory was 493,5MB in the beginning and 491,2MB in the end (delta: 2,4MB). There was no memory consumed. Max. memory is 12,9GB.
[2026-09-30 15:33:33,874 INFO  L158              Benchmark]: IcfgBuilder took 129,62ms. Allocated memory is still 536,9MB. Free memory was 491,2MB in the beginning and 474,4MB in the end (delta: 16,8MB). Peak memory consumption was 16,8MB. Max. memory is 12,9GB.
[2026-09-30 15:33:33,874 INFO  L158              Benchmark]: BuchiAutomizer took 888,55ms. Allocated memory is still 536,9MB. Free memory was 474,4MB in the beginning and 377,2MB in the end (delta: 97,1MB). Peak memory consumption was 100,7MB. Max. memory is 12,9GB.
[2026-09-30 15:33:33,875 INFO  L338   ainManager$Toolchain]: #######################  End [Toolchain 1] #######################
 --- Results ---
 * Results from de.uni_freiburg.informatik.ultimate.core:
  - StatisticsResult: Toolchain Benchmarks
    Benchmark results are:
 * CDTParser took 0,19ms. Allocated memory is still 536,9MB. Free memory is still 497,6MB. There was no memory consumed. Max. memory is 12,9GB.
 * CACSL2BoogieTranslator took 140,10ms. Allocated memory is still 536,9MB. Free memory was 508,2MB in the beginning and 493,5MB in the end (delta: 14,7MB). Peak memory consumption was 16,8MB. Max. memory is 12,9GB.
 * Boogie Preprocessor took 15,85ms. Allocated memory is still 536,9MB. Free memory was 493,5MB in the beginning and 491,2MB in the end (delta: 2,4MB). There was no memory consumed. Max. memory is 12,9GB.
 * IcfgBuilder took 129,62ms. Allocated memory is still 536,9MB. Free memory was 491,2MB in the beginning and 474,4MB in the end (delta: 16,8MB). Peak memory consumption was 16,8MB. Max. memory is 12,9GB.
 * BuchiAutomizer took 888,55ms. Allocated memory is still 536,9MB. Free memory was 474,4MB in the beginning and 377,2MB in the end (delta: 97,1MB). Peak memory consumption was 100,7MB. Max. memory is 12,9GB.
 * Results from de.uni_freiburg.informatik.ultimate.plugins.generator.cacsl2boogietranslator:
  - GenericResult: Unfinished Backtranslation
    Unfinished Backtranslation: Expression type not yet supported in backtranslation: IfThenElseExpression
  - GenericResult: Unfinished Backtranslation
    Unfinished Backtranslation: Expression type not yet supported in backtranslation: IfThenElseExpression
 * Results from de.uni_freiburg.informatik.ultimate.plugins.generator.traceabstraction:
  - StatisticsResult: Constructed decomposition of program
    Your program was decomposed into 1 terminating modules (0 trivial, 1 deterministic, 0 nondeterministic). One deterministic module has 2-nested ranking function null, null and consists of 3 locations. 
  - StatisticsResult: Timing statistics
    BüchiAutomizer plugin needed 0.8s and 2 iterations.  TraceHistogramMax:1. Analysis of lassos took 0.5s. Construction of modules took 0.0s. Büchi inclusion checks took 0.1s. Highest rank in rank-based complementation 3. Minimization of det autom 1. Minimization of nondet autom 0. Automata minimization No data available. Non-live state removal took 0.0s Buchi closure took 0.0s. Biggest automaton had -1 states and ocurred in iteration -1.	Nontrivial modules had stage [1, 0, 0, 0, 0].	InterpolantCoveringCapabilityFinite: 0/0	InterpolantCoveringCapabilityBuchi: 0/0	HoareTripleCheckerStatistics: 0 mSolverCounterUnknown, 20 SdHoareTripleChecker+Valid, 0,0s IncrementalHoareTripleChecker+Time, 0 mSdLazyCounter, 19 mSDsluCounter, 13 SdHoareTripleChecker+Invalid, 0,0s Time, 0 mProtectedAction, 0 SdHoareTripleChecker+Unchecked, 0 IncrementalHoareTripleChecker+Unchecked, 1 mSDsCounter, 5 IncrementalHoareTripleChecker+Valid, 0 mProtectedPredicate, 8 IncrementalHoareTripleChecker+Invalid, 13 SdHoareTripleChecker+Unknown, 0 mSolverCounterNotChecked, 5 mSolverCounterUnsat, 12 mSDtfsCounter, 8 mSolverCounterSat, 0,0s SdHoareTripleChecker+Time, 0 IncrementalHoareTripleChecker+Unknown	LassoAnalysisResults: nont0 unkn0 SFLI0 SFLT0 conc0 concLT0 SILN0 SILU0 SILI0 SILT0 lasso1 LassoPreprocessingBenchmarks:   Lassos: inital31 mio100 ax138 hnf100 arr100 mio100 div100 bol100 ite100 ukn100 eq165 hnf91 smp100 dnf100 smp100 tf100 neg100 sie100 LassoTerminationAnalysisBenchmarks: ConstraintsSatisfiability: sat Degree: 0 Time: 89ms VariablesStem: 4 VariablesLoop: 6 DisjunctsStem: 1 DisjunctsLoop: 1 SupportingInvariants: 3 MotzkinApplications: 9 LassoTerminationAnalysisBenchmarks: LassoNonterminationAnalysisSatFixpoint: 0	LassoNonterminationAnalysisSatUnbounded: 0	LassoNonterminationAnalysisUnsat: 1	LassoNonterminationAnalysisUnknown: 0	LassoNonterminationAnalysisTime: 0.0s	InitialAbstractionConstructionTime: 0.0s
  - TerminationAnalysisResult: Termination proven
    Buchi Automizer proved that your program is terminating
RESULT: Ultimate proved your program to be correct!
[2026-09-30 15:33:33,882 INFO  L546       MonitoredProcess]: [MP /home/anissa/.local/bin/z3 SMTLIB2_COMPLIANT=true -memory:1024 -smt2 -in -t:12000 (1)] Ended with exit code 0
Received shutdown request...
