This is Ultimate 0.3.1-main-3730069d
[2026-09-30 15:33:45,372 INFO  L188        SettingsManager]: Resetting all preferences to default values...
[2026-09-30 15:33:45,591 INFO  L75    nceAwareModelManager]: Repository-Root is: /tmp
[2026-09-30 15:33:45,599 INFO  L261   ainManager$Toolchain]: [Toolchain 1]: Applicable parser(s) successfully (re)initialized
[2026-09-30 15:33:45,601 INFO  L217   ainManager$Toolchain]: [Toolchain 1]: Toolchain selected.
[2026-09-30 15:33:45,601 INFO  L270        PluginConnector]: Initializing Boogie PL CUP Parser...
[2026-09-30 15:33:45,602 INFO  L274        PluginConnector]: Boogie PL CUP Parser initialized
[2026-09-30 15:33:45,603 INFO  L431   ainManager$Toolchain]: [Toolchain 1]: Parsing single file: /home/anissa/Documents/Tools/PaSTTeL/benchmarks/smoke_test/full_programs_c_bpl/ATVA2013-nonIntegral-real.bpl
[2026-09-30 15:33:45,603 INFO  L110           BoogieParser]: Parsing: '/home/anissa/Documents/Tools/PaSTTeL/benchmarks/smoke_test/full_programs_c_bpl/ATVA2013-nonIntegral-real.bpl'
[2026-09-30 15:33:45,610 INFO  L299   ainManager$Toolchain]: ####################### [Toolchain 1] #######################
[2026-09-30 15:33:45,612 INFO  L133        ToolchainWalker]: Walking toolchain with 3 elements.
[2026-09-30 15:33:45,612 INFO  L112        PluginConnector]: ------------------------Boogie Preprocessor----------------------------
[2026-09-30 15:33:45,612 INFO  L270        PluginConnector]: Initializing Boogie Preprocessor...
[2026-09-30 15:33:45,612 INFO  L274        PluginConnector]: Boogie Preprocessor initialized
[2026-09-30 15:33:45,621 INFO  L184        PluginConnector]: Executing the observer EnsureBoogieModelObserver from plugin Boogie Preprocessor for "ATVA2013-nonIntegral-real.bpl de.uni_freiburg.informatik.ultimate.boogie.parser AST 30.09 03:33:45" (1/1) ...
[2026-09-30 15:33:45,622 INFO  L184        PluginConnector]: Executing the observer TypeChecker from plugin Boogie Preprocessor for "ATVA2013-nonIntegral-real.bpl de.uni_freiburg.informatik.ultimate.boogie.parser AST 30.09 03:33:45" (1/1) ...
[2026-09-30 15:33:45,636 INFO  L184        PluginConnector]: Executing the observer ConstExpander from plugin Boogie Preprocessor for "ATVA2013-nonIntegral-real.bpl de.uni_freiburg.informatik.ultimate.boogie.parser AST 30.09 03:33:45" (1/1) ...
[2026-09-30 15:33:45,636 INFO  L184        PluginConnector]: Executing the observer StructExpander from plugin Boogie Preprocessor for "ATVA2013-nonIntegral-real.bpl de.uni_freiburg.informatik.ultimate.boogie.parser AST 30.09 03:33:45" (1/1) ...
[2026-09-30 15:33:45,637 INFO  L184        PluginConnector]: Executing the observer ReplaceArrayAssignments from plugin Boogie Preprocessor for "ATVA2013-nonIntegral-real.bpl de.uni_freiburg.informatik.ultimate.boogie.parser AST 30.09 03:33:45" (1/1) ...
[2026-09-30 15:33:45,637 INFO  L184        PluginConnector]: Executing the observer UnstructureCode from plugin Boogie Preprocessor for "ATVA2013-nonIntegral-real.bpl de.uni_freiburg.informatik.ultimate.boogie.parser AST 30.09 03:33:45" (1/1) ...
[2026-09-30 15:33:45,639 INFO  L184        PluginConnector]: Executing the observer FunctionInliner from plugin Boogie Preprocessor for "ATVA2013-nonIntegral-real.bpl de.uni_freiburg.informatik.ultimate.boogie.parser AST 30.09 03:33:45" (1/1) ...
[2026-09-30 15:33:45,640 INFO  L184        PluginConnector]: Executing the observer LTLStepAnnotator from plugin Boogie Preprocessor for "ATVA2013-nonIntegral-real.bpl de.uni_freiburg.informatik.ultimate.boogie.parser AST 30.09 03:33:45" (1/1) ...
[2026-09-30 15:33:45,640 INFO  L184        PluginConnector]: Executing the observer BoogieSymbolTableConstructor from plugin Boogie Preprocessor for "ATVA2013-nonIntegral-real.bpl de.uni_freiburg.informatik.ultimate.boogie.parser AST 30.09 03:33:45" (1/1) ...
[2026-09-30 15:33:45,643 INFO  L131        PluginConnector]: ------------------------ END Boogie Preprocessor----------------------------
[2026-09-30 15:33:45,644 INFO  L112        PluginConnector]: ------------------------IcfgBuilder----------------------------
[2026-09-30 15:33:45,644 INFO  L270        PluginConnector]: Initializing IcfgBuilder...
[2026-09-30 15:33:45,644 INFO  L274        PluginConnector]: IcfgBuilder initialized
[2026-09-30 15:33:45,645 INFO  L184        PluginConnector]: Executing the observer IcfgBuilderObserver from plugin IcfgBuilder for "ATVA2013-nonIntegral-real.bpl de.uni_freiburg.informatik.ultimate.boogie.parser AST 30.09 03:33:45" (1/1) ...
[2026-09-30 15:33:45,648 INFO  L173          SolverBuilder]: Constructing external solver with command: z3 SMTLIB2_COMPLIANT=true -memory:1024 -smt2 -in -t:12000
[2026-09-30 15:33:45,655 INFO  L189       MonitoredProcess]: No working directory specified, using /home/anissa/.local/bin/z3
[2026-09-30 15:33:45,662 INFO  L229       MonitoredProcess]: Starting monitored process 1 with /home/anissa/.local/bin/z3 SMTLIB2_COMPLIANT=true -memory:1024 -smt2 -in -t:12000 (exit command is (exit), workingDir is null)
[2026-09-30 15:33:45,665 INFO  L327       MonitoredProcess]: [MP /home/anissa/.local/bin/z3 SMTLIB2_COMPLIANT=true -memory:1024 -smt2 -in -t:12000 (1)] Waiting until timeout for monitored process
[2026-09-30 15:33:45,680 INFO  L124     BoogieDeclarations]: Specification and implementation of procedure main given in one single declaration
[2026-09-30 15:33:45,680 INFO  L130     BoogieDeclarations]: Found specification of procedure main
[2026-09-30 15:33:45,681 INFO  L138     BoogieDeclarations]: Found implementation of procedure main
[2026-09-30 15:33:45,710 INFO  L257             CfgBuilder]: Building ICFG
[2026-09-30 15:33:45,711 INFO  L287             CfgBuilder]: Building CFG for each procedure with an implementation
[2026-09-30 15:33:45,749 INFO  L?                        ?]: Removed 1 outVars from TransFormulas that were not future-live.
[2026-09-30 15:33:45,749 INFO  L308             CfgBuilder]: Performing block encoding
[2026-09-30 15:33:45,754 INFO  L89      LargeBlockEncoding]: Applying CFG Large Block Encoding to ICFG that has 1 procedures, 4 locations, 4 edges, 0 initial locations, 0 loop locations, and 0 error locations.
[2026-09-30 15:33:45,760 INFO  L139     LargeBlockEncoding]: LargeBlockEncoding completed in 9 ms, with 1 straightline sequential compositions, 0 parallel compositions, 0 1:n/n:1 sequential compositions and 0 complex sequential compositions.
[2026-09-30 15:33:45,760 INFO  L329             CfgBuilder]: Using library mode
[2026-09-30 15:33:45,761 INFO  L337             CfgBuilder]: Removed 0 assume(true) statements.
[2026-09-30 15:33:45,761 INFO  L339             CfgBuilder]: Constructed ICFG has 1 procedures, 3 locations, 3 edges, 1 initial locations, 0 loop locations, and 0 error locations.
[2026-09-30 15:33:45,761 INFO  L201        PluginConnector]: Adding new model ATVA2013-nonIntegral-real.bpl de.uni_freiburg.informatik.ultimate.plugins.generator.icfgbuilder CFG 30.09 03:33:45 BoogieIcfgContainer
[2026-09-30 15:33:45,761 INFO  L131        PluginConnector]: ------------------------ END IcfgBuilder----------------------------
[2026-09-30 15:33:45,762 INFO  L112        PluginConnector]: ------------------------BuchiAutomizer----------------------------
[2026-09-30 15:33:45,763 INFO  L270        PluginConnector]: Initializing BuchiAutomizer...
[2026-09-30 15:33:45,766 INFO  L274        PluginConnector]: BuchiAutomizer initialized
[2026-09-30 15:33:45,766 INFO  L99          BuchiAutomizer]: Safety of program was proven or not checked, starting termination analysis
[2026-09-30 15:33:45,767 INFO  L184        PluginConnector]: Executing the observer BuchiAutomizerObserver from plugin BuchiAutomizer for "ATVA2013-nonIntegral-real.bpl de.uni_freiburg.informatik.ultimate.boogie.parser AST 30.09 03:33:45" (1/2) ...
[2026-09-30 15:33:45,767 INFO  L204        PluginConnector]: Invalid model from BuchiAutomizer for observer de.uni_freiburg.informatik.ultimate.plugins.generator.buchiautomizer.BuchiAutomizerObserver@78befaa0 and model type ATVA2013-nonIntegral-real.bpl de.uni_freiburg.informatik.ultimate.plugins.generator.buchiautomizer AST 30.09 03:33:45, skipping insertion in model container
[2026-09-30 15:33:45,768 INFO  L99          BuchiAutomizer]: Safety of program was proven or not checked, starting termination analysis
[2026-09-30 15:33:45,768 INFO  L184        PluginConnector]: Executing the observer BuchiAutomizerObserver from plugin BuchiAutomizer for "ATVA2013-nonIntegral-real.bpl de.uni_freiburg.informatik.ultimate.plugins.generator.icfgbuilder CFG 30.09 03:33:45" (2/2) ...
[2026-09-30 15:33:45,769 INFO  L363   chiAutomizerObserver]: Analyzing ICFG ATVA2013-nonIntegral-real.bpl
[2026-09-30 15:33:45,803 INFO  L330   stractBuchiCegarLoop]: Interprodecural is true
[2026-09-30 15:33:45,803 INFO  L331   stractBuchiCegarLoop]: Hoare is None
[2026-09-30 15:33:45,803 INFO  L332   stractBuchiCegarLoop]: Compute interpolants for ForwardPredicates
[2026-09-30 15:33:45,803 INFO  L333   stractBuchiCegarLoop]: Backedges is STRAIGHT_LINE
[2026-09-30 15:33:45,803 INFO  L334   stractBuchiCegarLoop]: Determinization is PREDICATE_ABSTRACTION
[2026-09-30 15:33:45,803 INFO  L335   stractBuchiCegarLoop]: Difference is false
[2026-09-30 15:33:45,803 INFO  L336   stractBuchiCegarLoop]: Minimize is MINIMIZE_SEVPA
[2026-09-30 15:33:45,803 INFO  L340   stractBuchiCegarLoop]: ======== Iteration 0 == of CEGAR loop == BuchiAutomatonCegarLoop ========
[2026-09-30 15:33:45,807 INFO  L73            BuchiIsEmpty]: Start buchiIsEmpty. Operand  has 3 states, 2 states have (on average 1.5) internal successors, (3), 2 states have internal predecessors, (3), 0 states have call successors, (0), 0 states have call predecessors, (0), 0 states have return successors, (0), 0 states have call predecessors, (0), 0 states have call successors, (0)
[2026-09-30 15:33:45,818 INFO  L131   ngComponentsAnalysis]: Automaton has 1 accepting balls. 1
[2026-09-30 15:33:45,819 INFO  L88            BuchiIsEmpty]: Finished buchiIsEmpty Result is false
[2026-09-30 15:33:45,819 INFO  L120           BuchiIsEmpty]: Starting construction of run
[2026-09-30 15:33:45,822 INFO  L148   hiAutomatonCegarLoop]: Counterexample stem histogram [1]
[2026-09-30 15:33:45,822 INFO  L149   hiAutomatonCegarLoop]: Counterexample loop histogram [1]
[2026-09-30 15:33:45,822 INFO  L362   stractBuchiCegarLoop]: ======== Iteration 1 ============
[2026-09-30 15:33:45,823 INFO  L73            BuchiIsEmpty]: Start buchiIsEmpty. Operand  has 3 states, 2 states have (on average 1.5) internal successors, (3), 2 states have internal predecessors, (3), 0 states have call successors, (0), 0 states have call predecessors, (0), 0 states have return successors, (0), 0 states have call predecessors, (0), 0 states have call successors, (0)
[2026-09-30 15:33:45,823 INFO  L131   ngComponentsAnalysis]: Automaton has 1 accepting balls. 1
[2026-09-30 15:33:45,823 INFO  L88            BuchiIsEmpty]: Finished buchiIsEmpty Result is false
[2026-09-30 15:33:45,823 INFO  L120           BuchiIsEmpty]: Starting construction of run
[2026-09-30 15:33:45,823 INFO  L148   hiAutomatonCegarLoop]: Counterexample stem histogram [1]
[2026-09-30 15:33:45,823 INFO  L149   hiAutomatonCegarLoop]: Counterexample loop histogram [1]
[2026-09-30 15:33:45,828 INFO  L943   eck$LassoCheckResult]: Stem: "assume 2.0 * y >= 1.0;" 
[2026-09-30 15:33:45,828 INFO  L945   eck$LassoCheckResult]: Loop: "assume x >= 0.0;x := x - 2.0 * y + 1.0;" 
[2026-09-30 15:33:45,873 INFO  L213          LassoAnalysis]: Preferences:
[2026-09-30 15:33:45,874 INFO  L125   ssoRankerPreferences]: Compute integeral hull: false
[2026-09-30 15:33:45,874 INFO  L126   ssoRankerPreferences]: Enable LassoPartitioneer: false
[2026-09-30 15:33:45,874 INFO  L127   ssoRankerPreferences]: Term annotations enabled: false
[2026-09-30 15:33:45,874 INFO  L128   ssoRankerPreferences]: Use exernal solver: true
[2026-09-30 15:33:45,874 INFO  L129   ssoRankerPreferences]: SMT solver command: z3 SMTLIB2_COMPLIANT=true -memory:1024 -smt2 -in -t:12000
[2026-09-30 15:33:45,875 INFO  L130   ssoRankerPreferences]: Dump SMT script to file: false
[2026-09-30 15:33:45,875 INFO  L131   ssoRankerPreferences]: Path of dumped script: 
[2026-09-30 15:33:45,875 INFO  L132   ssoRankerPreferences]: Filename of dumped script: ATVA2013-nonIntegral-real.bpl_Iteration1_Lasso
[2026-09-30 15:33:45,875 INFO  L133   ssoRankerPreferences]: MapElimAlgo: Matthias
[2026-09-30 15:33:45,875 INFO  L250          LassoAnalysis]: Starting lasso preprocessing...
[2026-09-30 15:33:45,903 INFO  L270          LassoAnalysis]: Preprocessing complete.
[2026-09-30 15:33:45,906 INFO  L156       PredicateUnifier]: Initialized classic predicate unifier
[2026-09-30 15:33:45,907 INFO  L85        PathProgramCache]: Analyzing trace with hash 37, now seen corresponding path program 1 times
[2026-09-30 15:33:45,911 INFO  L118   FreeRefinementEngine]: Executing refinement strategy FIXED_PREFERENCES
[2026-09-30 15:33:45,912 INFO  L324   FreeRefinementEngine]: Using trace check IpTcStrategyModulePreferences [680323245]
[2026-09-30 15:33:45,912 INFO  L97    rtionOrderModulation]: Keeping assertion order NOT_INCREMENTALLY
[2026-09-30 15:33:45,912 INFO  L127          SolverBuilder]: Constructing new instance of SMTInterpol with explicit timeout -1 ms and remaining time -1 ms
[2026-09-30 15:33:45,952 INFO  L108    AnnotateAndAsserter]: Assert order NOT_INCREMENTALLY partitioned 1 statements into 1 equivalence classes.
[2026-09-30 15:33:45,957 INFO  L111    AnnotateAndAsserter]: Assert order NOT_INCREMENTALLY issued 1 check-sat command(s) and asserted 1 of 1 statements.
[2026-09-30 15:33:45,958 INFO  L114    AnnotateAndAsserter]: Assert order NOT_INCREMENTALLY issued 1 check-sat command(s)
[2026-09-30 15:33:45,958 INFO  L115    AnnotateAndAsserter]: Conjunction of SSA is sat
[2026-09-30 15:33:45,958 INFO  L348             TraceCheck]: Trace is feasible, we will do another trace check, this time with branch encoders.
[2026-09-30 15:33:45,960 INFO  L108    AnnotateAndAsserter]: Assert order NOT_INCREMENTALLY partitioned 1 statements into 1 equivalence classes.
[2026-09-30 15:33:45,961 INFO  L111    AnnotateAndAsserter]: Assert order NOT_INCREMENTALLY issued 1 check-sat command(s) and asserted 1 of 1 statements.
[2026-09-30 15:33:45,961 INFO  L114    AnnotateAndAsserter]: Assert order NOT_INCREMENTALLY issued 1 check-sat command(s)
[2026-09-30 15:33:45,961 INFO  L115    AnnotateAndAsserter]: Conjunction of SSA is sat
[2026-09-30 15:33:45,969 INFO  L130   FreeRefinementEngine]: Strategy FIXED_PREFERENCES found a feasible trace
[2026-09-30 15:33:45,972 INFO  L156       PredicateUnifier]: Initialized classic predicate unifier
[2026-09-30 15:33:45,972 INFO  L85        PathProgramCache]: Analyzing trace with hash 33, now seen corresponding path program 1 times
[2026-09-30 15:33:45,972 INFO  L118   FreeRefinementEngine]: Executing refinement strategy FIXED_PREFERENCES
[2026-09-30 15:33:45,972 INFO  L324   FreeRefinementEngine]: Using trace check IpTcStrategyModulePreferences [53976139]
[2026-09-30 15:33:45,972 INFO  L97    rtionOrderModulation]: Keeping assertion order NOT_INCREMENTALLY
[2026-09-30 15:33:45,972 INFO  L127          SolverBuilder]: Constructing new instance of SMTInterpol with explicit timeout -1 ms and remaining time -1 ms
[2026-09-30 15:33:45,975 INFO  L108    AnnotateAndAsserter]: Assert order NOT_INCREMENTALLY partitioned 1 statements into 1 equivalence classes.
[2026-09-30 15:33:45,979 INFO  L111    AnnotateAndAsserter]: Assert order NOT_INCREMENTALLY issued 1 check-sat command(s) and asserted 1 of 1 statements.
[2026-09-30 15:33:45,979 INFO  L114    AnnotateAndAsserter]: Assert order NOT_INCREMENTALLY issued 1 check-sat command(s)
[2026-09-30 15:33:45,979 INFO  L115    AnnotateAndAsserter]: Conjunction of SSA is sat
[2026-09-30 15:33:45,979 INFO  L348             TraceCheck]: Trace is feasible, we will do another trace check, this time with branch encoders.
[2026-09-30 15:33:45,980 INFO  L108    AnnotateAndAsserter]: Assert order NOT_INCREMENTALLY partitioned 1 statements into 1 equivalence classes.
[2026-09-30 15:33:45,982 INFO  L111    AnnotateAndAsserter]: Assert order NOT_INCREMENTALLY issued 1 check-sat command(s) and asserted 1 of 1 statements.
[2026-09-30 15:33:45,982 INFO  L114    AnnotateAndAsserter]: Assert order NOT_INCREMENTALLY issued 1 check-sat command(s)
[2026-09-30 15:33:45,982 INFO  L115    AnnotateAndAsserter]: Conjunction of SSA is sat
[2026-09-30 15:33:45,983 INFO  L130   FreeRefinementEngine]: Strategy FIXED_PREFERENCES found a feasible trace
[2026-09-30 15:33:45,984 INFO  L156       PredicateUnifier]: Initialized classic predicate unifier
[2026-09-30 15:33:45,984 INFO  L85        PathProgramCache]: Analyzing trace with hash 1149, now seen corresponding path program 1 times
[2026-09-30 15:33:45,984 INFO  L118   FreeRefinementEngine]: Executing refinement strategy FIXED_PREFERENCES
[2026-09-30 15:33:45,984 INFO  L324   FreeRefinementEngine]: Using trace check IpTcStrategyModulePreferences [391676293]
[2026-09-30 15:33:45,984 INFO  L97    rtionOrderModulation]: Keeping assertion order NOT_INCREMENTALLY
[2026-09-30 15:33:45,985 INFO  L127          SolverBuilder]: Constructing new instance of SMTInterpol with explicit timeout -1 ms and remaining time -1 ms
[2026-09-30 15:33:45,987 INFO  L108    AnnotateAndAsserter]: Assert order NOT_INCREMENTALLY partitioned 2 statements into 1 equivalence classes.
[2026-09-30 15:33:45,989 INFO  L111    AnnotateAndAsserter]: Assert order NOT_INCREMENTALLY issued 1 check-sat command(s) and asserted 2 of 2 statements.
[2026-09-30 15:33:45,989 INFO  L114    AnnotateAndAsserter]: Assert order NOT_INCREMENTALLY issued 1 check-sat command(s)
[2026-09-30 15:33:45,989 INFO  L115    AnnotateAndAsserter]: Conjunction of SSA is sat
[2026-09-30 15:33:45,989 INFO  L348             TraceCheck]: Trace is feasible, we will do another trace check, this time with branch encoders.
[2026-09-30 15:33:45,990 INFO  L108    AnnotateAndAsserter]: Assert order NOT_INCREMENTALLY partitioned 2 statements into 1 equivalence classes.
[2026-09-30 15:33:45,991 INFO  L111    AnnotateAndAsserter]: Assert order NOT_INCREMENTALLY issued 1 check-sat command(s) and asserted 2 of 2 statements.
[2026-09-30 15:33:45,991 INFO  L114    AnnotateAndAsserter]: Assert order NOT_INCREMENTALLY issued 1 check-sat command(s)
[2026-09-30 15:33:45,991 INFO  L115    AnnotateAndAsserter]: Conjunction of SSA is sat
[2026-09-30 15:33:45,992 INFO  L130   FreeRefinementEngine]: Strategy FIXED_PREFERENCES found a feasible trace
[2026-09-30 15:33:46,029 INFO  L108    AnnotateAndAsserter]: Assert order NOT_INCREMENTALLY partitioned 1 statements into 1 equivalence classes.
[2026-09-30 15:33:46,030 INFO  L111    AnnotateAndAsserter]: Assert order NOT_INCREMENTALLY issued 1 check-sat command(s) and asserted 1 of 1 statements.
[2026-09-30 15:33:46,030 INFO  L114    AnnotateAndAsserter]: Assert order NOT_INCREMENTALLY issued 1 check-sat command(s)
[2026-09-30 15:33:46,030 INFO  L115    AnnotateAndAsserter]: Conjunction of SSA is sat
[2026-09-30 15:33:46,030 INFO  L348             TraceCheck]: Trace is feasible, we will do another trace check, this time with branch encoders.
[2026-09-30 15:33:46,031 INFO  L108    AnnotateAndAsserter]: Assert order NOT_INCREMENTALLY partitioned 1 statements into 1 equivalence classes.
[2026-09-30 15:33:46,032 INFO  L111    AnnotateAndAsserter]: Assert order NOT_INCREMENTALLY issued 1 check-sat command(s) and asserted 1 of 1 statements.
[2026-09-30 15:33:46,032 INFO  L114    AnnotateAndAsserter]: Assert order NOT_INCREMENTALLY issued 1 check-sat command(s)
[2026-09-30 15:33:46,032 INFO  L115    AnnotateAndAsserter]: Conjunction of SSA is sat
[2026-09-30 15:33:46,084 INFO  L201        PluginConnector]: Adding new model ATVA2013-nonIntegral-real.bpl de.uni_freiburg.informatik.ultimate.plugins.generator.buchiautomizer CFG 30.09 03:33:46 BoogieIcfgContainer
[2026-09-30 15:33:46,084 INFO  L131        PluginConnector]: ------------------------ END BuchiAutomizer----------------------------
[2026-09-30 15:33:46,086 INFO  L158              Benchmark]: Toolchain (without parser) took 473,91ms. Allocated memory is still 536,9MB. Free memory was 496,7MB in the beginning and 465,1MB in the end (delta: 31,6MB). Peak memory consumption was 25,2MB. Max. memory is 12,9GB.
[2026-09-30 15:33:46,086 INFO  L158              Benchmark]: Boogie PL CUP Parser took 0,15ms. Allocated memory is still 536,9MB. Free memory is still 497,6MB. There was no memory consumed. Max. memory is 12,9GB.
[2026-09-30 15:33:46,086 INFO  L158              Benchmark]: Boogie Preprocessor took 31,17ms. Allocated memory is still 536,9MB. Free memory was 496,7MB in the beginning and 492,7MB in the end (delta: 4,0MB). There was no memory consumed. Max. memory is 12,9GB.
[2026-09-30 15:33:46,086 INFO  L158              Benchmark]: IcfgBuilder took 117,83ms. Allocated memory is still 536,9MB. Free memory was 492,7MB in the beginning and 483,9MB in the end (delta: 8,8MB). Peak memory consumption was 8,4MB. Max. memory is 12,9GB.
[2026-09-30 15:33:46,086 INFO  L158              Benchmark]: BuchiAutomizer took 322,31ms. Allocated memory is still 536,9MB. Free memory was 483,7MB in the beginning and 465,1MB in the end (delta: 18,6MB). Peak memory consumption was 16,8MB. Max. memory is 12,9GB.
[2026-09-30 15:33:46,087 INFO  L338   ainManager$Toolchain]: #######################  End [Toolchain 1] #######################
 --- Results ---
 * Results from de.uni_freiburg.informatik.ultimate.core:
  - StatisticsResult: Toolchain Benchmarks
    Benchmark results are:
 * Boogie PL CUP Parser took 0,15ms. Allocated memory is still 536,9MB. Free memory is still 497,6MB. There was no memory consumed. Max. memory is 12,9GB.
 * Boogie Preprocessor took 31,17ms. Allocated memory is still 536,9MB. Free memory was 496,7MB in the beginning and 492,7MB in the end (delta: 4,0MB). There was no memory consumed. Max. memory is 12,9GB.
 * IcfgBuilder took 117,83ms. Allocated memory is still 536,9MB. Free memory was 492,7MB in the beginning and 483,9MB in the end (delta: 8,8MB). Peak memory consumption was 8,4MB. Max. memory is 12,9GB.
 * BuchiAutomizer took 322,31ms. Allocated memory is still 536,9MB. Free memory was 483,7MB in the beginning and 465,1MB in the end (delta: 18,6MB). Peak memory consumption was 16,8MB. Max. memory is 12,9GB.
 * Results from de.uni_freiburg.informatik.ultimate.plugins.generator.traceabstraction:
  - StatisticsResult: Constructed decomposition of program
    Trivial decomposition into one nonterminating module.
  - StatisticsResult: Timing statistics
    BüchiAutomizer plugin needed 0.2s and 1 iterations.  TraceHistogramMax:1. Analysis of lassos took 0.2s. Construction of modules took 0.0s. Büchi inclusion checks took 0.0s. Highest rank in rank-based complementation 0. Minimization of det autom 0. Minimization of nondet autom 0. Automata minimization No data available. Non-live state removal took 0.0s Buchi closure took 0.0s. Biggest automaton had -1 states and ocurred in iteration -1.	Nontrivial modules had stage [0, 0, 0, 0, 0].	InterpolantCoveringCapabilityFinite: 0/0	InterpolantCoveringCapabilityBuchi: 0/0	HoareTripleCheckerStatistics: 	LassoAnalysisResults: nont1 unkn0 SFLI0 SFLT0 conc0 concLT0 SILN0 SILU0 SILI0 SILT0 lasso0 LassoPreprocessingBenchmarks: LassoTerminationAnalysisBenchmarks: not availableLassoTerminationAnalysisBenchmarks: LassoNonterminationAnalysisSatFixpoint: 0	LassoNonterminationAnalysisSatUnbounded: 0	LassoNonterminationAnalysisUnsat: 0	LassoNonterminationAnalysisUnknown: 0	LassoNonterminationAnalysisTime: 0.0s	InitialAbstractionConstructionTime: 0.0s
  - TerminationAnalysisResult: Nontermination possible
    Buchi Automizer proved that your program is nonterminating for some inputs
  - LassoShapedNonTerminationArgument [Line: 22]: Nontermination argument in form of an infinite program execution.
    Nontermination argument in form of an infinite program execution.
Stem:
[L21]        assume 2.0 * y >= 1.0;
       VAL   [y=1/2]
Loop:
[L22]  COND TRUE  x >= 0.0
[L23]             x := x - 2.0 * y + 1.0;
End of lasso representation.
  - StatisticsResult: NonterminationArgumentStatistics
    Fixpoint
  - NonterminatingLassoResult [Line: 22]: Nonterminating execution
    Found a nonterminating execution for the following lasso shaped sequence of statements.
Stem:
[L21]        assume 2.0 * y >= 1.0;
       VAL   [y=1/2]
Loop:
[L22]  COND TRUE  x >= 0.0
[L23]             x := x - 2.0 * y + 1.0;
End of lasso representation.
RESULT: Ultimate proved your program to be incorrect!
[2026-09-30 15:33:46,096 INFO  L546       MonitoredProcess]: [MP /home/anissa/.local/bin/z3 SMTLIB2_COMPLIANT=true -memory:1024 -smt2 -in -t:12000 (1)] Ended with exit code 0
Received shutdown request...
