This is Ultimate 0.3.1-main-3730069d
[2026-09-30 15:33:50,006 INFO  L188        SettingsManager]: Resetting all preferences to default values...
[2026-09-30 15:33:50,238 INFO  L75    nceAwareModelManager]: Repository-Root is: /tmp
[2026-09-30 15:33:50,248 INFO  L261   ainManager$Toolchain]: [Toolchain 1]: Applicable parser(s) successfully (re)initialized
[2026-09-30 15:33:50,249 INFO  L217   ainManager$Toolchain]: [Toolchain 1]: Toolchain selected.
[2026-09-30 15:33:50,250 INFO  L270        PluginConnector]: Initializing CDTParser...
[2026-09-30 15:33:50,250 INFO  L274        PluginConnector]: CDTParser initialized
[2026-09-30 15:33:50,251 INFO  L431   ainManager$Toolchain]: [Toolchain 1]: Parsing single file: /home/anissa/Documents/Tools/PaSTTeL/benchmarks/smoke_test/full_programs_c_bpl/java_DivMinus1.c
!SESSION 2026-09-30 15:33:49.152 -----------------------------------------------
eclipse.buildId=unknown
java.version=21.0.12.1
java.vendor=Ubuntu
BootLoader constants: OS=linux, ARCH=x86_64, WS=gtk, NL=fr_FR
Framework arguments:  --console -tc /home/anissa/Documents/Tools/PaSTTeL/tools/toolchains/BuchiAutomizerC.xml -i /home/anissa/Documents/Tools/PaSTTeL/benchmarks/smoke_test/full_programs_c_bpl/java_DivMinus1.c
Command-line arguments:  -os linux -ws gtk -arch x86_64 -consoleLog --console -data @user.home/.ultimate -tc /home/anissa/Documents/Tools/PaSTTeL/tools/toolchains/BuchiAutomizerC.xml -i /home/anissa/Documents/Tools/PaSTTeL/benchmarks/smoke_test/full_programs_c_bpl/java_DivMinus1.c

!ENTRY org.eclipse.cdt.core 1 0 2026-09-30 15:33:51.424
!MESSAGE Indexed 'FLAG9979d7227' (0 sources, 0 headers) in 0,002 sec: 0 declarations; 0 references; 0 unresolved inclusions; 0 syntax errors; 0 unresolved names (0 %)
[2026-09-30 15:33:51,575 INFO  L538              CDTParser]: Created temporary CDT project at /home/anissa/.ultimate/2209135d023848f7be4c2b36fed72ca4/FLAG9979d7227
[2026-09-30 15:33:51,720 INFO  L389              CDTParser]: Found 1 translation units.
[2026-09-30 15:33:51,720 INFO  L178              CDTParser]: Scanning /home/anissa/Documents/Tools/PaSTTeL/benchmarks/smoke_test/full_programs_c_bpl/java_DivMinus1.c
[2026-09-30 15:33:51,726 INFO  L432              CDTParser]: About to delete temporary CDT project at /home/anissa/.ultimate/2209135d023848f7be4c2b36fed72ca4/FLAG9979d7227
[2026-09-30 15:33:52,575 INFO  L440              CDTParser]: Successfully deleted /home/anissa/.ultimate/2209135d023848f7be4c2b36fed72ca4
[2026-09-30 15:33:52,577 INFO  L299   ainManager$Toolchain]: ####################### [Toolchain 1] #######################
[2026-09-30 15:33:52,578 INFO  L133        ToolchainWalker]: Walking toolchain with 4 elements.
[2026-09-30 15:33:52,579 INFO  L112        PluginConnector]: ------------------------CACSL2BoogieTranslator----------------------------
[2026-09-30 15:33:52,579 INFO  L270        PluginConnector]: Initializing CACSL2BoogieTranslator...
[2026-09-30 15:33:52,582 INFO  L274        PluginConnector]: CACSL2BoogieTranslator initialized
[2026-09-30 15:33:52,582 INFO  L184        PluginConnector]: Executing the observer ACSLObjectContainerObserver from plugin CACSL2BoogieTranslator for "CDTParser AST 30.09 03:33:52" (1/1) ...
[2026-09-30 15:33:52,583 INFO  L204        PluginConnector]: Invalid model from CACSL2BoogieTranslator for observer de.uni_freiburg.informatik.ultimate.plugins.generator.cacsl2boogietranslator.ACSLObjectContainerObserver@796fd802 and model type de.uni_freiburg.informatik.ultimate.plugins.generator.cacsl2boogietranslator AST 30.09 03:33:52, skipping insertion in model container
[2026-09-30 15:33:52,583 INFO  L184        PluginConnector]: Executing the observer CACSL2BoogieTranslatorObserver from plugin CACSL2BoogieTranslator for "CDTParser AST 30.09 03:33:52" (1/1) ...
[2026-09-30 15:33:52,590 INFO  L177         MainTranslator]: Built tables and reachable declarations
[2026-09-30 15:33:52,685 INFO  L202          PostProcessor]: Analyzing all entry points
[2026-09-30 15:33:52,687 INFO  L206         MainTranslator]: Completed pre-run
[2026-09-30 15:33:52,697 INFO  L202          PostProcessor]: Analyzing all entry points
[2026-09-30 15:33:52,705 INFO  L211         MainTranslator]: Completed translation
[2026-09-30 15:33:52,706 INFO  L201        PluginConnector]: Adding new model de.uni_freiburg.informatik.ultimate.plugins.generator.cacsl2boogietranslator AST 30.09 03:33:52 WrapperNode
[2026-09-30 15:33:52,706 INFO  L131        PluginConnector]: ------------------------ END CACSL2BoogieTranslator----------------------------
[2026-09-30 15:33:52,707 INFO  L112        PluginConnector]: ------------------------Boogie Preprocessor----------------------------
[2026-09-30 15:33:52,707 INFO  L270        PluginConnector]: Initializing Boogie Preprocessor...
[2026-09-30 15:33:52,707 INFO  L274        PluginConnector]: Boogie Preprocessor initialized
[2026-09-30 15:33:52,712 INFO  L184        PluginConnector]: Executing the observer EnsureBoogieModelObserver from plugin Boogie Preprocessor for "de.uni_freiburg.informatik.ultimate.plugins.generator.cacsl2boogietranslator AST 30.09 03:33:52" (1/1) ...
[2026-09-30 15:33:52,712 INFO  L184        PluginConnector]: Executing the observer TypeChecker from plugin Boogie Preprocessor for "de.uni_freiburg.informatik.ultimate.plugins.generator.cacsl2boogietranslator AST 30.09 03:33:52" (1/1) ...
[2026-09-30 15:33:52,716 INFO  L184        PluginConnector]: Executing the observer ConstExpander from plugin Boogie Preprocessor for "de.uni_freiburg.informatik.ultimate.plugins.generator.cacsl2boogietranslator AST 30.09 03:33:52" (1/1) ...
[2026-09-30 15:33:52,716 INFO  L184        PluginConnector]: Executing the observer StructExpander from plugin Boogie Preprocessor for "de.uni_freiburg.informatik.ultimate.plugins.generator.cacsl2boogietranslator AST 30.09 03:33:52" (1/1) ...
[2026-09-30 15:33:52,717 INFO  L184        PluginConnector]: Executing the observer ReplaceArrayAssignments from plugin Boogie Preprocessor for "de.uni_freiburg.informatik.ultimate.plugins.generator.cacsl2boogietranslator AST 30.09 03:33:52" (1/1) ...
[2026-09-30 15:33:52,718 INFO  L184        PluginConnector]: Executing the observer UnstructureCode from plugin Boogie Preprocessor for "de.uni_freiburg.informatik.ultimate.plugins.generator.cacsl2boogietranslator AST 30.09 03:33:52" (1/1) ...
[2026-09-30 15:33:52,720 INFO  L184        PluginConnector]: Executing the observer FunctionInliner from plugin Boogie Preprocessor for "de.uni_freiburg.informatik.ultimate.plugins.generator.cacsl2boogietranslator AST 30.09 03:33:52" (1/1) ...
[2026-09-30 15:33:52,720 INFO  L184        PluginConnector]: Executing the observer LTLStepAnnotator from plugin Boogie Preprocessor for "de.uni_freiburg.informatik.ultimate.plugins.generator.cacsl2boogietranslator AST 30.09 03:33:52" (1/1) ...
[2026-09-30 15:33:52,721 INFO  L184        PluginConnector]: Executing the observer BoogieSymbolTableConstructor from plugin Boogie Preprocessor for "de.uni_freiburg.informatik.ultimate.plugins.generator.cacsl2boogietranslator AST 30.09 03:33:52" (1/1) ...
[2026-09-30 15:33:52,722 INFO  L131        PluginConnector]: ------------------------ END Boogie Preprocessor----------------------------
[2026-09-30 15:33:52,723 INFO  L112        PluginConnector]: ------------------------IcfgBuilder----------------------------
[2026-09-30 15:33:52,723 INFO  L270        PluginConnector]: Initializing IcfgBuilder...
[2026-09-30 15:33:52,723 INFO  L274        PluginConnector]: IcfgBuilder initialized
[2026-09-30 15:33:52,724 INFO  L184        PluginConnector]: Executing the observer IcfgBuilderObserver from plugin IcfgBuilder for "de.uni_freiburg.informatik.ultimate.plugins.generator.cacsl2boogietranslator AST 30.09 03:33:52" (1/1) ...
[2026-09-30 15:33:52,727 INFO  L173          SolverBuilder]: Constructing external solver with command: z3 SMTLIB2_COMPLIANT=true -memory:1024 -smt2 -in -t:12000
[2026-09-30 15:33:52,735 INFO  L189       MonitoredProcess]: No working directory specified, using /home/anissa/.local/bin/z3
[2026-09-30 15:33:52,744 INFO  L229       MonitoredProcess]: Starting monitored process 1 with /home/anissa/.local/bin/z3 SMTLIB2_COMPLIANT=true -memory:1024 -smt2 -in -t:12000 (exit command is (exit), workingDir is null)
[2026-09-30 15:33:52,746 INFO  L327       MonitoredProcess]: [MP /home/anissa/.local/bin/z3 SMTLIB2_COMPLIANT=true -memory:1024 -smt2 -in -t:12000 (1)] Waiting until timeout for monitored process
[2026-09-30 15:33:52,760 INFO  L138     BoogieDeclarations]: Found implementation of procedure mdiv
[2026-09-30 15:33:52,760 INFO  L130     BoogieDeclarations]: Found specification of procedure mdiv
[2026-09-30 15:33:52,787 INFO  L257             CfgBuilder]: Building ICFG
[2026-09-30 15:33:52,788 INFO  L287             CfgBuilder]: Building CFG for each procedure with an implementation
[2026-09-30 15:33:52,826 INFO  L?                        ?]: Removed 4 outVars from TransFormulas that were not future-live.
[2026-09-30 15:33:52,826 INFO  L308             CfgBuilder]: Performing block encoding
[2026-09-30 15:33:52,830 INFO  L89      LargeBlockEncoding]: Applying CFG Large Block Encoding to ICFG that has 1 procedures, 4 locations, 4 edges, 0 initial locations, 0 loop locations, and 0 error locations.
[2026-09-30 15:33:52,835 INFO  L139     LargeBlockEncoding]: LargeBlockEncoding completed in 8 ms, with 1 straightline sequential compositions, 0 parallel compositions, 0 1:n/n:1 sequential compositions and 0 complex sequential compositions.
[2026-09-30 15:33:52,836 INFO  L329             CfgBuilder]: Using library mode
[2026-09-30 15:33:52,836 INFO  L337             CfgBuilder]: Removed 0 assume(true) statements.
[2026-09-30 15:33:52,836 INFO  L339             CfgBuilder]: Constructed ICFG has 1 procedures, 3 locations, 3 edges, 1 initial locations, 0 loop locations, and 0 error locations.
[2026-09-30 15:33:52,837 INFO  L201        PluginConnector]: Adding new model de.uni_freiburg.informatik.ultimate.plugins.generator.icfgbuilder CFG 30.09 03:33:52 BoogieIcfgContainer
[2026-09-30 15:33:52,837 INFO  L131        PluginConnector]: ------------------------ END IcfgBuilder----------------------------
[2026-09-30 15:33:52,837 INFO  L112        PluginConnector]: ------------------------BuchiAutomizer----------------------------
[2026-09-30 15:33:52,837 INFO  L270        PluginConnector]: Initializing BuchiAutomizer...
[2026-09-30 15:33:52,840 INFO  L274        PluginConnector]: BuchiAutomizer initialized
[2026-09-30 15:33:52,840 INFO  L99          BuchiAutomizer]: Safety of program was proven or not checked, starting termination analysis
[2026-09-30 15:33:52,840 INFO  L184        PluginConnector]: Executing the observer BuchiAutomizerObserver from plugin BuchiAutomizer for "CDTParser AST 30.09 03:33:52" (1/3) ...
[2026-09-30 15:33:52,841 INFO  L204        PluginConnector]: Invalid model from BuchiAutomizer for observer de.uni_freiburg.informatik.ultimate.plugins.generator.buchiautomizer.BuchiAutomizerObserver@49c3f795 and model type de.uni_freiburg.informatik.ultimate.plugins.generator.buchiautomizer AST 30.09 03:33:52, skipping insertion in model container
[2026-09-30 15:33:52,841 INFO  L99          BuchiAutomizer]: Safety of program was proven or not checked, starting termination analysis
[2026-09-30 15:33:52,841 INFO  L184        PluginConnector]: Executing the observer BuchiAutomizerObserver from plugin BuchiAutomizer for "de.uni_freiburg.informatik.ultimate.plugins.generator.cacsl2boogietranslator AST 30.09 03:33:52" (2/3) ...
[2026-09-30 15:33:52,841 INFO  L204        PluginConnector]: Invalid model from BuchiAutomizer for observer de.uni_freiburg.informatik.ultimate.plugins.generator.buchiautomizer.BuchiAutomizerObserver@49c3f795 and model type de.uni_freiburg.informatik.ultimate.plugins.generator.buchiautomizer AST 30.09 03:33:52, skipping insertion in model container
[2026-09-30 15:33:52,841 INFO  L99          BuchiAutomizer]: Safety of program was proven or not checked, starting termination analysis
[2026-09-30 15:33:52,841 INFO  L184        PluginConnector]: Executing the observer BuchiAutomizerObserver from plugin BuchiAutomizer for "de.uni_freiburg.informatik.ultimate.plugins.generator.icfgbuilder CFG 30.09 03:33:52" (3/3) ...
[2026-09-30 15:33:52,842 INFO  L363   chiAutomizerObserver]: Analyzing ICFG java_DivMinus1.c
[2026-09-30 15:33:52,867 INFO  L330   stractBuchiCegarLoop]: Interprodecural is true
[2026-09-30 15:33:52,868 INFO  L331   stractBuchiCegarLoop]: Hoare is None
[2026-09-30 15:33:52,868 INFO  L332   stractBuchiCegarLoop]: Compute interpolants for ForwardPredicates
[2026-09-30 15:33:52,868 INFO  L333   stractBuchiCegarLoop]: Backedges is STRAIGHT_LINE
[2026-09-30 15:33:52,868 INFO  L334   stractBuchiCegarLoop]: Determinization is PREDICATE_ABSTRACTION
[2026-09-30 15:33:52,868 INFO  L335   stractBuchiCegarLoop]: Difference is false
[2026-09-30 15:33:52,868 INFO  L336   stractBuchiCegarLoop]: Minimize is MINIMIZE_SEVPA
[2026-09-30 15:33:52,868 INFO  L340   stractBuchiCegarLoop]: ======== Iteration 0 == of CEGAR loop == BuchiAutomatonCegarLoop ========
[2026-09-30 15:33:52,871 INFO  L73            BuchiIsEmpty]: Start buchiIsEmpty. Operand  has 3 states, 2 states have (on average 1.5) internal successors, (3), 2 states have internal predecessors, (3), 0 states have call successors, (0), 0 states have call predecessors, (0), 0 states have return successors, (0), 0 states have call predecessors, (0), 0 states have call successors, (0)
[2026-09-30 15:33:52,877 INFO  L131   ngComponentsAnalysis]: Automaton has 1 accepting balls. 1
[2026-09-30 15:33:52,877 INFO  L88            BuchiIsEmpty]: Finished buchiIsEmpty Result is false
[2026-09-30 15:33:52,877 INFO  L120           BuchiIsEmpty]: Starting construction of run
[2026-09-30 15:33:52,879 INFO  L148   hiAutomatonCegarLoop]: Counterexample stem histogram [1]
[2026-09-30 15:33:52,879 INFO  L149   hiAutomatonCegarLoop]: Counterexample loop histogram [1]
[2026-09-30 15:33:52,879 INFO  L362   stractBuchiCegarLoop]: ======== Iteration 1 ============
[2026-09-30 15:33:52,879 INFO  L73            BuchiIsEmpty]: Start buchiIsEmpty. Operand  has 3 states, 2 states have (on average 1.5) internal successors, (3), 2 states have internal predecessors, (3), 0 states have call successors, (0), 0 states have call predecessors, (0), 0 states have return successors, (0), 0 states have call predecessors, (0), 0 states have call successors, (0)
[2026-09-30 15:33:52,880 INFO  L131   ngComponentsAnalysis]: Automaton has 1 accepting balls. 1
[2026-09-30 15:33:52,880 INFO  L88            BuchiIsEmpty]: Finished buchiIsEmpty Result is false
[2026-09-30 15:33:52,880 INFO  L120           BuchiIsEmpty]: Starting construction of run
[2026-09-30 15:33:52,880 INFO  L148   hiAutomatonCegarLoop]: Counterexample stem histogram [1]
[2026-09-30 15:33:52,880 INFO  L149   hiAutomatonCegarLoop]: Counterexample loop histogram [1]
[2026-09-30 15:33:52,883 INFO  L943   eck$LassoCheckResult]: Stem: "assume -2147483648 <= #in~x && #in~x <= 2147483647;~x := #in~x;assume -2147483648 <= #in~y && #in~y <= 2147483647;~y := #in~y;~res~0 := 0;" 
[2026-09-30 15:33:52,884 INFO  L945   eck$LassoCheckResult]: Loop: "assume ~x >= ~y && ~y > 0;~x := ~x - ~y;~res~0 := 1 + ~res~0;" 
[2026-09-30 15:33:52,954 INFO  L213          LassoAnalysis]: Preferences:
[2026-09-30 15:33:52,955 INFO  L125   ssoRankerPreferences]: Compute integeral hull: false
[2026-09-30 15:33:52,955 INFO  L126   ssoRankerPreferences]: Enable LassoPartitioneer: false
[2026-09-30 15:33:52,955 INFO  L127   ssoRankerPreferences]: Term annotations enabled: false
[2026-09-30 15:33:52,955 INFO  L128   ssoRankerPreferences]: Use exernal solver: true
[2026-09-30 15:33:52,955 INFO  L129   ssoRankerPreferences]: SMT solver command: z3 SMTLIB2_COMPLIANT=true -memory:1024 -smt2 -in -t:12000
[2026-09-30 15:33:52,955 INFO  L130   ssoRankerPreferences]: Dump SMT script to file: false
[2026-09-30 15:33:52,955 INFO  L131   ssoRankerPreferences]: Path of dumped script: 
[2026-09-30 15:33:52,955 INFO  L132   ssoRankerPreferences]: Filename of dumped script: java_DivMinus1.c_Iteration1_Lasso
[2026-09-30 15:33:52,955 INFO  L133   ssoRankerPreferences]: MapElimAlgo: Matthias
[2026-09-30 15:33:52,955 INFO  L250          LassoAnalysis]: Starting lasso preprocessing...
[2026-09-30 15:33:53,004 INFO  L270          LassoAnalysis]: Preprocessing complete.
[2026-09-30 15:33:53,008 INFO  L156       PredicateUnifier]: Initialized classic predicate unifier
[2026-09-30 15:33:53,008 INFO  L85        PathProgramCache]: Analyzing trace with hash 37, now seen corresponding path program 1 times
[2026-09-30 15:33:53,013 INFO  L118   FreeRefinementEngine]: Executing refinement strategy FIXED_PREFERENCES
[2026-09-30 15:33:53,013 INFO  L324   FreeRefinementEngine]: Using trace check IpTcStrategyModulePreferences [1091957415]
[2026-09-30 15:33:53,013 INFO  L97    rtionOrderModulation]: Keeping assertion order NOT_INCREMENTALLY
[2026-09-30 15:33:53,013 INFO  L127          SolverBuilder]: Constructing new instance of SMTInterpol with explicit timeout -1 ms and remaining time -1 ms
[2026-09-30 15:33:53,048 INFO  L108    AnnotateAndAsserter]: Assert order NOT_INCREMENTALLY partitioned 1 statements into 1 equivalence classes.
[2026-09-30 15:33:53,056 INFO  L111    AnnotateAndAsserter]: Assert order NOT_INCREMENTALLY issued 1 check-sat command(s) and asserted 1 of 1 statements.
[2026-09-30 15:33:53,056 INFO  L114    AnnotateAndAsserter]: Assert order NOT_INCREMENTALLY issued 1 check-sat command(s)
[2026-09-30 15:33:53,056 INFO  L115    AnnotateAndAsserter]: Conjunction of SSA is sat
[2026-09-30 15:33:53,057 INFO  L348             TraceCheck]: Trace is feasible, we will do another trace check, this time with branch encoders.
[2026-09-30 15:33:53,058 INFO  L108    AnnotateAndAsserter]: Assert order NOT_INCREMENTALLY partitioned 1 statements into 1 equivalence classes.
[2026-09-30 15:33:53,060 INFO  L111    AnnotateAndAsserter]: Assert order NOT_INCREMENTALLY issued 1 check-sat command(s) and asserted 1 of 1 statements.
[2026-09-30 15:33:53,060 INFO  L114    AnnotateAndAsserter]: Assert order NOT_INCREMENTALLY issued 1 check-sat command(s)
[2026-09-30 15:33:53,060 INFO  L115    AnnotateAndAsserter]: Conjunction of SSA is sat
[2026-09-30 15:33:53,068 INFO  L130   FreeRefinementEngine]: Strategy FIXED_PREFERENCES found a feasible trace
[2026-09-30 15:33:53,070 INFO  L156       PredicateUnifier]: Initialized classic predicate unifier
[2026-09-30 15:33:53,070 INFO  L85        PathProgramCache]: Analyzing trace with hash 33, now seen corresponding path program 1 times
[2026-09-30 15:33:53,070 INFO  L118   FreeRefinementEngine]: Executing refinement strategy FIXED_PREFERENCES
[2026-09-30 15:33:53,071 INFO  L324   FreeRefinementEngine]: Using trace check IpTcStrategyModulePreferences [533035166]
[2026-09-30 15:33:53,071 INFO  L97    rtionOrderModulation]: Keeping assertion order NOT_INCREMENTALLY
[2026-09-30 15:33:53,071 INFO  L127          SolverBuilder]: Constructing new instance of SMTInterpol with explicit timeout -1 ms and remaining time -1 ms
[2026-09-30 15:33:53,073 INFO  L108    AnnotateAndAsserter]: Assert order NOT_INCREMENTALLY partitioned 1 statements into 1 equivalence classes.
[2026-09-30 15:33:53,076 INFO  L111    AnnotateAndAsserter]: Assert order NOT_INCREMENTALLY issued 1 check-sat command(s) and asserted 1 of 1 statements.
[2026-09-30 15:33:53,076 INFO  L114    AnnotateAndAsserter]: Assert order NOT_INCREMENTALLY issued 1 check-sat command(s)
[2026-09-30 15:33:53,076 INFO  L115    AnnotateAndAsserter]: Conjunction of SSA is sat
[2026-09-30 15:33:53,077 INFO  L348             TraceCheck]: Trace is feasible, we will do another trace check, this time with branch encoders.
[2026-09-30 15:33:53,077 INFO  L108    AnnotateAndAsserter]: Assert order NOT_INCREMENTALLY partitioned 1 statements into 1 equivalence classes.
[2026-09-30 15:33:53,079 INFO  L111    AnnotateAndAsserter]: Assert order NOT_INCREMENTALLY issued 1 check-sat command(s) and asserted 1 of 1 statements.
[2026-09-30 15:33:53,079 INFO  L114    AnnotateAndAsserter]: Assert order NOT_INCREMENTALLY issued 1 check-sat command(s)
[2026-09-30 15:33:53,079 INFO  L115    AnnotateAndAsserter]: Conjunction of SSA is sat
[2026-09-30 15:33:53,080 INFO  L130   FreeRefinementEngine]: Strategy FIXED_PREFERENCES found a feasible trace
[2026-09-30 15:33:53,080 INFO  L156       PredicateUnifier]: Initialized classic predicate unifier
[2026-09-30 15:33:53,080 INFO  L85        PathProgramCache]: Analyzing trace with hash 1149, now seen corresponding path program 1 times
[2026-09-30 15:33:53,081 INFO  L118   FreeRefinementEngine]: Executing refinement strategy FIXED_PREFERENCES
[2026-09-30 15:33:53,081 INFO  L324   FreeRefinementEngine]: Using trace check IpTcStrategyModulePreferences [1831893365]
[2026-09-30 15:33:53,081 INFO  L97    rtionOrderModulation]: Keeping assertion order NOT_INCREMENTALLY
[2026-09-30 15:33:53,081 INFO  L127          SolverBuilder]: Constructing new instance of SMTInterpol with explicit timeout -1 ms and remaining time -1 ms
[2026-09-30 15:33:53,083 INFO  L108    AnnotateAndAsserter]: Assert order NOT_INCREMENTALLY partitioned 2 statements into 1 equivalence classes.
[2026-09-30 15:33:53,087 INFO  L111    AnnotateAndAsserter]: Assert order NOT_INCREMENTALLY issued 1 check-sat command(s) and asserted 2 of 2 statements.
[2026-09-30 15:33:53,087 INFO  L114    AnnotateAndAsserter]: Assert order NOT_INCREMENTALLY issued 1 check-sat command(s)
[2026-09-30 15:33:53,087 INFO  L115    AnnotateAndAsserter]: Conjunction of SSA is sat
[2026-09-30 15:33:53,087 INFO  L348             TraceCheck]: Trace is feasible, we will do another trace check, this time with branch encoders.
[2026-09-30 15:33:53,088 INFO  L108    AnnotateAndAsserter]: Assert order NOT_INCREMENTALLY partitioned 2 statements into 1 equivalence classes.
[2026-09-30 15:33:53,090 INFO  L111    AnnotateAndAsserter]: Assert order NOT_INCREMENTALLY issued 1 check-sat command(s) and asserted 2 of 2 statements.
[2026-09-30 15:33:53,090 INFO  L114    AnnotateAndAsserter]: Assert order NOT_INCREMENTALLY issued 1 check-sat command(s)
[2026-09-30 15:33:53,090 INFO  L115    AnnotateAndAsserter]: Conjunction of SSA is sat
[2026-09-30 15:33:53,091 INFO  L130   FreeRefinementEngine]: Strategy FIXED_PREFERENCES found a feasible trace
[2026-09-30 15:33:53,140 INFO  L213          LassoAnalysis]: Preferences:
[2026-09-30 15:33:53,140 INFO  L125   ssoRankerPreferences]: Compute integeral hull: false
[2026-09-30 15:33:53,140 INFO  L126   ssoRankerPreferences]: Enable LassoPartitioneer: false
[2026-09-30 15:33:53,140 INFO  L127   ssoRankerPreferences]: Term annotations enabled: false
[2026-09-30 15:33:53,140 INFO  L128   ssoRankerPreferences]: Use exernal solver: true
[2026-09-30 15:33:53,140 INFO  L129   ssoRankerPreferences]: SMT solver command: z3 SMTLIB2_COMPLIANT=true -memory:1024 -smt2 -in -t:12000
[2026-09-30 15:33:53,140 INFO  L130   ssoRankerPreferences]: Dump SMT script to file: false
[2026-09-30 15:33:53,140 INFO  L131   ssoRankerPreferences]: Path of dumped script: 
[2026-09-30 15:33:53,140 INFO  L132   ssoRankerPreferences]: Filename of dumped script: java_DivMinus1.c_Iteration1_Lasso
[2026-09-30 15:33:53,140 INFO  L133   ssoRankerPreferences]: MapElimAlgo: Matthias
[2026-09-30 15:33:53,141 INFO  L250          LassoAnalysis]: Starting lasso preprocessing...
[2026-09-30 15:33:53,174 INFO  L270          LassoAnalysis]: Preprocessing complete.
[2026-09-30 15:33:53,174 INFO  L380          LassoAnalysis]: Checking for nontermination...
[2026-09-30 15:33:53,176 INFO  L173          SolverBuilder]: Constructing external solver with command: z3 SMTLIB2_COMPLIANT=true -memory:1024 -smt2 -in -t:12000
[2026-09-30 15:33:53,177 INFO  L189       MonitoredProcess]: No working directory specified, using /home/anissa/.local/bin/z3
[2026-09-30 15:33:53,179 INFO  L229       MonitoredProcess]: Starting monitored process 2 with /home/anissa/.local/bin/z3 SMTLIB2_COMPLIANT=true -memory:1024 -smt2 -in -t:12000 (exit command is (exit), workingDir is null)
[2026-09-30 15:33:53,180 INFO  L327       MonitoredProcess]: [MP /home/anissa/.local/bin/z3 SMTLIB2_COMPLIANT=true -memory:1024 -smt2 -in -t:12000 (2)] Waiting until timeout for monitored process
[2026-09-30 15:33:53,180 INFO  L148   nArgumentSynthesizer]: Nontermination analysis: LINEAR Allow bounded executions: true Number of generalized eigenvectors: 0 Nilpotent components: true
[2026-09-30 15:33:53,181 INFO  L160   nArgumentSynthesizer]: Using integer mode.
[2026-09-30 15:33:53,199 INFO  L546       MonitoredProcess]: [MP /home/anissa/.local/bin/z3 SMTLIB2_COMPLIANT=true -memory:1024 -smt2 -in -t:12000 (2)] Ended with exit code 0
[2026-09-30 15:33:53,199 INFO  L173          SolverBuilder]: Constructing external solver with command: z3 SMTLIB2_COMPLIANT=true -memory:1024 -smt2 -in -t:12000
[2026-09-30 15:33:53,200 INFO  L189       MonitoredProcess]: No working directory specified, using /home/anissa/.local/bin/z3
[2026-09-30 15:33:53,202 INFO  L229       MonitoredProcess]: Starting monitored process 3 with /home/anissa/.local/bin/z3 SMTLIB2_COMPLIANT=true -memory:1024 -smt2 -in -t:12000 (exit command is (exit), workingDir is null)
[2026-09-30 15:33:53,203 INFO  L327       MonitoredProcess]: [MP /home/anissa/.local/bin/z3 SMTLIB2_COMPLIANT=true -memory:1024 -smt2 -in -t:12000 (3)] Waiting until timeout for monitored process
[2026-09-30 15:33:53,204 INFO  L148   nArgumentSynthesizer]: Nontermination analysis: LINEAR Allow bounded executions: true Number of generalized eigenvectors: 3 Nilpotent components: true
[2026-09-30 15:33:53,205 INFO  L160   nArgumentSynthesizer]: Using integer mode.
[2026-09-30 15:33:53,226 INFO  L546       MonitoredProcess]: [MP /home/anissa/.local/bin/z3 SMTLIB2_COMPLIANT=true -memory:1024 -smt2 -in -t:12000 (3)] Ended with exit code 0
[2026-09-30 15:33:53,227 INFO  L422          LassoAnalysis]: Proving nontermination failed: No geometric nontermination argument exists.
[2026-09-30 15:33:53,227 INFO  L213          LassoAnalysis]: Preferences:
[2026-09-30 15:33:53,227 INFO  L125   ssoRankerPreferences]: Compute integeral hull: false
[2026-09-30 15:33:53,227 INFO  L126   ssoRankerPreferences]: Enable LassoPartitioneer: false
[2026-09-30 15:33:53,227 INFO  L127   ssoRankerPreferences]: Term annotations enabled: false
[2026-09-30 15:33:53,227 INFO  L128   ssoRankerPreferences]: Use exernal solver: true
[2026-09-30 15:33:53,227 INFO  L129   ssoRankerPreferences]: SMT solver command: z3 SMTLIB2_COMPLIANT=true -memory:1024 -smt2 -in -t:12000
[2026-09-30 15:33:53,227 INFO  L130   ssoRankerPreferences]: Dump SMT script to file: false
[2026-09-30 15:33:53,227 INFO  L131   ssoRankerPreferences]: Path of dumped script: 
[2026-09-30 15:33:53,227 INFO  L132   ssoRankerPreferences]: Filename of dumped script: java_DivMinus1.c_Iteration1_Lasso
[2026-09-30 15:33:53,227 INFO  L133   ssoRankerPreferences]: MapElimAlgo: Matthias
[2026-09-30 15:33:53,227 INFO  L250          LassoAnalysis]: Starting lasso preprocessing...
[2026-09-30 15:33:53,259 INFO  L270          LassoAnalysis]: Preprocessing complete.
[2026-09-30 15:33:53,260 INFO  L467          LassoAnalysis]: AK !! Using template 'affine'.
[2026-09-30 15:33:53,261 INFO  L173          SolverBuilder]: Constructing external solver with command: z3 SMTLIB2_COMPLIANT=true -memory:1024 -smt2 -in -t:12000
[2026-09-30 15:33:53,262 INFO  L189       MonitoredProcess]: No working directory specified, using /home/anissa/.local/bin/z3
[2026-09-30 15:33:53,263 INFO  L229       MonitoredProcess]: Starting monitored process 4 with /home/anissa/.local/bin/z3 SMTLIB2_COMPLIANT=true -memory:1024 -smt2 -in -t:12000 (exit command is (exit), workingDir is null)
[2026-09-30 15:33:53,264 INFO  L327       MonitoredProcess]: [MP /home/anissa/.local/bin/z3 SMTLIB2_COMPLIANT=true -memory:1024 -smt2 -in -t:12000 (4)] Waiting until timeout for monitored process
[2026-09-30 15:33:53,265 INFO  L126   nArgumentSynthesizer]: Termination Analysis Settings: Termination analysis: LINEARNumber of strict supporting invariants: 0Number of non-strict supporting invariants: 1Consider only non-deceasing supporting invariants: trueSimplify termination arguments: trueSimplify supporting invariants: trueOverapproximate stem: false
[2026-09-30 15:33:53,275 INFO  L344   nArgumentSynthesizer]: Template has degree 0.
[2026-09-30 15:33:53,276 INFO  L209   nArgumentSynthesizer]: 1 stem disjuncts
[2026-09-30 15:33:53,276 INFO  L210   nArgumentSynthesizer]: 1 loop disjuncts
[2026-09-30 15:33:53,276 INFO  L211   nArgumentSynthesizer]: 2 template conjuncts.
[2026-09-30 15:33:53,283 INFO  L409   nArgumentSynthesizer]: We have 6 Motzkin's Theorem applications.
[2026-09-30 15:33:53,283 INFO  L410   nArgumentSynthesizer]: A total of 2 supporting invariants were added.
[2026-09-30 15:33:53,290 INFO  L427   nArgumentSynthesizer]: Found a termination argument, trying to simplify.
[2026-09-30 15:33:53,305 INFO  L436   ModelExtractionUtils]: Simplification made 9 calls to the SMT solver.
[2026-09-30 15:33:53,309 INFO  L437   ModelExtractionUtils]: 4 out of 19 variables were initially zero. Simplification set additionally 13 variables to zero.
[2026-09-30 15:33:53,310 INFO  L173          SolverBuilder]: Constructing external solver with command: z3 SMTLIB2_COMPLIANT=true -memory:1024 -smt2 -in -t:12000
[2026-09-30 15:33:53,311 INFO  L189       MonitoredProcess]: No working directory specified, using /home/anissa/.local/bin/z3
[2026-09-30 15:33:53,313 INFO  L229       MonitoredProcess]: Starting monitored process 5 with /home/anissa/.local/bin/z3 SMTLIB2_COMPLIANT=true -memory:1024 -smt2 -in -t:12000 (exit command is (exit), workingDir is null)
[2026-09-30 15:33:53,314 INFO  L327       MonitoredProcess]: [MP /home/anissa/.local/bin/z3 SMTLIB2_COMPLIANT=true -memory:1024 -smt2 -in -t:12000 (5)] Waiting until timeout for monitored process
[2026-09-30 15:33:53,315 INFO  L443   nArgumentSynthesizer]: Simplifying supporting invariants...
[2026-09-30 15:33:53,329 INFO  L546       MonitoredProcess]: [MP /home/anissa/.local/bin/z3 SMTLIB2_COMPLIANT=true -memory:1024 -smt2 -in -t:12000 (5)] Ended with exit code 0
[2026-09-30 15:33:53,329 INFO  L446   nArgumentSynthesizer]: Removed 2 redundant supporting invariants from a total of 2.
[2026-09-30 15:33:53,334 INFO  L546       MonitoredProcess]: [MP /home/anissa/.local/bin/z3 SMTLIB2_COMPLIANT=true -memory:1024 -smt2 -in -t:12000 (4)] Ended with exit code 0
[2026-09-30 15:33:53,334 INFO  L495          LassoAnalysis]: Proved termination.
[2026-09-30 15:33:53,334 INFO  L496          LassoAnalysis]: Termination argument consisting of:
Ranking function f(mdiv_~x) = 1*mdiv_~x
Supporting invariants []
[2026-09-30 15:33:53,337 INFO  L156   tatePredicateManager]: 0 out of 0 supporting invariants were superfluous and have been removed
[2026-09-30 15:33:53,453 INFO  L156       PredicateUnifier]: Initialized classic predicate unifier
[2026-09-30 15:33:53,457 INFO  L108    AnnotateAndAsserter]: Assert order NOT_INCREMENTALLY partitioned 1 statements into 1 equivalence classes.
[2026-09-30 15:33:53,459 INFO  L111    AnnotateAndAsserter]: Assert order NOT_INCREMENTALLY issued 1 check-sat command(s) and asserted 1 of 1 statements.
[2026-09-30 15:33:53,460 INFO  L114    AnnotateAndAsserter]: Assert order NOT_INCREMENTALLY issued 1 check-sat command(s)
[2026-09-30 15:33:53,460 INFO  L115    AnnotateAndAsserter]: Conjunction of SSA is unsat
[2026-09-30 15:33:53,461 INFO  L256         TraceCheckSpWp]: Trace formula consists of 12 conjuncts, 2 conjuncts are in the unsatisfiable core
[2026-09-30 15:33:53,461 INFO  L279         TraceCheckSpWp]: Computing forward predicates...
[2026-09-30 15:33:53,466 INFO  L108    AnnotateAndAsserter]: Assert order NOT_INCREMENTALLY partitioned 1 statements into 1 equivalence classes.
[2026-09-30 15:33:53,467 INFO  L111    AnnotateAndAsserter]: Assert order NOT_INCREMENTALLY issued 1 check-sat command(s) and asserted 1 of 1 statements.
[2026-09-30 15:33:53,468 INFO  L114    AnnotateAndAsserter]: Assert order NOT_INCREMENTALLY issued 1 check-sat command(s)
[2026-09-30 15:33:53,468 INFO  L115    AnnotateAndAsserter]: Conjunction of SSA is unsat
[2026-09-30 15:33:53,468 WARN  L254         TraceCheckSpWp]: Trace formula consists of 8 conjuncts, 5 conjuncts are in the unsatisfiable core
[2026-09-30 15:33:53,469 INFO  L279         TraceCheckSpWp]: Computing forward predicates...
[2026-09-30 15:33:53,472 INFO  L134       CoverageAnalysis]: Checked inductivity of 0 backedges. 0 proven. 0 refuted. 0 times theorem prover too weak. 0 trivial. 0 not checked.
[2026-09-30 15:33:53,493 INFO  L141   lantAutomatonBouncer]: Defining deterministic Buchi interpolant automaton with honda bouncer for stem and without honda bouncer for loop.1 stem predicates 1 loop predicates 
[2026-09-30 15:33:53,495 INFO  L69     BuchiDifferenceNCSB]: Start buchiDifferenceNCSB. First operand  has 3 states, 2 states have (on average 1.5) internal successors, (3), 2 states have internal predecessors, (3), 0 states have call successors, (0), 0 states have call predecessors, (0), 0 states have return successors, (0), 0 states have call predecessors, (0), 0 states have call successors, (0) Second operand  has 2 states, 2 states have (on average 1.0) internal successors, (2), 1 states have internal predecessors, (2), 0 states have call successors, (0), 0 states have call predecessors, (0), 0 states have return successors, (0), 0 states have call predecessors, (0), 0 states have call successors, (0)
[2026-09-30 15:33:53,511 INFO  L73     BuchiDifferenceNCSB]: Finished buchiDifferenceNCSB. First operand  has 3 states, 2 states have (on average 1.5) internal successors, (3), 2 states have internal predecessors, (3), 0 states have call successors, (0), 0 states have call predecessors, (0), 0 states have return successors, (0), 0 states have call predecessors, (0), 0 states have call successors, (0). Second operand  has 2 states, 2 states have (on average 1.0) internal successors, (2), 1 states have internal predecessors, (2), 0 states have call successors, (0), 0 states have call predecessors, (0), 0 states have return successors, (0), 0 states have call predecessors, (0), 0 states have call successors, (0) Result 4 states and 5 transitions. Complement of second has 3 states.
[2026-09-30 15:33:53,512 INFO  L140   InterpolantAutomaton]: Switched to read-only mode: Buchi interpolant automaton has 2 states 1 stem states 0 non-accepting loop states 1 accepting loop states 
[2026-09-30 15:33:53,515 INFO  L82        GeneralOperation]: Start removeUnreachable. Operand  has 2 states, 2 states have (on average 1.0) internal successors, (2), 1 states have internal predecessors, (2), 0 states have call successors, (0), 0 states have call predecessors, (0), 0 states have return successors, (0), 0 states have call predecessors, (0), 0 states have call successors, (0)
[2026-09-30 15:33:53,517 INFO  L88        GeneralOperation]: Finished removeUnreachable. Reduced from 2 states to 2 states and 2 transitions.
[2026-09-30 15:33:53,519 INFO  L85            BuchiAccepts]: Start buchiAccepts Operand 2 states and 2 transitions. Stem has 1 letters. Loop has 1 letters.
[2026-09-30 15:33:53,520 INFO  L117           BuchiAccepts]: Finished buchiAccepts.
[2026-09-30 15:33:53,520 INFO  L85            BuchiAccepts]: Start buchiAccepts Operand 2 states and 2 transitions. Stem has 2 letters. Loop has 1 letters.
[2026-09-30 15:33:53,520 INFO  L117           BuchiAccepts]: Finished buchiAccepts.
[2026-09-30 15:33:53,520 INFO  L85            BuchiAccepts]: Start buchiAccepts Operand 2 states and 2 transitions. Stem has 1 letters. Loop has 2 letters.
[2026-09-30 15:33:53,520 INFO  L117           BuchiAccepts]: Finished buchiAccepts.
[2026-09-30 15:33:53,520 INFO  L82        GeneralOperation]: Start removeNonLiveStates. Operand 4 states and 5 transitions.
[2026-09-30 15:33:53,521 INFO  L131   ngComponentsAnalysis]: Automaton has 0 accepting balls. 0
[2026-09-30 15:33:53,522 INFO  L88        GeneralOperation]: Finished removeNonLiveStates. Reduced from 4 states to 0 states and 0 transitions.
[2026-09-30 15:33:53,522 INFO  L87         BuchiClosureNwa]: Accepting states before buchiClosure: 0
[2026-09-30 15:33:53,522 INFO  L106        BuchiClosureNwa]: Accepting states after buchiClosure: 0
[2026-09-30 15:33:53,523 INFO  L74         IsDeterministic]: Start isDeterministic. Operand 0 states and 0 transitions.
[2026-09-30 15:33:53,523 INFO  L81         IsDeterministic]: Finished isDeterministic. Operand is deterministic.
[2026-09-30 15:33:53,523 INFO  L218   hiAutomatonCegarLoop]: Abstraction has 0 states and 0 transitions.
[2026-09-30 15:33:53,523 INFO  L240   hiAutomatonCegarLoop]: Abstraction has 0 states and 0 transitions.
[2026-09-30 15:33:53,523 INFO  L457   stractBuchiCegarLoop]: Abstraction has 0 states and 0 transitions.
[2026-09-30 15:33:53,523 INFO  L362   stractBuchiCegarLoop]: ======== Iteration 2 ============
[2026-09-30 15:33:53,523 INFO  L73            BuchiIsEmpty]: Start buchiIsEmpty. Operand 0 states and 0 transitions.
[2026-09-30 15:33:53,523 INFO  L131   ngComponentsAnalysis]: Automaton has 0 accepting balls. 0
[2026-09-30 15:33:53,523 INFO  L88            BuchiIsEmpty]: Finished buchiIsEmpty Result is true
[2026-09-30 15:33:53,528 INFO  L201        PluginConnector]: Adding new model de.uni_freiburg.informatik.ultimate.plugins.generator.buchiautomizer CFG 30.09 03:33:53 BoogieIcfgContainer
[2026-09-30 15:33:53,528 INFO  L131        PluginConnector]: ------------------------ END BuchiAutomizer----------------------------
[2026-09-30 15:33:53,528 INFO  L158              Benchmark]: Toolchain (without parser) took 950,29ms. Allocated memory is still 536,9MB. Free memory was 507,9MB in the beginning and 396,8MB in the end (delta: 111,2MB). Peak memory consumption was 109,1MB. Max. memory is 12,9GB.
[2026-09-30 15:33:53,529 INFO  L158              Benchmark]: CDTParser took 0,18ms. Allocated memory is still 536,9MB. Free memory is still 497,5MB. There was no memory consumed. Max. memory is 12,9GB.
[2026-09-30 15:33:53,529 INFO  L158              Benchmark]: CACSL2BoogieTranslator took 126,88ms. Allocated memory is still 536,9MB. Free memory was 507,9MB in the beginning and 493,6MB in the end (delta: 14,3MB). Peak memory consumption was 16,8MB. Max. memory is 12,9GB.
[2026-09-30 15:33:53,529 INFO  L158              Benchmark]: Boogie Preprocessor took 15,58ms. Allocated memory is still 536,9MB. Free memory was 493,6MB in the beginning and 492,5MB in the end (delta: 1,1MB). There was no memory consumed. Max. memory is 12,9GB.
[2026-09-30 15:33:53,529 INFO  L158              Benchmark]: IcfgBuilder took 114,01ms. Allocated memory is still 536,9MB. Free memory was 492,5MB in the beginning and 478,1MB in the end (delta: 14,4MB). Peak memory consumption was 16,8MB. Max. memory is 12,9GB.
[2026-09-30 15:33:53,529 INFO  L158              Benchmark]: BuchiAutomizer took 690,86ms. Allocated memory is still 536,9MB. Free memory was 478,1MB in the beginning and 396,8MB in the end (delta: 81,3MB). Peak memory consumption was 75,5MB. Max. memory is 12,9GB.
[2026-09-30 15:33:53,530 INFO  L338   ainManager$Toolchain]: #######################  End [Toolchain 1] #######################
 --- Results ---
 * Results from de.uni_freiburg.informatik.ultimate.core:
  - StatisticsResult: Toolchain Benchmarks
    Benchmark results are:
 * CDTParser took 0,18ms. Allocated memory is still 536,9MB. Free memory is still 497,5MB. There was no memory consumed. Max. memory is 12,9GB.
 * CACSL2BoogieTranslator took 126,88ms. Allocated memory is still 536,9MB. Free memory was 507,9MB in the beginning and 493,6MB in the end (delta: 14,3MB). Peak memory consumption was 16,8MB. Max. memory is 12,9GB.
 * Boogie Preprocessor took 15,58ms. Allocated memory is still 536,9MB. Free memory was 493,6MB in the beginning and 492,5MB in the end (delta: 1,1MB). There was no memory consumed. Max. memory is 12,9GB.
 * IcfgBuilder took 114,01ms. Allocated memory is still 536,9MB. Free memory was 492,5MB in the beginning and 478,1MB in the end (delta: 14,4MB). Peak memory consumption was 16,8MB. Max. memory is 12,9GB.
 * BuchiAutomizer took 690,86ms. Allocated memory is still 536,9MB. Free memory was 478,1MB in the beginning and 396,8MB in the end (delta: 81,3MB). Peak memory consumption was 75,5MB. Max. memory is 12,9GB.
 * Results from de.uni_freiburg.informatik.ultimate.plugins.generator.traceabstraction:
  - StatisticsResult: Constructed decomposition of program
    Your program was decomposed into 1 terminating modules (0 trivial, 1 deterministic, 0 nondeterministic). One deterministic module has affine ranking function x and consists of 2 locations. 
  - StatisticsResult: Timing statistics
    BüchiAutomizer plugin needed 0.6s and 2 iterations.  TraceHistogramMax:1. Analysis of lassos took 0.4s. Construction of modules took 0.0s. Büchi inclusion checks took 0.0s. Highest rank in rank-based complementation 3. Minimization of det autom 1. Minimization of nondet autom 0. Automata minimization No data available. Non-live state removal took 0.0s Buchi closure took 0.0s. Biggest automaton had -1 states and ocurred in iteration -1.	Nontrivial modules had stage [1, 0, 0, 0, 0].	InterpolantCoveringCapabilityFinite: 0/0	InterpolantCoveringCapabilityBuchi: 0/0	HoareTripleCheckerStatistics: 0 mSolverCounterUnknown, 1 SdHoareTripleChecker+Valid, 0,0s IncrementalHoareTripleChecker+Time, 0 mSdLazyCounter, 0 mSDsluCounter, 1 SdHoareTripleChecker+Invalid, 0,0s Time, 0 mProtectedAction, 0 SdHoareTripleChecker+Unchecked, 0 IncrementalHoareTripleChecker+Unchecked, 0 mSDsCounter, 1 IncrementalHoareTripleChecker+Valid, 0 mProtectedPredicate, 4 IncrementalHoareTripleChecker+Invalid, 5 SdHoareTripleChecker+Unknown, 0 mSolverCounterNotChecked, 1 mSolverCounterUnsat, 1 mSDtfsCounter, 4 mSolverCounterSat, 0,0s SdHoareTripleChecker+Time, 0 IncrementalHoareTripleChecker+Unknown	LassoAnalysisResults: nont0 unkn0 SFLI0 SFLT0 conc0 concLT0 SILN0 SILU0 SILI0 SILT0 lasso1 LassoPreprocessingBenchmarks:   Lassos: inital43 mio100 ax100 hnf100 arr100 mio100 div100 bol100 ite100 ukn100 eq155 hnf92 smp100 dnf100 smp100 tf100 neg100 sie100 LassoTerminationAnalysisBenchmarks: ConstraintsSatisfiability: sat Degree: 0 Time: 68ms VariablesStem: 5 VariablesLoop: 5 DisjunctsStem: 1 DisjunctsLoop: 1 SupportingInvariants: 2 MotzkinApplications: 6 LassoTerminationAnalysisBenchmarks: LassoNonterminationAnalysisSatFixpoint: 0	LassoNonterminationAnalysisSatUnbounded: 0	LassoNonterminationAnalysisUnsat: 1	LassoNonterminationAnalysisUnknown: 0	LassoNonterminationAnalysisTime: 0.0s	InitialAbstractionConstructionTime: 0.0s
  - TerminationAnalysisResult: Termination proven
    Buchi Automizer proved that your program is terminating
RESULT: Ultimate proved your program to be correct!
[2026-09-30 15:33:53,537 INFO  L546       MonitoredProcess]: [MP /home/anissa/.local/bin/z3 SMTLIB2_COMPLIANT=true -memory:1024 -smt2 -in -t:12000 (1)] Ended with exit code 0
Received shutdown request...
