This is Ultimate 0.3.1-main-3730069d
[2026-09-30 15:33:54,970 INFO  L188        SettingsManager]: Resetting all preferences to default values...
[2026-09-30 15:33:55,183 INFO  L75    nceAwareModelManager]: Repository-Root is: /tmp
[2026-09-30 15:33:55,191 INFO  L261   ainManager$Toolchain]: [Toolchain 1]: Applicable parser(s) successfully (re)initialized
[2026-09-30 15:33:55,193 INFO  L217   ainManager$Toolchain]: [Toolchain 1]: Toolchain selected.
[2026-09-30 15:33:55,194 INFO  L270        PluginConnector]: Initializing Boogie PL CUP Parser...
[2026-09-30 15:33:55,194 INFO  L274        PluginConnector]: Boogie PL CUP Parser initialized
[2026-09-30 15:33:55,195 INFO  L431   ainManager$Toolchain]: [Toolchain 1]: Parsing single file: /home/anissa/Documents/Tools/PaSTTeL/benchmarks/smoke_test/full_programs_c_bpl/Lobnya-Boolean.bpl
[2026-09-30 15:33:55,195 INFO  L110           BoogieParser]: Parsing: '/home/anissa/Documents/Tools/PaSTTeL/benchmarks/smoke_test/full_programs_c_bpl/Lobnya-Boolean.bpl'
[2026-09-30 15:33:55,205 INFO  L299   ainManager$Toolchain]: ####################### [Toolchain 1] #######################
[2026-09-30 15:33:55,206 INFO  L133        ToolchainWalker]: Walking toolchain with 3 elements.
[2026-09-30 15:33:55,206 INFO  L112        PluginConnector]: ------------------------Boogie Preprocessor----------------------------
[2026-09-30 15:33:55,206 INFO  L270        PluginConnector]: Initializing Boogie Preprocessor...
[2026-09-30 15:33:55,206 INFO  L274        PluginConnector]: Boogie Preprocessor initialized
[2026-09-30 15:33:55,215 INFO  L184        PluginConnector]: Executing the observer EnsureBoogieModelObserver from plugin Boogie Preprocessor for "Lobnya-Boolean.bpl de.uni_freiburg.informatik.ultimate.boogie.parser AST 30.09 03:33:55" (1/1) ...
[2026-09-30 15:33:55,216 INFO  L184        PluginConnector]: Executing the observer TypeChecker from plugin Boogie Preprocessor for "Lobnya-Boolean.bpl de.uni_freiburg.informatik.ultimate.boogie.parser AST 30.09 03:33:55" (1/1) ...
[2026-09-30 15:33:55,231 INFO  L184        PluginConnector]: Executing the observer ConstExpander from plugin Boogie Preprocessor for "Lobnya-Boolean.bpl de.uni_freiburg.informatik.ultimate.boogie.parser AST 30.09 03:33:55" (1/1) ...
[2026-09-30 15:33:55,231 INFO  L184        PluginConnector]: Executing the observer StructExpander from plugin Boogie Preprocessor for "Lobnya-Boolean.bpl de.uni_freiburg.informatik.ultimate.boogie.parser AST 30.09 03:33:55" (1/1) ...
[2026-09-30 15:33:55,232 INFO  L184        PluginConnector]: Executing the observer ReplaceArrayAssignments from plugin Boogie Preprocessor for "Lobnya-Boolean.bpl de.uni_freiburg.informatik.ultimate.boogie.parser AST 30.09 03:33:55" (1/1) ...
[2026-09-30 15:33:55,232 INFO  L184        PluginConnector]: Executing the observer UnstructureCode from plugin Boogie Preprocessor for "Lobnya-Boolean.bpl de.uni_freiburg.informatik.ultimate.boogie.parser AST 30.09 03:33:55" (1/1) ...
[2026-09-30 15:33:55,234 INFO  L184        PluginConnector]: Executing the observer FunctionInliner from plugin Boogie Preprocessor for "Lobnya-Boolean.bpl de.uni_freiburg.informatik.ultimate.boogie.parser AST 30.09 03:33:55" (1/1) ...
[2026-09-30 15:33:55,234 INFO  L184        PluginConnector]: Executing the observer LTLStepAnnotator from plugin Boogie Preprocessor for "Lobnya-Boolean.bpl de.uni_freiburg.informatik.ultimate.boogie.parser AST 30.09 03:33:55" (1/1) ...
[2026-09-30 15:33:55,234 INFO  L184        PluginConnector]: Executing the observer BoogieSymbolTableConstructor from plugin Boogie Preprocessor for "Lobnya-Boolean.bpl de.uni_freiburg.informatik.ultimate.boogie.parser AST 30.09 03:33:55" (1/1) ...
[2026-09-30 15:33:55,237 INFO  L131        PluginConnector]: ------------------------ END Boogie Preprocessor----------------------------
[2026-09-30 15:33:55,238 INFO  L112        PluginConnector]: ------------------------IcfgBuilder----------------------------
[2026-09-30 15:33:55,238 INFO  L270        PluginConnector]: Initializing IcfgBuilder...
[2026-09-30 15:33:55,238 INFO  L274        PluginConnector]: IcfgBuilder initialized
[2026-09-30 15:33:55,239 INFO  L184        PluginConnector]: Executing the observer IcfgBuilderObserver from plugin IcfgBuilder for "Lobnya-Boolean.bpl de.uni_freiburg.informatik.ultimate.boogie.parser AST 30.09 03:33:55" (1/1) ...
[2026-09-30 15:33:55,242 INFO  L173          SolverBuilder]: Constructing external solver with command: z3 SMTLIB2_COMPLIANT=true -memory:1024 -smt2 -in -t:12000
[2026-09-30 15:33:55,249 INFO  L189       MonitoredProcess]: No working directory specified, using /home/anissa/.local/bin/z3
[2026-09-30 15:33:55,257 INFO  L229       MonitoredProcess]: Starting monitored process 1 with /home/anissa/.local/bin/z3 SMTLIB2_COMPLIANT=true -memory:1024 -smt2 -in -t:12000 (exit command is (exit), workingDir is null)
[2026-09-30 15:33:55,259 INFO  L327       MonitoredProcess]: [MP /home/anissa/.local/bin/z3 SMTLIB2_COMPLIANT=true -memory:1024 -smt2 -in -t:12000 (1)] Waiting until timeout for monitored process
[2026-09-30 15:33:55,275 INFO  L124     BoogieDeclarations]: Specification and implementation of procedure main given in one single declaration
[2026-09-30 15:33:55,275 INFO  L130     BoogieDeclarations]: Found specification of procedure main
[2026-09-30 15:33:55,275 INFO  L138     BoogieDeclarations]: Found implementation of procedure main
[2026-09-30 15:33:55,305 INFO  L257             CfgBuilder]: Building ICFG
[2026-09-30 15:33:55,307 INFO  L287             CfgBuilder]: Building CFG for each procedure with an implementation
[2026-09-30 15:33:55,340 INFO  L?                        ?]: Removed 0 outVars from TransFormulas that were not future-live.
[2026-09-30 15:33:55,341 INFO  L308             CfgBuilder]: Performing block encoding
[2026-09-30 15:33:55,346 INFO  L89      LargeBlockEncoding]: Applying CFG Large Block Encoding to ICFG that has 1 procedures, 3 locations, 3 edges, 0 initial locations, 0 loop locations, and 0 error locations.
[2026-09-30 15:33:55,352 INFO  L139     LargeBlockEncoding]: LargeBlockEncoding completed in 10 ms, with 1 straightline sequential compositions, 0 parallel compositions, 0 1:n/n:1 sequential compositions and 0 complex sequential compositions.
[2026-09-30 15:33:55,353 INFO  L329             CfgBuilder]: Using library mode
[2026-09-30 15:33:55,353 INFO  L337             CfgBuilder]: Removed 1 assume(true) statements.
[2026-09-30 15:33:55,354 INFO  L339             CfgBuilder]: Constructed ICFG has 1 procedures, 2 locations, 2 edges, 1 initial locations, 0 loop locations, and 0 error locations.
[2026-09-30 15:33:55,354 INFO  L201        PluginConnector]: Adding new model Lobnya-Boolean.bpl de.uni_freiburg.informatik.ultimate.plugins.generator.icfgbuilder CFG 30.09 03:33:55 BoogieIcfgContainer
[2026-09-30 15:33:55,354 INFO  L131        PluginConnector]: ------------------------ END IcfgBuilder----------------------------
[2026-09-30 15:33:55,355 INFO  L112        PluginConnector]: ------------------------BuchiAutomizer----------------------------
[2026-09-30 15:33:55,355 INFO  L270        PluginConnector]: Initializing BuchiAutomizer...
[2026-09-30 15:33:55,361 INFO  L274        PluginConnector]: BuchiAutomizer initialized
[2026-09-30 15:33:55,362 INFO  L99          BuchiAutomizer]: Safety of program was proven or not checked, starting termination analysis
[2026-09-30 15:33:55,362 INFO  L184        PluginConnector]: Executing the observer BuchiAutomizerObserver from plugin BuchiAutomizer for "Lobnya-Boolean.bpl de.uni_freiburg.informatik.ultimate.boogie.parser AST 30.09 03:33:55" (1/2) ...
[2026-09-30 15:33:55,364 INFO  L204        PluginConnector]: Invalid model from BuchiAutomizer for observer de.uni_freiburg.informatik.ultimate.plugins.generator.buchiautomizer.BuchiAutomizerObserver@30e87ff7 and model type Lobnya-Boolean.bpl de.uni_freiburg.informatik.ultimate.plugins.generator.buchiautomizer AST 30.09 03:33:55, skipping insertion in model container
[2026-09-30 15:33:55,364 INFO  L99          BuchiAutomizer]: Safety of program was proven or not checked, starting termination analysis
[2026-09-30 15:33:55,364 INFO  L184        PluginConnector]: Executing the observer BuchiAutomizerObserver from plugin BuchiAutomizer for "Lobnya-Boolean.bpl de.uni_freiburg.informatik.ultimate.plugins.generator.icfgbuilder CFG 30.09 03:33:55" (2/2) ...
[2026-09-30 15:33:55,366 INFO  L363   chiAutomizerObserver]: Analyzing ICFG Lobnya-Boolean.bpl
[2026-09-30 15:33:55,401 INFO  L330   stractBuchiCegarLoop]: Interprodecural is true
[2026-09-30 15:33:55,401 INFO  L331   stractBuchiCegarLoop]: Hoare is None
[2026-09-30 15:33:55,401 INFO  L332   stractBuchiCegarLoop]: Compute interpolants for ForwardPredicates
[2026-09-30 15:33:55,401 INFO  L333   stractBuchiCegarLoop]: Backedges is STRAIGHT_LINE
[2026-09-30 15:33:55,401 INFO  L334   stractBuchiCegarLoop]: Determinization is PREDICATE_ABSTRACTION
[2026-09-30 15:33:55,401 INFO  L335   stractBuchiCegarLoop]: Difference is false
[2026-09-30 15:33:55,401 INFO  L336   stractBuchiCegarLoop]: Minimize is MINIMIZE_SEVPA
[2026-09-30 15:33:55,402 INFO  L340   stractBuchiCegarLoop]: ======== Iteration 0 == of CEGAR loop == BuchiAutomatonCegarLoop ========
[2026-09-30 15:33:55,405 INFO  L73            BuchiIsEmpty]: Start buchiIsEmpty. Operand  has 2 states, 1 states have (on average 2.0) internal successors, (2), 2 states have internal predecessors, (2), 0 states have call successors, (0), 0 states have call predecessors, (0), 0 states have return successors, (0), 0 states have call predecessors, (0), 0 states have call successors, (0)
[2026-09-30 15:33:55,417 INFO  L131   ngComponentsAnalysis]: Automaton has 1 accepting balls. 1
[2026-09-30 15:33:55,417 INFO  L88            BuchiIsEmpty]: Finished buchiIsEmpty Result is false
[2026-09-30 15:33:55,417 INFO  L120           BuchiIsEmpty]: Starting construction of run
[2026-09-30 15:33:55,420 INFO  L148   hiAutomatonCegarLoop]: Counterexample stem histogram []
[2026-09-30 15:33:55,420 INFO  L149   hiAutomatonCegarLoop]: Counterexample loop histogram [1]
[2026-09-30 15:33:55,420 INFO  L362   stractBuchiCegarLoop]: ======== Iteration 1 ============
[2026-09-30 15:33:55,420 INFO  L73            BuchiIsEmpty]: Start buchiIsEmpty. Operand  has 2 states, 1 states have (on average 2.0) internal successors, (2), 2 states have internal predecessors, (2), 0 states have call successors, (0), 0 states have call predecessors, (0), 0 states have return successors, (0), 0 states have call predecessors, (0), 0 states have call successors, (0)
[2026-09-30 15:33:55,420 INFO  L131   ngComponentsAnalysis]: Automaton has 1 accepting balls. 1
[2026-09-30 15:33:55,420 INFO  L88            BuchiIsEmpty]: Finished buchiIsEmpty Result is false
[2026-09-30 15:33:55,421 INFO  L120           BuchiIsEmpty]: Starting construction of run
[2026-09-30 15:33:55,421 INFO  L148   hiAutomatonCegarLoop]: Counterexample stem histogram []
[2026-09-30 15:33:55,421 INFO  L149   hiAutomatonCegarLoop]: Counterexample loop histogram [1]
[2026-09-30 15:33:55,424 INFO  L943   eck$LassoCheckResult]: Stem: 
[2026-09-30 15:33:55,426 INFO  L945   eck$LassoCheckResult]: Loop: "b := x >= 0;assume b;x := x - 1;" 
[2026-09-30 15:33:55,481 INFO  L213          LassoAnalysis]: Preferences:
[2026-09-30 15:33:55,482 INFO  L125   ssoRankerPreferences]: Compute integeral hull: false
[2026-09-30 15:33:55,482 INFO  L126   ssoRankerPreferences]: Enable LassoPartitioneer: false
[2026-09-30 15:33:55,482 INFO  L127   ssoRankerPreferences]: Term annotations enabled: false
[2026-09-30 15:33:55,483 INFO  L128   ssoRankerPreferences]: Use exernal solver: true
[2026-09-30 15:33:55,483 INFO  L129   ssoRankerPreferences]: SMT solver command: z3 SMTLIB2_COMPLIANT=true -memory:1024 -smt2 -in -t:12000
[2026-09-30 15:33:55,483 INFO  L130   ssoRankerPreferences]: Dump SMT script to file: false
[2026-09-30 15:33:55,483 INFO  L131   ssoRankerPreferences]: Path of dumped script: 
[2026-09-30 15:33:55,483 INFO  L132   ssoRankerPreferences]: Filename of dumped script: Lobnya-Boolean.bpl_Iteration1_Lasso
[2026-09-30 15:33:55,483 INFO  L133   ssoRankerPreferences]: MapElimAlgo: Matthias
[2026-09-30 15:33:55,483 INFO  L250          LassoAnalysis]: Starting lasso preprocessing...
[2026-09-30 15:33:55,510 INFO  L270          LassoAnalysis]: Preprocessing complete.
[2026-09-30 15:33:55,513 INFO  L156       PredicateUnifier]: Initialized classic predicate unifier
[2026-09-30 15:33:55,513 INFO  L85        PathProgramCache]: Analyzing trace with hash 33, now seen corresponding path program 1 times
[2026-09-30 15:33:55,517 INFO  L118   FreeRefinementEngine]: Executing refinement strategy FIXED_PREFERENCES
[2026-09-30 15:33:55,518 INFO  L324   FreeRefinementEngine]: Using trace check IpTcStrategyModulePreferences [731895289]
[2026-09-30 15:33:55,518 INFO  L97    rtionOrderModulation]: Keeping assertion order NOT_INCREMENTALLY
[2026-09-30 15:33:55,518 INFO  L127          SolverBuilder]: Constructing new instance of SMTInterpol with explicit timeout -1 ms and remaining time -1 ms
[2026-09-30 15:33:55,559 INFO  L108    AnnotateAndAsserter]: Assert order NOT_INCREMENTALLY partitioned 1 statements into 1 equivalence classes.
[2026-09-30 15:33:55,567 INFO  L111    AnnotateAndAsserter]: Assert order NOT_INCREMENTALLY issued 1 check-sat command(s) and asserted 1 of 1 statements.
[2026-09-30 15:33:55,567 INFO  L114    AnnotateAndAsserter]: Assert order NOT_INCREMENTALLY issued 1 check-sat command(s)
[2026-09-30 15:33:55,568 INFO  L115    AnnotateAndAsserter]: Conjunction of SSA is sat
[2026-09-30 15:33:55,568 INFO  L348             TraceCheck]: Trace is feasible, we will do another trace check, this time with branch encoders.
[2026-09-30 15:33:55,570 INFO  L108    AnnotateAndAsserter]: Assert order NOT_INCREMENTALLY partitioned 1 statements into 1 equivalence classes.
[2026-09-30 15:33:55,572 INFO  L111    AnnotateAndAsserter]: Assert order NOT_INCREMENTALLY issued 1 check-sat command(s) and asserted 1 of 1 statements.
[2026-09-30 15:33:55,572 INFO  L114    AnnotateAndAsserter]: Assert order NOT_INCREMENTALLY issued 1 check-sat command(s)
[2026-09-30 15:33:55,572 INFO  L115    AnnotateAndAsserter]: Conjunction of SSA is sat
[2026-09-30 15:33:55,580 INFO  L130   FreeRefinementEngine]: Strategy FIXED_PREFERENCES found a feasible trace
[2026-09-30 15:33:55,583 INFO  L156       PredicateUnifier]: Initialized classic predicate unifier
[2026-09-30 15:33:55,583 INFO  L85        PathProgramCache]: Analyzing trace with hash 33, now seen corresponding path program 2 times
[2026-09-30 15:33:55,583 INFO  L118   FreeRefinementEngine]: Executing refinement strategy FIXED_PREFERENCES
[2026-09-30 15:33:55,583 INFO  L324   FreeRefinementEngine]: Using trace check IpTcStrategyModulePreferences [809272300]
[2026-09-30 15:33:55,583 INFO  L97    rtionOrderModulation]: Keeping assertion order NOT_INCREMENTALLY
[2026-09-30 15:33:55,583 INFO  L127          SolverBuilder]: Constructing new instance of SMTInterpol with explicit timeout -1 ms and remaining time -1 ms
[2026-09-30 15:33:55,586 INFO  L108    AnnotateAndAsserter]: Assert order NOT_INCREMENTALLY partitioned 1 statements into 1 equivalence classes.
[2026-09-30 15:33:55,588 INFO  L111    AnnotateAndAsserter]: Assert order NOT_INCREMENTALLY issued 1 check-sat command(s) and asserted 1 of 1 statements.
[2026-09-30 15:33:55,588 INFO  L114    AnnotateAndAsserter]: Assert order NOT_INCREMENTALLY issued 1 check-sat command(s)
[2026-09-30 15:33:55,588 INFO  L115    AnnotateAndAsserter]: Conjunction of SSA is sat
[2026-09-30 15:33:55,589 INFO  L348             TraceCheck]: Trace is feasible, we will do another trace check, this time with branch encoders.
[2026-09-30 15:33:55,590 INFO  L108    AnnotateAndAsserter]: Assert order NOT_INCREMENTALLY partitioned 1 statements into 1 equivalence classes.
[2026-09-30 15:33:55,591 INFO  L111    AnnotateAndAsserter]: Assert order NOT_INCREMENTALLY issued 1 check-sat command(s) and asserted 1 of 1 statements.
[2026-09-30 15:33:55,591 INFO  L114    AnnotateAndAsserter]: Assert order NOT_INCREMENTALLY issued 1 check-sat command(s)
[2026-09-30 15:33:55,591 INFO  L115    AnnotateAndAsserter]: Conjunction of SSA is sat
[2026-09-30 15:33:55,592 INFO  L130   FreeRefinementEngine]: Strategy FIXED_PREFERENCES found a feasible trace
[2026-09-30 15:33:55,623 INFO  L213          LassoAnalysis]: Preferences:
[2026-09-30 15:33:55,623 INFO  L125   ssoRankerPreferences]: Compute integeral hull: false
[2026-09-30 15:33:55,623 INFO  L126   ssoRankerPreferences]: Enable LassoPartitioneer: false
[2026-09-30 15:33:55,623 INFO  L127   ssoRankerPreferences]: Term annotations enabled: false
[2026-09-30 15:33:55,624 INFO  L128   ssoRankerPreferences]: Use exernal solver: true
[2026-09-30 15:33:55,624 INFO  L129   ssoRankerPreferences]: SMT solver command: z3 SMTLIB2_COMPLIANT=true -memory:1024 -smt2 -in -t:12000
[2026-09-30 15:33:55,624 INFO  L130   ssoRankerPreferences]: Dump SMT script to file: false
[2026-09-30 15:33:55,624 INFO  L131   ssoRankerPreferences]: Path of dumped script: 
[2026-09-30 15:33:55,624 INFO  L132   ssoRankerPreferences]: Filename of dumped script: Lobnya-Boolean.bpl_Iteration1_Lasso
[2026-09-30 15:33:55,624 INFO  L133   ssoRankerPreferences]: MapElimAlgo: Matthias
[2026-09-30 15:33:55,624 INFO  L250          LassoAnalysis]: Starting lasso preprocessing...
[2026-09-30 15:33:55,640 INFO  L270          LassoAnalysis]: Preprocessing complete.
[2026-09-30 15:33:55,640 INFO  L380          LassoAnalysis]: Checking for nontermination...
[2026-09-30 15:33:55,642 INFO  L173          SolverBuilder]: Constructing external solver with command: z3 SMTLIB2_COMPLIANT=true -memory:1024 -smt2 -in -t:12000
[2026-09-30 15:33:55,643 INFO  L189       MonitoredProcess]: No working directory specified, using /home/anissa/.local/bin/z3
[2026-09-30 15:33:55,646 INFO  L229       MonitoredProcess]: Starting monitored process 2 with /home/anissa/.local/bin/z3 SMTLIB2_COMPLIANT=true -memory:1024 -smt2 -in -t:12000 (exit command is (exit), workingDir is null)
[2026-09-30 15:33:55,647 INFO  L327       MonitoredProcess]: [MP /home/anissa/.local/bin/z3 SMTLIB2_COMPLIANT=true -memory:1024 -smt2 -in -t:12000 (2)] Waiting until timeout for monitored process
[2026-09-30 15:33:55,648 INFO  L148   nArgumentSynthesizer]: Nontermination analysis: LINEAR Allow bounded executions: true Number of generalized eigenvectors: 0 Nilpotent components: true
[2026-09-30 15:33:55,648 INFO  L160   nArgumentSynthesizer]: Using integer mode.
[2026-09-30 15:33:55,665 INFO  L546       MonitoredProcess]: [MP /home/anissa/.local/bin/z3 SMTLIB2_COMPLIANT=true -memory:1024 -smt2 -in -t:12000 (2)] Ended with exit code 0
[2026-09-30 15:33:55,666 INFO  L173          SolverBuilder]: Constructing external solver with command: z3 SMTLIB2_COMPLIANT=true -memory:1024 -smt2 -in -t:12000
[2026-09-30 15:33:55,667 INFO  L189       MonitoredProcess]: No working directory specified, using /home/anissa/.local/bin/z3
[2026-09-30 15:33:55,669 INFO  L229       MonitoredProcess]: Starting monitored process 3 with /home/anissa/.local/bin/z3 SMTLIB2_COMPLIANT=true -memory:1024 -smt2 -in -t:12000 (exit command is (exit), workingDir is null)
[2026-09-30 15:33:55,669 INFO  L327       MonitoredProcess]: [MP /home/anissa/.local/bin/z3 SMTLIB2_COMPLIANT=true -memory:1024 -smt2 -in -t:12000 (3)] Waiting until timeout for monitored process
[2026-09-30 15:33:55,670 INFO  L148   nArgumentSynthesizer]: Nontermination analysis: LINEAR Allow bounded executions: true Number of generalized eigenvectors: 3 Nilpotent components: true
[2026-09-30 15:33:55,671 INFO  L160   nArgumentSynthesizer]: Using integer mode.
[2026-09-30 15:33:55,689 INFO  L546       MonitoredProcess]: [MP /home/anissa/.local/bin/z3 SMTLIB2_COMPLIANT=true -memory:1024 -smt2 -in -t:12000 (3)] Ended with exit code 0
[2026-09-30 15:33:55,689 INFO  L422          LassoAnalysis]: Proving nontermination failed: No geometric nontermination argument exists.
[2026-09-30 15:33:55,690 INFO  L213          LassoAnalysis]: Preferences:
[2026-09-30 15:33:55,690 INFO  L125   ssoRankerPreferences]: Compute integeral hull: false
[2026-09-30 15:33:55,690 INFO  L126   ssoRankerPreferences]: Enable LassoPartitioneer: false
[2026-09-30 15:33:55,690 INFO  L127   ssoRankerPreferences]: Term annotations enabled: false
[2026-09-30 15:33:55,690 INFO  L128   ssoRankerPreferences]: Use exernal solver: true
[2026-09-30 15:33:55,690 INFO  L129   ssoRankerPreferences]: SMT solver command: z3 SMTLIB2_COMPLIANT=true -memory:1024 -smt2 -in -t:12000
[2026-09-30 15:33:55,690 INFO  L130   ssoRankerPreferences]: Dump SMT script to file: false
[2026-09-30 15:33:55,690 INFO  L131   ssoRankerPreferences]: Path of dumped script: 
[2026-09-30 15:33:55,690 INFO  L132   ssoRankerPreferences]: Filename of dumped script: Lobnya-Boolean.bpl_Iteration1_Lasso
[2026-09-30 15:33:55,690 INFO  L133   ssoRankerPreferences]: MapElimAlgo: Matthias
[2026-09-30 15:33:55,690 INFO  L250          LassoAnalysis]: Starting lasso preprocessing...
[2026-09-30 15:33:55,705 INFO  L270          LassoAnalysis]: Preprocessing complete.
[2026-09-30 15:33:55,706 INFO  L467          LassoAnalysis]: AK !! Using template 'affine'.
[2026-09-30 15:33:55,707 INFO  L173          SolverBuilder]: Constructing external solver with command: z3 SMTLIB2_COMPLIANT=true -memory:1024 -smt2 -in -t:12000
[2026-09-30 15:33:55,707 INFO  L189       MonitoredProcess]: No working directory specified, using /home/anissa/.local/bin/z3
[2026-09-30 15:33:55,709 INFO  L229       MonitoredProcess]: Starting monitored process 4 with /home/anissa/.local/bin/z3 SMTLIB2_COMPLIANT=true -memory:1024 -smt2 -in -t:12000 (exit command is (exit), workingDir is null)
[2026-09-30 15:33:55,710 INFO  L327       MonitoredProcess]: [MP /home/anissa/.local/bin/z3 SMTLIB2_COMPLIANT=true -memory:1024 -smt2 -in -t:12000 (4)] Waiting until timeout for monitored process
[2026-09-30 15:33:55,711 INFO  L126   nArgumentSynthesizer]: Termination Analysis Settings: Termination analysis: LINEARNumber of strict supporting invariants: 0Number of non-strict supporting invariants: 1Consider only non-deceasing supporting invariants: trueSimplify termination arguments: trueSimplify supporting invariants: trueOverapproximate stem: false
[2026-09-30 15:33:55,721 INFO  L344   nArgumentSynthesizer]: Template has degree 0.
[2026-09-30 15:33:55,721 INFO  L357   nArgumentSynthesizer]: There is no stem transition; disabling supporting invariant generation.
[2026-09-30 15:33:55,722 INFO  L209   nArgumentSynthesizer]: 1 stem disjuncts
[2026-09-30 15:33:55,722 INFO  L210   nArgumentSynthesizer]: 1 loop disjuncts
[2026-09-30 15:33:55,722 INFO  L211   nArgumentSynthesizer]: 2 template conjuncts.
[2026-09-30 15:33:55,726 INFO  L409   nArgumentSynthesizer]: We have 2 Motzkin's Theorem applications.
[2026-09-30 15:33:55,727 INFO  L410   nArgumentSynthesizer]: A total of 0 supporting invariants were added.
[2026-09-30 15:33:55,729 INFO  L427   nArgumentSynthesizer]: Found a termination argument, trying to simplify.
[2026-09-30 15:33:55,733 INFO  L436   ModelExtractionUtils]: Simplification made 3 calls to the SMT solver.
[2026-09-30 15:33:55,735 INFO  L437   ModelExtractionUtils]: 1 out of 4 variables were initially zero. Simplification set additionally 0 variables to zero.
[2026-09-30 15:33:55,736 INFO  L173          SolverBuilder]: Constructing external solver with command: z3 SMTLIB2_COMPLIANT=true -memory:1024 -smt2 -in -t:12000
[2026-09-30 15:33:55,737 INFO  L189       MonitoredProcess]: No working directory specified, using /home/anissa/.local/bin/z3
[2026-09-30 15:33:55,739 INFO  L229       MonitoredProcess]: Starting monitored process 5 with /home/anissa/.local/bin/z3 SMTLIB2_COMPLIANT=true -memory:1024 -smt2 -in -t:12000 (exit command is (exit), workingDir is null)
[2026-09-30 15:33:55,740 INFO  L327       MonitoredProcess]: [MP /home/anissa/.local/bin/z3 SMTLIB2_COMPLIANT=true -memory:1024 -smt2 -in -t:12000 (5)] Waiting until timeout for monitored process
[2026-09-30 15:33:55,741 INFO  L443   nArgumentSynthesizer]: Simplifying supporting invariants...
[2026-09-30 15:33:55,742 INFO  L546       MonitoredProcess]: [MP /home/anissa/.local/bin/z3 SMTLIB2_COMPLIANT=true -memory:1024 -smt2 -in -t:12000 (5)] Ended with exit code 0
[2026-09-30 15:33:55,742 INFO  L446   nArgumentSynthesizer]: Removed 0 redundant supporting invariants from a total of 0.
[2026-09-30 15:33:55,746 INFO  L546       MonitoredProcess]: [MP /home/anissa/.local/bin/z3 SMTLIB2_COMPLIANT=true -memory:1024 -smt2 -in -t:12000 (4)] Ended with exit code 0
[2026-09-30 15:33:55,746 INFO  L495          LassoAnalysis]: Proved termination.
[2026-09-30 15:33:55,746 INFO  L496          LassoAnalysis]: Termination argument consisting of:
Ranking function f(main_x) = 2*main_x + 1
Supporting invariants []
[2026-09-30 15:33:55,750 INFO  L156   tatePredicateManager]: 0 out of 0 supporting invariants were superfluous and have been removed
[2026-09-30 15:33:55,810 INFO  L156       PredicateUnifier]: Initialized classic predicate unifier
[2026-09-30 15:33:55,814 INFO  L108    AnnotateAndAsserter]: Assert order NOT_INCREMENTALLY partitioned 1 statements into 1 equivalence classes.
[2026-09-30 15:33:55,815 INFO  L111    AnnotateAndAsserter]: Assert order NOT_INCREMENTALLY issued 1 check-sat command(s) and asserted 1 of 1 statements.
[2026-09-30 15:33:55,815 INFO  L114    AnnotateAndAsserter]: Assert order NOT_INCREMENTALLY issued 1 check-sat command(s)
[2026-09-30 15:33:55,815 INFO  L115    AnnotateAndAsserter]: Conjunction of SSA is unsat
[2026-09-30 15:33:55,815 WARN  L254         TraceCheckSpWp]: Trace formula consists of 6 conjuncts, 5 conjuncts are in the unsatisfiable core
[2026-09-30 15:33:55,817 INFO  L279         TraceCheckSpWp]: Computing forward predicates...
[2026-09-30 15:33:55,821 INFO  L134       CoverageAnalysis]: Checked inductivity of 0 backedges. 0 proven. 0 refuted. 0 times theorem prover too weak. 0 trivial. 0 not checked.
[2026-09-30 15:33:55,840 INFO  L141   lantAutomatonBouncer]: Defining deterministic Buchi interpolant automaton with honda bouncer for stem and without honda bouncer for loop.0 stem predicates 1 loop predicates 
[2026-09-30 15:33:55,842 INFO  L69     BuchiDifferenceNCSB]: Start buchiDifferenceNCSB. First operand  has 2 states, 1 states have (on average 2.0) internal successors, (2), 2 states have internal predecessors, (2), 0 states have call successors, (0), 0 states have call predecessors, (0), 0 states have return successors, (0), 0 states have call predecessors, (0), 0 states have call successors, (0) Second operand  has 1 states, 1 states have (on average 1.0) internal successors, (1), 1 states have internal predecessors, (1), 0 states have call successors, (0), 0 states have call predecessors, (0), 0 states have return successors, (0), 0 states have call predecessors, (0), 0 states have call successors, (0)
[2026-09-30 15:33:55,856 INFO  L73     BuchiDifferenceNCSB]: Finished buchiDifferenceNCSB. First operand  has 2 states, 1 states have (on average 2.0) internal successors, (2), 2 states have internal predecessors, (2), 0 states have call successors, (0), 0 states have call predecessors, (0), 0 states have return successors, (0), 0 states have call predecessors, (0), 0 states have call successors, (0). Second operand  has 1 states, 1 states have (on average 1.0) internal successors, (1), 1 states have internal predecessors, (1), 0 states have call successors, (0), 0 states have call predecessors, (0), 0 states have return successors, (0), 0 states have call predecessors, (0), 0 states have call successors, (0) Result 3 states and 4 transitions. Complement of second has 2 states.
[2026-09-30 15:33:55,858 INFO  L140   InterpolantAutomaton]: Switched to read-only mode: Buchi interpolant automaton has 2 states 0 stem states 0 non-accepting loop states 1 accepting loop states 
[2026-09-30 15:33:55,861 INFO  L82        GeneralOperation]: Start removeUnreachable. Operand  has 1 states, 1 states have (on average 1.0) internal successors, (1), 1 states have internal predecessors, (1), 0 states have call successors, (0), 0 states have call predecessors, (0), 0 states have return successors, (0), 0 states have call predecessors, (0), 0 states have call successors, (0)
[2026-09-30 15:33:55,863 INFO  L88        GeneralOperation]: Finished removeUnreachable. Reduced from 2 states to 2 states and 2 transitions.
[2026-09-30 15:33:55,872 INFO  L85            BuchiAccepts]: Start buchiAccepts Operand 2 states and 2 transitions. Stem has 0 letters. Loop has 1 letters.
[2026-09-30 15:33:55,873 INFO  L117           BuchiAccepts]: Finished buchiAccepts.
[2026-09-30 15:33:55,873 INFO  L85            BuchiAccepts]: Start buchiAccepts Operand 2 states and 2 transitions. Stem has 1 letters. Loop has 1 letters.
[2026-09-30 15:33:55,873 INFO  L117           BuchiAccepts]: Finished buchiAccepts.
[2026-09-30 15:33:55,873 INFO  L85            BuchiAccepts]: Start buchiAccepts Operand 2 states and 2 transitions. Stem has 0 letters. Loop has 2 letters.
[2026-09-30 15:33:55,873 INFO  L117           BuchiAccepts]: Finished buchiAccepts.
[2026-09-30 15:33:55,874 INFO  L82        GeneralOperation]: Start removeNonLiveStates. Operand 3 states and 4 transitions.
[2026-09-30 15:33:55,874 INFO  L131   ngComponentsAnalysis]: Automaton has 0 accepting balls. 0
[2026-09-30 15:33:55,875 INFO  L88        GeneralOperation]: Finished removeNonLiveStates. Reduced from 3 states to 0 states and 0 transitions.
[2026-09-30 15:33:55,876 INFO  L87         BuchiClosureNwa]: Accepting states before buchiClosure: 0
[2026-09-30 15:33:55,876 INFO  L106        BuchiClosureNwa]: Accepting states after buchiClosure: 0
[2026-09-30 15:33:55,876 INFO  L74         IsDeterministic]: Start isDeterministic. Operand 0 states and 0 transitions.
[2026-09-30 15:33:55,876 INFO  L81         IsDeterministic]: Finished isDeterministic. Operand is deterministic.
[2026-09-30 15:33:55,877 INFO  L218   hiAutomatonCegarLoop]: Abstraction has 0 states and 0 transitions.
[2026-09-30 15:33:55,877 INFO  L240   hiAutomatonCegarLoop]: Abstraction has 0 states and 0 transitions.
[2026-09-30 15:33:55,877 INFO  L457   stractBuchiCegarLoop]: Abstraction has 0 states and 0 transitions.
[2026-09-30 15:33:55,877 INFO  L362   stractBuchiCegarLoop]: ======== Iteration 2 ============
[2026-09-30 15:33:55,877 INFO  L73            BuchiIsEmpty]: Start buchiIsEmpty. Operand 0 states and 0 transitions.
[2026-09-30 15:33:55,877 INFO  L131   ngComponentsAnalysis]: Automaton has 0 accepting balls. 0
[2026-09-30 15:33:55,877 INFO  L88            BuchiIsEmpty]: Finished buchiIsEmpty Result is true
[2026-09-30 15:33:55,882 INFO  L201        PluginConnector]: Adding new model Lobnya-Boolean.bpl de.uni_freiburg.informatik.ultimate.plugins.generator.buchiautomizer CFG 30.09 03:33:55 BoogieIcfgContainer
[2026-09-30 15:33:55,883 INFO  L131        PluginConnector]: ------------------------ END BuchiAutomizer----------------------------
[2026-09-30 15:33:55,883 INFO  L158              Benchmark]: Toolchain (without parser) took 677,67ms. Allocated memory is still 536,9MB. Free memory was 495,4MB in the beginning and 513,1MB in the end (delta: -17,7MB). There was no memory consumed. Max. memory is 12,9GB.
[2026-09-30 15:33:55,883 INFO  L158              Benchmark]: Boogie PL CUP Parser took 0,18ms. Allocated memory is still 536,9MB. Free memory is still 496,1MB. There was no memory consumed. Max. memory is 12,9GB.
[2026-09-30 15:33:55,883 INFO  L158              Benchmark]: Boogie Preprocessor took 31,25ms. Allocated memory is still 536,9MB. Free memory was 495,4MB in the beginning and 492,8MB in the end (delta: 2,6MB). There was no memory consumed. Max. memory is 12,9GB.
[2026-09-30 15:33:55,884 INFO  L158              Benchmark]: IcfgBuilder took 116,46ms. Allocated memory is still 536,9MB. Free memory was 492,8MB in the beginning and 484,1MB in the end (delta: 8,8MB). Peak memory consumption was 8,4MB. Max. memory is 12,9GB.
[2026-09-30 15:33:55,884 INFO  L158              Benchmark]: BuchiAutomizer took 527,51ms. Allocated memory is still 536,9MB. Free memory was 483,8MB in the beginning and 513,1MB in the end (delta: -29,3MB). There was no memory consumed. Max. memory is 12,9GB.
[2026-09-30 15:33:55,884 INFO  L338   ainManager$Toolchain]: #######################  End [Toolchain 1] #######################
 --- Results ---
 * Results from de.uni_freiburg.informatik.ultimate.core:
  - StatisticsResult: Toolchain Benchmarks
    Benchmark results are:
 * Boogie PL CUP Parser took 0,18ms. Allocated memory is still 536,9MB. Free memory is still 496,1MB. There was no memory consumed. Max. memory is 12,9GB.
 * Boogie Preprocessor took 31,25ms. Allocated memory is still 536,9MB. Free memory was 495,4MB in the beginning and 492,8MB in the end (delta: 2,6MB). There was no memory consumed. Max. memory is 12,9GB.
 * IcfgBuilder took 116,46ms. Allocated memory is still 536,9MB. Free memory was 492,8MB in the beginning and 484,1MB in the end (delta: 8,8MB). Peak memory consumption was 8,4MB. Max. memory is 12,9GB.
 * BuchiAutomizer took 527,51ms. Allocated memory is still 536,9MB. Free memory was 483,8MB in the beginning and 513,1MB in the end (delta: -29,3MB). There was no memory consumed. Max. memory is 12,9GB.
 * Results from de.uni_freiburg.informatik.ultimate.plugins.generator.traceabstraction:
  - StatisticsResult: Constructed decomposition of program
    Your program was decomposed into 1 terminating modules (0 trivial, 1 deterministic, 0 nondeterministic). One deterministic module has affine ranking function 2 * x + 1 and consists of 2 locations. 
  - StatisticsResult: Timing statistics
    BüchiAutomizer plugin needed 0.4s and 2 iterations.  TraceHistogramMax:1. Analysis of lassos took 0.3s. Construction of modules took 0.0s. Büchi inclusion checks took 0.0s. Highest rank in rank-based complementation 3. Minimization of det autom 1. Minimization of nondet autom 0. Automata minimization No data available. Non-live state removal took 0.0s Buchi closure took 0.0s. Biggest automaton had -1 states and ocurred in iteration -1.	Nontrivial modules had stage [1, 0, 0, 0, 0].	InterpolantCoveringCapabilityFinite: 0/0	InterpolantCoveringCapabilityBuchi: 0/0	HoareTripleCheckerStatistics: 0 mSolverCounterUnknown, 0 SdHoareTripleChecker+Valid, 0,0s IncrementalHoareTripleChecker+Time, 0 mSdLazyCounter, 0 mSDsluCounter, 0 SdHoareTripleChecker+Invalid, 0,0s Time, 0 mProtectedAction, 0 SdHoareTripleChecker+Unchecked, 0 IncrementalHoareTripleChecker+Unchecked, 0 mSDsCounter, 1 IncrementalHoareTripleChecker+Valid, 0 mProtectedPredicate, 1 IncrementalHoareTripleChecker+Invalid, 2 SdHoareTripleChecker+Unknown, 0 mSolverCounterNotChecked, 1 mSolverCounterUnsat, 0 mSDtfsCounter, 1 mSolverCounterSat, 0,0s SdHoareTripleChecker+Time, 0 IncrementalHoareTripleChecker+Unknown	LassoAnalysisResults: nont0 unkn0 SFLI0 SFLT0 conc0 concLT0 SILN0 SILU0 SILI0 SILT0 lasso1 LassoPreprocessingBenchmarks:   Lassos: inital11 mio100 ax100 hnf100 arr100 mio100 div100 bol118 ite100 ukn100 eq146 hnf94 smp100 dnf100 smp100 tf111 neg100 sie100 LassoTerminationAnalysisBenchmarks: ConstraintsSatisfiability: sat Degree: 0 Time: 36ms VariablesStem: 0 VariablesLoop: 3 DisjunctsStem: 1 DisjunctsLoop: 1 SupportingInvariants: 0 MotzkinApplications: 2 LassoTerminationAnalysisBenchmarks: LassoNonterminationAnalysisSatFixpoint: 0	LassoNonterminationAnalysisSatUnbounded: 0	LassoNonterminationAnalysisUnsat: 1	LassoNonterminationAnalysisUnknown: 0	LassoNonterminationAnalysisTime: 0.0s	InitialAbstractionConstructionTime: 0.0s
  - TerminationAnalysisResult: Termination proven
    Buchi Automizer proved that your program is terminating
RESULT: Ultimate proved your program to be correct!
[2026-09-30 15:33:55,895 INFO  L546       MonitoredProcess]: [MP /home/anissa/.local/bin/z3 SMTLIB2_COMPLIANT=true -memory:1024 -smt2 -in -t:12000 (1)] Ended with exit code 0
Received shutdown request...
