This is Ultimate 0.3.1-main-3730069d
[2026-09-30 15:33:59,934 INFO  L188        SettingsManager]: Resetting all preferences to default values...
[2026-09-30 15:34:00,150 INFO  L75    nceAwareModelManager]: Repository-Root is: /tmp
[2026-09-30 15:34:00,159 INFO  L261   ainManager$Toolchain]: [Toolchain 1]: Applicable parser(s) successfully (re)initialized
[2026-09-30 15:34:00,160 INFO  L217   ainManager$Toolchain]: [Toolchain 1]: Toolchain selected.
[2026-09-30 15:34:00,161 INFO  L270        PluginConnector]: Initializing Boogie PL CUP Parser...
[2026-09-30 15:34:00,162 INFO  L274        PluginConnector]: Boogie PL CUP Parser initialized
[2026-09-30 15:34:00,162 INFO  L431   ainManager$Toolchain]: [Toolchain 1]: Parsing single file: /home/anissa/Documents/Tools/PaSTTeL/benchmarks/smoke_test/full_programs_c_bpl/LTL_Coolant_Nonterminating01.bpl
[2026-09-30 15:34:00,163 INFO  L110           BoogieParser]: Parsing: '/home/anissa/Documents/Tools/PaSTTeL/benchmarks/smoke_test/full_programs_c_bpl/LTL_Coolant_Nonterminating01.bpl'
[2026-09-30 15:34:00,171 INFO  L299   ainManager$Toolchain]: ####################### [Toolchain 1] #######################
[2026-09-30 15:34:00,173 INFO  L133        ToolchainWalker]: Walking toolchain with 3 elements.
[2026-09-30 15:34:00,173 INFO  L112        PluginConnector]: ------------------------Boogie Preprocessor----------------------------
[2026-09-30 15:34:00,173 INFO  L270        PluginConnector]: Initializing Boogie Preprocessor...
[2026-09-30 15:34:00,173 INFO  L274        PluginConnector]: Boogie Preprocessor initialized
[2026-09-30 15:34:00,182 INFO  L184        PluginConnector]: Executing the observer EnsureBoogieModelObserver from plugin Boogie Preprocessor for "LTL_Coolant_Nonterminating01.bpl de.uni_freiburg.informatik.ultimate.boogie.parser AST 30.09 03:34:00" (1/1) ...
[2026-09-30 15:34:00,183 INFO  L184        PluginConnector]: Executing the observer TypeChecker from plugin Boogie Preprocessor for "LTL_Coolant_Nonterminating01.bpl de.uni_freiburg.informatik.ultimate.boogie.parser AST 30.09 03:34:00" (1/1) ...
[2026-09-30 15:34:00,197 INFO  L184        PluginConnector]: Executing the observer ConstExpander from plugin Boogie Preprocessor for "LTL_Coolant_Nonterminating01.bpl de.uni_freiburg.informatik.ultimate.boogie.parser AST 30.09 03:34:00" (1/1) ...
[2026-09-30 15:34:00,197 INFO  L184        PluginConnector]: Executing the observer StructExpander from plugin Boogie Preprocessor for "LTL_Coolant_Nonterminating01.bpl de.uni_freiburg.informatik.ultimate.boogie.parser AST 30.09 03:34:00" (1/1) ...
[2026-09-30 15:34:00,199 INFO  L184        PluginConnector]: Executing the observer ReplaceArrayAssignments from plugin Boogie Preprocessor for "LTL_Coolant_Nonterminating01.bpl de.uni_freiburg.informatik.ultimate.boogie.parser AST 30.09 03:34:00" (1/1) ...
[2026-09-30 15:34:00,199 INFO  L184        PluginConnector]: Executing the observer UnstructureCode from plugin Boogie Preprocessor for "LTL_Coolant_Nonterminating01.bpl de.uni_freiburg.informatik.ultimate.boogie.parser AST 30.09 03:34:00" (1/1) ...
[2026-09-30 15:34:00,200 INFO  L184        PluginConnector]: Executing the observer FunctionInliner from plugin Boogie Preprocessor for "LTL_Coolant_Nonterminating01.bpl de.uni_freiburg.informatik.ultimate.boogie.parser AST 30.09 03:34:00" (1/1) ...
[2026-09-30 15:34:00,201 INFO  L184        PluginConnector]: Executing the observer LTLStepAnnotator from plugin Boogie Preprocessor for "LTL_Coolant_Nonterminating01.bpl de.uni_freiburg.informatik.ultimate.boogie.parser AST 30.09 03:34:00" (1/1) ...
[2026-09-30 15:34:00,201 INFO  L184        PluginConnector]: Executing the observer BoogieSymbolTableConstructor from plugin Boogie Preprocessor for "LTL_Coolant_Nonterminating01.bpl de.uni_freiburg.informatik.ultimate.boogie.parser AST 30.09 03:34:00" (1/1) ...
[2026-09-30 15:34:00,204 INFO  L131        PluginConnector]: ------------------------ END Boogie Preprocessor----------------------------
[2026-09-30 15:34:00,205 INFO  L112        PluginConnector]: ------------------------IcfgBuilder----------------------------
[2026-09-30 15:34:00,205 INFO  L270        PluginConnector]: Initializing IcfgBuilder...
[2026-09-30 15:34:00,205 INFO  L274        PluginConnector]: IcfgBuilder initialized
[2026-09-30 15:34:00,205 INFO  L184        PluginConnector]: Executing the observer IcfgBuilderObserver from plugin IcfgBuilder for "LTL_Coolant_Nonterminating01.bpl de.uni_freiburg.informatik.ultimate.boogie.parser AST 30.09 03:34:00" (1/1) ...
[2026-09-30 15:34:00,208 INFO  L173          SolverBuilder]: Constructing external solver with command: z3 SMTLIB2_COMPLIANT=true -memory:1024 -smt2 -in -t:12000
[2026-09-30 15:34:00,215 INFO  L189       MonitoredProcess]: No working directory specified, using /home/anissa/.local/bin/z3
[2026-09-30 15:34:00,223 INFO  L229       MonitoredProcess]: Starting monitored process 1 with /home/anissa/.local/bin/z3 SMTLIB2_COMPLIANT=true -memory:1024 -smt2 -in -t:12000 (exit command is (exit), workingDir is null)
[2026-09-30 15:34:00,225 INFO  L327       MonitoredProcess]: [MP /home/anissa/.local/bin/z3 SMTLIB2_COMPLIANT=true -memory:1024 -smt2 -in -t:12000 (1)] Waiting until timeout for monitored process
[2026-09-30 15:34:00,241 INFO  L124     BoogieDeclarations]: Specification and implementation of procedure main given in one single declaration
[2026-09-30 15:34:00,241 INFO  L130     BoogieDeclarations]: Found specification of procedure main
[2026-09-30 15:34:00,241 INFO  L138     BoogieDeclarations]: Found implementation of procedure main
[2026-09-30 15:34:00,273 INFO  L257             CfgBuilder]: Building ICFG
[2026-09-30 15:34:00,275 INFO  L287             CfgBuilder]: Building CFG for each procedure with an implementation
[2026-09-30 15:34:00,312 INFO  L1354  $ProcedureCfgBuilder]: dead code at ProgramPoint mainFINAL: assume true;
[2026-09-30 15:34:00,317 INFO  L?                        ?]: Removed 4 outVars from TransFormulas that were not future-live.
[2026-09-30 15:34:00,317 INFO  L308             CfgBuilder]: Performing block encoding
[2026-09-30 15:34:00,324 INFO  L89      LargeBlockEncoding]: Applying CFG Large Block Encoding to ICFG that has 1 procedures, 3 locations, 2 edges, 0 initial locations, 0 loop locations, and 0 error locations.
[2026-09-30 15:34:00,325 INFO  L139     LargeBlockEncoding]: LargeBlockEncoding completed in 6 ms, with 0 straightline sequential compositions, 0 parallel compositions, 0 1:n/n:1 sequential compositions and 0 complex sequential compositions.
[2026-09-30 15:34:00,326 INFO  L329             CfgBuilder]: Using library mode
[2026-09-30 15:34:00,326 INFO  L337             CfgBuilder]: Removed 2 assume(true) statements.
[2026-09-30 15:34:00,327 INFO  L339             CfgBuilder]: Constructed ICFG has 1 procedures, 3 locations, 2 edges, 1 initial locations, 0 loop locations, and 0 error locations.
[2026-09-30 15:34:00,327 INFO  L201        PluginConnector]: Adding new model LTL_Coolant_Nonterminating01.bpl de.uni_freiburg.informatik.ultimate.plugins.generator.icfgbuilder CFG 30.09 03:34:00 BoogieIcfgContainer
[2026-09-30 15:34:00,327 INFO  L131        PluginConnector]: ------------------------ END IcfgBuilder----------------------------
[2026-09-30 15:34:00,328 INFO  L112        PluginConnector]: ------------------------BuchiAutomizer----------------------------
[2026-09-30 15:34:00,328 INFO  L270        PluginConnector]: Initializing BuchiAutomizer...
[2026-09-30 15:34:00,332 INFO  L274        PluginConnector]: BuchiAutomizer initialized
[2026-09-30 15:34:00,332 INFO  L99          BuchiAutomizer]: Safety of program was proven or not checked, starting termination analysis
[2026-09-30 15:34:00,332 INFO  L184        PluginConnector]: Executing the observer BuchiAutomizerObserver from plugin BuchiAutomizer for "LTL_Coolant_Nonterminating01.bpl de.uni_freiburg.informatik.ultimate.boogie.parser AST 30.09 03:34:00" (1/2) ...
[2026-09-30 15:34:00,334 INFO  L204        PluginConnector]: Invalid model from BuchiAutomizer for observer de.uni_freiburg.informatik.ultimate.plugins.generator.buchiautomizer.BuchiAutomizerObserver@6646108b and model type LTL_Coolant_Nonterminating01.bpl de.uni_freiburg.informatik.ultimate.plugins.generator.buchiautomizer AST 30.09 03:34:00, skipping insertion in model container
[2026-09-30 15:34:00,334 INFO  L99          BuchiAutomizer]: Safety of program was proven or not checked, starting termination analysis
[2026-09-30 15:34:00,334 INFO  L184        PluginConnector]: Executing the observer BuchiAutomizerObserver from plugin BuchiAutomizer for "LTL_Coolant_Nonterminating01.bpl de.uni_freiburg.informatik.ultimate.plugins.generator.icfgbuilder CFG 30.09 03:34:00" (2/2) ...
[2026-09-30 15:34:00,335 INFO  L363   chiAutomizerObserver]: Analyzing ICFG LTL_Coolant_Nonterminating01.bpl
[2026-09-30 15:34:00,367 INFO  L330   stractBuchiCegarLoop]: Interprodecural is true
[2026-09-30 15:34:00,367 INFO  L331   stractBuchiCegarLoop]: Hoare is None
[2026-09-30 15:34:00,368 INFO  L332   stractBuchiCegarLoop]: Compute interpolants for ForwardPredicates
[2026-09-30 15:34:00,368 INFO  L333   stractBuchiCegarLoop]: Backedges is STRAIGHT_LINE
[2026-09-30 15:34:00,368 INFO  L334   stractBuchiCegarLoop]: Determinization is PREDICATE_ABSTRACTION
[2026-09-30 15:34:00,368 INFO  L335   stractBuchiCegarLoop]: Difference is false
[2026-09-30 15:34:00,368 INFO  L336   stractBuchiCegarLoop]: Minimize is MINIMIZE_SEVPA
[2026-09-30 15:34:00,368 INFO  L340   stractBuchiCegarLoop]: ======== Iteration 0 == of CEGAR loop == BuchiAutomatonCegarLoop ========
[2026-09-30 15:34:00,371 INFO  L73            BuchiIsEmpty]: Start buchiIsEmpty. Operand  has 2 states, 2 states have (on average 1.0) internal successors, (2), 1 states have internal predecessors, (2), 0 states have call successors, (0), 0 states have call predecessors, (0), 0 states have return successors, (0), 0 states have call predecessors, (0), 0 states have call successors, (0)
[2026-09-30 15:34:00,383 INFO  L131   ngComponentsAnalysis]: Automaton has 1 accepting balls. 1
[2026-09-30 15:34:00,383 INFO  L88            BuchiIsEmpty]: Finished buchiIsEmpty Result is false
[2026-09-30 15:34:00,383 INFO  L120           BuchiIsEmpty]: Starting construction of run
[2026-09-30 15:34:00,387 INFO  L148   hiAutomatonCegarLoop]: Counterexample stem histogram [1]
[2026-09-30 15:34:00,388 INFO  L149   hiAutomatonCegarLoop]: Counterexample loop histogram [1]
[2026-09-30 15:34:00,388 INFO  L362   stractBuchiCegarLoop]: ======== Iteration 1 ============
[2026-09-30 15:34:00,388 INFO  L73            BuchiIsEmpty]: Start buchiIsEmpty. Operand  has 2 states, 2 states have (on average 1.0) internal successors, (2), 1 states have internal predecessors, (2), 0 states have call successors, (0), 0 states have call predecessors, (0), 0 states have return successors, (0), 0 states have call predecessors, (0), 0 states have call successors, (0)
[2026-09-30 15:34:00,388 INFO  L131   ngComponentsAnalysis]: Automaton has 1 accepting balls. 1
[2026-09-30 15:34:00,389 INFO  L88            BuchiIsEmpty]: Finished buchiIsEmpty Result is false
[2026-09-30 15:34:00,389 INFO  L120           BuchiIsEmpty]: Starting construction of run
[2026-09-30 15:34:00,389 INFO  L148   hiAutomatonCegarLoop]: Counterexample stem histogram [1]
[2026-09-30 15:34:00,389 INFO  L149   hiAutomatonCegarLoop]: Counterexample loop histogram [1]
[2026-09-30 15:34:00,393 INFO  L943   eck$LassoCheckResult]: Stem: "~time := 0;~tempIn := 0;~temp := 0;~limit := 5;~chainBroken := 0;" 
[2026-09-30 15:34:00,393 INFO  L945   eck$LassoCheckResult]: Loop: "assume !(~chainBroken == 1);assume !!true;assume !(~chainBroken == 1);~time := ~time + 1;assume !(~chainBroken == 1);~tempIn := #t~nondet0;assume !(~chainBroken == 1);havoc #t~nondet0;assume !(~chainBroken == 1);~temp := ~tempIn - 273;assume !(~chainBroken == 1);assume !(~temp > ~limit);assume !(~chainBroken == 1);" 
[2026-09-30 15:34:00,479 INFO  L213          LassoAnalysis]: Preferences:
[2026-09-30 15:34:00,480 INFO  L125   ssoRankerPreferences]: Compute integeral hull: false
[2026-09-30 15:34:00,480 INFO  L126   ssoRankerPreferences]: Enable LassoPartitioneer: false
[2026-09-30 15:34:00,480 INFO  L127   ssoRankerPreferences]: Term annotations enabled: false
[2026-09-30 15:34:00,480 INFO  L128   ssoRankerPreferences]: Use exernal solver: true
[2026-09-30 15:34:00,481 INFO  L129   ssoRankerPreferences]: SMT solver command: z3 SMTLIB2_COMPLIANT=true -memory:1024 -smt2 -in -t:12000
[2026-09-30 15:34:00,481 INFO  L130   ssoRankerPreferences]: Dump SMT script to file: false
[2026-09-30 15:34:00,481 INFO  L131   ssoRankerPreferences]: Path of dumped script: 
[2026-09-30 15:34:00,481 INFO  L132   ssoRankerPreferences]: Filename of dumped script: LTL_Coolant_Nonterminating01.bpl_Iteration1_Lasso
[2026-09-30 15:34:00,481 INFO  L133   ssoRankerPreferences]: MapElimAlgo: Matthias
[2026-09-30 15:34:00,481 INFO  L250          LassoAnalysis]: Starting lasso preprocessing...
[2026-09-30 15:34:00,534 INFO  L270          LassoAnalysis]: Preprocessing complete.
[2026-09-30 15:34:00,538 INFO  L156       PredicateUnifier]: Initialized classic predicate unifier
[2026-09-30 15:34:00,539 INFO  L85        PathProgramCache]: Analyzing trace with hash 34, now seen corresponding path program 1 times
[2026-09-30 15:34:00,544 INFO  L118   FreeRefinementEngine]: Executing refinement strategy FIXED_PREFERENCES
[2026-09-30 15:34:00,544 INFO  L324   FreeRefinementEngine]: Using trace check IpTcStrategyModulePreferences [2090202214]
[2026-09-30 15:34:00,545 INFO  L97    rtionOrderModulation]: Keeping assertion order NOT_INCREMENTALLY
[2026-09-30 15:34:00,545 INFO  L127          SolverBuilder]: Constructing new instance of SMTInterpol with explicit timeout -1 ms and remaining time -1 ms
[2026-09-30 15:34:00,585 INFO  L108    AnnotateAndAsserter]: Assert order NOT_INCREMENTALLY partitioned 1 statements into 1 equivalence classes.
[2026-09-30 15:34:00,593 INFO  L111    AnnotateAndAsserter]: Assert order NOT_INCREMENTALLY issued 1 check-sat command(s) and asserted 1 of 1 statements.
[2026-09-30 15:34:00,593 INFO  L114    AnnotateAndAsserter]: Assert order NOT_INCREMENTALLY issued 1 check-sat command(s)
[2026-09-30 15:34:00,593 INFO  L115    AnnotateAndAsserter]: Conjunction of SSA is sat
[2026-09-30 15:34:00,593 INFO  L348             TraceCheck]: Trace is feasible, we will do another trace check, this time with branch encoders.
[2026-09-30 15:34:00,596 INFO  L108    AnnotateAndAsserter]: Assert order NOT_INCREMENTALLY partitioned 1 statements into 1 equivalence classes.
[2026-09-30 15:34:00,597 INFO  L111    AnnotateAndAsserter]: Assert order NOT_INCREMENTALLY issued 1 check-sat command(s) and asserted 1 of 1 statements.
[2026-09-30 15:34:00,597 INFO  L114    AnnotateAndAsserter]: Assert order NOT_INCREMENTALLY issued 1 check-sat command(s)
[2026-09-30 15:34:00,597 INFO  L115    AnnotateAndAsserter]: Conjunction of SSA is sat
[2026-09-30 15:34:00,607 INFO  L130   FreeRefinementEngine]: Strategy FIXED_PREFERENCES found a feasible trace
[2026-09-30 15:34:00,609 INFO  L156       PredicateUnifier]: Initialized classic predicate unifier
[2026-09-30 15:34:00,609 INFO  L85        PathProgramCache]: Analyzing trace with hash 32, now seen corresponding path program 1 times
[2026-09-30 15:34:00,609 INFO  L118   FreeRefinementEngine]: Executing refinement strategy FIXED_PREFERENCES
[2026-09-30 15:34:00,609 INFO  L324   FreeRefinementEngine]: Using trace check IpTcStrategyModulePreferences [1240961935]
[2026-09-30 15:34:00,609 INFO  L97    rtionOrderModulation]: Keeping assertion order NOT_INCREMENTALLY
[2026-09-30 15:34:00,610 INFO  L127          SolverBuilder]: Constructing new instance of SMTInterpol with explicit timeout -1 ms and remaining time -1 ms
[2026-09-30 15:34:00,613 INFO  L108    AnnotateAndAsserter]: Assert order NOT_INCREMENTALLY partitioned 1 statements into 1 equivalence classes.
[2026-09-30 15:34:00,618 INFO  L111    AnnotateAndAsserter]: Assert order NOT_INCREMENTALLY issued 1 check-sat command(s) and asserted 1 of 1 statements.
[2026-09-30 15:34:00,618 INFO  L114    AnnotateAndAsserter]: Assert order NOT_INCREMENTALLY issued 1 check-sat command(s)
[2026-09-30 15:34:00,618 INFO  L115    AnnotateAndAsserter]: Conjunction of SSA is sat
[2026-09-30 15:34:00,618 INFO  L348             TraceCheck]: Trace is feasible, we will do another trace check, this time with branch encoders.
[2026-09-30 15:34:00,620 INFO  L108    AnnotateAndAsserter]: Assert order NOT_INCREMENTALLY partitioned 1 statements into 1 equivalence classes.
[2026-09-30 15:34:00,622 INFO  L111    AnnotateAndAsserter]: Assert order NOT_INCREMENTALLY issued 1 check-sat command(s) and asserted 1 of 1 statements.
[2026-09-30 15:34:00,622 INFO  L114    AnnotateAndAsserter]: Assert order NOT_INCREMENTALLY issued 1 check-sat command(s)
[2026-09-30 15:34:00,622 INFO  L115    AnnotateAndAsserter]: Conjunction of SSA is sat
[2026-09-30 15:34:00,623 INFO  L130   FreeRefinementEngine]: Strategy FIXED_PREFERENCES found a feasible trace
[2026-09-30 15:34:00,625 INFO  L156       PredicateUnifier]: Initialized classic predicate unifier
[2026-09-30 15:34:00,625 INFO  L85        PathProgramCache]: Analyzing trace with hash 1055, now seen corresponding path program 1 times
[2026-09-30 15:34:00,625 INFO  L118   FreeRefinementEngine]: Executing refinement strategy FIXED_PREFERENCES
[2026-09-30 15:34:00,625 INFO  L324   FreeRefinementEngine]: Using trace check IpTcStrategyModulePreferences [125436956]
[2026-09-30 15:34:00,625 INFO  L97    rtionOrderModulation]: Keeping assertion order NOT_INCREMENTALLY
[2026-09-30 15:34:00,626 INFO  L127          SolverBuilder]: Constructing new instance of SMTInterpol with explicit timeout -1 ms and remaining time -1 ms
[2026-09-30 15:34:00,630 INFO  L108    AnnotateAndAsserter]: Assert order NOT_INCREMENTALLY partitioned 2 statements into 1 equivalence classes.
[2026-09-30 15:34:00,635 INFO  L111    AnnotateAndAsserter]: Assert order NOT_INCREMENTALLY issued 1 check-sat command(s) and asserted 2 of 2 statements.
[2026-09-30 15:34:00,635 INFO  L114    AnnotateAndAsserter]: Assert order NOT_INCREMENTALLY issued 1 check-sat command(s)
[2026-09-30 15:34:00,635 INFO  L115    AnnotateAndAsserter]: Conjunction of SSA is sat
[2026-09-30 15:34:00,635 INFO  L348             TraceCheck]: Trace is feasible, we will do another trace check, this time with branch encoders.
[2026-09-30 15:34:00,637 INFO  L108    AnnotateAndAsserter]: Assert order NOT_INCREMENTALLY partitioned 2 statements into 1 equivalence classes.
[2026-09-30 15:34:00,641 INFO  L111    AnnotateAndAsserter]: Assert order NOT_INCREMENTALLY issued 1 check-sat command(s) and asserted 2 of 2 statements.
[2026-09-30 15:34:00,641 INFO  L114    AnnotateAndAsserter]: Assert order NOT_INCREMENTALLY issued 1 check-sat command(s)
[2026-09-30 15:34:00,641 INFO  L115    AnnotateAndAsserter]: Conjunction of SSA is sat
[2026-09-30 15:34:00,642 INFO  L130   FreeRefinementEngine]: Strategy FIXED_PREFERENCES found a feasible trace
[2026-09-30 15:34:00,693 INFO  L213          LassoAnalysis]: Preferences:
[2026-09-30 15:34:00,694 INFO  L125   ssoRankerPreferences]: Compute integeral hull: false
[2026-09-30 15:34:00,694 INFO  L126   ssoRankerPreferences]: Enable LassoPartitioneer: false
[2026-09-30 15:34:00,694 INFO  L127   ssoRankerPreferences]: Term annotations enabled: false
[2026-09-30 15:34:00,694 INFO  L128   ssoRankerPreferences]: Use exernal solver: true
[2026-09-30 15:34:00,694 INFO  L129   ssoRankerPreferences]: SMT solver command: z3 SMTLIB2_COMPLIANT=true -memory:1024 -smt2 -in -t:12000
[2026-09-30 15:34:00,694 INFO  L130   ssoRankerPreferences]: Dump SMT script to file: false
[2026-09-30 15:34:00,694 INFO  L131   ssoRankerPreferences]: Path of dumped script: 
[2026-09-30 15:34:00,694 INFO  L132   ssoRankerPreferences]: Filename of dumped script: LTL_Coolant_Nonterminating01.bpl_Iteration1_Lasso
[2026-09-30 15:34:00,694 INFO  L133   ssoRankerPreferences]: MapElimAlgo: Matthias
[2026-09-30 15:34:00,694 INFO  L250          LassoAnalysis]: Starting lasso preprocessing...
[2026-09-30 15:34:00,727 INFO  L270          LassoAnalysis]: Preprocessing complete.
[2026-09-30 15:34:00,727 INFO  L380          LassoAnalysis]: Checking for nontermination...
[2026-09-30 15:34:00,729 INFO  L173          SolverBuilder]: Constructing external solver with command: z3 SMTLIB2_COMPLIANT=true -memory:1024 -smt2 -in -t:12000
[2026-09-30 15:34:00,730 INFO  L189       MonitoredProcess]: No working directory specified, using /home/anissa/.local/bin/z3
[2026-09-30 15:34:00,732 INFO  L229       MonitoredProcess]: Starting monitored process 2 with /home/anissa/.local/bin/z3 SMTLIB2_COMPLIANT=true -memory:1024 -smt2 -in -t:12000 (exit command is (exit), workingDir is null)
[2026-09-30 15:34:00,733 INFO  L327       MonitoredProcess]: [MP /home/anissa/.local/bin/z3 SMTLIB2_COMPLIANT=true -memory:1024 -smt2 -in -t:12000 (2)] Waiting until timeout for monitored process
[2026-09-30 15:34:00,734 INFO  L148   nArgumentSynthesizer]: Nontermination analysis: LINEAR Allow bounded executions: true Number of generalized eigenvectors: 0 Nilpotent components: true
[2026-09-30 15:34:00,734 INFO  L160   nArgumentSynthesizer]: Using integer mode.
[2026-09-30 15:34:00,751 INFO  L546       MonitoredProcess]: [MP /home/anissa/.local/bin/z3 SMTLIB2_COMPLIANT=true -memory:1024 -smt2 -in -t:12000 (2)] Ended with exit code 0
[2026-09-30 15:34:00,752 INFO  L173          SolverBuilder]: Constructing external solver with command: z3 SMTLIB2_COMPLIANT=true -memory:1024 -smt2 -in -t:12000
[2026-09-30 15:34:00,752 INFO  L189       MonitoredProcess]: No working directory specified, using /home/anissa/.local/bin/z3
[2026-09-30 15:34:00,754 INFO  L229       MonitoredProcess]: Starting monitored process 3 with /home/anissa/.local/bin/z3 SMTLIB2_COMPLIANT=true -memory:1024 -smt2 -in -t:12000 (exit command is (exit), workingDir is null)
[2026-09-30 15:34:00,755 INFO  L327       MonitoredProcess]: [MP /home/anissa/.local/bin/z3 SMTLIB2_COMPLIANT=true -memory:1024 -smt2 -in -t:12000 (3)] Waiting until timeout for monitored process
[2026-09-30 15:34:00,756 INFO  L148   nArgumentSynthesizer]: Nontermination analysis: LINEAR Allow bounded executions: true Number of generalized eigenvectors: 3 Nilpotent components: true
[2026-09-30 15:34:00,756 INFO  L160   nArgumentSynthesizer]: Using integer mode.
[2026-09-30 15:34:00,780 INFO  L546       MonitoredProcess]: [MP /home/anissa/.local/bin/z3 SMTLIB2_COMPLIANT=true -memory:1024 -smt2 -in -t:12000 (3)] Ended with exit code 0
[2026-09-30 15:34:00,781 INFO  L416          LassoAnalysis]: Proved nontermination for one component.
[2026-09-30 15:34:00,781 INFO  L418          LassoAnalysis]: Non-Termination argument consisting of: Initial state: {main_~time=0, main_#t~nondet0=0, main_~limit=0, main_~chainBroken=0} Honda state: {main_~time=0, main_#t~nondet0=0, main_~limit=5, main_~chainBroken=0} Generalized eigenvectors: [{main_~time=0, main_#t~nondet0=0, main_~limit=0, main_~chainBroken=0}, {main_~time=1, main_#t~nondet0=0, main_~limit=0, main_~chainBroken=0}, {main_~time=0, main_#t~nondet0=0, main_~limit=0, main_~chainBroken=0}] Lambdas: [1, 1, 1] Nus: [0, 0]
[2026-09-30 15:34:00,881 INFO  L201        PluginConnector]: Adding new model LTL_Coolant_Nonterminating01.bpl de.uni_freiburg.informatik.ultimate.plugins.generator.buchiautomizer CFG 30.09 03:34:00 BoogieIcfgContainer
[2026-09-30 15:34:00,882 INFO  L131        PluginConnector]: ------------------------ END BuchiAutomizer----------------------------
[2026-09-30 15:34:00,883 INFO  L158              Benchmark]: Toolchain (without parser) took 710,22ms. Allocated memory is still 536,9MB. Free memory was 496,6MB in the beginning and 447,9MB in the end (delta: 48,8MB). Peak memory consumption was 50,3MB. Max. memory is 12,9GB.
[2026-09-30 15:34:00,883 INFO  L158              Benchmark]: Boogie PL CUP Parser took 0,18ms. Allocated memory is still 536,9MB. Free memory is still 497,3MB. There was no memory consumed. Max. memory is 12,9GB.
[2026-09-30 15:34:00,883 INFO  L158              Benchmark]: Boogie Preprocessor took 31,02ms. Allocated memory is still 536,9MB. Free memory was 496,6MB in the beginning and 494,0MB in the end (delta: 2,6MB). Peak memory consumption was 8,4MB. Max. memory is 12,9GB.
[2026-09-30 15:34:00,883 INFO  L158              Benchmark]: IcfgBuilder took 122,66ms. Allocated memory is still 536,9MB. Free memory was 494,0MB in the beginning and 485,1MB in the end (delta: 8,9MB). Peak memory consumption was 8,4MB. Max. memory is 12,9GB.
[2026-09-30 15:34:00,884 INFO  L158              Benchmark]: BuchiAutomizer took 553,64ms. Allocated memory is still 536,9MB. Free memory was 485,1MB in the beginning and 447,9MB in the end (delta: 37,2MB). Peak memory consumption was 33,6MB. Max. memory is 12,9GB.
[2026-09-30 15:34:00,884 INFO  L338   ainManager$Toolchain]: #######################  End [Toolchain 1] #######################
 --- Results ---
 * Results from de.uni_freiburg.informatik.ultimate.core:
  - StatisticsResult: Toolchain Benchmarks
    Benchmark results are:
 * Boogie PL CUP Parser took 0,18ms. Allocated memory is still 536,9MB. Free memory is still 497,3MB. There was no memory consumed. Max. memory is 12,9GB.
 * Boogie Preprocessor took 31,02ms. Allocated memory is still 536,9MB. Free memory was 496,6MB in the beginning and 494,0MB in the end (delta: 2,6MB). Peak memory consumption was 8,4MB. Max. memory is 12,9GB.
 * IcfgBuilder took 122,66ms. Allocated memory is still 536,9MB. Free memory was 494,0MB in the beginning and 485,1MB in the end (delta: 8,9MB). Peak memory consumption was 8,4MB. Max. memory is 12,9GB.
 * BuchiAutomizer took 553,64ms. Allocated memory is still 536,9MB. Free memory was 485,1MB in the beginning and 447,9MB in the end (delta: 37,2MB). Peak memory consumption was 33,6MB. Max. memory is 12,9GB.
 * Results from de.uni_freiburg.informatik.ultimate.plugins.generator.traceabstraction:
  - StatisticsResult: Constructed decomposition of program
    Trivial decomposition into one nonterminating module.
  - StatisticsResult: Timing statistics
    BüchiAutomizer plugin needed 0.5s and 1 iterations.  TraceHistogramMax:1. Analysis of lassos took 0.3s. Construction of modules took 0.0s. Büchi inclusion checks took 0.0s. Highest rank in rank-based complementation 0. Minimization of det autom 0. Minimization of nondet autom 0. Automata minimization No data available. Non-live state removal took 0.0s Buchi closure took 0.0s. Biggest automaton had -1 states and ocurred in iteration -1.	Nontrivial modules had stage [0, 0, 0, 0, 0].	InterpolantCoveringCapabilityFinite: 0/0	InterpolantCoveringCapabilityBuchi: 0/0	HoareTripleCheckerStatistics: 	LassoAnalysisResults: nont1 unkn0 SFLI0 SFLT0 conc0 concLT0 SILN0 SILU0 SILI0 SILT0 lasso0 LassoPreprocessingBenchmarks:   Lassos: inital25 mio100 ax100 hnf100 arr100 mio100 div100 bol100 ite100 ukn100 eq187 hnf91 smp100 dnf134 smp100 tf100 neg100 sie106 LassoTerminationAnalysisBenchmarks: not availableLassoTerminationAnalysisBenchmarks: LassoNonterminationAnalysisSatFixpoint: 0	LassoNonterminationAnalysisSatUnbounded: 1	LassoNonterminationAnalysisUnsat: 0	LassoNonterminationAnalysisUnknown: 0	LassoNonterminationAnalysisTime: 0.0s	InitialAbstractionConstructionTime: 0.0s
  - TerminationAnalysisResult: Nontermination possible
    Buchi Automizer proved that your program is nonterminating for some inputs
  - GeometricNonTerminationArgumentResult [Line: 24]: Nontermination argument in form of an infinite program execution.
    Nontermination argument in form of an infinite execution
State at position 0 is
{#t~nondet0=0, ~limit=0, ~time=0, ~chainBroken=0}
State at position 1 is
{#t~nondet0=0, ~limit=5, ~time=0, ~chainBroken=0}
For i>1, the state at position i is
{#t~nondet0=0 + sum_{k=0}^i 0, ~limit=5 + sum_{k=0}^i 0, ~time=0 + sum_{k=0}^i 1, ~chainBroken=0 + sum_{k=0}^i 0}
  - StatisticsResult: NonterminationArgumentStatistics
    Unbounded Execution 1GEVs Lambdas: [1, 1, 1] Mus: [0, 0]
  - NonterminatingLassoResult [Line: 24]: Nonterminating execution
    Found a nonterminating execution for the following lasso shaped sequence of statements.
Stem:
[L15]        ~time := 0;
[L16]        ~tempIn := 0;
[L17]        ~temp := 0;
[L18]        ~limit := 5;
[L19]        ~chainBroken := 0;
Loop:
[L24]        assume !(~chainBroken == 1);
[L25]        assume !!true;
[L26]        assume !(~chainBroken == 1);
[L27]        ~time := ~time + 1;
[L28]        assume !(~chainBroken == 1);
[L29]        ~tempIn := #t~nondet0;
[L30]        assume !(~chainBroken == 1);
[L31]        havoc #t~nondet0;
[L32]        assume !(~chainBroken == 1);
[L33]        ~temp := ~tempIn - 273;
[L34]        assume !(~chainBroken == 1);
[L35]        assume !(~temp > ~limit);
[L36]        assume !(~chainBroken == 1);
End of lasso representation.
RESULT: Ultimate proved your program to be incorrect!
[2026-09-30 15:34:00,894 INFO  L546       MonitoredProcess]: [MP /home/anissa/.local/bin/z3 SMTLIB2_COMPLIANT=true -memory:1024 -smt2 -in -t:12000 (1)] Ended with exit code 0
Received shutdown request...
