This is Ultimate 0.3.1-main-3730069d
[2026-09-30 15:34:02,302 INFO  L188        SettingsManager]: Resetting all preferences to default values...
[2026-09-30 15:34:02,513 INFO  L75    nceAwareModelManager]: Repository-Root is: /tmp
[2026-09-30 15:34:02,520 INFO  L261   ainManager$Toolchain]: [Toolchain 1]: Applicable parser(s) successfully (re)initialized
[2026-09-30 15:34:02,522 INFO  L217   ainManager$Toolchain]: [Toolchain 1]: Toolchain selected.
[2026-09-30 15:34:02,523 INFO  L270        PluginConnector]: Initializing Boogie PL CUP Parser...
[2026-09-30 15:34:02,523 INFO  L274        PluginConnector]: Boogie PL CUP Parser initialized
[2026-09-30 15:34:02,524 INFO  L431   ainManager$Toolchain]: [Toolchain 1]: Parsing single file: /home/anissa/Documents/Tools/PaSTTeL/benchmarks/smoke_test/full_programs_c_bpl/NonterminationDifficult05_ComplexEigenvalues.bpl
[2026-09-30 15:34:02,524 INFO  L110           BoogieParser]: Parsing: '/home/anissa/Documents/Tools/PaSTTeL/benchmarks/smoke_test/full_programs_c_bpl/NonterminationDifficult05_ComplexEigenvalues.bpl'
[2026-09-30 15:34:02,533 INFO  L299   ainManager$Toolchain]: ####################### [Toolchain 1] #######################
[2026-09-30 15:34:02,534 INFO  L133        ToolchainWalker]: Walking toolchain with 3 elements.
[2026-09-30 15:34:02,534 INFO  L112        PluginConnector]: ------------------------Boogie Preprocessor----------------------------
[2026-09-30 15:34:02,535 INFO  L270        PluginConnector]: Initializing Boogie Preprocessor...
[2026-09-30 15:34:02,535 INFO  L274        PluginConnector]: Boogie Preprocessor initialized
[2026-09-30 15:34:02,544 INFO  L184        PluginConnector]: Executing the observer EnsureBoogieModelObserver from plugin Boogie Preprocessor for "NonterminationDifficult05_ComplexEigenvalues.bpl de.uni_freiburg.informatik.ultimate.boogie.parser AST 30.09 03:34:02" (1/1) ...
[2026-09-30 15:34:02,545 INFO  L184        PluginConnector]: Executing the observer TypeChecker from plugin Boogie Preprocessor for "NonterminationDifficult05_ComplexEigenvalues.bpl de.uni_freiburg.informatik.ultimate.boogie.parser AST 30.09 03:34:02" (1/1) ...
[2026-09-30 15:34:02,560 INFO  L184        PluginConnector]: Executing the observer ConstExpander from plugin Boogie Preprocessor for "NonterminationDifficult05_ComplexEigenvalues.bpl de.uni_freiburg.informatik.ultimate.boogie.parser AST 30.09 03:34:02" (1/1) ...
[2026-09-30 15:34:02,560 INFO  L184        PluginConnector]: Executing the observer StructExpander from plugin Boogie Preprocessor for "NonterminationDifficult05_ComplexEigenvalues.bpl de.uni_freiburg.informatik.ultimate.boogie.parser AST 30.09 03:34:02" (1/1) ...
[2026-09-30 15:34:02,561 INFO  L184        PluginConnector]: Executing the observer ReplaceArrayAssignments from plugin Boogie Preprocessor for "NonterminationDifficult05_ComplexEigenvalues.bpl de.uni_freiburg.informatik.ultimate.boogie.parser AST 30.09 03:34:02" (1/1) ...
[2026-09-30 15:34:02,561 INFO  L184        PluginConnector]: Executing the observer UnstructureCode from plugin Boogie Preprocessor for "NonterminationDifficult05_ComplexEigenvalues.bpl de.uni_freiburg.informatik.ultimate.boogie.parser AST 30.09 03:34:02" (1/1) ...
[2026-09-30 15:34:02,563 INFO  L184        PluginConnector]: Executing the observer FunctionInliner from plugin Boogie Preprocessor for "NonterminationDifficult05_ComplexEigenvalues.bpl de.uni_freiburg.informatik.ultimate.boogie.parser AST 30.09 03:34:02" (1/1) ...
[2026-09-30 15:34:02,564 INFO  L184        PluginConnector]: Executing the observer LTLStepAnnotator from plugin Boogie Preprocessor for "NonterminationDifficult05_ComplexEigenvalues.bpl de.uni_freiburg.informatik.ultimate.boogie.parser AST 30.09 03:34:02" (1/1) ...
[2026-09-30 15:34:02,564 INFO  L184        PluginConnector]: Executing the observer BoogieSymbolTableConstructor from plugin Boogie Preprocessor for "NonterminationDifficult05_ComplexEigenvalues.bpl de.uni_freiburg.informatik.ultimate.boogie.parser AST 30.09 03:34:02" (1/1) ...
[2026-09-30 15:34:02,567 INFO  L131        PluginConnector]: ------------------------ END Boogie Preprocessor----------------------------
[2026-09-30 15:34:02,568 INFO  L112        PluginConnector]: ------------------------IcfgBuilder----------------------------
[2026-09-30 15:34:02,568 INFO  L270        PluginConnector]: Initializing IcfgBuilder...
[2026-09-30 15:34:02,568 INFO  L274        PluginConnector]: IcfgBuilder initialized
[2026-09-30 15:34:02,568 INFO  L184        PluginConnector]: Executing the observer IcfgBuilderObserver from plugin IcfgBuilder for "NonterminationDifficult05_ComplexEigenvalues.bpl de.uni_freiburg.informatik.ultimate.boogie.parser AST 30.09 03:34:02" (1/1) ...
[2026-09-30 15:34:02,571 INFO  L173          SolverBuilder]: Constructing external solver with command: z3 SMTLIB2_COMPLIANT=true -memory:1024 -smt2 -in -t:12000
[2026-09-30 15:34:02,578 INFO  L189       MonitoredProcess]: No working directory specified, using /home/anissa/.local/bin/z3
[2026-09-30 15:34:02,586 INFO  L229       MonitoredProcess]: Starting monitored process 1 with /home/anissa/.local/bin/z3 SMTLIB2_COMPLIANT=true -memory:1024 -smt2 -in -t:12000 (exit command is (exit), workingDir is null)
[2026-09-30 15:34:02,589 INFO  L327       MonitoredProcess]: [MP /home/anissa/.local/bin/z3 SMTLIB2_COMPLIANT=true -memory:1024 -smt2 -in -t:12000 (1)] Waiting until timeout for monitored process
[2026-09-30 15:34:02,607 INFO  L124     BoogieDeclarations]: Specification and implementation of procedure main given in one single declaration
[2026-09-30 15:34:02,607 INFO  L130     BoogieDeclarations]: Found specification of procedure main
[2026-09-30 15:34:02,607 INFO  L138     BoogieDeclarations]: Found implementation of procedure main
[2026-09-30 15:34:02,639 INFO  L257             CfgBuilder]: Building ICFG
[2026-09-30 15:34:02,640 INFO  L287             CfgBuilder]: Building CFG for each procedure with an implementation
[2026-09-30 15:34:02,677 INFO  L?                        ?]: Removed 1 outVars from TransFormulas that were not future-live.
[2026-09-30 15:34:02,677 INFO  L308             CfgBuilder]: Performing block encoding
[2026-09-30 15:34:02,683 INFO  L89      LargeBlockEncoding]: Applying CFG Large Block Encoding to ICFG that has 1 procedures, 3 locations, 3 edges, 0 initial locations, 0 loop locations, and 0 error locations.
[2026-09-30 15:34:02,689 INFO  L139     LargeBlockEncoding]: LargeBlockEncoding completed in 10 ms, with 1 straightline sequential compositions, 0 parallel compositions, 0 1:n/n:1 sequential compositions and 0 complex sequential compositions.
[2026-09-30 15:34:02,689 INFO  L329             CfgBuilder]: Using library mode
[2026-09-30 15:34:02,690 INFO  L337             CfgBuilder]: Removed 0 assume(true) statements.
[2026-09-30 15:34:02,690 INFO  L339             CfgBuilder]: Constructed ICFG has 1 procedures, 2 locations, 2 edges, 1 initial locations, 0 loop locations, and 0 error locations.
[2026-09-30 15:34:02,691 INFO  L201        PluginConnector]: Adding new model NonterminationDifficult05_ComplexEigenvalues.bpl de.uni_freiburg.informatik.ultimate.plugins.generator.icfgbuilder CFG 30.09 03:34:02 BoogieIcfgContainer
[2026-09-30 15:34:02,691 INFO  L131        PluginConnector]: ------------------------ END IcfgBuilder----------------------------
[2026-09-30 15:34:02,692 INFO  L112        PluginConnector]: ------------------------BuchiAutomizer----------------------------
[2026-09-30 15:34:02,692 INFO  L270        PluginConnector]: Initializing BuchiAutomizer...
[2026-09-30 15:34:02,696 INFO  L274        PluginConnector]: BuchiAutomizer initialized
[2026-09-30 15:34:02,696 INFO  L99          BuchiAutomizer]: Safety of program was proven or not checked, starting termination analysis
[2026-09-30 15:34:02,696 INFO  L184        PluginConnector]: Executing the observer BuchiAutomizerObserver from plugin BuchiAutomizer for "NonterminationDifficult05_ComplexEigenvalues.bpl de.uni_freiburg.informatik.ultimate.boogie.parser AST 30.09 03:34:02" (1/2) ...
[2026-09-30 15:34:02,697 INFO  L204        PluginConnector]: Invalid model from BuchiAutomizer for observer de.uni_freiburg.informatik.ultimate.plugins.generator.buchiautomizer.BuchiAutomizerObserver@6851f914 and model type NonterminationDifficult05_ComplexEigenvalues.bpl de.uni_freiburg.informatik.ultimate.plugins.generator.buchiautomizer AST 30.09 03:34:02, skipping insertion in model container
[2026-09-30 15:34:02,697 INFO  L99          BuchiAutomizer]: Safety of program was proven or not checked, starting termination analysis
[2026-09-30 15:34:02,697 INFO  L184        PluginConnector]: Executing the observer BuchiAutomizerObserver from plugin BuchiAutomizer for "NonterminationDifficult05_ComplexEigenvalues.bpl de.uni_freiburg.informatik.ultimate.plugins.generator.icfgbuilder CFG 30.09 03:34:02" (2/2) ...
[2026-09-30 15:34:02,698 INFO  L363   chiAutomizerObserver]: Analyzing ICFG NonterminationDifficult05_ComplexEigenvalues.bpl
[2026-09-30 15:34:02,733 INFO  L330   stractBuchiCegarLoop]: Interprodecural is true
[2026-09-30 15:34:02,734 INFO  L331   stractBuchiCegarLoop]: Hoare is None
[2026-09-30 15:34:02,734 INFO  L332   stractBuchiCegarLoop]: Compute interpolants for ForwardPredicates
[2026-09-30 15:34:02,734 INFO  L333   stractBuchiCegarLoop]: Backedges is STRAIGHT_LINE
[2026-09-30 15:34:02,734 INFO  L334   stractBuchiCegarLoop]: Determinization is PREDICATE_ABSTRACTION
[2026-09-30 15:34:02,734 INFO  L335   stractBuchiCegarLoop]: Difference is false
[2026-09-30 15:34:02,734 INFO  L336   stractBuchiCegarLoop]: Minimize is MINIMIZE_SEVPA
[2026-09-30 15:34:02,734 INFO  L340   stractBuchiCegarLoop]: ======== Iteration 0 == of CEGAR loop == BuchiAutomatonCegarLoop ========
[2026-09-30 15:34:02,738 INFO  L73            BuchiIsEmpty]: Start buchiIsEmpty. Operand  has 2 states, 1 states have (on average 2.0) internal successors, (2), 2 states have internal predecessors, (2), 0 states have call successors, (0), 0 states have call predecessors, (0), 0 states have return successors, (0), 0 states have call predecessors, (0), 0 states have call successors, (0)
[2026-09-30 15:34:02,749 INFO  L131   ngComponentsAnalysis]: Automaton has 1 accepting balls. 1
[2026-09-30 15:34:02,750 INFO  L88            BuchiIsEmpty]: Finished buchiIsEmpty Result is false
[2026-09-30 15:34:02,750 INFO  L120           BuchiIsEmpty]: Starting construction of run
[2026-09-30 15:34:02,752 INFO  L148   hiAutomatonCegarLoop]: Counterexample stem histogram []
[2026-09-30 15:34:02,753 INFO  L149   hiAutomatonCegarLoop]: Counterexample loop histogram [1]
[2026-09-30 15:34:02,753 INFO  L362   stractBuchiCegarLoop]: ======== Iteration 1 ============
[2026-09-30 15:34:02,753 INFO  L73            BuchiIsEmpty]: Start buchiIsEmpty. Operand  has 2 states, 1 states have (on average 2.0) internal successors, (2), 2 states have internal predecessors, (2), 0 states have call successors, (0), 0 states have call predecessors, (0), 0 states have return successors, (0), 0 states have call predecessors, (0), 0 states have call successors, (0)
[2026-09-30 15:34:02,753 INFO  L131   ngComponentsAnalysis]: Automaton has 1 accepting balls. 1
[2026-09-30 15:34:02,753 INFO  L88            BuchiIsEmpty]: Finished buchiIsEmpty Result is false
[2026-09-30 15:34:02,753 INFO  L120           BuchiIsEmpty]: Starting construction of run
[2026-09-30 15:34:02,754 INFO  L148   hiAutomatonCegarLoop]: Counterexample stem histogram []
[2026-09-30 15:34:02,754 INFO  L149   hiAutomatonCegarLoop]: Counterexample loop histogram [1]
[2026-09-30 15:34:02,757 INFO  L943   eck$LassoCheckResult]: Stem: 
[2026-09-30 15:34:02,759 INFO  L945   eck$LassoCheckResult]: Loop: "assume z >= 0.0;x, y := x + y, y - x + 1.0;z := z + x + 1.0;" 
[2026-09-30 15:34:02,816 INFO  L213          LassoAnalysis]: Preferences:
[2026-09-30 15:34:02,817 INFO  L125   ssoRankerPreferences]: Compute integeral hull: false
[2026-09-30 15:34:02,817 INFO  L126   ssoRankerPreferences]: Enable LassoPartitioneer: false
[2026-09-30 15:34:02,817 INFO  L127   ssoRankerPreferences]: Term annotations enabled: false
[2026-09-30 15:34:02,817 INFO  L128   ssoRankerPreferences]: Use exernal solver: true
[2026-09-30 15:34:02,817 INFO  L129   ssoRankerPreferences]: SMT solver command: z3 SMTLIB2_COMPLIANT=true -memory:1024 -smt2 -in -t:12000
[2026-09-30 15:34:02,817 INFO  L130   ssoRankerPreferences]: Dump SMT script to file: false
[2026-09-30 15:34:02,817 INFO  L131   ssoRankerPreferences]: Path of dumped script: 
[2026-09-30 15:34:02,818 INFO  L132   ssoRankerPreferences]: Filename of dumped script: NonterminationDifficult05_ComplexEigenvalues.bpl_Iteration1_Lasso
[2026-09-30 15:34:02,818 INFO  L133   ssoRankerPreferences]: MapElimAlgo: Matthias
[2026-09-30 15:34:02,818 INFO  L250          LassoAnalysis]: Starting lasso preprocessing...
[2026-09-30 15:34:02,853 INFO  L270          LassoAnalysis]: Preprocessing complete.
[2026-09-30 15:34:02,857 INFO  L156       PredicateUnifier]: Initialized classic predicate unifier
[2026-09-30 15:34:02,857 INFO  L85        PathProgramCache]: Analyzing trace with hash 33, now seen corresponding path program 1 times
[2026-09-30 15:34:02,861 INFO  L118   FreeRefinementEngine]: Executing refinement strategy FIXED_PREFERENCES
[2026-09-30 15:34:02,862 INFO  L324   FreeRefinementEngine]: Using trace check IpTcStrategyModulePreferences [1618025083]
[2026-09-30 15:34:02,862 INFO  L97    rtionOrderModulation]: Keeping assertion order NOT_INCREMENTALLY
[2026-09-30 15:34:02,862 INFO  L127          SolverBuilder]: Constructing new instance of SMTInterpol with explicit timeout -1 ms and remaining time -1 ms
[2026-09-30 15:34:02,900 INFO  L108    AnnotateAndAsserter]: Assert order NOT_INCREMENTALLY partitioned 1 statements into 1 equivalence classes.
[2026-09-30 15:34:02,910 INFO  L111    AnnotateAndAsserter]: Assert order NOT_INCREMENTALLY issued 1 check-sat command(s) and asserted 1 of 1 statements.
[2026-09-30 15:34:02,910 INFO  L114    AnnotateAndAsserter]: Assert order NOT_INCREMENTALLY issued 1 check-sat command(s)
[2026-09-30 15:34:02,910 INFO  L115    AnnotateAndAsserter]: Conjunction of SSA is sat
[2026-09-30 15:34:02,911 INFO  L348             TraceCheck]: Trace is feasible, we will do another trace check, this time with branch encoders.
[2026-09-30 15:34:02,913 INFO  L108    AnnotateAndAsserter]: Assert order NOT_INCREMENTALLY partitioned 1 statements into 1 equivalence classes.
[2026-09-30 15:34:02,915 INFO  L111    AnnotateAndAsserter]: Assert order NOT_INCREMENTALLY issued 1 check-sat command(s) and asserted 1 of 1 statements.
[2026-09-30 15:34:02,915 INFO  L114    AnnotateAndAsserter]: Assert order NOT_INCREMENTALLY issued 1 check-sat command(s)
[2026-09-30 15:34:02,915 INFO  L115    AnnotateAndAsserter]: Conjunction of SSA is sat
[2026-09-30 15:34:02,924 INFO  L130   FreeRefinementEngine]: Strategy FIXED_PREFERENCES found a feasible trace
[2026-09-30 15:34:02,926 INFO  L156       PredicateUnifier]: Initialized classic predicate unifier
[2026-09-30 15:34:02,926 INFO  L85        PathProgramCache]: Analyzing trace with hash 33, now seen corresponding path program 2 times
[2026-09-30 15:34:02,926 INFO  L118   FreeRefinementEngine]: Executing refinement strategy FIXED_PREFERENCES
[2026-09-30 15:34:02,926 INFO  L324   FreeRefinementEngine]: Using trace check IpTcStrategyModulePreferences [487914083]
[2026-09-30 15:34:02,926 INFO  L97    rtionOrderModulation]: Keeping assertion order NOT_INCREMENTALLY
[2026-09-30 15:34:02,926 INFO  L127          SolverBuilder]: Constructing new instance of SMTInterpol with explicit timeout -1 ms and remaining time -1 ms
[2026-09-30 15:34:02,929 INFO  L108    AnnotateAndAsserter]: Assert order NOT_INCREMENTALLY partitioned 1 statements into 1 equivalence classes.
[2026-09-30 15:34:02,932 INFO  L111    AnnotateAndAsserter]: Assert order NOT_INCREMENTALLY issued 1 check-sat command(s) and asserted 1 of 1 statements.
[2026-09-30 15:34:02,932 INFO  L114    AnnotateAndAsserter]: Assert order NOT_INCREMENTALLY issued 1 check-sat command(s)
[2026-09-30 15:34:02,932 INFO  L115    AnnotateAndAsserter]: Conjunction of SSA is sat
[2026-09-30 15:34:02,932 INFO  L348             TraceCheck]: Trace is feasible, we will do another trace check, this time with branch encoders.
[2026-09-30 15:34:02,933 INFO  L108    AnnotateAndAsserter]: Assert order NOT_INCREMENTALLY partitioned 1 statements into 1 equivalence classes.
[2026-09-30 15:34:02,935 INFO  L111    AnnotateAndAsserter]: Assert order NOT_INCREMENTALLY issued 1 check-sat command(s) and asserted 1 of 1 statements.
[2026-09-30 15:34:02,935 INFO  L114    AnnotateAndAsserter]: Assert order NOT_INCREMENTALLY issued 1 check-sat command(s)
[2026-09-30 15:34:02,935 INFO  L115    AnnotateAndAsserter]: Conjunction of SSA is sat
[2026-09-30 15:34:02,936 INFO  L130   FreeRefinementEngine]: Strategy FIXED_PREFERENCES found a feasible trace
[2026-09-30 15:34:02,971 INFO  L213          LassoAnalysis]: Preferences:
[2026-09-30 15:34:02,971 INFO  L125   ssoRankerPreferences]: Compute integeral hull: false
[2026-09-30 15:34:02,971 INFO  L126   ssoRankerPreferences]: Enable LassoPartitioneer: false
[2026-09-30 15:34:02,971 INFO  L127   ssoRankerPreferences]: Term annotations enabled: false
[2026-09-30 15:34:02,971 INFO  L128   ssoRankerPreferences]: Use exernal solver: true
[2026-09-30 15:34:02,971 INFO  L129   ssoRankerPreferences]: SMT solver command: z3 SMTLIB2_COMPLIANT=true -memory:1024 -smt2 -in -t:12000
[2026-09-30 15:34:02,972 INFO  L130   ssoRankerPreferences]: Dump SMT script to file: false
[2026-09-30 15:34:02,972 INFO  L131   ssoRankerPreferences]: Path of dumped script: 
[2026-09-30 15:34:02,972 INFO  L132   ssoRankerPreferences]: Filename of dumped script: NonterminationDifficult05_ComplexEigenvalues.bpl_Iteration1_Lasso
[2026-09-30 15:34:02,972 INFO  L133   ssoRankerPreferences]: MapElimAlgo: Matthias
[2026-09-30 15:34:02,972 INFO  L250          LassoAnalysis]: Starting lasso preprocessing...
[2026-09-30 15:34:02,998 INFO  L270          LassoAnalysis]: Preprocessing complete.
[2026-09-30 15:34:02,998 INFO  L380          LassoAnalysis]: Checking for nontermination...
[2026-09-30 15:34:03,000 INFO  L173          SolverBuilder]: Constructing external solver with command: z3 SMTLIB2_COMPLIANT=true -memory:1024 -smt2 -in -t:12000
[2026-09-30 15:34:03,001 INFO  L189       MonitoredProcess]: No working directory specified, using /home/anissa/.local/bin/z3
[2026-09-30 15:34:03,003 INFO  L229       MonitoredProcess]: Starting monitored process 2 with /home/anissa/.local/bin/z3 SMTLIB2_COMPLIANT=true -memory:1024 -smt2 -in -t:12000 (exit command is (exit), workingDir is null)
[2026-09-30 15:34:03,004 INFO  L327       MonitoredProcess]: [MP /home/anissa/.local/bin/z3 SMTLIB2_COMPLIANT=true -memory:1024 -smt2 -in -t:12000 (2)] Waiting until timeout for monitored process
[2026-09-30 15:34:03,005 INFO  L148   nArgumentSynthesizer]: Nontermination analysis: LINEAR Allow bounded executions: true Number of generalized eigenvectors: 0 Nilpotent components: true
[2026-09-30 15:34:03,021 INFO  L546       MonitoredProcess]: [MP /home/anissa/.local/bin/z3 SMTLIB2_COMPLIANT=true -memory:1024 -smt2 -in -t:12000 (2)] Ended with exit code 0
[2026-09-30 15:34:03,021 INFO  L173          SolverBuilder]: Constructing external solver with command: z3 SMTLIB2_COMPLIANT=true -memory:1024 -smt2 -in -t:12000
[2026-09-30 15:34:03,022 INFO  L189       MonitoredProcess]: No working directory specified, using /home/anissa/.local/bin/z3
[2026-09-30 15:34:03,024 INFO  L229       MonitoredProcess]: Starting monitored process 3 with /home/anissa/.local/bin/z3 SMTLIB2_COMPLIANT=true -memory:1024 -smt2 -in -t:12000 (exit command is (exit), workingDir is null)
[2026-09-30 15:34:03,025 INFO  L327       MonitoredProcess]: [MP /home/anissa/.local/bin/z3 SMTLIB2_COMPLIANT=true -memory:1024 -smt2 -in -t:12000 (3)] Waiting until timeout for monitored process
[2026-09-30 15:34:03,026 INFO  L148   nArgumentSynthesizer]: Nontermination analysis: LINEAR Allow bounded executions: true Number of generalized eigenvectors: 3 Nilpotent components: true
[2026-09-30 15:34:03,048 INFO  L546       MonitoredProcess]: [MP /home/anissa/.local/bin/z3 SMTLIB2_COMPLIANT=true -memory:1024 -smt2 -in -t:12000 (3)] Ended with exit code 0
[2026-09-30 15:34:03,049 INFO  L416          LassoAnalysis]: Proved nontermination for one component.
[2026-09-30 15:34:03,049 INFO  L418          LassoAnalysis]: Non-Termination argument consisting of: Initial state: {main_z=0, main_y=0, main_x=1} Honda state: {main_z=0, main_y=0, main_x=1} Generalized eigenvectors: [{main_z=2, main_y=0, main_x=0}, {main_z=0, main_y=0, main_x=0}, {main_z=0, main_y=0, main_x=0}] Lambdas: [1, 1, 1] Nus: [0, 0]
[2026-09-30 15:34:03,114 INFO  L201        PluginConnector]: Adding new model NonterminationDifficult05_ComplexEigenvalues.bpl de.uni_freiburg.informatik.ultimate.plugins.generator.buchiautomizer CFG 30.09 03:34:03 BoogieIcfgContainer
[2026-09-30 15:34:03,114 INFO  L131        PluginConnector]: ------------------------ END BuchiAutomizer----------------------------
[2026-09-30 15:34:03,115 INFO  L158              Benchmark]: Toolchain (without parser) took 581,21ms. Allocated memory is still 536,9MB. Free memory was 497,1MB in the beginning and 457,6MB in the end (delta: 39,4MB). Peak memory consumption was 41,9MB. Max. memory is 12,9GB.
[2026-09-30 15:34:03,115 INFO  L158              Benchmark]: Boogie PL CUP Parser took 0,15ms. Allocated memory is still 536,9MB. Free memory is still 497,9MB. There was no memory consumed. Max. memory is 12,9GB.
[2026-09-30 15:34:03,115 INFO  L158              Benchmark]: Boogie Preprocessor took 32,71ms. Allocated memory is still 536,9MB. Free memory was 497,1MB in the beginning and 494,5MB in the end (delta: 2,6MB). Peak memory consumption was 8,4MB. Max. memory is 12,9GB.
[2026-09-30 15:34:03,116 INFO  L158              Benchmark]: IcfgBuilder took 123,24ms. Allocated memory is still 536,9MB. Free memory was 494,5MB in the beginning and 485,6MB in the end (delta: 8,9MB). Peak memory consumption was 8,4MB. Max. memory is 12,9GB.
[2026-09-30 15:34:03,116 INFO  L158              Benchmark]: BuchiAutomizer took 422,46ms. Allocated memory is still 536,9MB. Free memory was 485,5MB in the beginning and 457,6MB in the end (delta: 27,9MB). Peak memory consumption was 25,2MB. Max. memory is 12,9GB.
[2026-09-30 15:34:03,116 INFO  L338   ainManager$Toolchain]: #######################  End [Toolchain 1] #######################
 --- Results ---
 * Results from de.uni_freiburg.informatik.ultimate.core:
  - StatisticsResult: Toolchain Benchmarks
    Benchmark results are:
 * Boogie PL CUP Parser took 0,15ms. Allocated memory is still 536,9MB. Free memory is still 497,9MB. There was no memory consumed. Max. memory is 12,9GB.
 * Boogie Preprocessor took 32,71ms. Allocated memory is still 536,9MB. Free memory was 497,1MB in the beginning and 494,5MB in the end (delta: 2,6MB). Peak memory consumption was 8,4MB. Max. memory is 12,9GB.
 * IcfgBuilder took 123,24ms. Allocated memory is still 536,9MB. Free memory was 494,5MB in the beginning and 485,6MB in the end (delta: 8,9MB). Peak memory consumption was 8,4MB. Max. memory is 12,9GB.
 * BuchiAutomizer took 422,46ms. Allocated memory is still 536,9MB. Free memory was 485,5MB in the beginning and 457,6MB in the end (delta: 27,9MB). Peak memory consumption was 25,2MB. Max. memory is 12,9GB.
 * Results from de.uni_freiburg.informatik.ultimate.plugins.generator.traceabstraction:
  - StatisticsResult: Constructed decomposition of program
    Trivial decomposition into one nonterminating module.
  - StatisticsResult: Timing statistics
    BüchiAutomizer plugin needed 0.3s and 1 iterations.  TraceHistogramMax:1. Analysis of lassos took 0.2s. Construction of modules took 0.0s. Büchi inclusion checks took 0.0s. Highest rank in rank-based complementation 0. Minimization of det autom 0. Minimization of nondet autom 0. Automata minimization No data available. Non-live state removal took 0.0s Buchi closure took 0.0s. Biggest automaton had -1 states and ocurred in iteration -1.	Nontrivial modules had stage [0, 0, 0, 0, 0].	InterpolantCoveringCapabilityFinite: 0/0	InterpolantCoveringCapabilityBuchi: 0/0	HoareTripleCheckerStatistics: 	LassoAnalysisResults: nont1 unkn0 SFLI0 SFLT0 conc0 concLT0 SILN0 SILU0 SILI0 SILT0 lasso0 LassoPreprocessingBenchmarks:   Lassos: inital23 mio100 ax100 hnf100 arr100 mio100 div100 bol100 ite100 ukn100 eq191 hnf93 smp100 dnf100 smp100 tf104 neg100 sie100 LassoTerminationAnalysisBenchmarks: not availableLassoTerminationAnalysisBenchmarks: LassoNonterminationAnalysisSatFixpoint: 0	LassoNonterminationAnalysisSatUnbounded: 1	LassoNonterminationAnalysisUnsat: 0	LassoNonterminationAnalysisUnknown: 0	LassoNonterminationAnalysisTime: 0.0s	InitialAbstractionConstructionTime: 0.0s
  - TerminationAnalysisResult: Nontermination possible
    Buchi Automizer proved that your program is nonterminating for some inputs
  - GeometricNonTerminationArgumentResult [Line: 12]: Nontermination argument in form of an infinite program execution.
    Nontermination argument in form of an infinite execution
State at position 0 is
{x=1, y=0, z=0}
State at position 1 is
{x=1, y=0, z=0}
For i>1, the state at position i is
{x=1 + sum_{k=0}^i 0, y=0 + sum_{k=0}^i 0, z=0 + sum_{k=0}^i 2}
  - StatisticsResult: NonterminationArgumentStatistics
    Unbounded Execution 1GEVs Lambdas: [1, 1, 1] Mus: [0, 0]
  - NonterminatingLassoResult [Line: 12]: Nonterminating execution
    Found a nonterminating execution for the following lasso shaped sequence of statements.
Stem:
Loop:
[L12]  COND TRUE  z >= 0.0
[L13]             x, y := x + y, y - x + 1.0;
[L14]             z := z + x + 1.0;
End of lasso representation.
RESULT: Ultimate proved your program to be incorrect!
[2026-09-30 15:34:03,125 INFO  L546       MonitoredProcess]: [MP /home/anissa/.local/bin/z3 SMTLIB2_COMPLIANT=true -memory:1024 -smt2 -in -t:12000 (1)] Ended with exit code 0
Received shutdown request...
