This is Ultimate 0.3.1-main-3730069d
[2026-09-30 15:34:04,535 INFO  L188        SettingsManager]: Resetting all preferences to default values...
[2026-09-30 15:34:04,744 INFO  L75    nceAwareModelManager]: Repository-Root is: /tmp
[2026-09-30 15:34:04,752 INFO  L261   ainManager$Toolchain]: [Toolchain 1]: Applicable parser(s) successfully (re)initialized
[2026-09-30 15:34:04,754 INFO  L217   ainManager$Toolchain]: [Toolchain 1]: Toolchain selected.
[2026-09-30 15:34:04,754 INFO  L270        PluginConnector]: Initializing CDTParser...
[2026-09-30 15:34:04,754 INFO  L274        PluginConnector]: CDTParser initialized
[2026-09-30 15:34:04,755 INFO  L431   ainManager$Toolchain]: [Toolchain 1]: Parsing single file: /home/anissa/Documents/Tools/PaSTTeL/benchmarks/smoke_test/full_programs_c_bpl/recursive.c
!SESSION 2026-09-30 15:34:03.687 -----------------------------------------------
eclipse.buildId=unknown
java.version=21.0.12.1
java.vendor=Ubuntu
BootLoader constants: OS=linux, ARCH=x86_64, WS=gtk, NL=fr_FR
Framework arguments:  --console -tc /home/anissa/Documents/Tools/PaSTTeL/tools/toolchains/BuchiAutomizerC.xml -i /home/anissa/Documents/Tools/PaSTTeL/benchmarks/smoke_test/full_programs_c_bpl/recursive.c
Command-line arguments:  -os linux -ws gtk -arch x86_64 -consoleLog --console -data @user.home/.ultimate -tc /home/anissa/Documents/Tools/PaSTTeL/tools/toolchains/BuchiAutomizerC.xml -i /home/anissa/Documents/Tools/PaSTTeL/benchmarks/smoke_test/full_programs_c_bpl/recursive.c

!ENTRY org.eclipse.cdt.core 1 0 2026-09-30 15:34:05.929
!MESSAGE Indexed 'FLAGdaa3a161b' (0 sources, 0 headers) in 0,001 sec: 0 declarations; 0 references; 0 unresolved inclusions; 0 syntax errors; 0 unresolved names (0 %)
[2026-09-30 15:34:06,029 INFO  L538              CDTParser]: Created temporary CDT project at /home/anissa/.ultimate/ec4e718e7c82497ebccbff8039a00386/FLAGdaa3a161b
[2026-09-30 15:34:06,154 INFO  L389              CDTParser]: Found 1 translation units.
[2026-09-30 15:34:06,154 INFO  L178              CDTParser]: Scanning /home/anissa/Documents/Tools/PaSTTeL/benchmarks/smoke_test/full_programs_c_bpl/recursive.c
[2026-09-30 15:34:06,160 INFO  L432              CDTParser]: About to delete temporary CDT project at /home/anissa/.ultimate/ec4e718e7c82497ebccbff8039a00386/FLAGdaa3a161b
[2026-09-30 15:34:07,080 INFO  L440              CDTParser]: Successfully deleted /home/anissa/.ultimate/ec4e718e7c82497ebccbff8039a00386
[2026-09-30 15:34:07,082 INFO  L299   ainManager$Toolchain]: ####################### [Toolchain 1] #######################
[2026-09-30 15:34:07,083 INFO  L133        ToolchainWalker]: Walking toolchain with 4 elements.
[2026-09-30 15:34:07,084 INFO  L112        PluginConnector]: ------------------------CACSL2BoogieTranslator----------------------------
[2026-09-30 15:34:07,084 INFO  L270        PluginConnector]: Initializing CACSL2BoogieTranslator...
[2026-09-30 15:34:07,086 INFO  L274        PluginConnector]: CACSL2BoogieTranslator initialized
[2026-09-30 15:34:07,087 INFO  L184        PluginConnector]: Executing the observer ACSLObjectContainerObserver from plugin CACSL2BoogieTranslator for "CDTParser AST 30.09 03:34:07" (1/1) ...
[2026-09-30 15:34:07,087 INFO  L204        PluginConnector]: Invalid model from CACSL2BoogieTranslator for observer de.uni_freiburg.informatik.ultimate.plugins.generator.cacsl2boogietranslator.ACSLObjectContainerObserver@add196 and model type de.uni_freiburg.informatik.ultimate.plugins.generator.cacsl2boogietranslator AST 30.09 03:34:07, skipping insertion in model container
[2026-09-30 15:34:07,087 INFO  L184        PluginConnector]: Executing the observer CACSL2BoogieTranslatorObserver from plugin CACSL2BoogieTranslator for "CDTParser AST 30.09 03:34:07" (1/1) ...
[2026-09-30 15:34:07,094 INFO  L177         MainTranslator]: Built tables and reachable declarations
[2026-09-30 15:34:07,184 INFO  L189          PostProcessor]: Analyzing one entry point: main
[2026-09-30 15:34:07,187 INFO  L206         MainTranslator]: Completed pre-run
[2026-09-30 15:34:07,197 INFO  L189          PostProcessor]: Analyzing one entry point: main
[2026-09-30 15:34:07,204 INFO  L211         MainTranslator]: Completed translation
[2026-09-30 15:34:07,205 INFO  L201        PluginConnector]: Adding new model de.uni_freiburg.informatik.ultimate.plugins.generator.cacsl2boogietranslator AST 30.09 03:34:07 WrapperNode
[2026-09-30 15:34:07,205 INFO  L131        PluginConnector]: ------------------------ END CACSL2BoogieTranslator----------------------------
[2026-09-30 15:34:07,205 INFO  L112        PluginConnector]: ------------------------Boogie Preprocessor----------------------------
[2026-09-30 15:34:07,205 INFO  L270        PluginConnector]: Initializing Boogie Preprocessor...
[2026-09-30 15:34:07,206 INFO  L274        PluginConnector]: Boogie Preprocessor initialized
[2026-09-30 15:34:07,210 INFO  L184        PluginConnector]: Executing the observer EnsureBoogieModelObserver from plugin Boogie Preprocessor for "de.uni_freiburg.informatik.ultimate.plugins.generator.cacsl2boogietranslator AST 30.09 03:34:07" (1/1) ...
[2026-09-30 15:34:07,211 INFO  L184        PluginConnector]: Executing the observer TypeChecker from plugin Boogie Preprocessor for "de.uni_freiburg.informatik.ultimate.plugins.generator.cacsl2boogietranslator AST 30.09 03:34:07" (1/1) ...
[2026-09-30 15:34:07,214 INFO  L184        PluginConnector]: Executing the observer ConstExpander from plugin Boogie Preprocessor for "de.uni_freiburg.informatik.ultimate.plugins.generator.cacsl2boogietranslator AST 30.09 03:34:07" (1/1) ...
[2026-09-30 15:34:07,214 INFO  L184        PluginConnector]: Executing the observer StructExpander from plugin Boogie Preprocessor for "de.uni_freiburg.informatik.ultimate.plugins.generator.cacsl2boogietranslator AST 30.09 03:34:07" (1/1) ...
[2026-09-30 15:34:07,215 INFO  L184        PluginConnector]: Executing the observer ReplaceArrayAssignments from plugin Boogie Preprocessor for "de.uni_freiburg.informatik.ultimate.plugins.generator.cacsl2boogietranslator AST 30.09 03:34:07" (1/1) ...
[2026-09-30 15:34:07,215 INFO  L184        PluginConnector]: Executing the observer UnstructureCode from plugin Boogie Preprocessor for "de.uni_freiburg.informatik.ultimate.plugins.generator.cacsl2boogietranslator AST 30.09 03:34:07" (1/1) ...
[2026-09-30 15:34:07,216 INFO  L184        PluginConnector]: Executing the observer FunctionInliner from plugin Boogie Preprocessor for "de.uni_freiburg.informatik.ultimate.plugins.generator.cacsl2boogietranslator AST 30.09 03:34:07" (1/1) ...
[2026-09-30 15:34:07,217 INFO  L184        PluginConnector]: Executing the observer LTLStepAnnotator from plugin Boogie Preprocessor for "de.uni_freiburg.informatik.ultimate.plugins.generator.cacsl2boogietranslator AST 30.09 03:34:07" (1/1) ...
[2026-09-30 15:34:07,217 INFO  L184        PluginConnector]: Executing the observer BoogieSymbolTableConstructor from plugin Boogie Preprocessor for "de.uni_freiburg.informatik.ultimate.plugins.generator.cacsl2boogietranslator AST 30.09 03:34:07" (1/1) ...
[2026-09-30 15:34:07,218 INFO  L131        PluginConnector]: ------------------------ END Boogie Preprocessor----------------------------
[2026-09-30 15:34:07,219 INFO  L112        PluginConnector]: ------------------------IcfgBuilder----------------------------
[2026-09-30 15:34:07,219 INFO  L270        PluginConnector]: Initializing IcfgBuilder...
[2026-09-30 15:34:07,219 INFO  L274        PluginConnector]: IcfgBuilder initialized
[2026-09-30 15:34:07,219 INFO  L184        PluginConnector]: Executing the observer IcfgBuilderObserver from plugin IcfgBuilder for "de.uni_freiburg.informatik.ultimate.plugins.generator.cacsl2boogietranslator AST 30.09 03:34:07" (1/1) ...
[2026-09-30 15:34:07,222 INFO  L173          SolverBuilder]: Constructing external solver with command: z3 SMTLIB2_COMPLIANT=true -memory:1024 -smt2 -in -t:12000
[2026-09-30 15:34:07,230 INFO  L189       MonitoredProcess]: No working directory specified, using /home/anissa/.local/bin/z3
[2026-09-30 15:34:07,238 INFO  L229       MonitoredProcess]: Starting monitored process 1 with /home/anissa/.local/bin/z3 SMTLIB2_COMPLIANT=true -memory:1024 -smt2 -in -t:12000 (exit command is (exit), workingDir is null)
[2026-09-30 15:34:07,240 INFO  L327       MonitoredProcess]: [MP /home/anissa/.local/bin/z3 SMTLIB2_COMPLIANT=true -memory:1024 -smt2 -in -t:12000 (1)] Waiting until timeout for monitored process
[2026-09-30 15:34:07,254 INFO  L138     BoogieDeclarations]: Found implementation of procedure ULTIMATE.init
[2026-09-30 15:34:07,254 INFO  L138     BoogieDeclarations]: Found implementation of procedure ULTIMATE.start
[2026-09-30 15:34:07,254 INFO  L138     BoogieDeclarations]: Found implementation of procedure f
[2026-09-30 15:34:07,254 INFO  L138     BoogieDeclarations]: Found implementation of procedure main
[2026-09-30 15:34:07,255 INFO  L130     BoogieDeclarations]: Found specification of procedure f
[2026-09-30 15:34:07,255 INFO  L130     BoogieDeclarations]: Found specification of procedure main
[2026-09-30 15:34:07,255 INFO  L130     BoogieDeclarations]: Found specification of procedure ULTIMATE.init
[2026-09-30 15:34:07,255 INFO  L130     BoogieDeclarations]: Found specification of procedure ULTIMATE.start
[2026-09-30 15:34:07,284 INFO  L257             CfgBuilder]: Building ICFG
[2026-09-30 15:34:07,286 INFO  L287             CfgBuilder]: Building CFG for each procedure with an implementation
[2026-09-30 15:34:07,321 INFO  L1354  $ProcedureCfgBuilder]: dead code at ProgramPoint L4: havoc #t~ret1;
[2026-09-30 15:34:07,341 INFO  L?                        ?]: Removed 1 outVars from TransFormulas that were not future-live.
[2026-09-30 15:34:07,341 INFO  L308             CfgBuilder]: Performing block encoding
[2026-09-30 15:34:07,344 INFO  L89      LargeBlockEncoding]: Applying CFG Large Block Encoding to ICFG that has 4 procedures, 18 locations, 24 edges, 0 initial locations, 0 loop locations, and 1 error locations.
[2026-09-30 15:34:07,346 INFO  L139     LargeBlockEncoding]: LargeBlockEncoding completed in 4 ms, with 0 straightline sequential compositions, 0 parallel compositions, 0 1:n/n:1 sequential compositions and 0 complex sequential compositions.
[2026-09-30 15:34:07,347 INFO  L332             CfgBuilder]: Using the 1 location(s) as analysis (start of procedure ULTIMATE.start)
[2026-09-30 15:34:07,347 INFO  L337             CfgBuilder]: Removed 0 assume(true) statements.
[2026-09-30 15:34:07,347 INFO  L339             CfgBuilder]: Constructed ICFG has 4 procedures, 18 locations, 24 edges, 1 initial locations, 0 loop locations, and 1 error locations.
[2026-09-30 15:34:07,348 INFO  L201        PluginConnector]: Adding new model de.uni_freiburg.informatik.ultimate.plugins.generator.icfgbuilder CFG 30.09 03:34:07 BoogieIcfgContainer
[2026-09-30 15:34:07,348 INFO  L131        PluginConnector]: ------------------------ END IcfgBuilder----------------------------
[2026-09-30 15:34:07,348 INFO  L112        PluginConnector]: ------------------------BuchiAutomizer----------------------------
[2026-09-30 15:34:07,348 INFO  L270        PluginConnector]: Initializing BuchiAutomizer...
[2026-09-30 15:34:07,351 INFO  L274        PluginConnector]: BuchiAutomizer initialized
[2026-09-30 15:34:07,352 INFO  L99          BuchiAutomizer]: Safety of program was proven or not checked, starting termination analysis
[2026-09-30 15:34:07,352 INFO  L184        PluginConnector]: Executing the observer BuchiAutomizerObserver from plugin BuchiAutomizer for "CDTParser AST 30.09 03:34:07" (1/3) ...
[2026-09-30 15:34:07,353 INFO  L204        PluginConnector]: Invalid model from BuchiAutomizer for observer de.uni_freiburg.informatik.ultimate.plugins.generator.buchiautomizer.BuchiAutomizerObserver@3ee65053 and model type de.uni_freiburg.informatik.ultimate.plugins.generator.buchiautomizer AST 30.09 03:34:07, skipping insertion in model container
[2026-09-30 15:34:07,353 INFO  L99          BuchiAutomizer]: Safety of program was proven or not checked, starting termination analysis
[2026-09-30 15:34:07,353 INFO  L184        PluginConnector]: Executing the observer BuchiAutomizerObserver from plugin BuchiAutomizer for "de.uni_freiburg.informatik.ultimate.plugins.generator.cacsl2boogietranslator AST 30.09 03:34:07" (2/3) ...
[2026-09-30 15:34:07,353 INFO  L204        PluginConnector]: Invalid model from BuchiAutomizer for observer de.uni_freiburg.informatik.ultimate.plugins.generator.buchiautomizer.BuchiAutomizerObserver@3ee65053 and model type de.uni_freiburg.informatik.ultimate.plugins.generator.buchiautomizer AST 30.09 03:34:07, skipping insertion in model container
[2026-09-30 15:34:07,353 INFO  L99          BuchiAutomizer]: Safety of program was proven or not checked, starting termination analysis
[2026-09-30 15:34:07,353 INFO  L184        PluginConnector]: Executing the observer BuchiAutomizerObserver from plugin BuchiAutomizer for "de.uni_freiburg.informatik.ultimate.plugins.generator.icfgbuilder CFG 30.09 03:34:07" (3/3) ...
[2026-09-30 15:34:07,354 INFO  L363   chiAutomizerObserver]: Analyzing ICFG recursive.c
[2026-09-30 15:34:07,381 INFO  L330   stractBuchiCegarLoop]: Interprodecural is true
[2026-09-30 15:34:07,381 INFO  L331   stractBuchiCegarLoop]: Hoare is None
[2026-09-30 15:34:07,381 INFO  L332   stractBuchiCegarLoop]: Compute interpolants for ForwardPredicates
[2026-09-30 15:34:07,381 INFO  L333   stractBuchiCegarLoop]: Backedges is STRAIGHT_LINE
[2026-09-30 15:34:07,381 INFO  L334   stractBuchiCegarLoop]: Determinization is PREDICATE_ABSTRACTION
[2026-09-30 15:34:07,381 INFO  L335   stractBuchiCegarLoop]: Difference is false
[2026-09-30 15:34:07,381 INFO  L336   stractBuchiCegarLoop]: Minimize is MINIMIZE_SEVPA
[2026-09-30 15:34:07,382 INFO  L340   stractBuchiCegarLoop]: ======== Iteration 0 == of CEGAR loop == BuchiAutomatonCegarLoop ========
[2026-09-30 15:34:07,384 INFO  L73            BuchiIsEmpty]: Start buchiIsEmpty. Operand  has 18 states, 9 states have (on average 1.3333333333333333) internal successors, (12), 10 states have internal predecessors, (12), 4 states have call successors, (4), 3 states have call predecessors, (4), 3 states have return successors, (4), 4 states have call predecessors, (4), 4 states have call successors, (4)
[2026-09-30 15:34:07,393 INFO  L131   ngComponentsAnalysis]: Automaton has 1 accepting balls. 3
[2026-09-30 15:34:07,393 INFO  L88            BuchiIsEmpty]: Finished buchiIsEmpty Result is false
[2026-09-30 15:34:07,393 INFO  L120           BuchiIsEmpty]: Starting construction of run
[2026-09-30 15:34:07,396 INFO  L148   hiAutomatonCegarLoop]: Counterexample stem histogram [1, 1, 1, 1, 1]
[2026-09-30 15:34:07,396 INFO  L149   hiAutomatonCegarLoop]: Counterexample loop histogram [1, 1, 1]
[2026-09-30 15:34:07,396 INFO  L362   stractBuchiCegarLoop]: ======== Iteration 1 ============
[2026-09-30 15:34:07,396 INFO  L73            BuchiIsEmpty]: Start buchiIsEmpty. Operand  has 18 states, 9 states have (on average 1.3333333333333333) internal successors, (12), 10 states have internal predecessors, (12), 4 states have call successors, (4), 3 states have call predecessors, (4), 3 states have return successors, (4), 4 states have call predecessors, (4), 4 states have call successors, (4)
[2026-09-30 15:34:07,397 INFO  L131   ngComponentsAnalysis]: Automaton has 1 accepting balls. 3
[2026-09-30 15:34:07,397 INFO  L88            BuchiIsEmpty]: Finished buchiIsEmpty Result is false
[2026-09-30 15:34:07,397 INFO  L120           BuchiIsEmpty]: Starting construction of run
[2026-09-30 15:34:07,397 INFO  L148   hiAutomatonCegarLoop]: Counterexample stem histogram [1, 1, 1, 1, 1]
[2026-09-30 15:34:07,397 INFO  L149   hiAutomatonCegarLoop]: Counterexample loop histogram [1, 1, 1]
[2026-09-30 15:34:07,400 INFO  L943   eck$LassoCheckResult]: Stem: "call ULTIMATE.init();"< "assume true;" >"#28#return;" "call #t~ret3 := main();"< "call #t~ret2 := f();"< 
[2026-09-30 15:34:07,400 INFO  L945   eck$LassoCheckResult]: Loop: "havoc #t~nondet0;assume -2147483648 <= #t~nondet0 && #t~nondet0 <= 2147483647;" "assume !(0 != #t~nondet0);havoc #t~nondet0;" "call #t~ret1 := f();"< 
[2026-09-30 15:34:07,424 INFO  L213          LassoAnalysis]: Preferences:
[2026-09-30 15:34:07,424 INFO  L125   ssoRankerPreferences]: Compute integeral hull: false
[2026-09-30 15:34:07,424 INFO  L126   ssoRankerPreferences]: Enable LassoPartitioneer: false
[2026-09-30 15:34:07,424 INFO  L127   ssoRankerPreferences]: Term annotations enabled: false
[2026-09-30 15:34:07,424 INFO  L128   ssoRankerPreferences]: Use exernal solver: true
[2026-09-30 15:34:07,424 INFO  L129   ssoRankerPreferences]: SMT solver command: z3 SMTLIB2_COMPLIANT=true -memory:1024 -smt2 -in -t:12000
[2026-09-30 15:34:07,425 INFO  L130   ssoRankerPreferences]: Dump SMT script to file: false
[2026-09-30 15:34:07,425 INFO  L131   ssoRankerPreferences]: Path of dumped script: 
[2026-09-30 15:34:07,425 INFO  L132   ssoRankerPreferences]: Filename of dumped script: recursive.c_Iteration1_Lasso
[2026-09-30 15:34:07,425 INFO  L133   ssoRankerPreferences]: MapElimAlgo: Matthias
[2026-09-30 15:34:07,425 INFO  L250          LassoAnalysis]: Starting lasso preprocessing...
[2026-09-30 15:34:07,435 INFO  L270          LassoAnalysis]: Preprocessing complete.
[2026-09-30 15:34:07,437 INFO  L156       PredicateUnifier]: Initialized classic predicate unifier
[2026-09-30 15:34:07,438 INFO  L85        PathProgramCache]: Analyzing trace with hash 53591930, now seen corresponding path program 1 times
[2026-09-30 15:34:07,441 INFO  L118   FreeRefinementEngine]: Executing refinement strategy FIXED_PREFERENCES
[2026-09-30 15:34:07,441 INFO  L324   FreeRefinementEngine]: Using trace check IpTcStrategyModulePreferences [448185212]
[2026-09-30 15:34:07,441 INFO  L97    rtionOrderModulation]: Keeping assertion order NOT_INCREMENTALLY
[2026-09-30 15:34:07,442 INFO  L127          SolverBuilder]: Constructing new instance of SMTInterpol with explicit timeout -1 ms and remaining time -1 ms
[2026-09-30 15:34:07,474 INFO  L108    AnnotateAndAsserter]: Assert order NOT_INCREMENTALLY partitioned 5 statements into 1 equivalence classes.
[2026-09-30 15:34:07,476 INFO  L111    AnnotateAndAsserter]: Assert order NOT_INCREMENTALLY issued 1 check-sat command(s) and asserted 5 of 5 statements.
[2026-09-30 15:34:07,476 INFO  L114    AnnotateAndAsserter]: Assert order NOT_INCREMENTALLY issued 1 check-sat command(s)
[2026-09-30 15:34:07,477 INFO  L115    AnnotateAndAsserter]: Conjunction of SSA is sat
[2026-09-30 15:34:07,477 INFO  L348             TraceCheck]: Trace is feasible, we will do another trace check, this time with branch encoders.
[2026-09-30 15:34:07,478 INFO  L108    AnnotateAndAsserter]: Assert order NOT_INCREMENTALLY partitioned 5 statements into 1 equivalence classes.
[2026-09-30 15:34:07,479 INFO  L111    AnnotateAndAsserter]: Assert order NOT_INCREMENTALLY issued 1 check-sat command(s) and asserted 5 of 5 statements.
[2026-09-30 15:34:07,479 INFO  L114    AnnotateAndAsserter]: Assert order NOT_INCREMENTALLY issued 1 check-sat command(s)
[2026-09-30 15:34:07,479 INFO  L115    AnnotateAndAsserter]: Conjunction of SSA is sat
[2026-09-30 15:34:07,484 INFO  L130   FreeRefinementEngine]: Strategy FIXED_PREFERENCES found a feasible trace
[2026-09-30 15:34:07,486 INFO  L156       PredicateUnifier]: Initialized classic predicate unifier
[2026-09-30 15:34:07,486 INFO  L85        PathProgramCache]: Analyzing trace with hash 37626, now seen corresponding path program 1 times
[2026-09-30 15:34:07,486 INFO  L118   FreeRefinementEngine]: Executing refinement strategy FIXED_PREFERENCES
[2026-09-30 15:34:07,486 INFO  L324   FreeRefinementEngine]: Using trace check IpTcStrategyModulePreferences [1572131782]
[2026-09-30 15:34:07,486 INFO  L97    rtionOrderModulation]: Keeping assertion order NOT_INCREMENTALLY
[2026-09-30 15:34:07,486 INFO  L127          SolverBuilder]: Constructing new instance of SMTInterpol with explicit timeout -1 ms and remaining time -1 ms
[2026-09-30 15:34:07,489 INFO  L108    AnnotateAndAsserter]: Assert order NOT_INCREMENTALLY partitioned 3 statements into 1 equivalence classes.
[2026-09-30 15:34:07,493 INFO  L111    AnnotateAndAsserter]: Assert order NOT_INCREMENTALLY issued 1 check-sat command(s) and asserted 3 of 3 statements.
[2026-09-30 15:34:07,494 INFO  L114    AnnotateAndAsserter]: Assert order NOT_INCREMENTALLY issued 1 check-sat command(s)
[2026-09-30 15:34:07,494 INFO  L115    AnnotateAndAsserter]: Conjunction of SSA is sat
[2026-09-30 15:34:07,494 INFO  L348             TraceCheck]: Trace is feasible, we will do another trace check, this time with branch encoders.
[2026-09-30 15:34:07,495 INFO  L108    AnnotateAndAsserter]: Assert order NOT_INCREMENTALLY partitioned 3 statements into 1 equivalence classes.
[2026-09-30 15:34:07,496 INFO  L111    AnnotateAndAsserter]: Assert order NOT_INCREMENTALLY issued 1 check-sat command(s) and asserted 3 of 3 statements.
[2026-09-30 15:34:07,496 INFO  L114    AnnotateAndAsserter]: Assert order NOT_INCREMENTALLY issued 1 check-sat command(s)
[2026-09-30 15:34:07,496 INFO  L115    AnnotateAndAsserter]: Conjunction of SSA is sat
[2026-09-30 15:34:07,501 INFO  L130   FreeRefinementEngine]: Strategy FIXED_PREFERENCES found a feasible trace
[2026-09-30 15:34:07,502 INFO  L156       PredicateUnifier]: Initialized classic predicate unifier
[2026-09-30 15:34:07,502 INFO  L85        PathProgramCache]: Analyzing trace with hash -1170639647, now seen corresponding path program 1 times
[2026-09-30 15:34:07,502 INFO  L118   FreeRefinementEngine]: Executing refinement strategy FIXED_PREFERENCES
[2026-09-30 15:34:07,502 INFO  L324   FreeRefinementEngine]: Using trace check IpTcStrategyModulePreferences [883263850]
[2026-09-30 15:34:07,502 INFO  L97    rtionOrderModulation]: Keeping assertion order NOT_INCREMENTALLY
[2026-09-30 15:34:07,503 INFO  L127          SolverBuilder]: Constructing new instance of SMTInterpol with explicit timeout -1 ms and remaining time -1 ms
[2026-09-30 15:34:07,505 INFO  L108    AnnotateAndAsserter]: Assert order NOT_INCREMENTALLY partitioned 8 statements into 1 equivalence classes.
[2026-09-30 15:34:07,508 INFO  L111    AnnotateAndAsserter]: Assert order NOT_INCREMENTALLY issued 1 check-sat command(s) and asserted 8 of 8 statements.
[2026-09-30 15:34:07,508 INFO  L114    AnnotateAndAsserter]: Assert order NOT_INCREMENTALLY issued 1 check-sat command(s)
[2026-09-30 15:34:07,508 INFO  L115    AnnotateAndAsserter]: Conjunction of SSA is sat
[2026-09-30 15:34:07,508 INFO  L348             TraceCheck]: Trace is feasible, we will do another trace check, this time with branch encoders.
[2026-09-30 15:34:07,509 INFO  L108    AnnotateAndAsserter]: Assert order NOT_INCREMENTALLY partitioned 8 statements into 1 equivalence classes.
[2026-09-30 15:34:07,510 INFO  L111    AnnotateAndAsserter]: Assert order NOT_INCREMENTALLY issued 1 check-sat command(s) and asserted 8 of 8 statements.
[2026-09-30 15:34:07,510 INFO  L114    AnnotateAndAsserter]: Assert order NOT_INCREMENTALLY issued 1 check-sat command(s)
[2026-09-30 15:34:07,510 INFO  L115    AnnotateAndAsserter]: Conjunction of SSA is sat
[2026-09-30 15:34:07,511 INFO  L130   FreeRefinementEngine]: Strategy FIXED_PREFERENCES found a feasible trace
[2026-09-30 15:34:07,536 INFO  L108    AnnotateAndAsserter]: Assert order NOT_INCREMENTALLY partitioned 5 statements into 1 equivalence classes.
[2026-09-30 15:34:07,537 INFO  L111    AnnotateAndAsserter]: Assert order NOT_INCREMENTALLY issued 1 check-sat command(s) and asserted 5 of 5 statements.
[2026-09-30 15:34:07,537 INFO  L114    AnnotateAndAsserter]: Assert order NOT_INCREMENTALLY issued 1 check-sat command(s)
[2026-09-30 15:34:07,537 INFO  L115    AnnotateAndAsserter]: Conjunction of SSA is sat
[2026-09-30 15:34:07,538 INFO  L348             TraceCheck]: Trace is feasible, we will do another trace check, this time with branch encoders.
[2026-09-30 15:34:07,539 INFO  L108    AnnotateAndAsserter]: Assert order NOT_INCREMENTALLY partitioned 5 statements into 1 equivalence classes.
[2026-09-30 15:34:07,539 INFO  L111    AnnotateAndAsserter]: Assert order NOT_INCREMENTALLY issued 1 check-sat command(s) and asserted 5 of 5 statements.
[2026-09-30 15:34:07,540 INFO  L114    AnnotateAndAsserter]: Assert order NOT_INCREMENTALLY issued 1 check-sat command(s)
[2026-09-30 15:34:07,540 INFO  L115    AnnotateAndAsserter]: Conjunction of SSA is sat
[2026-09-30 15:34:07,588 INFO  L201        PluginConnector]: Adding new model de.uni_freiburg.informatik.ultimate.plugins.generator.buchiautomizer CFG 30.09 03:34:07 BoogieIcfgContainer
[2026-09-30 15:34:07,588 INFO  L131        PluginConnector]: ------------------------ END BuchiAutomizer----------------------------
[2026-09-30 15:34:07,589 INFO  L158              Benchmark]: Toolchain (without parser) took 506,12ms. Allocated memory is still 536,9MB. Free memory was 507,6MB in the beginning and 455,5MB in the end (delta: 52,1MB). Peak memory consumption was 50,3MB. Max. memory is 12,9GB.
[2026-09-30 15:34:07,589 INFO  L158              Benchmark]: CDTParser took 0,14ms. Allocated memory is still 536,9MB. Free memory is still 497,4MB. There was no memory consumed. Max. memory is 12,9GB.
[2026-09-30 15:34:07,589 INFO  L158              Benchmark]: CACSL2BoogieTranslator took 121,28ms. Allocated memory is still 536,9MB. Free memory was 507,6MB in the beginning and 493,6MB in the end (delta: 14,0MB). Peak memory consumption was 16,8MB. Max. memory is 12,9GB.
[2026-09-30 15:34:07,589 INFO  L158              Benchmark]: Boogie Preprocessor took 12,86ms. Allocated memory is still 536,9MB. Free memory was 493,6MB in the beginning and 492,5MB in the end (delta: 1,1MB). There was no memory consumed. Max. memory is 12,9GB.
[2026-09-30 15:34:07,590 INFO  L158              Benchmark]: IcfgBuilder took 128,99ms. Allocated memory is still 536,9MB. Free memory was 492,5MB in the beginning and 474,9MB in the end (delta: 17,6MB). Peak memory consumption was 16,8MB. Max. memory is 12,9GB.
[2026-09-30 15:34:07,590 INFO  L158              Benchmark]: BuchiAutomizer took 240,02ms. Allocated memory is still 536,9MB. Free memory was 474,9MB in the beginning and 455,5MB in the end (delta: 19,4MB). Peak memory consumption was 16,8MB. Max. memory is 12,9GB.
[2026-09-30 15:34:07,590 INFO  L338   ainManager$Toolchain]: #######################  End [Toolchain 1] #######################
 --- Results ---
 * Results from de.uni_freiburg.informatik.ultimate.core:
  - StatisticsResult: Toolchain Benchmarks
    Benchmark results are:
 * CDTParser took 0,14ms. Allocated memory is still 536,9MB. Free memory is still 497,4MB. There was no memory consumed. Max. memory is 12,9GB.
 * CACSL2BoogieTranslator took 121,28ms. Allocated memory is still 536,9MB. Free memory was 507,6MB in the beginning and 493,6MB in the end (delta: 14,0MB). Peak memory consumption was 16,8MB. Max. memory is 12,9GB.
 * Boogie Preprocessor took 12,86ms. Allocated memory is still 536,9MB. Free memory was 493,6MB in the beginning and 492,5MB in the end (delta: 1,1MB). There was no memory consumed. Max. memory is 12,9GB.
 * IcfgBuilder took 128,99ms. Allocated memory is still 536,9MB. Free memory was 492,5MB in the beginning and 474,9MB in the end (delta: 17,6MB). Peak memory consumption was 16,8MB. Max. memory is 12,9GB.
 * BuchiAutomizer took 240,02ms. Allocated memory is still 536,9MB. Free memory was 474,9MB in the beginning and 455,5MB in the end (delta: 19,4MB). Peak memory consumption was 16,8MB. Max. memory is 12,9GB.
 * Results from de.uni_freiburg.informatik.ultimate.plugins.generator.traceabstraction:
  - StatisticsResult: Constructed decomposition of program
    Trivial decomposition into one nonterminating module.
  - StatisticsResult: Timing statistics
    BüchiAutomizer plugin needed 0.2s and 1 iterations.  TraceHistogramMax:1. Analysis of lassos took 0.1s. Construction of modules took 0.0s. Büchi inclusion checks took 0.0s. Highest rank in rank-based complementation 0. Minimization of det autom 0. Minimization of nondet autom 0. Automata minimization No data available. Non-live state removal took 0.0s Buchi closure took 0.0s. Biggest automaton had -1 states and ocurred in iteration -1.	Nontrivial modules had stage [0, 0, 0, 0, 0].	InterpolantCoveringCapabilityFinite: 0/0	InterpolantCoveringCapabilityBuchi: 0/0	HoareTripleCheckerStatistics: 	LassoAnalysisResults: nont1 unkn0 SFLI0 SFLT0 conc0 concLT0 SILN0 SILU0 SILI0 SILT0 lasso0 LassoPreprocessingBenchmarks: LassoTerminationAnalysisBenchmarks: not availableLassoTerminationAnalysisBenchmarks: LassoNonterminationAnalysisSatFixpoint: 0	LassoNonterminationAnalysisSatUnbounded: 0	LassoNonterminationAnalysisUnsat: 0	LassoNonterminationAnalysisUnknown: 0	LassoNonterminationAnalysisTime: 0.0s	InitialAbstractionConstructionTime: 0.0s
  - TerminationAnalysisResult: Nontermination possible
    Buchi Automizer proved that your program is nonterminating for some inputs
  - LassoShapedNonTerminationArgument [Line: 3]: Nontermination argument in form of an infinite program execution.
    Nontermination argument in form of an infinite program execution.
Stem:
[L8]  CALL  f()
Loop:
[L3]  COND FALSE  !(__VERIFIER_nondet_int())
[L4]  CALL        f()
End of lasso representation.
  - StatisticsResult: NonterminationArgumentStatistics
    Fixpoint
  - NonterminatingLassoResult [Line: 3]: Nonterminating execution
    Found a nonterminating execution for the following lasso shaped sequence of statements.
Stem:
[L8]  CALL  f()
Loop:
[L3]  COND FALSE  !(__VERIFIER_nondet_int())
[L4]  CALL        f()
End of lasso representation.
RESULT: Ultimate proved your program to be incorrect!
[2026-09-30 15:34:07,599 INFO  L546       MonitoredProcess]: [MP /home/anissa/.local/bin/z3 SMTLIB2_COMPLIANT=true -memory:1024 -smt2 -in -t:12000 (1)] Ended with exit code 0
Received shutdown request...
